D/CordovaLog(18654): file:///android_asset/www/js/views/addItem/galleryImages.js: Line 85 : /mnt/sdcard/DCIM/Camera/20120624_162059.jpg: /mnt/sdcard/DCIM/Camera/pg_thumbs/20120624_162059.jpg
D/CordovaLog(18654): /mnt/sdcard/DCIM/Camera/20120630_194348.jpg: /mnt/sdcard/DCIM/Camera/pg_thumbs/20120630_194348.jpg
D/CordovaLog(18654): file:///android_asset/www/js/views/addItem/galleryImages.js: Line 85 : /mnt/sdcard/DCIM/Camera/20120630_194348.jpg: /mnt/sdcard/DCIM/Camera/pg_thumbs/20120630_194348.jpg
D/CordovaLog(18654): /mnt/sdcard/DCIM/Camera/20120901_012950.jpg: /mnt/sdcard/DCIM/Camera/pg_thumbs/20120901_012950.jpg
D/CordovaLog(18654): file:///android_asset/www/js/views/addItem/galleryImages.js: Line 85 : /mnt/sdcard/DCIM/Camera/20120901_012950.jpg: /mnt/sdcard/DCIM/Camera/pg_thumbs/20120901_012950.jpg
D/CordovaLog(18654): /mnt/sdcard/DCIM/Camera/20120802_184140.jpg: /mnt/sdcard/DCIM/Camera/pg_thumbs/20120802_184140.jpg
D/CordovaLog(18654): file:///android_asset/www/js/views/addItem/galleryImages.js: Line 85 : /mnt/sdcard/DCIM/Camera/20120802_184140.jpg: /mnt/sdcard/DCIM/Camera/pg_thumbs/20120802_184140.jpg
D/CordovaLog(18654): /mnt/sdcard/DCIM/Camera/20120914_214533.jpg: /mnt/sdcard/DCIM/Camera/pg_thumbs/20120914_214533.jpg
D/CordovaLog(18654): file:///android_asset/www/js/views/addItem/galleryImages.js: Line 85 : /mnt/sdcard/DCIM/Camera/20120914_214533.jpg: /mnt/sdcard/DCIM/Camera/pg_thumbs/20120914_214533.jpg
D/CordovaLog(18654): /mnt/sdcard/DCIM/Camera/20120901_012959.jpg: /mnt/sdcard/DCIM/Camera/pg_thumbs/20120901_012959.jpg
D/CordovaLog(18654): file:///android_asset/www/js/views/addItem/galleryImages.js: Line 85 : /mnt/sdcard/DCIM/Camera/20120901_012959.jpg: /mnt/sdcard/DCIM/Camera/pg_thumbs/20120901_012959.jpg
D/CordovaLog(18654): /mnt/sdcard/DCIM/Camera/20120914_224324.jpg: /mnt/sdcard/DCIM/Camera/pg_thumbs/20120914_224324.jpg
D/CordovaLog(18654): file:///android_asset/www/js/views/addItem/galleryImages.js: Line 85 : /mnt/sdcard/DCIM/Camera/20120914_224324.jpg: /mnt/sdcard/DCIM/Camera/pg_thumbs/20120914_224324.jpg
D/CordovaLog(18654): /mnt/sdcard/DCIM/Camera/20120716_235847.jpg: /mnt/sdcard/DCIM/Camera/pg_thumbs/20120716_235847.jpg
D/CordovaLog(18654): file:///android_asset/www/js/views/addItem/galleryImages.js: Line 85 : /mnt/sdcard/DCIM/Camera/20120716_235847.jpg: /mnt/sdcard/DCIM/Camera/pg_thumbs/20120716_235847.jpg
D/CordovaLog(18654): /mnt/sdcard/DCIM/Camera/20120719_151938.jpg: /mnt/sdcard/DCIM/Camera/pg_thumbs/20120719_151938.jpg
D/CordovaLog(18654): file:///android_asset/www/js/views/addItem/galleryImages.js: Line 85 : /mnt/sdcard/DCIM/Camera/20120719_151938.jpg: /mnt/sdcard/DCIM/Camera/pg_thumbs/20120719_151938.jpg
D/CordovaLog(18654): /mnt/sdcard/DCIM/Camera/20120814_213725.jpg: /mnt/sdcard/DCIM/Camera/pg_thumbs/20120814_213725.jpg
D/CordovaLog(18654): file:///android_asset/www/js/views/addItem/galleryImages.js: Line 85 : /mnt/sdcard/DCIM/Camera/20120814_213725.jpg: /mnt/sdcard/DCIM/Camera/pg_thumbs/20120814_213725.jpg
D/CordovaLog(18654): /mnt/sdcard/DCIM/Camera/20120803_131059.jpg: /mnt/sdcard/DCIM/Camera/pg_thumbs/20120803_131059.jpg
D/CordovaLog(18654): file:///android_asset/www/js/views/addItem/galleryImages.js: Line 85 : /mnt/sdcard/DCIM/Camera/20120803_131059.jpg: /mnt/sdcard/DCIM/Camera/pg_thumbs/20120803_131059.jpg
D/CordovaLog(18654): /mnt/sdcard/DCIM/Camera/20120805_015913.jpg: /mnt/sdcard/DCIM/Camera/pg_thumbs/20120805_015913.jpg
D/CordovaLog(18654): file:///android_asset/www/js/views/addItem/galleryImages.js: Line 85 : /mnt/sdcard/DCIM/Camera/20120805_015913.jpg: /mnt/sdcard/DCIM/Camera/pg_thumbs/20120805_015913.jpg
D/CordovaLog(18654): /mnt/sdcard/DCIM/Camera/20120719_195556.jpg: /mnt/sdcard/DCIM/Camera/pg_thumbs/20120719_195556.jpg
D/CordovaLog(18654): file:///android_asset/www/js/views/addItem/galleryImages.js: Line 85 : /mnt/sdcard/DCIM/Camera/20120719_195556.jpg: /mnt/sdcard/DCIM/Camera/pg_thumbs/20120719_195556.jpg
D/CordovaLog(18654): /mnt/sdcard/DCIM/Camera/20120901_014950.jpg: /mnt/sdcard/DCIM/Camera/pg_thumbs/20120901_014950.jpg
D/CordovaLog(18654): file:///android_asset/www/js/views/addItem/galleryImages.js: Line 85 : /mnt/sdcard/DCIM/Camera/20120901_014950.jpg: /mnt/sdcard/DCIM/Camera/pg_thumbs/20120901_014950.jpg
D/CordovaLog(18654): /mnt/sdcard/DCIM/Camera/20120624_162052.jpg: /mnt/sdcard/DCIM/Camera/pg_thumbs/20120624_162052.jpg
D/CordovaLog(18654): file:///android_asset/www/js/views/addItem/galleryImages.js: Line 85 : /mnt/sdcard/DCIM/Camera/20120624_162052.jpg: /mnt/sdcard/DCIM/Camera/pg_thumbs/20120624_162052.jpg
D/CordovaLog(18654): /mnt/sdcard/DCIM/Camera/20120814_230854.jpg: /mnt/sdcard/DCIM/Camera/pg_thumbs/20120814_230854.jpg
D/CordovaLog(18654): file:///android_asset/www/js/views/addItem/galleryImages.js: Line 85 : /mnt/sdcard/DCIM/Camera/20120814_230854.jpg: /mnt/sdcard/DCIM/Camera/pg_thumbs/20120814_230854.jpg
D/CordovaLog(18654): /mnt/sdcard/DCIM/Camera/20120914_224331.jpg: /mnt/sdcard/DCIM/Camera/pg_thumbs/20120914_224331.jpg
D/CordovaLog(18654): file:///android_asset/www/js/views/addItem/galleryImages.js: Line 85 : /mnt/sdcard/DCIM/Camera/20120914_224331.jpg: /mnt/sdcard/DCIM/Camera/pg_thumbs/20120914_224331.jpg
D/CordovaLog(18654): /mnt/sdcard/DCIM/Camera/20120914_224404.jpg: /mnt/sdcard/DCIM/Camera/pg_thumbs/20120914_224404.jpg
D/CordovaLog(18654): file:///android_asset/www/js/views/addItem/galleryImages.js: Line 85 : /mnt/sdcard/DCIM/Camera/20120914_224404.jpg: /mnt/sdcard/DCIM/Camera/pg_thumbs/20120914_224404.jpg
D/CordovaLog(18654): /mnt/sdcard/DCIM/Camera/20120824_230452.jpg: /mnt/sdcard/DCIM/Camera/pg_thumbs/20120824_230452.jpg
D/CordovaLog(18654): file:///android_asset/www/js/views/addItem/galleryImages.js: Line 85 : /mnt/sdcard/DCIM/Camera/20120824_230452.jpg: /mnt/sdcard/DCIM/Camera/pg_thumbs/20120824_230452.jpg
D/CordovaLog(18654): /mnt/sdcard/DCIM/Camera/20120623_123013.jpg: /mnt/sdcard/DCIM/Camera/pg_thumbs/20120623_123013.jpg
D/CordovaLog(18654): file:///android_asset/www/js/views/addItem/galleryImages.js: Line 85 : /mnt/sdcard/DCIM/Camera/20120623_123013.jpg: /mnt/sdcard/DCIM/Camera/pg_thumbs/20120623_123013.jpg
D/CordovaLog(18654): /mnt/sdcard/DCIM/Camera/20120818_145955.jpg: /mnt/sdcard/DCIM/Camera/pg_thumbs/20120818_145955.jpg
D/CordovaLog(18654): file:///android_asset/www/js/views/addItem/galleryImages.js: Line 85 : /mnt/sdcard/DCIM/Camera/20120818_145955.jpg: /mnt/sdcard/DCIM/Camera/pg_thumbs/20120818_145955.jpg
D/CordovaLog(18654): /mnt/sdcard/DCIM/Camera/20120913_014243.jpg: /mnt/sdcard/DCIM/Camera/pg_thumbs/20120913_014243.jpg
D/CordovaLog(18654): file:///android_asset/www/js/views/addItem/galleryImages.js: Line 85 : /mnt/sdcard/DCIM/Camera/20120913_014243.jpg: /mnt/sdcard/DCIM/Camera/pg_thumbs/20120913_014243.jpg
D/CordovaLog(18654): /mnt/sdcard/DCIM/Camera/20120629_211146.jpg: /mnt/sdcard/DCIM/Camera/pg_thumbs/20120629_211146.jpg
D/CordovaLog(18654): file:///android_asset/www/js/views/addItem/galleryImages.js: Line 85 : /mnt/sdcard/DCIM/Camera/20120629_211146.jpg: /mnt/sdcard/DCIM/Camera/pg_thumbs/20120629_211146.jpg
D/CordovaLog(18654): /mnt/sdcard/DCIM/Camera/20120714_133801.jpg: /mnt/sdcard/DCIM/Camera/pg_thumbs/20120714_133801.jpg
D/CordovaLog(18654): file:///android_asset/www/js/views/addItem/galleryImages.js: Line 85 : /mnt/sdcard/DCIM/Camera/20120714_133801.jpg: /mnt/sdcard/DCIM/Camera/pg_thumbs/20120714_133801.jpg
D/CordovaLog(18654): /mnt/sdcard/DCIM/Camera/20120726_091348.jpg: /mnt/sdcard/DCIM/Camera/pg_thumbs/20120726_091348.jpg
D/CordovaLog(18654): file:///android_asset/www/js/views/addItem/galleryImages.js: Line 85 : /mnt/sdcard/DCIM/Camera/20120726_091348.jpg: /mnt/sdcard/DCIM/Camera/pg_thumbs/20120726_091348.jpg
D/CordovaLog(18654): /mnt/sdcard/DCIM/Camera/20120706_150843.jpg: /mnt/sdcard/DCIM/Camera/pg_thumbs/20120706_150843.jpg
D/CordovaLog(18654): file:///android_asset/www/js/views/addItem/galleryImages.js: Line 85 : /mnt/sdcard/DCIM/Camera/20120706_150843.jpg: /mnt/sdcard/DCIM/Camera/pg_thumbs/20120706_150843.jpg
D/CordovaLog(18654): /mnt/sdcard/DCIM/Camera/20120814_230633.jpg: /mnt/sdcard/DCIM/Camera/pg_thumbs/20120814_230633.jpg
D/CordovaLog(18654): file:///android_asset/www/js/views/addItem/galleryImages.js: Line 85 : /mnt/sdcard/DCIM/Camera/20120814_230633.jpg: /mnt/sdcard/DCIM/Camera/pg_thumbs/20120814_230633.jpg
D/CordovaLog(18654): /mnt/sdcard/DCIM/Camera/20120918_200729.jpg: /mnt/sdcard/DCIM/Camera/pg_thumbs/20120918_200729.jpg
D/CordovaLog(18654): file:///android_asset/www/js/views/addItem/galleryImages.js: Line 85 : /mnt/sdcard/DCIM/Camera/20120918_200729.jpg: /mnt/sdcard/DCIM/Camera/pg_thumbs/20120918_200729.jpg
D/CordovaLog(18654): /mnt/sdcard/DCIM/Camera/20120726_191729.jpg: /mnt/sdcard/DCIM/Camera/pg_thumbs/20120726_191729.jpg
D/dalvikvm(18654): GC_CONCURRENT freed 461K, 7% free 9982K/10631K, paused 2ms+2ms
D/CordovaLog(18654): file:///android_asset/www/js/views/addItem/galleryImages.js: Line 85 : /mnt/sdcard/DCIM/Camera/20120726_191729.jpg: /mnt/sdcard/DCIM/Camera/pg_thumbs/20120726_191729.jpg
D/CordovaLog(18654): /mnt/sdcard/DCIM/Camera/20120726_091546.jpg: /mnt/sdcard/DCIM/Camera/pg_thumbs/20120726_091546.jpg
D/CordovaLog(18654): file:///android_asset/www/js/views/addItem/galleryImages.js: Line 85 : /mnt/sdcard/DCIM/Camera/20120726_091546.jpg: /mnt/sdcard/DCIM/Camera/pg_thumbs/20120726_091546.jpg
D/CordovaLog(18654): /mnt/sdcard/DCIM/Camera/20120814_230653.jpg: /mnt/sdcard/DCIM/Camera/pg_thumbs/20120814_230653.jpg
D/CordovaLog(18654): file:///android_asset/www/js/views/addItem/galleryImages.js: Line 85 : /mnt/sdcard/DCIM/Camera/20120814_230653.jpg: /mnt/sdcard/DCIM/Camera/pg_thumbs/20120814_230653.jpg
D/CordovaLog(18654): /mnt/sdcard/DCIM/Camera/20120814_213540.jpg: /mnt/sdcard/DCIM/Camera/pg_thumbs/20120814_213540.jpg
D/CordovaLog(18654): file:///android_asset/www/js/views/addItem/galleryImages.js: Line 85 : /mnt/sdcard/DCIM/Camera/20120814_213540.jpg: /mnt/sdcard/DCIM/Camera/pg_thumbs/20120814_213540.jpg
D/CordovaLog(18654): /mnt/sdcard/DCIM/Camera/20120725_233624.jpg: /mnt/sdcard/DCIM/Camera/pg_thumbs/20120725_233624.jpg
D/CordovaLog(18654): file:///android_asset/www/js/views/addItem/galleryImages.js: Line 85 : /mnt/sdcard/DCIM/Camera/20120725_233624.jpg: /mnt/sdcard/DCIM/Camera/pg_thumbs/20120725_233624.jpg
D/CordovaLog(18654): /mnt/sdcard/DCIM/Camera/20120914_230004.jpg: /mnt/sdcard/DCIM/Camera/pg_thumbs/20120914_230004.jpg
D/CordovaLog(18654): file:///android_asset/www/js/views/addItem/galleryImages.js: Line 85 : /mnt/sdcard/DCIM/Camera/20120914_230004.jpg: /mnt/sdcard/DCIM/Camera/pg_thumbs/20120914_230004.jpg
D/CordovaLog(18654): /mnt/sdcard/DCIM/Camera/20120805_015926.jpg: /mnt/sdcard/DCIM/Camera/pg_thumbs/20120805_015926.jpg
D/CordovaLog(18654): file:///android_asset/www/js/views/addItem/galleryImages.js: Line 85 : /mnt/sdcard/DCIM/Camera/20120805_015926.jpg: /mnt/sdcard/DCIM/Camera/pg_thumbs/20120805_015926.jpg
D/CordovaLog(18654): /mnt/sdcard/DCIM/Camera/20120805_020415.jpg: /mnt/sdcard/DCIM/Camera/pg_thumbs/20120805_020415.jpg
D/CordovaLog(18654): file:///android_asset/www/js/views/addItem/galleryImages.js: Line 85 : /mnt/sdcard/DCIM/Camera/20120805_020415.jpg: /mnt/sdcard/DCIM/Camera/pg_thumbs/20120805_020415.jpg
D/CordovaLog(18654): /mnt/sdcard/DCIM/Camera/20120915_202952.jpg: /mnt/sdcard/DCIM/Camera/pg_thumbs/20120915_202952.jpg
D/CordovaLog(18654): file:///android_asset/www/js/views/addItem/galleryImages.js: Line 85 : /mnt/sdcard/DCIM/Camera/20120915_202952.jpg: /mnt/sdcard/DCIM/Camera/pg_thumbs/20120915_202952.jpg
D/CordovaLog(18654): /mnt/sdcard/DCIM/Camera/20120901_012835.jpg: /mnt/sdcard/DCIM/Camera/pg_thumbs/20120901_012835.jpg
D/CordovaLog(18654): file:///android_asset/www/js/views/addItem/galleryImages.js: Line 85 : /mnt/sdcard/DCIM/Camera/20120901_012835.jpg: /mnt/sdcard/DCIM/Camera/pg_thumbs/20120901_012835.jpg
D/CordovaLog(18654): /mnt/sdcard/DCIM/Camera/20120814_213232.jpg: /mnt/sdcard/DCIM/Camera/pg_thumbs/20120814_213232.jpg
D/CordovaLog(18654): file:///android_asset/www/js/views/addItem/galleryImages.js: Line 85 : /mnt/sdcard/DCIM/Camera/20120814_213232.jpg: /mnt/sdcard/DCIM/Camera/pg_thumbs/20120814_213232.jpg
D/CordovaLog(18654): /mnt/sdcard/DCIM/Camera/20120914_214554.jpg: /mnt/sdcard/DCIM/Camera/pg_thumbs/20120914_214554.jpg
D/CordovaLog(18654): file:///android_asset/www/js/views/addItem/galleryImages.js: Line 85 : /mnt/sdcard/DCIM/Camera/20120914_214554.jpg: /mnt/sdcard/DCIM/Camera/pg_thumbs/20120914_214554.jpg
D/CordovaLog(18654): /mnt/sdcard/DCIM/Camera/20120630_194338.jpg: /mnt/sdcard/DCIM/Camera/pg_thumbs/20120630_194338.jpg
D/CordovaLog(18654): file:///android_asset/www/js/views/addItem/galleryImages.js: Line 85 : /mnt/sdcard/DCIM/Camera/20120630_194338.jpg: /mnt/sdcard/DCIM/Camera/pg_thumbs/20120630_194338.jpg
D/CordovaLog(18654): /mnt/sdcard/DCIM/Camera/20120912_142326.jpg: /mnt/sdcard/DCIM/Camera/pg_thumbs/20120912_142326.jpg
D/CordovaLog(18654): file:///android_asset/www/js/views/addItem/galleryImages.js: Line 85 : /mnt/sdcard/DCIM/Camera/20120912_142326.jpg: /mnt/sdcard/DCIM/Camera/pg_thumbs/20120912_142326.jpg
D/CordovaLog(18654): /mnt/sdcard/DCIM/Camera/20120912_142335.jpg: /mnt/sdcard/DCIM/Camera/pg_thumbs/20120912_142335.jpg
D/CordovaLog(18654): file:///android_asset/www/js/views/addItem/galleryImages.js: Line 85 : /mnt/sdcard/DCIM/Camera/20120912_142335.jpg: /mnt/sdcard/DCIM/Camera/pg_thumbs/20120912_142335.jpg
D/CordovaLog(18654): /mnt/sdcard/DCIM/Camera/20120914_224413.jpg: /mnt/sdcard/DCIM/Camera/pg_thumbs/20120914_224413.jpg
D/CordovaLog(18654): file:///android_asset/www/js/views/addItem/galleryImages.js: Line 85 : /mnt/sdcard/DCIM/Camera/20120914_224413.jpg: /mnt/sdcard/DCIM/Camera/pg_thumbs/20120914_224413.jpg
D/CordovaLog(18654): /mnt/sdcard/DCIM/Camera/20120914_214547.jpg: /mnt/sdcard/DCIM/Camera/pg_thumbs/20120914_214547.jpg
D/CordovaLog(18654): file:///android_asset/www/js/views/addItem/galleryImages.js: Line 85 : /mnt/sdcard/DCIM/Camera/20120914_214547.jpg: /mnt/sdcard/DCIM/Camera/pg_thumbs/20120914_214547.jpg
D/CordovaLog(18654): /mnt/sdcard/DCIM/Camera/20120624_174027.jpg: /mnt/sdcard/DCIM/Camera/pg_thumbs/20120624_174027.jpg
D/CordovaLog(18654): file:///android_asset/www/js/views/addItem/galleryImages.js: Line 85 : /mnt/sdcard/DCIM/Camera/20120624_174027.jpg: /mnt/sdcard/DCIM/Camera/pg_thumbs/20120624_174027.jpg
D/CordovaLog(18654): /mnt/sdcard/DCIM/Camera/20120719_231429.jpg: /mnt/sdcard/DCIM/Camera/pg_thumbs/20120719_231429.jpg
D/CordovaLog(18654): file:///android_asset/www/js/views/addItem/galleryImages.js: Line 85 : /mnt/sdcard/DCIM/Camera/20120719_231429.jpg: /mnt/sdcard/DCIM/Camera/pg_thumbs/20120719_231429.jpg
D/CordovaLog(18654): /mnt/sdcard/DCIM/Camera/20120814_213842.jpg: /mnt/sdcard/DCIM/Camera/pg_thumbs/20120814_213842.jpg
D/CordovaLog(18654): file:///android_asset/www/js/views/addItem/galleryImages.js: Line 85 : /mnt/sdcard/DCIM/Camera/20120814_213842.jpg: /mnt/sdcard/DCIM/Camera/pg_thumbs/20120814_213842.jpg
D/CordovaLog(18654): /mnt/sdcard/DCIM/Camera/20120913_012816.jpg: /mnt/sdcard/DCIM/Camera/pg_thumbs/20120913_012816.jpg
D/CordovaLog(18654): file:///android_asset/www/js/views/addItem/galleryImages.js: Line 85 : /mnt/sdcard/DCIM/Camera/20120913_012816.jpg: /mnt/sdcard/DCIM/Camera/pg_thumbs/20120913_012816.jpg
D/CordovaLog(18654): /mnt/sdcard/DCIM/Camera/20120803_131115.jpg: /mnt/sdcard/DCIM/Camera/pg_thumbs/20120803_131115.jpg
D/CordovaLog(18654): file:///android_asset/www/js/views/addItem/galleryImages.js: Line 85 : /mnt/sdcard/DCIM/Camera/20120803_131115.jpg: /mnt/sdcard/DCIM/Camera/pg_thumbs/20120803_131115.jpg
D/CordovaLog(18654): /mnt/sdcard/DCIM/Camera/20120814_213516.jpg: /mnt/sdcard/DCIM/Camera/pg_thumbs/20120814_213516.jpg
D/CordovaLog(18654): file:///android_asset/www/js/views/addItem/galleryImages.js: Line 85 : /mnt/sdcard/DCIM/Camera/20120814_213516.jpg: /mnt/sdcard/DCIM/Camera/pg_thumbs/20120814_213516.jpg
D/CordovaLog(18654): /mnt/sdcard/DCIM/Camera/20120901_012844.jpg: /mnt/sdcard/DCIM/Camera/pg_thumbs/20120901_012844.jpg
D/CordovaLog(18654): file:///android_asset/www/js/views/addItem/galleryImages.js: Line 85 : /mnt/sdcard/DCIM/Camera/20120901_012844.jpg: /mnt/sdcard/DCIM/Camera/pg_thumbs/20120901_012844.jpg
D/CordovaLog(18654): /mnt/sdcard/DCIM/Camera/20120630_194033.jpg: /mnt/sdcard/DCIM/Camera/pg_thumbs/20120630_194033.jpg
D/CordovaLog(18654): file:///android_asset/www/js/views/addItem/galleryImages.js: Line 85 : /mnt/sdcard/DCIM/Camera/20120630_194033.jpg: /mnt/sdcard/DCIM/Camera/pg_thumbs/20120630_194033.jpg
D/CordovaLog(18654): /mnt/sdcard/DCIM/Camera/20120726_090729.jpg: /mnt/sdcard/DCIM/Camera/pg_thumbs/20120726_090729.jpg
D/CordovaLog(18654): file:///android_asset/www/js/views/addItem/galleryImages.js: Line 85 : /mnt/sdcard/DCIM/Camera/20120726_090729.jpg: /mnt/sdcard/DCIM/Camera/pg_thumbs/20120726_090729.jpg
D/CordovaLog(18654): /mnt/sdcard/DCIM/Camera/20120814_213223.jpg: /mnt/sdcard/DCIM/Camera/pg_thumbs/20120814_213223.jpg
D/CordovaLog(18654): file:///android_asset/www/js/views/addItem/galleryImages.js: Line 85 : /mnt/sdcard/DCIM/Camera/20120814_213223.jpg: /mnt/sdcard/DCIM/Camera/pg_thumbs/20120814_213223.jpg
D/CordovaLog(18654): /mnt/sdcard/DCIM/Camera/20120726_091518.jpg: /mnt/sdcard/DCIM/Camera/pg_thumbs/20120726_091518.jpg
D/CordovaLog(18654): file:///android_asset/www/js/views/addItem/galleryImages.js: Line 85 : /mnt/sdcard/DCIM/Camera/20120726_091518.jpg: /mnt/sdcard/DCIM/Camera/pg_thumbs/20120726_091518.jpg
D/CordovaLog(18654): /mnt/sdcard/DCIM/Camera/20120930_180406.jpg: /mnt/sdcard/DCIM/Camera/pg_thumbs/20120930_180406.jpg
D/CordovaLog(18654): file:///android_asset/www/js/views/addItem/galleryImages.js: Line 85 : /mnt/sdcard/DCIM/Camera/20120930_180406.jpg: /mnt/sdcard/DCIM/Camera/pg_thumbs/20120930_180406.jpg
D/CordovaLog(18654): /mnt/sdcard/DCIM/Camera/20120805_122417.jpg: /mnt/sdcard/DCIM/Camera/pg_thumbs/20120805_122417.jpg
D/CordovaLog(18654): file:///android_asset/www/js/views/addItem/galleryImages.js: Line 85 : /mnt/sdcard/DCIM/Camera/20120805_122417.jpg: /mnt/sdcard/DCIM/Camera/pg_thumbs/20120805_122417.jpg
D/CordovaLog(18654): /mnt/sdcard/DCIM/Camera/20120814_213254.jpg: /mnt/sdcard/DCIM/Camera/pg_thumbs/20120814_213254.jpg
D/CordovaLog(18654): file:///android_asset/www/js/views/addItem/galleryImages.js: Line 85 : /mnt/sdcard/DCIM/Camera/20120814_213254.jpg: /mnt/sdcard/DCIM/Camera/pg_thumbs/20120814_213254.jpg
D/CordovaLog(18654): /mnt/sdcard/DCIM/Camera/20120726_090718.jpg: /mnt/sdcard/DCIM/Camera/pg_thumbs/20120726_090718.jpg
D/CordovaLog(18654): file:///android_asset/www/js/views/addItem/galleryImages.js: Line 85 : /mnt/sdcard/DCIM/Camera/20120726_090718.jpg: /mnt/sdcard/DCIM/Camera/pg_thumbs/20120726_090718.jpg
D/CordovaLog(18654): /mnt/sdcard/DCIM/Camera/20120814_230257.jpg: /mnt/sdcard/DCIM/Camera/pg_thumbs/20120814_230257.jpg
D/CordovaLog(18654): file:///android_asset/www/js/views/addItem/galleryImages.js: Line 85 : /mnt/sdcard/DCIM/Camera/20120814_230257.jpg: /mnt/sdcard/DCIM/Camera/pg_thumbs/20120814_230257.jpg
D/CordovaLog(18654): /mnt/sdcard/DCIM/Camera/20120624_162030.jpg.jpg: /mnt/sdcard/DCIM/Camera/pg_thumbs/20120624_162030.jpg.jpg
D/CordovaLog(18654): file:///android_asset/www/js/views/addItem/galleryImages.js: Line 85 : /mnt/sdcard/DCIM/Camera/20120624_162030.jpg.jpg: /mnt/sdcard/DCIM/Camera/pg_thumbs/20120624_162030.jpg.jpg
D/CordovaLog(18654): /mnt/sdcard/DCIM/Camera/20120725_233633.jpg: /mnt/sdcard/DCIM/Camera/pg_thumbs/20120725_233633.jpg
D/CordovaLog(18654): file:///android_asset/www/js/views/addItem/galleryImages.js: Line 85 : /mnt/sdcard/DCIM/Camera/20120725_233633.jpg: /mnt/sdcard/DCIM/Camera/pg_thumbs/20120725_233633.jpg
D/CordovaLog(18654): /mnt/sdcard/DCIM/Camera/20120818_145951.jpg: /mnt/sdcard/DCIM/Camera/pg_thumbs/20120818_145951.jpg
D/CordovaLog(18654): file:///android_asset/www/js/views/addItem/galleryImages.js: Line 85 : /mnt/sdcard/DCIM/Camera/20120818_145951.jpg: /mnt/sdcard/DCIM/Camera/pg_thumbs/20120818_145951.jpg
D/CordovaLog(18654): /mnt/sdcard/DCIM/Camera/20120914_224216.jpg: /mnt/sdcard/DCIM/Camera/pg_thumbs/20120914_224216.jpg
D/CordovaLog(18654): file:///android_asset/www/js/views/addItem/galleryImages.js: Line 85 : /mnt/sdcard/DCIM/Camera/20120914_224216.jpg: /mnt/sdcard/DCIM/Camera/pg_thumbs/20120914_224216.jpg
D/CordovaLog(18654): /mnt/sdcard/DCIM/Camera/20120914_233759.jpg: /mnt/sdcard/DCIM/Camera/pg_thumbs/20120914_233759.jpg
D/CordovaLog(18654): file:///android_asset/www/js/views/addItem/galleryImages.js: Line 85 : /mnt/sdcard/DCIM/Camera/20120914_233759.jpg: /mnt/sdcard/DCIM/Camera/pg_thumbs/20120914_233759.jpg
D/CordovaLog(18654): /mnt/sdcard/DCIM/Camera/20120901_012840.jpg: /mnt/sdcard/DCIM/Camera/pg_thumbs/20120901_012840.jpg
D/CordovaLog(18654): file:///android_asset/www/js/views/addItem/galleryImages.js: Line 85 : /mnt/sdcard/DCIM/Camera/20120901_012840.jpg: /mnt/sdcard/DCIM/Camera/pg_thumbs/20120901_012840.jpg
D/CordovaLog(18654): /mnt/sdcard/DCIM/Camera/20120914_224237.jpg: /mnt/sdcard/DCIM/Camera/pg_thumbs/20120914_224237.jpg
D/CordovaLog(18654): file:///android_asset/www/js/views/addItem/galleryImages.js: Line 85 : /mnt/sdcard/DCIM/Camera/20120914_224237.jpg: /mnt/sdcard/DCIM/Camera/pg_thumbs/20120914_224237.jpg
D/CordovaLog(18654): /mnt/sdcard/DCIM/Camera/cache.jpg: /mnt/sdcard/DCIM/Camera/pg_thumbs/cache.jpg
D/CordovaLog(18654): file:///android_asset/www/js/views/addItem/galleryImages.js: Line 85 : /mnt/sdcard/DCIM/Camera/cache.jpg: /mnt/sdcard/DCIM/Camera/pg_thumbs/cache.jpg
D/CordovaLog(18654): /mnt/sdcard/DCIM/Camera/20120913_012836.jpg: /mnt/sdcard/DCIM/Camera/pg_thumbs/20120913_012836.jpg
D/CordovaLog(18654): file:///android_asset/www/js/views/addItem/galleryImages.js: Line 85 : /mnt/sdcard/DCIM/Camera/20120913_012836.jpg: /mnt/sdcard/DCIM/Camera/pg_thumbs/20120913_012836.jpg
D/CordovaLog(18654): /mnt/sdcard/DCIM/Camera/20120814_230339.jpg: /mnt/sdcard/DCIM/Camera/pg_thumbs/20120814_230339.jpg
D/CordovaLog(18654): file:///android_asset/www/js/views/addItem/galleryImages.js: Line 85 : /mnt/sdcard/DCIM/Camera/20120814_230339.jpg: /mnt/sdcard/DCIM/Camera/pg_thumbs/20120814_230339.jpg
D/CordovaLog(18654): /mnt/sdcard/DCIM/Camera/20120814_230456.jpg: /mnt/sdcard/DCIM/Camera/pg_thumbs/20120814_230456.jpg
D/CordovaLog(18654): file:///android_asset/www/js/views/addItem/galleryImages.js: Line 85 : /mnt/sdcard/DCIM/Camera/20120814_230456.jpg: /mnt/sdcard/DCIM/Camera/pg_thumbs/20120814_230456.jpg
D/CordovaLog(18654): /mnt/sdcard/DCIM/Camera/20120901_012849.jpg: /mnt/sdcard/DCIM/Camera/pg_thumbs/20120901_012849.jpg
D/CordovaLog(18654): file:///android_asset/www/js/views/addItem/galleryImages.js: Line 85 : /mnt/sdcard/DCIM/Camera/20120901_012849.jpg: /mnt/sdcard/DCIM/Camera/pg_thumbs/20120901_012849.jpg
D/CordovaLog(18654): /mnt/sdcard/DCIM/Camera/20120814_213157.jpg: /mnt/sdcard/DCIM/Camera/pg_thumbs/20120814_213157.jpg
D/CordovaLog(18654): file:///android_asset/www/js/views/addItem/galleryImages.js: Line 85 : /mnt/sdcard/DCIM/Camera/20120814_213157.jpg: /mnt/sdcard/DCIM/Camera/pg_thumbs/20120814_213157.jpg
D/CordovaLog(18654): /mnt/sdcard/DCIM/Camera/20120805_122357.jpg: /mnt/sdcard/DCIM/Camera/pg_thumbs/20120805_122357.jpg
D/CordovaLog(18654): file:///android_asset/www/js/views/addItem/galleryImages.js: Line 85 : /mnt/sdcard/DCIM/Camera/20120805_122357.jpg: /mnt/sdcard/DCIM/Camera/pg_thumbs/20120805_122357.jpg
D/CordovaLog(18654): /mnt/sdcard/DCIM/Camera/20120814_213133.jpg: /mnt/sdcard/DCIM/Camera/pg_thumbs/20120814_213133.jpg
D/CordovaLog(18654): file:///android_asset/www/js/views/addItem/galleryImages.js: Line 85 : /mnt/sdcard/DCIM/Camera/20120814_213133.jpg: /mnt/sdcard/DCIM/Camera/pg_thumbs/20120814_213133.jpg
D/CordovaLog(18654): /mnt/sdcard/DCIM/Camera/20120805_165923.jpg: /mnt/sdcard/DCIM/Camera/pg_thumbs/20120805_165923.jpg
D/CordovaLog(18654): file:///android_asset/www/js/views/addItem/galleryImages.js: Line 85 : /mnt/sdcard/DCIM/Camera/20120805_165923.jpg: /mnt/sdcard/DCIM/Camera/pg_thumbs/20120805_165923.jpg
D/CordovaLog(18654): /mnt/sdcard/DCIM/Camera/20120814_213653.jpg: /mnt/sdcard/DCIM/Camera/pg_thumbs/20120814_213653.jpg
D/CordovaLog(18654): file:///android_asset/www/js/views/addItem/galleryImages.js: Line 85 : /mnt/sdcard/DCIM/Camera/20120814_213653.jpg: /mnt/sdcard/DCIM/Camera/pg_thumbs/20120814_213653.jpg
D/CordovaLog(18654): /mnt/sdcard/DCIM/Camera/20120914_214512.jpg: /mnt/sdcard/DCIM/Camera/pg_thumbs/20120914_214512.jpg
D/CordovaLog(18654): file:///android_asset/www/js/views/addItem/galleryImages.js: Line 85 : /mnt/sdcard/DCIM/Camera/20120914_214512.jpg: /mnt/sdcard/DCIM/Camera/pg_thumbs/20120914_214512.jpg
D/CordovaLog(18654): /mnt/sdcard/DCIM/Camera/20120914_224127.jpg: /mnt/sdcard/DCIM/Camera/pg_thumbs/20120914_224127.jpg
D/CordovaLog(18654): file:///android_asset/www/js/views/addItem/galleryImages.js: Line 85 : /mnt/sdcard/DCIM/Camera/20120914_224127.jpg: /mnt/sdcard/DCIM/Camera/pg_thumbs/20120914_224127.jpg
D/CordovaLog(18654): /mnt/sdcard/DCIM/Camera/20120726_090650.jpg: /mnt/sdcard/DCIM/Camera/pg_thumbs/20120726_090650.jpg
D/CordovaLog(18654): file:///android_asset/www/js/views/addItem/galleryImages.js: Line 85 : /mnt/sdcard/DCIM/Camera/20120726_090650.jpg: /mnt/sdcard/DCIM/Camera/pg_thumbs/20120726_090650.jpg
D/CordovaLog(18654): /mnt/sdcard/DCIM/Camera/20120914_214610.jpg: /mnt/sdcard/DCIM/Camera/pg_thumbs/20120914_214610.jpg
D/CordovaLog(18654): file:///android_asset/www/js/views/addItem/galleryImages.js: Line 85 : /mnt/sdcard/DCIM/Camera/20120914_214610.jpg: /mnt/sdcard/DCIM/Camera/pg_thumbs/20120914_214610.jpg
D/CordovaLog(18654): /mnt/sdcard/DCIM/Camera/20120726_191733.jpg: /mnt/sdcard/DCIM/Camera/pg_thumbs/20120726_191733.jpg
D/CordovaLog(18654): file:///android_asset/www/js/views/addItem/galleryImages.js: Line 85 : /mnt/sdcard/DCIM/Camera/20120726_191733.jpg: /mnt/sdcard/DCIM/Camera/pg_thumbs/20120726_191733.jpg
D/CordovaLog(18654): /mnt/sdcard/DCIM/Camera/20120912_142331.jpg: /mnt/sdcard/DCIM/Camera/pg_thumbs/20120912_142331.jpg
D/CordovaLog(18654): file:///android_asset/www/js/views/addItem/galleryImages.js: Line 85 : /mnt/sdcard/DCIM/Camera/20120912_142331.jpg: /mnt/sdcard/DCIM/Camera/pg_thumbs/20120912_142331.jpg
D/CordovaLog(18654): /mnt/sdcard/DCIM/Camera/20120914_224107.jpg: /mnt/sdcard/DCIM/Camera/pg_thumbs/20120914_224107.jpg
D/CordovaLog(18654): file:///android_asset/www/js/views/addItem/galleryImages.js: Line 85 : /mnt/sdcard/DCIM/Camera/20120914_224107.jpg: /mnt/sdcard/DCIM/Camera/pg_thumbs/20120914_224107.jpg
D/CordovaLog(18654): /mnt/sdcard/DCIM/Camera/20120726_090750.jpg: /mnt/sdcard/DCIM/Camera/pg_thumbs/20120726_090750.jpg
D/CordovaLog(18654): file:///android_asset/www/js/views/addItem/galleryImages.js: Line 85 : /mnt/sdcard/DCIM/Camera/20120726_090750.jpg: /mnt/sdcard/DCIM/Camera/pg_thumbs/20120726_090750.jpg
D/CordovaLog(18654): /mnt/sdcard/DCIM/Camera/20120913_012827.jpg: /mnt/sdcard/DCIM/Camera/pg_thumbs/20120913_012827.jpg
D/CordovaLog(18654): file:///android_asset/www/js/views/addItem/galleryImages.js: Line 85 : /mnt/sdcard/DCIM/Camera/20120913_012827.jpg: /mnt/sdcard/DCIM/Camera/pg_thumbs/20120913_012827.jpg
D/CordovaLog(18654): /mnt/sdcard/DCIM/Camera/20120914_233736.jpg: /mnt/sdcard/DCIM/Camera/pg_thumbs/20120914_233736.jpg
D/CordovaLog(18654): file:///android_asset/www/js/views/addItem/galleryImages.js: Line 85 : /mnt/sdcard/DCIM/Camera/20120914_233736.jpg: /mnt/sdcard/DCIM/Camera/pg_thumbs/20120914_233736.jpg
D/CordovaLog(18654): /mnt/sdcard/DCIM/Camera/20120914_224233.jpg: /mnt/sdcard/DCIM/Camera/pg_thumbs/20120914_224233.jpg
D/CordovaLog(18654): file:///android_asset/www/js/views/addItem/galleryImages.js: Line 85 : /mnt/sdcard/DCIM/Camera/20120914_224233.jpg: /mnt/sdcard/DCIM/Camera/pg_thumbs/20120914_224233.jpg
D/CordovaLog(18654): /mnt/sdcard/DCIM/Camera/20120702_180028.jpg: /mnt/sdcard/DCIM/Camera/pg_thumbs/20120702_180028.jpg
D/CordovaLog(18654): file:///android_asset/www/js/views/addItem/galleryImages.js: Line 85 : /mnt/sdcard/DCIM/Camera/20120702_180028.jpg: /mnt/sdcard/DCIM/Camera/pg_thumbs/20120702_180028.jpg
D/CordovaLog(18654): /mnt/sdcard/DCIM/Camera/20120814_213526.jpg: /mnt/sdcard/DCIM/Camera/pg_thumbs/20120814_213526.jpg
D/CordovaLog(18654): file:///android_asset/www/js/views/addItem/galleryImages.js: Line 85 : /mnt/sdcard/DCIM/Camera/20120814_213526.jpg: /mnt/sdcard/DCIM/Camera/pg_thumbs/20120814_213526.jpg
D/CordovaLog(18654): /mnt/sdcard/DCIM/Camera/20120719_203407.jpg: /mnt/sdcard/DCIM/Camera/pg_thumbs/20120719_203407.jpg
D/CordovaLog(18654): file:///android_asset/www/js/views/addItem/galleryImages.js: Line 85 : /mnt/sdcard/DCIM/Camera/20120719_203407.jpg: /mnt/sdcard/DCIM/Camera/pg_thumbs/20120719_203407.jpg
D/CordovaLog(18654): /mnt/sdcard/DCIM/Camera/20120914_233923.jpg: /mnt/sdcard/DCIM/Camera/pg_thumbs/20120914_233923.jpg
D/CordovaLog(18654): file:///android_asset/www/js/views/addItem/galleryImages.js: Line 85 : /mnt/sdcard/DCIM/Camera/20120914_233923.jpg: /mnt/sdcard/DCIM/Camera/pg_thumbs/20120914_233923.jpg
D/CordovaLog(18654): /mnt/sdcard/DCIM/Camera/20120814_212719.jpg: /mnt/sdcard/DCIM/Camera/pg_thumbs/20120814_212719.jpg
D/CordovaLog(18654): file:///android_asset/www/js/views/addItem/galleryImages.js: Line 85 : /mnt/sdcard/DCIM/Camera/20120814_212719.jpg: /mnt/sdcard/DCIM/Camera/pg_thumbs/20120814_212719.jpg
D/CordovaLog(18654): ===================
D/CordovaLog(18654): file:///android_asset/www/js/views/addItem/galleryImages.js: Line 87 : ===================
D/STATUSBAR-NetworkController( 2131): onSignalStrengthsChanged signalStrength=SignalStrength: 13 -1 -1 -1 -1 -1 -1 -1 -1 -1 -1 -1 gsm|lte 4 level=4
D/CordovaLog(18654): Error in success callback: Thumbnailer5 = Code.PhotoSwipe.createInstance: No images to passed.
D/CordovaLog(18654): file:///android_asset/www/js/libs/cordova/cordova.js: Line 260 : Error in success callback: Thumbnailer5 = Code.PhotoSwipe.createInstance: No images to passed.
E/DataRouter( 1823): usb connection is true 
E/DataRouter( 1823): DSR is ON. Don't send DTR ON.
E/DataRouter( 1823): usb connection is true 
E/DataRouter( 1823): DSR is ON. Don't send DTR ON.
E/DataRouter( 1823): usb connection is true 
E/DataRouter( 1823): DSR is ON. Don't send DTR ON.
D/dalvikvm(18518): GC_CONCURRENT freed 599K, 8% free 9815K/10631K, paused 8ms+2ms
E/DataRouter( 1823): usb connection is true 
E/DataRouter( 1823): DSR is ON. Don't send DTR ON.
D/STATUSBAR-NetworkController( 2131): onReceive() - RSSI_CHANGED_ACTION, WIFI_STATE, NETWORK_STATE
E/DataRouter( 1823): usb connection is true 
E/DataRouter( 1823): DSR is ON. Don't send DTR ON.
E/DataRouter( 1823): usb connection is true 
E/DataRouter( 1823): DSR is ON. Don't send DTR ON.
E/DataRouter( 1823): usb connection is true 
E/DataRouter( 1823): DSR is ON. Don't send DTR ON.
D/BatteryService( 1987): update start
D/BatteryService( 1987): level:100 scale:100 status:5 health:2 present:true voltage: 4183 temperature: 310 technology: Li-ion AC powered:false USB powered:true icon:17302820 invalid charger:0
D/KeyguardUpdateMonitor( 1987): received broadcast android.intent.action.BATTERY_CHANGED
D/KeyguardUpdateMonitor( 1987): handleBatteryUpdate
D/UiModeManager( 1987): mLastBroadcastState = 0mCarModeEnabled = falseisDeskDockState(mDockState) = false
V/UiModeManager( 1987): updateLocked: null action, mDockState=0, firing homeIntent: null
D/UiModeManager( 1987): updateConfigurationLocked: mDockState=0; mCarMode=false; mNightMode=0; uiMode=17
D/STATUSBAR-BatteryController( 2131): onReceive() - ACTION_BATTERY_CHANGED
D/STATUSBAR-BatteryController( 2131): onReceive() - level:100
D/STATUSBAR-BatteryController( 2131): onReceive() - plugged:true
D/STATUSBAR-BatteryController( 2131): onReceive() - BATTERY_STATUS_FULL:
D/PowerSavingModeWidgetBatteryService(17130): receive Intent.ACTION_BATTERY_CHANGED
D/STATUSBAR-NetworkController( 2131): onReceive() - RSSI_CHANGED_ACTION, WIFI_STATE, NETWORK_STATE
E/DataRouter( 1823): usb connection is true 
E/DataRouter( 1823): DSR is ON. Don't send DTR ON.
E/DataRouter( 1823): usb connection is true 
E/DataRouter( 1823): DSR is ON. Don't send DTR ON.
D/STATUSBAR-NetworkController( 2131): onReceive() - RSSI_CHANGED_ACTION, WIFI_STATE, NETWORK_STATE
E/DataRouter( 1823): usb connection is true 
E/DataRouter( 1823): DSR is ON. Don't send DTR ON.
E/DataRouter( 1823): usb connection is true 
E/DataRouter( 1823): DSR is ON. Don't send DTR ON.
E/DataRouter( 1823): usb connection is true 
E/DataRouter( 1823): DSR is ON. Don't send DTR ON.
D/STATUSBAR-NetworkController( 2131): onReceive() - RSSI_CHANGED_ACTION, WIFI_STATE, NETWORK_STATE
E/DataRouter( 1823): usb connection is true 
E/DataRouter( 1823): DSR is ON. Don't send DTR ON.
E/DataRouter( 1823): usb connection is true 
E/DataRouter( 1823): DSR is ON. Don't send DTR ON.
E/DataRouter( 1823): usb connection is true 
E/DataRouter( 1823): DSR is ON. Don't send DTR ON.
I/InputReader( 1987): dispatchTouch::touch event's action is 0 (deviceType=0) [pCnt=1, pending(waiting finished signal)=0]
I/InputDispatcher( 1987): Delivering touch to current input target
I/InputDispatcher( 1987): Delivering touch to current input target
E/lights  ( 1987): write_int: path /sys/devices/virtual/sec/sec_touchkey/brightness, value 1
I/PowerManagerService( 1987): Ulight 3->7|0
D/PowerManagerService( 1987): setLightBrightness : mButtonLight : 40
I/InputReader( 1987): dispatchTouch::touch event's action is 1 (deviceType=0) [pCnt=1, pending(waiting finished signal)=1]
D/dalvikvm(18654): GC_CONCURRENT freed 248K, 4% free 10226K/10631K, paused 3ms+6ms
I/InputDispatcher( 1987): Delivering touch to current input target
I/InputDispatcher( 1987): Delivering touch to current input target
V/webview (18654):  singleCursorHandlerTouchEvent -getEditableSupport  FASLE 
E/lights  ( 1987): write_int: path /sys/devices/virtual/sec/sec_touchkey/brightness, value 2
W/PowerManagerService( 1987): Timer 0x7->0x3|0x0
I/PowerManagerService( 1987): Ulight 7->3|0
D/PowerManagerService( 1987): setLightBrightness : mButtonLight : 0
E/DataRouter( 1823): usb connection is true 
E/DataRouter( 1823): DSR is ON. Don't send DTR ON.
I/InputReader( 1987): dispatchTouch::touch event's action is 0 (deviceType=0) [pCnt=1, pending(waiting finished signal)=0]
I/InputDispatcher( 1987): Delivering touch to current input target
I/InputDispatcher( 1987): Delivering touch to current input target
E/lights  ( 1987): write_int: path /sys/devices/virtual/sec/sec_touchkey/brightness, value 1
I/PowerManagerService( 1987): Ulight 3->7|0
D/PowerManagerService( 1987): setLightBrightness : mButtonLight : 40
I/InputReader( 1987): dispatchTouch::touch event's action is 1 (deviceType=0) [pCnt=1, pending(waiting finished signal)=0]
I/InputDispatcher( 1987): Delivering touch to current input target
I/InputDispatcher( 1987): Delivering touch to current input target
V/webview (18654):  singleCursorHandlerTouchEvent -getEditableSupport  FASLE 
I/InputReader( 1987): dispatchTouch::touch event's action is 0 (deviceType=0) [pCnt=1, pending(waiting finished signal)=0]
I/InputDispatcher( 1987): Delivering touch to current input target
I/InputDispatcher( 1987): Delivering touch to current input target
I/InputReader( 1987): dispatchTouch::touch event's action is 1 (deviceType=0) [pCnt=1, pending(waiting finished signal)=0]
I/InputDispatcher( 1987): Delivering touch to current input target
I/InputDispatcher( 1987): Delivering touch to current input target
V/webview (18654):  singleCursorHandlerTouchEvent -getEditableSupport  FASLE 
E/DataRouter( 1823): usb connection is true 
E/DataRouter( 1823): DSR is ON. Don't send DTR ON.
I/InputReader( 1987): dispatchTouch::touch event's action is 0 (deviceType=0) [pCnt=1, pending(waiting finished signal)=0]
I/InputDispatcher( 1987): Delivering touch to current input target
I/InputDispatcher( 1987): Delivering touch to current input target
I/InputReader( 1987): dispatchTouch::touch event's action is 1 (deviceType=0) [pCnt=1, pending(waiting finished signal)=0]
I/InputDispatcher( 1987): Delivering touch to current input target
I/InputDispatcher( 1987): Delivering touch to current input target
V/webview (18654):  singleCursorHandlerTouchEvent -getEditableSupport  FASLE 
I/InputReader( 1987): dispatchTouch::touch event's action is 0 (deviceType=0) [pCnt=1, pending(waiting finished signal)=0]
I/InputDispatcher( 1987): Delivering touch to current input target
I/InputDispatcher( 1987): Delivering touch to current input target
I/InputReader( 1987): dispatchTouch::touch event's action is 1 (deviceType=0) [pCnt=1, pending(waiting finished signal)=0]
I/InputDispatcher( 1987): Delivering touch to current input target
I/InputDispatcher( 1987): Delivering touch to current input target
V/webview (18654):  singleCursorHandlerTouchEvent -getEditableSupport  FASLE 
E/DataRouter( 1823): usb connection is true 
E/DataRouter( 1823): DSR is ON. Don't send DTR ON.
I/InputReader( 1987): dispatchTouch::touch event's action is 0 (deviceType=0) [pCnt=1, pending(waiting finished signal)=0]
I/InputDispatcher( 1987): Delivering touch to current input target
I/InputDispatcher( 1987): Delivering touch to current input target
I/InputReader( 1987): dispatchTouch::touch event's action is 1 (deviceType=0) [pCnt=1, pending(waiting finished signal)=0]
I/InputDispatcher( 1987): Delivering touch to current input target
I/InputDispatcher( 1987): Delivering touch to current input target
V/webview (18654):  singleCursorHandlerTouchEvent -getEditableSupport  FASLE 
D/CordovaWebView(18654): >>> loadUrl(file:///mnt/sdcard/DCIM/Camera/20120624_162030.jpg.jpg)
D/CordovaWebView(18654): >>> loadUrlNow()
D/CordovaLog(18654): JSCallback Error: Request failed with status 0
D/CordovaLog(18654): file:///android_asset/www/js/libs/cordova/cordova.js: Line 3743 : JSCallback Error: Request failed with status 0
D/JsMessageQueue(18654): Set native->JS mode to 0
D/JsMessageQueue(18654): Set native->JS mode to 1
D/DroidGap(18654): onMessage(onPageStarted,file:///mnt/sdcard/DCIM/Camera/20120624_162030.jpg.jpg)
I/GATE    (18654): <GATE-M>DEV_ACTION_COMPLETED</GATE-M>
D/Cordova (18654): onPageFinished(file:///mnt/sdcard/DCIM/Camera/20120624_162030.jpg.jpg)
D/CordovaWebView(18654): >>> loadUrlNow()
D/DroidGap(18654): onMessage(onNativeReady,null)
D/DroidGap(18654): onMessage(onPageFinished,file:///mnt/sdcard/DCIM/Camera/20120624_162030.jpg.jpg)
I/InputReader( 1987): dispatchTouch::touch event's action is 0 (deviceType=0) [pCnt=1, pending(waiting finished signal)=0]
I/InputDispatcher( 1987): Delivering touch to current input target
I/InputDispatcher( 1987): Delivering touch to current input target
I/InputReader( 1987): dispatchTouch::touch event's action (MT) is 261 (deviceType=0) [pCnt=2, pending(waiting finished signal)=0]
I/InputDispatcher( 1987): Delivering touch to current input target
I/InputDispatcher( 1987): Delivering touch to current input target
E/DataRouter( 1823): usb connection is true 
E/DataRouter( 1823): DSR is ON. Don't send DTR ON.
I/InputReader( 1987): dispatchTouch::touch event's action (MT) is 262 (deviceType=0) [pCnt=2, pending(waiting finished signal)=0]
I/InputDispatcher( 1987): Delivering touch to current input target
I/InputDispatcher( 1987): Delivering touch to current input target
E/AlarmManagerService( 1987): android_server_AlarmManagerService_set to type=2, 230548.678000000
I/InputReader( 1987): dispatchTouch::touch event's action is 1 (deviceType=0) [pCnt=1, pending(waiting finished signal)=0]
I/InputDispatcher( 1987): Delivering touch to current input target
I/InputDispatcher( 1987): Delivering touch to current input target
V/AlarmManager( 1987): trigger WAKEUP Alarm{414cb268 type 2 com.google.android.apps.maps}
E/AlarmManagerService( 1987): android_server_AlarmManagerService_set to type=2, 230525.647000000
E/AlarmManagerService( 1987): android_server_AlarmManagerService_set to type=2, 230525.647000000
V/webview (18654):  singleCursorHandlerTouchEvent -getEditableSupport  FASLE 
D/InputReader( 1987): Input event: value=1
I/InputDispatcher( 1987): Delivering key to current input target
I/InputDispatcher( 1987): Delivering key to current input target
D/InputReader( 1987): Input event: value=0
I/InputDispatcher( 1987): Delivering key to current input target
I/InputDispatcher( 1987): Delivering key to current input target
D/CordovaWebView(18654): >>> loadUrl(file:///android_asset/www/index.html)
D/CordovaWebView(18654): >>> loadUrlNow()
W/System.err(18654): java.net.SocketException: Socket closed
W/System.err(18654): 	at libcore.io.Posix.accept(Native Method)
W/System.err(18654): 	at libcore.io.BlockGuardOs.accept(BlockGuardOs.java:55)
W/System.err(18654): 	at java.net.PlainSocketImpl.accept(PlainSocketImpl.java:98)
W/System.err(18654): 	at java.net.ServerSocket.implAccept(ServerSocket.java:202)
W/System.err(18654): 	at java.net.ServerSocket.accept(ServerSocket.java:127)
W/System.err(18654): 	at org.apache.cordova.CallbackServer.run(CallbackServer.java:195)
W/System.err(18654): 	at java.lang.Thread.run(Thread.java:856)
D/DroidGap(18654): onMessage(onPageStarted,file:///android_asset/www/index.html)
I/GATE    (18654): <GATE-M>DEV_ACTION_COMPLETED</GATE-M>
D/Cordova (18654): onPageFinished(file:///android_asset/www/index.html)
D/CordovaWebView(18654): >>> loadUrlNow()
D/DroidGap(18654): onMessage(onNativeReady,null)
D/DroidGap(18654): onMessage(onPageFinished,file:///android_asset/www/index.html)
D/dalvikvm(18654): GC_CONCURRENT freed 140K, 3% free 10542K/10823K, paused 1ms+2ms
D/DroidGap(18654): onMessage(spinner,stop)
W/WifiStateTracker( 1987): getNetworkInfo : NetworkInfo: type: WIFI[], state: CONNECTED/CONNECTED, reason: (unspecified), extra: (none), roaming: false, failover: false, isAvailable: true
D/CordovaLog(18654): Initialised Add New Items Page
D/CordovaLog(18654): file:///android_asset/www/js/views/addItem/addItem.js: Line 16 : Initialised Add New Items Page
D/CordovaLog(18654): Initialised Camera Page
D/CordovaLog(18654): file:///android_asset/www/js/views/addItem/cameraImages.js: Line 14 : Initialised Camera Page
D/CordovaLog(18654): Initialised jQueryConfig
D/CordovaLog(18654): file:///android_asset/www/js/libs/jquery/jquery.mobile-config.js: Line 14 : Initialised jQueryConfig
D/CordovaLog(18654): Initialised Items Page
D/CordovaLog(18654): file:///android_asset/www/js/views/items/items.js: Line 14 : Initialised Items Page
D/CordovaLog(18654): Initialised Gallery Page
D/CordovaLog(18654): file:///android_asset/www/js/views/addItem/galleryImages.js: Line 23 : Initialised Gallery Page
D/CordovaLog(18654): Gallery Page: Device Ready
D/CordovaLog(18654): file:///android_asset/www/js/views/addItem/galleryImages.js: Line 27 : Gallery Page: Device Ready
D/CordovaLog(18654): Rendering Home Page
D/CordovaLog(18654): file:///android_asset/www/js/views/home/home.js: Line 15 : Rendering Home Page
E/DataRouter( 1823): usb connection is true 
E/DataRouter( 1823): DSR is ON. Don't send DTR ON.
W/PowerManagerService( 1987): Timer 0x7->0x3|0x0
E/lights  ( 1987): write_int: path /sys/devices/virtual/sec/sec_touchkey/brightness, value 2
I/PowerManagerService( 1987): Ulight 7->3|0
D/PowerManagerService( 1987): setLightBrightness : mButtonLight : 0
E/DataRouter( 1823): usb connection is true 
E/DataRouter( 1823): DSR is ON. Don't send DTR ON.
D/STATUSBAR-NetworkController( 2131): onSignalStrengthsChanged signalStrength=SignalStrength: 12 -1 -1 -1 -1 -1 -1 -1 -1 -1 -1 -1 gsm|lte 4 level=4
D/comsamsungapp(14078): [MSC_Accu]>>> WWP:375 [0:0] onReceive@ androidnetwifiSCAN_RESULTS
D/comsamsungapp(14078): [MSC_Accu]>>> WIM:53 [0:0] AccuWeatherClockWidgetID_Length
D/comsamsungapp(14078): [MSC_Accu]>>> WIM:54 [0:0] getPrefIDs@lngth:1
D/comsamsungapp(14078): [MSC_Accu]>>> WIM:60 [0:0] getPrefIDs@Ids1:16
W/WifiStateTracker( 1987): getNetworkInfo : NetworkInfo: type: WIFI[], state: CONNECTED/CONNECTED, reason: (unspecified), extra: (none), roaming: false, failover: false, isAvailable: true
D/comsamsungapp(14078): [MSC_Accu]>>> WWP:708 [0:0] SCAN_RESULTS_AVAILABLE_ACTION::Detail State : CONNECTED   CHECK_AFTER_CONNECTED : false
D/dalvikvm( 1987): GC_CONCURRENT freed 1833K, 30% free 21390K/30535K, paused 20ms+9ms
D/dalvikvm(17085): GC_CONCURRENT freed 530K, 6% free 10513K/11143K, paused 2ms+17ms
D/dalvikvm(17812): GC_CONCURRENT freed 481K, 7% free 9921K/10567K, paused 1ms+2ms
D/dalvikvm(17812): GC_CONCURRENT freed 384K, 7% free 9925K/10567K, paused 1ms+1ms
E/AlarmManagerService( 1987): android_server_AlarmManagerService_set to type=2, 230548.678000000
E/DataRouter( 1823): usb connection is true 
E/DataRouter( 1823): DSR is ON. Don't send DTR ON.
E/DataRouter( 1823): usb connection is true 
E/DataRouter( 1823): DSR is ON. Don't send DTR ON.
E/DataRouter( 1823): usb connection is true 
E/DataRouter( 1823): DSR is ON. Don't send DTR ON.
E/DataRouter( 1823): usb connection is true 
E/DataRouter( 1823): DSR is ON. Don't send DTR ON.
E/DataRouter( 1823): usb connection is true 
E/DataRouter( 1823): DSR is ON. Don't send DTR ON.
E/DataRouter( 1823): usb connection is true 
E/DataRouter( 1823): DSR is ON. Don't send DTR ON.
D/BatteryService( 1987): update start
D/BatteryService( 1987): level:100 scale:100 status:5 health:2 present:true voltage: 4178 temperature: 310 technology: Li-ion AC powered:false USB powered:true icon:17302820 invalid charger:0
D/KeyguardUpdateMonitor( 1987): received broadcast android.intent.action.BATTERY_CHANGED
D/KeyguardUpdateMonitor( 1987): handleBatteryUpdate
D/UiModeManager( 1987): mLastBroadcastState = 0mCarModeEnabled = falseisDeskDockState(mDockState) = false
V/UiModeManager( 1987): updateLocked: null action, mDockState=0, firing homeIntent: null
D/UiModeManager( 1987): updateConfigurationLocked: mDockState=0; mCarMode=false; mNightMode=0; uiMode=17
D/STATUSBAR-BatteryController( 2131): onReceive() - ACTION_BATTERY_CHANGED
D/STATUSBAR-BatteryController( 2131): onReceive() - level:100
D/STATUSBAR-BatteryController( 2131): onReceive() - plugged:true
D/STATUSBAR-BatteryController( 2131): onReceive() - BATTERY_STATUS_FULL:
D/PowerSavingModeWidgetBatteryService(17130): receive Intent.ACTION_BATTERY_CHANGED
E/DataRouter( 1823): usb connection is true 
E/DataRouter( 1823): DSR is ON. Don't send DTR ON.
E/DataRouter( 1823): usb connection is true 
E/DataRouter( 1823): DSR is ON. Don't send DTR ON.
E/AlarmManagerService( 1987): android_server_AlarmManagerService_set to type=3, 230641.913000000
E/AlarmManagerService( 1987): android_server_AlarmManagerService_set to type=3, 230600.210000000
D/KeyguardUpdateMonitor( 1987): received broadcast android.intent.action.TIME_TICK
D/KeyguardUpdateMonitor( 1987): handleTimeUpdate
D/STATUSBAR-DateView( 2131): updateClock :02/10/2012
D/DigitalClock(16859): DigitalClockAppWidgetService. action :  android.intent.action.TIME_TICK
D/DigitalClock(16859): DigitalClockAppWidget. : updateClock =  [I@414e9c40
D/DigitalClock(16859): DigitalClockAppWidget. : drawMinute mm1_ 1mm2_5
E/DataRouter( 1823): usb connection is true 
E/DataRouter( 1823): DSR is ON. Don't send DTR ON.
D/STATUSBAR-NetworkController( 2131): onSignalStrengthsChanged signalStrength=SignalStrength: 13 -1 -1 -1 -1 -1 -1 -1 -1 -1 -1 -1 gsm|lte 4 level=4
E/DataRouter( 1823): usb connection is true 
E/DataRouter( 1823): DSR is ON. Don't send DTR ON.
E/DataRouter( 1823): usb connection is true 
E/DataRouter( 1823): DSR is ON. Don't send DTR ON.
D/InputReader( 1987): Input event: value=1
D/RestrictionPolicy( 1987): isHomeKeyEnabled :true
D/RestrictionPolicy( 1987): isHomeKeyEnabled :true
I/HomeKeyDoubleClick( 1987): addAction() is called.  action = 0  canceled = false
I/HomeKeyDoubleClick( 1987): in addAction(), now add
I/HomeKeyDoubleClick( 1987): in addAction(), down event. now call postCheckRunnable().
I/HomeKeyDoubleClick( 1987): postCheckRunnable() is called
I/HomeKeyDoubleClick( 1987): in postCheckRunnable(), now posting.
I/HomeKeyDoubleClick( 1987): in postCheckRunnable(), posting success.
D/InputReader( 1987): Input event: value=0
D/RestrictionPolicy( 1987): isHomeKeyEnabled :true
I/HomeKeyDoubleClick( 1987): addAction() is called.  action = 1  canceled = false
I/HomeKeyDoubleClick( 1987): in addAction(), now add
I/HomeKeyDoubleClick( 1987): run() is called *****************************************************
I/HomeKeyDoubleClick( 1987): isSingleClick() is called
I/HomeKeyDoubleClick( 1987): in isSingleClick() true
I/HomeKeyDoubleClick( 1987): -------------------------------single clicked
I/HomeKeyDoubleClick( 1987): singleClickJob() is called.
I/HomeKeyDoubleClick( 1987):   in singleClickJob(), mSentHomeDownToApp is false. Now call launchHomeFromHotKey()
W/InputManagerService( 1987): onReceive() calling hidecurrentInputLocked
I/ActivityManager( 1987): START {intent.toShortString} from pid 1987
I/power   ( 1987): *** acquire_dvfs_lock : lockType : 1  freq : 1200000 
D/PowerManagerService( 1987): acquireDVFSLockLocked : type : DVFS_MIN_LIMIT  frequency : 1200000  uid : 1000  pid : 1987  tag : ActivityManager
W/ActivityManager( 1987): mDVFSLock.acquire()
I/HomeKeyDoubleClick( 1987): reset() is called
I/HomeKeyDoubleClick( 1987): in reset()  after reset, mPosted = false  mHomeActionList.size() = 0
D/DroidGap(18654): Paused the application!
D/CordovaWebView(18654): Handle the pause
D/CordovaWebView(18654): >>> loadUrlNow()
V/InputManagerService( 1987): [StartHomeAppReceiver] intentAction :: android.sec.intent.action.CLICKED_HOMEKEY, mInputShown :: false
W/InputManagerService( 1987): Unexpected intent Intent { act=android.sec.intent.action.CLICKED_HOMEKEY flg=0x10 }
D/GLSurfaceViewGroup(13959): Skipped drawing due to suspendDrawingUntilResume()
I/Launcher(13959): onRestart. Launcher: 414edfa8
I/Launcher(13959): onResume. Launcher: 414edfa8, mIsNewIntent: true
