I/DebugPlacement( 2336): View = com.sec.android.app.twlauncher.MenuItemView@423d5988 tag = com.sec.android.app.twlauncher.ApplicationInfo Clock -1 0 0 4|-1|-1|-1|-1|0 com.sec.android.app.twlauncher.ApplicationInfo@41a92ac0 Owner = com.sec.android.app.twlauncher.AppMenu@423d4570
I/DebugPlacement( 2336): View = com.sec.android.app.twlauncher.MenuItemView@422a9ae8 tag = com.sec.android.app.twlauncher.ApplicationInfo Messaging -1 -1 2 3|-1|-1|-1|-1|0 com.sec.android.app.twlauncher.ApplicationInfo@41a9eb10 Owner = com.sec.android.app.twlauncher.AppShortcutZone@41b53ad8
I/DebugPlacement( 2336): View = com.sec.android.app.twlauncher.MenuItemView@41b565d0 tag = com.sec.android.app.twlauncher.ApplicationInfo Contacts -1 -1 1 2|-1|-1|-1|-1|0 com.sec.android.app.twlauncher.ApplicationInfo@414d8fb8 Owner = com.sec.android.app.twlauncher.AppShortcutZone@41b53ad8
I/DebugPlacement( 2336): View = com.sec.android.app.twlauncher.MenuItemView@41b263d0 tag = com.sec.android.app.twlauncher.ApplicationInfo Phone -1 -1 0 1|-1|-1|-1|-1|0 com.sec.android.app.twlauncher.ApplicationInfo@41a26f78 Owner = com.sec.android.app.twlauncher.AppShortcutZone@41b53ad8
I/DebugPlacement( 2336): SyncGrid 0 0 com.sec.android.app.twlauncher.ApplicationInfo Clock -1 0 0 4|-1|-1|-1|-1|0 com.sec.android.app.twlauncher.ApplicationInfo@41a92ac0 Exists
I/DebugPlacement( 2336): SyncGrid 0 1 com.sec.android.app.twlauncher.ApplicationInfo Calendar -1 0 1 5|-1|-1|-1|-1|0 com.sec.android.app.twlauncher.ApplicationInfo@41aa51b8 Exists
I/DebugPlacement( 2336): SyncGrid 0 2 com.sec.android.app.twlauncher.ApplicationInfo Music -1 0 2 6|-1|-1|-1|-1|0 com.sec.android.app.twlauncher.ApplicationInfo@41da0ae8 Exists
I/DebugPlacement( 2336): SyncGrid 0 3 com.sec.android.app.twlauncher.ApplicationInfo Internet -1 0 3 7|-1|-1|-1|-1|0 com.sec.android.app.twlauncher.ApplicationInfo@420fdd70 Exists
I/DebugPlacement( 2336): SyncGrid 0 4 com.sec.android.app.twlauncher.ApplicationInfo Camera -1 0 4 8|-1|-1|-1|-1|0 com.sec.android.app.twlauncher.ApplicationInfo@41b4b660 Exists
I/DebugPlacement( 2336): SyncGrid 0 5 com.sec.android.app.twlauncher.ApplicationInfo Maps -1 0 5 9|-1|-1|-1|-1|0 com.sec.android.app.twlauncher.ApplicationInfo@420f3198 Exists
I/DebugPlacement( 2336): SyncGrid 0 6 com.sec.android.app.twlauncher.ApplicationInfo Email -1 0 6 10|-1|-1|-1|-1|0 com.sec.android.app.twlauncher.ApplicationInfo@419f9450 Exists
I/DebugPlacement( 2336): SyncGrid 0 7 com.sec.android.app.twlauncher.ApplicationInfo Gmail -1 0 7 11|-1|-1|-1|-1|0 com.sec.android.app.twlauncher.ApplicationInfo@41bd6e80 Exists
I/DebugPlacement( 2336): SyncGrid 0 8 com.sec.android.app.twlauncher.ApplicationInfo Gallery -1 0 8 12|-1|-1|-1|-1|0 com.sec.android.app.twlauncher.ApplicationInfo@420e9950 Exists
I/DebugPlacement( 2336): SyncGrid 0 9 com.sec.android.app.twlauncher.ApplicationInfo Search -1 0 9 13|-1|-1|-1|-1|0 com.sec.android.app.twlauncher.ApplicationInfo@420e9eb8 Exists
I/DebugPlacement( 2336): SyncGrid 0 10 com.sec.android.app.twlauncher.ApplicationInfo Play Store -1 0 10 14|-1|-1|-1|-1|0 com.sec.android.app.twlauncher.ApplicationInfo@41f61628 Exists
I/DebugPlacement( 2336): SyncGrid 0 11 com.sec.android.app.twlauncher.ApplicationInfo Settings -1 0 11 15|-1|-1|-1|-1|0 com.sec.android.app.twlauncher.ApplicationInfo@41f671f0 Exists
I/DebugPlacement( 2336): SyncGrid 0 12 com.sec.android.app.twlauncher.ApplicationInfo Social Hub -1 0 12 16|-1|-1|-1|-1|0 com.sec.android.app.twlauncher.ApplicationInfo@420f0968 Exists
I/DebugPlacement( 2336): SyncGrid 0 13 com.sec.android.app.twlauncher.ApplicationInfo Music Hub -1 0 13 17|-1|-1|-1|-1|0 com.sec.android.app.twlauncher.ApplicationInfo@420fbfc8 Exists
I/DebugPlacement( 2336): SyncGrid 0 14 com.sec.android.app.twlauncher.ApplicationInfo Readers Hub -1 0 14 18|-1|-1|-1|-1|0 com.sec.android.app.twlauncher.ApplicationInfo@41f6a630 Exists
I/DebugPlacement( 2336): SyncGrid 0 15 com.sec.android.app.twlauncher.ApplicationInfo Game Hub -1 0 15 19|-1|-1|-1|-1|0 com.sec.android.app.twlauncher.ApplicationInfo@420d2f08 Exists
I/DebugPlacement( 2336): SyncGrid 1 0 com.sec.android.app.twlauncher.ApplicationInfo My files -1 1 0 20|-1|-1|-1|-1|0 com.sec.android.app.twlauncher.ApplicationInfo@41a8a458 Exists
I/DebugPlacement( 2336): SyncGrid 1 1 com.sec.android.app.twlauncher.ApplicationInfo Video Player -1 1 1 21|-1|-1|-1|-1|0 com.sec.android.app.twlauncher.ApplicationInfo@41a9df08 Exists
I/DebugPlacement( 2336): SyncGrid 1 2 com.sec.android.app.twlauncher.ApplicationInfo AllShare -1 1 2 22|-1|-1|-1|-1|0 com.sec.android.app.twlauncher.ApplicationInfo@41a9c9b0 Exists
I/DebugPlacement( 2336): SyncGrid 1 3 com.sec.android.app.twlauncher.ApplicationInfo Kies air -1 1 3 23|-1|-1|-1|-1|0 com.sec.android.app.twlauncher.ApplicationInfo@420f0340 Exists
I/DebugPlacement( 2336): SyncGrid 1 4 com.sec.android.app.twlauncher.ApplicationInfo Talk -1 1 4 24|-1|-1|-1|-1|0 com.sec.android.app.twlauncher.ApplicationInfo@41f6b588 Exists
I/DebugPlacement( 2336): SyncGrid 1 5 com.sec.android.app.twlauncher.ApplicationInfo Task -1 1 5 26|-1|-1|-1|-1|0 com.sec.android.app.twlauncher.ApplicationInfo@420eaf38 Exists
I/DebugPlacement( 2336): SyncGrid 1 6 com.sec.android.app.twlauncher.ApplicationInfo Navigation -1 1 6 27|-1|-1|-1|-1|0 com.sec.android.app.twlauncher.ApplicationInfo@41a96328 Exists
I/DebugPlacement( 2336): SyncGrid 1 7 com.sec.android.app.twlauncher.ApplicationInfo Voice command -1 1 7 28|-1|-1|-1|-1|0 com.sec.android.app.twlauncher.ApplicationInfo@41aa2800 Exists
I/DebugPlacement( 2336): SyncGrid 1 8 com.sec.android.app.twlauncher.ApplicationInfo Voice recorder -1 1 8 29|-1|-1|-1|-1|0 com.sec.android.app.twlauncher.ApplicationInfo@420f5538 Exists
I/DebugPlacement( 2336): SyncGrid 1 9 com.sec.android.app.twlauncher.ApplicationInfo Voice talk -1 1 9 30|-1|-1|-1|-1|0 com.sec.android.app.twlauncher.ApplicationInfo@41a11100 Exists
I/DebugPlacement( 2336): SyncGrid 1 10 com.sec.android.app.twlauncher.ApplicationInfo Local -1 1 10 31|-1|-1|-1|-1|0 com.sec.android.app.twlauncher.ApplicationInfo@42109358 Exists
I/DebugPlacement( 2336): SyncGrid 1 11 com.sec.android.app.twlauncher.ApplicationInfo Downloads -1 1 11 32|-1|-1|-1|-1|0 com.sec.android.app.twlauncher.ApplicationInfo@420eb2d0 Exists
I/DebugPlacement( 2336): SyncGrid 1 12 com.sec.android.app.twlauncher.ApplicationInfo Photo editor -1 1 12 33|-1|-1|-1|-1|0 com.sec.android.app.twlauncher.ApplicationInfo@42100388 Exists
I/DebugPlacement( 2336): SyncGrid 1 13 com.sec.android.app.twlauncher.ApplicationInfo Video maker -1 1 13 34|-1|-1|-1|-1|0 com.sec.android.app.twlauncher.ApplicationInfo@420f8228 Exists
I/DebugPlacement( 2336): SyncGrid 1 14 com.sec.android.app.twlauncher.ApplicationInfo Mini diary -1 1 14 35|-1|-1|-1|-1|0 com.sec.android.app.twlauncher.ApplicationInfo@420eb618 Exists
I/DebugPlacement( 2336): SyncGrid 2 0 com.sec.android.app.twlauncher.ApplicationInfo Calculator -1 2 0 36|-1|-1|-1|-1|0 com.sec.android.app.twlauncher.ApplicationInfo@420fb0e8 Exists
I/DebugPlacement( 2336): SyncGrid 2 1 com.sec.android.app.twlauncher.ApplicationInfo Samsung Apps -1 2 1 37|-1|-1|-1|-1|0 com.sec.android.app.twlauncher.ApplicationInfo@420f3260 Exists
I/DebugPlacement( 2336): SyncGrid 2 2 com.sec.android.app.twlauncher.ApplicationInfo News & Weather -1 2 2 38|-1|-1|-1|-1|0 com.sec.android.app.twlauncher.ApplicationInfo@420ed898 Exists
I/DebugPlacement( 2336): SyncGrid 2 3 com.sec.android.app.twlauncher.ApplicationInfo Task Manager -1 2 3 39|-1|-1|-1|-1|0 com.sec.android.app.twlauncher.ApplicationInfo@41b37c40 Exists
I/DebugPlacement( 2336): SyncGrid 2 4 com.sec.android.app.twlauncher.ApplicationInfo FM radio -1 2 4 40|-1|-1|-1|-1|0 com.sec.android.app.twlauncher.ApplicationInfo@41aa5440 Exists
I/DebugPlacement( 2336): SyncGrid 2 5 com.sec.android.app.twlauncher.ApplicationInfo Memo -1 2 5 41|-1|-1|-1|-1|0 com.sec.android.app.twlauncher.ApplicationInfo@41a28060 Exists
I/DebugPlacement( 2336): SyncGrid 2 6 com.sec.android.app.twlauncher.ApplicationInfo Polaris Office -1 2 6 42|-1|-1|-1|-1|0 com.sec.android.app.twlauncher.ApplicationInfo@42109100 Exists
I/DebugPlacement( 2336): SyncGrid 2 7 com.sec.android.app.twlauncher.ApplicationInfo Angry Birds -1 2 7 69|-1|-1|-1|-1|0 com.sec.android.app.twlauncher.ApplicationInfo@41edd6b8 Exists
I/DebugPlacement( 2336): SyncGrid 2 8 com.sec.android.app.twlauncher.ApplicationInfo BBC iPlayer -1 2 8 53|-1|-1|-1|-1|0 com.sec.android.app.twlauncher.ApplicationInfo@416acfc0 Exists
I/DebugPlacement( 2336): SyncGrid 2 9 com.sec.android.app.twlauncher.ApplicationInfo Chess Free -1 2 9 66|-1|-1|-1|-1|0 com.sec.android.app.twlauncher.ApplicationInfo@4210b8d0 Exists
I/DebugPlacement( 2336): SyncGrid 2 10 com.sec.android.app.twlauncher.ApplicationInfo Dropbox -1 2 10 64|-1|-1|-1|-1|0 com.sec.android.app.twlauncher.ApplicationInfo@41ee0668 Exists
I/DebugPlacement( 2336): SyncGrid 2 11 com.sec.android.app.twlauncher.ApplicationInfo eBay -1 2 11 54|-1|-1|-1|-1|0 com.sec.android.app.twlauncher.ApplicationInfo@41a9c630 Exists
I/DebugPlacement( 2336): SyncGrid 2 12 com.sec.android.app.twlauncher.ApplicationInfo Facebook -1 2 12 60|-1|-1|-1|-1|0 com.sec.android.app.twlauncher.ApplicationInfo@42272628 Exists
I/DebugPlacement( 2336): SyncGrid 2 13 com.sec.android.app.twlauncher.ApplicationInfo Flash Player Settings -1 2 13 56|-1|-1|-1|-1|0 com.sec.android.app.twlauncher.ApplicationInfo@42103a20 Exists
I/DebugPlacement( 2336): SyncGrid 2 14 com.sec.android.app.twlauncher.ApplicationInfo Google+ -1 2 14 48|-1|-1|-1|-1|0 com.sec.android.app.twlauncher.ApplicationInfo@420eddc0 Exists
I/DebugPlacement( 2336): SyncGrid 3 0 com.sec.android.app.twlauncher.ApplicationInfo LastPass -1 3 0 65|-1|-1|-1|-1|0 com.sec.android.app.twlauncher.ApplicationInfo@420f5ae8 Exists
I/DebugPlacement( 2336): SyncGrid 3 1 com.sec.android.app.twlauncher.ApplicationInfo London Travel -1 3 1 72|-1|-1|-1|-1|0 com.sec.android.app.twlauncher.ApplicationInfo@421854f0 Exists
I/DebugPlacement( 2336): SyncGrid 3 2 com.sec.android.app.twlauncher.ApplicationInfo LT Free -1 3 2 71|-1|-1|-1|-1|0 com.sec.android.app.twlauncher.ApplicationInfo@41a9b978 Exists
I/DebugPlacement( 2336): SyncGrid 3 3 com.sec.android.app.twlauncher.ApplicationInfo Messenger -1 3 3 49|-1|-1|-1|-1|0 com.sec.android.app.twlauncher.ApplicationInfo@420fd818 Exists
I/DebugPlacement( 2336): SyncGrid 3 4 com.sec.android.app.twlauncher.ApplicationInfo O2 Priority Moments -1 3 4 57|-1|-1|-1|-1|0 com.sec.android.app.twlauncher.ApplicationInfo@420e1808 Exists
I/DebugPlacement( 2336): SyncGrid 3 5 com.sec.android.app.twlauncher.ApplicationInfo O2 Space -1 3 5 55|-1|-1|-1|-1|0 com.sec.android.app.twlauncher.ApplicationInfo@420eefb8 Exists
I/DebugPlacement( 2336): SyncGrid 3 6 com.sec.android.app.twlauncher.ApplicationInfo Opera Mobile -1 3 6 45|-1|-1|-1|-1|0 com.sec.android.app.twlauncher.ApplicationInfo@420e9770 Exists
I/DebugPlacement( 2336): SyncGrid 3 7 com.sec.android.app.twlauncher.ApplicationInfo Play Books -1 3 7 52|-1|-1|-1|-1|0 com.sec.android.app.twlauncher.ApplicationInfo@420effe0 Exists
I/DebugPlacement( 2336): SyncGrid 3 8 com.sec.android.app.twlauncher.ApplicationInfo Pulse -1 3 8 70|-1|-1|-1|-1|0 com.sec.android.app.twlauncher.ApplicationInfo@42195560 Exists
I/DebugPlacement( 2336): SyncGrid 3 9 com.sec.android.app.twlauncher.ApplicationInfo Samsung Hub -1 3 9 58|-1|-1|-1|-1|0 com.sec.android.app.twlauncher.ApplicationInfo@42101218 Exists
I/DebugPlacement( 2336): SyncGrid 3 10 com.sec.android.app.twlauncher.ApplicationInfo Shazam -1 3 10 47|-1|-1|-1|-1|0 com.sec.android.app.twlauncher.ApplicationInfo@420f7188 Exists
I/DebugPlacement( 2336): SyncGrid 3 11 com.sec.android.app.twlauncher.ApplicationInfo Skype -1 3 11 62|-1|-1|-1|-1|0 com.sec.android.app.twlauncher.ApplicationInfo@421099a0 Exists
I/DebugPlacement( 2336): SyncGrid 4 0 com.sec.android.app.twlauncher.ApplicationInfo Tags -1 4 0 51|-1|-1|-1|-1|0 com.sec.android.app.twlauncher.ApplicationInfo@420ee140 Exists
I/DebugPlacement( 2336): SyncGrid 4 1 com.sec.android.app.twlauncher.ApplicationInfo TED -1 4 1 67|-1|-1|-1|-1|0 com.sec.android.app.twlauncher.ApplicationInfo@421969f0 Exists
I/DebugPlacement( 2336): SyncGrid 4 2 com.sec.android.app.twlauncher.ApplicationInfo TED Air -1 4 2 68|-1|-1|-1|-1|0 com.sec.android.app.twlauncher.ApplicationInfo@420fd508 Exists
I/DebugPlacement( 2336): SyncGrid 4 3 com.sec.android.app.twlauncher.ApplicationInfo Twitter -1 4 3 61|-1|-1|-1|-1|0 com.sec.android.app.twlauncher.ApplicationInfo@420ef9d0 Exists
I/DebugPlacement( 2336): SyncGrid 4 4 com.sec.android.app.twlauncher.ApplicationInfo WhatsApp -1 4 4 59|-1|-1|-1|-1|0 com.sec.android.app.twlauncher.ApplicationInfo@42109870 Exists
I/DebugPlacement( 2336): SyncGrid 4 5 com.sec.android.app.twlauncher.ApplicationInfo YouTube -1 4 5 43|-1|-1|-1|-1|0 com.sec.android.app.twlauncher.ApplicationInfo@420fc110 Exists
I/DebugPlacement( 2336): SyncGrid 4 6 com.sec.android.app.twlauncher.ApplicationInfo Play Movies -1 4 6 76|-1|-1|-1|-1|0 com.sec.android.app.twlauncher.ApplicationInfo@420e94b8 Exists
I/DebugPlacement( 2336): SyncGrid 4 7 com.sec.android.app.twlauncher.ApplicationInfo Path -1 4 7 77|-1|-1|-1|-1|0 com.sec.android.app.twlauncher.ApplicationInfo@420f5ee0 Exists
I/DebugPlacement( 2336): SyncGrid 4 8 com.sec.android.app.twlauncher.ApplicationInfo Football SC -1 4 8 78|-1|-1|-1|-1|0 com.sec.android.app.twlauncher.ApplicationInfo@41a94128 Exists
I/DebugPlacement( 2336): SyncGrid 4 9 com.sec.android.app.twlauncher.ApplicationInfo Nearest Stops -1 4 9 79|-1|-1|-1|-1|0 com.sec.android.app.twlauncher.ApplicationInfo@41a96880 Exists
I/DebugPlacement( 2336): SyncGrid 4 10 com.sec.android.app.twlauncher.ApplicationInfo GNotes -1 4 10 80|-1|-1|-1|-1|0 com.sec.android.app.twlauncher.ApplicationInfo@421847c8 Exists
I/DebugPlacement( 2336): SyncGrid 4 11 com.sec.android.app.twlauncher.ApplicationInfo Analytics -1 4 11 82|-1|-1|-1|-1|0 com.sec.android.app.twlauncher.ApplicationInfo@420f7c80 Exists
I/DebugPlacement( 2336): SyncGrid 4 12 com.sec.android.app.twlauncher.ApplicationInfo Hubroid -1 4 12 83|-1|-1|-1|-1|0 com.sec.android.app.twlauncher.ApplicationInfo@41ec5d90 Exists
I/DebugPlacement( 2336): SyncGrid 5 0 com.sec.android.app.twlauncher.ApplicationInfo Freelancer -1 5 0 84|-1|-1|-1|-1|0 com.sec.android.app.twlauncher.ApplicationInfo@420fd440 Exists
I/DebugPlacement( 2336): SyncGrid 5 1 com.sec.android.app.twlauncher.ApplicationInfo oDesk -1 5 1 85|-1|-1|-1|-1|0 com.sec.android.app.twlauncher.ApplicationInfo@41aa2da0 Exists
I/DebugPlacement( 2336): SyncGrid 5 2 com.sec.android.app.twlauncher.ApplicationInfo UberHype -1 5 2 86|-1|-1|-1|-1|0 com.sec.android.app.twlauncher.ApplicationInfo@414faaf8 Exists
I/DebugPlacement( 2336): SyncGrid 5 3 com.sec.android.app.twlauncher.ApplicationInfo Amazon Kindle -1 5 3 87|-1|-1|-1|-1|0 com.sec.android.app.twlauncher.ApplicationInfo@420d90d8 Exists
I/DebugPlacement( 2336): SyncGrid 5 4 com.sec.android.app.twlauncher.ApplicationInfo RunDouble -1 5 4 89|-1|-1|-1|-1|0 com.sec.android.app.twlauncher.ApplicationInfo@420d2468 Exists
I/DebugPlacement( 2336): SyncGrid 5 5 com.sec.android.app.twlauncher.ApplicationInfo Currency -1 5 5 90|-1|-1|-1|-1|0 com.sec.android.app.twlauncher.ApplicationInfo@42194d90 Exists
I/DebugPlacement( 2336): SyncGrid 5 6 com.sec.android.app.twlauncher.ApplicationInfo German -1 5 6 92|-1|-1|-1|-1|0 com.sec.android.app.twlauncher.ApplicationInfo@420c33e0 Exists
I/DebugPlacement( 2336): SyncGrid 5 7 com.sec.android.app.twlauncher.ApplicationInfo Foursquare -1 5 7 93|-1|-1|-1|-1|0 com.sec.android.app.twlauncher.ApplicationInfo@42196640 Exists
I/DebugPlacement( 2336): SyncGrid 5 8 com.sec.android.app.twlauncher.ApplicationInfo Songbird -1 5 8 94|-1|-1|-1|-1|0 com.sec.android.app.twlauncher.ApplicationInfo@42274230 Exists
I/DebugPlacement( 2336): SyncGrid 5 9 com.sec.android.app.twlauncher.ApplicationInfo SwiftKey 3 -1 5 9 97|-1|-1|-1|-1|0 com.sec.android.app.twlauncher.ApplicationInfo@41edf728 Exists
I/DebugPlacement( 2336): SyncGrid 5 10 com.sec.android.app.twlauncher.ApplicationInfo Battery -1 5 10 99|-1|-1|-1|-1|0 com.sec.android.app.twlauncher.ApplicationInfo@42185880 Exists
I/DebugPlacement( 2336): SyncGrid 5 11 com.sec.android.app.twlauncher.ApplicationInfo Flashlight -1 5 11 100|-1|-1|-1|-1|0 com.sec.android.app.twlauncher.ApplicationInfo@41aa2c10 Exists
I/DebugPlacement( 2336): SyncGrid 5 12 com.sec.android.app.twlauncher.ApplicationInfo WellFTP Server -1 5 12 103|-1|-1|-1|-1|0 com.sec.android.app.twlauncher.ApplicationInfo@42109240 Exists
I/DebugPlacement( 2336): SyncGrid 5 13 com.sec.android.app.twlauncher.ApplicationInfo Ant Build -1 5 13 104|-1|-1|-1|-1|0 com.sec.android.app.twlauncher.ApplicationInfo@41a958c8 Exists
I/DebugPlacement( 2336): SyncGrid 6 0 com.sec.android.app.twlauncher.ApplicationInfo PG API JQM -1 6 0 106|-1|-1|-1|-1|0 com.sec.android.app.twlauncher.ApplicationInfo@41a9d360 Exists
I/DebugPlacement( 2336): SyncGrid 6 1 com.sec.android.app.twlauncher.ApplicationInfo jQuery Mobile docs -1 6 1 107|-1|-1|-1|-1|0 com.sec.android.app.twlauncher.ApplicationInfo@42101ea0 Exists
I/DebugPlacement( 2336): SyncGrid 6 2 com.sec.android.app.twlauncher.ApplicationInfo NatWest -1 6 2 110|-1|-1|-1|-1|0 com.sec.android.app.twlauncher.ApplicationInfo@41ed65f0 Exists
I/DebugPlacement( 2336): SyncGrid 6 3 com.sec.android.app.twlauncher.ApplicationInfo O2 -1 6 3 114|-1|-1|-1|-1|0 com.sec.android.app.twlauncher.ApplicationInfo@4219a400 Exists
I/DebugPlacement( 2336): SyncGrid 6 4 com.sec.android.app.twlauncher.ApplicationInfo OS Monitor -1 6 4 115|-1|-1|-1|-1|0 com.sec.android.app.twlauncher.ApplicationInfo@41cceb08 Exists
I/DebugPlacement( 2336): View = com.sec.android.app.twlauncher.MenuItemView@422a9ae8 tag = com.sec.android.app.twlauncher.ApplicationInfo Messaging -1 -1 2 3|-1|-1|-1|-1|0 com.sec.android.app.twlauncher.ApplicationInfo@41a9eb10 Owner = com.sec.android.app.twlauncher.AppShortcutZone@41b53ad8
I/DebugPlacement( 2336): View = com.sec.android.app.twlauncher.MenuItemView@41b565d0 tag = com.sec.android.app.twlauncher.ApplicationInfo Contacts -1 -1 1 2|-1|-1|-1|-1|0 com.sec.android.app.twlauncher.ApplicationInfo@414d8fb8 Owner = com.sec.android.app.twlauncher.AppShortcutZone@41b53ad8
I/DebugPlacement( 2336): View = com.sec.android.app.twlauncher.MenuItemView@41b263d0 tag = com.sec.android.app.twlauncher.ApplicationInfo Phone -1 -1 0 1|-1|-1|-1|-1|0 com.sec.android.app.twlauncher.ApplicationInfo@41a26f78 Owner = com.sec.android.app.twlauncher.AppShortcutZone@41b53ad8
I/DebugDb ( 2336): UpdateDBTask Begin Saving to DB
I/DebugFolder( 2336): Save Folder Data To DB
I/DebugDb ( 2336): UpdateDBTask End Saving to DB true
I/DebugDb ( 2336): UpdateDBTask Close DB
D/comsamsungapp( 9012): [MSC_Accu]>>> WWP:375 [0:0] onReceive@ secandroidintentactionHOME_RESUME
D/comsamsungapp( 9012): [MSC_Accu]>>> WIM:53 [0:0] AccuWeatherClockWidgetID_Length
D/comsamsungapp( 9012): [MSC_Accu]>>> WIM:54 [0:0] getPrefIDs@lngth:1
D/comsamsungapp( 9012): [MSC_Accu]>>> WIM:60 [0:0] getPrefIDs@Ids1:16
D/comsamsungapp( 9012): [MSC_Accu]>>> WWP:368 [0:0] refreshhandler is null!!
D/CalendarAppWidgetProviderAgenda(17612): onReceive : sec.android.intent.action.HOME_RESUME
D/CalendarAppWidgetProviderAgenda(17612): getComponentName : 
D/comsamsungapp( 9012): [MSC_Accu]>>> U:177 [0:0] util getnext by widget 1349330820000
D/comsamsungapp( 9012): [MSC_Accu]>>> WWP:302 [0:0] [AR] now = [1349303989347] LTM = [1349330820000] need_AR = [false]
D/comsamsungapp( 9012): [MSC_Accu]>>> WWP:307 [0:0] [AR] LUPTM = [1349287649170] SV = 4
D/AccountTypeManager( 2849): Registering external account type=com.whatsapp, packageName=com.whatsapp
W/ResourceType( 2849): getEntry failing because entryIndex 1000 is beyond type entryCount 573
W/ResourceType( 2849): Failure getting entry for 0x7f0203e8 (t=1 e=1000) in package 0 (error -2147483647)
D/AccountTypeManager( 2849): Registering external account type=com.facebook.auth.login, packageName=com.facebook.katana
W/ResourceType( 2849): getEntry failing because entryIndex 881 is beyond type entryCount 573
W/ResourceType( 2849): Failure getting entry for 0x7f020371 (t=1 e=881) in package 0 (error -2147483647)
D/AccountTypeManager( 2849): Registering external account type=com.smlds.accountType, packageName=com.smlds
D/AccountTypeManager( 2849): Registering external account type=com.skype.contacts.sync, packageName=com.skype.raider
W/ResourceType( 2849): getEntry failing because entryIndex 1283 is beyond type entryCount 573
W/ResourceType( 2849): Failure getting entry for 0x7f020503 (t=1 e=1283) in package 0 (error -2147483647)
W/ResourceType( 2849): getEntry failing because entryIndex 1284 is beyond type entryCount 573
W/ResourceType( 2849): Failure getting entry for 0x7f020504 (t=1 e=1284) in package 0 (error -2147483647)
W/ResourceType( 2849): getEntry failing because entryIndex 1285 is beyond type entryCount 573
W/ResourceType( 2849): Failure getting entry for 0x7f020505 (t=1 e=1285) in package 0 (error -2147483647)
W/ResourceType( 2849): getEntry failing because entryIndex 1680 is beyond type entryCount 573
W/ResourceType( 2849): Failure getting entry for 0x7f020690 (t=1 e=1680) in package 0 (error -2147483647)
D/AccountTypeManager( 2849): Registering 1 extension packages
D/PackageManager( 1986): generateServicesMap(android.accounts.AccountAuthenticator): 17 services unchanged
E/ExternalAccountType( 2849): Unsupported attribute readOnly
D/dalvikvm( 2849): GC_CONCURRENT freed 418K, 7% free 9265K/9927K, paused 5ms+2ms
D/AccountTypeManager( 2849): Registering extension package account type=com.google, dataSet=plus, packageName=com.google.android.apps.plus
I/AccountTypeManager( 2849): Loaded meta-data for 11 account types, 6 accounts in 166ms(wall) 19ms(cpu)
D/VoicemailCleanupService( 2421): Cleaning up data for package: com.spotting.havewant
I/SevenBroadCastReceiver(18967): ==============================================
I/SevenBroadCastReceiver(18967): 	SevenBroadCastReceiver.onReceive() 
I/SevenBroadCastReceiver(18967): 	intent.getAction() :  android.intent.action.PACKAGE_REMOVED
I/SevenBroadCastReceiver(18967): ==============================================
E/SevenAdapter(18967): isAvailable() is called
D/SevenBroadCastReceiver(18967): getBooleanExtra = true
E/PackageInfoItemFactory(19472): getPackageInfoItem() NameNotFoundException
E/PackageInfoItemFactory(19472): android.content.pm.PackageManager$NameNotFoundException: com.spotting.havewant
E/PackageInfoItemFactory(19472): 	at android.app.ApplicationPackageManager.getApplicationInfo(ApplicationPackageManager.java:214)
E/PackageInfoItemFactory(19472): 	at com.sec.android.app.controlpanel.PackageInfoItemFactory.updatePackageInfoItem(PackageInfoItemFactory.java:88)
E/PackageInfoItemFactory(19472): 	at com.sec.android.app.controlpanel.PackageInfoItemFactory.updatePackageInfoItem(PackageInfoItemFactory.java:67)
E/PackageInfoItemFactory(19472): 	at com.sec.android.app.controlpanel.PackageIntentReceiver.onReceive(PackageIntentReceiver.java:27)
E/PackageInfoItemFactory(19472): 	at android.app.ActivityThread.handleReceiver(ActivityThread.java:2131)
E/PackageInfoItemFactory(19472): 	at android.app.ActivityThread.access$1500(ActivityThread.java:127)
E/PackageInfoItemFactory(19472): 	at android.app.ActivityThread$H.handleMessage(ActivityThread.java:1209)
E/PackageInfoItemFactory(19472): 	at android.os.Handler.dispatchMessage(Handler.java:99)
E/PackageInfoItemFactory(19472): 	at android.os.Looper.loop(Looper.java:137)
E/PackageInfoItemFactory(19472): 	at android.app.ActivityThread.main(ActivityThread.java:4507)
E/PackageInfoItemFactory(19472): 	at java.lang.reflect.Method.invokeNative(Native Method)
E/PackageInfoItemFactory(19472): 	at java.lang.reflect.Method.invoke(Method.java:511)
E/PackageInfoItemFactory(19472): 	at com.android.internal.os.ZygoteInit$MethodAndArgsCaller.run(ZygoteInit.java:790)
E/PackageInfoItemFactory(19472): 	at com.android.internal.os.ZygoteInit.main(ZygoteInit.java:557)
E/PackageInfoItemFactory(19472): 	at dalvik.system.NativeStart.main(Native Method)
D/dalvikvm( 2336): GC_FOR_ALLOC freed 949K, 21% free 24597K/30919K, paused 37ms
I/ActivityManager( 1986): Start proc app.processName for broadcast hostingNameStr: pid=19711 uid=1000 gids={3003, 1015, 1023, 3002, 3001, 1006, 2001, 3007}
D/PackageManager( 1986): generateServicesMap(android.content.SyncAdapter): 31 services unchanged
I/ANThirdPartAppManager(18454): registered service' count:2
I/ANThirdPartAppManager(18454): current service is:1, packages:[.z7.app]
I/ANThirdPartAppManager(18454): current service is:2, packages:[.z7.app]
I/ANThirdPartAppManager(18454): nousedservicescopes is empty, no a*****t needs remove.
I/ANThirdPartAppManager(18454): unregister over
E/SocialHub(18200): [UinboxReceiver] onReceive() >> Context is android.app.ReceiverRestrictedContext@41531c40
I/SocialHub(18200): [UinboxReceiver] onReceive() >> ==============================================
I/SocialHub(18200): [UinboxReceiver] onReceive() >> 	UinboxBroadCastReceiver() 
I/SocialHub(18200): [UinboxReceiver] onReceive() >> 	intent.getAction() :  android.intent.action.PACKAGE_REMOVED
I/SocialHub(18200): [UinboxReceiver] onReceive() >> ==============================================
D/dalvikvm( 1986): GC_EXPLICIT freed 1981K, 31% free 20902K/30023K, paused 8ms+11ms
I/ActivityManager( 1986): Start proc app.processName for broadcast hostingNameStr: pid=19727 uid=10044 gids={3003, 1006}
D/AndroidRuntime(19686): Shutting down VM
D/dalvikvm(19686): GC_CONCURRENT freed 97K, 83% free 460K/2560K, paused 1ms+1ms
I/dalvikvm(19727): Turning on JNI app bug workarounds for target SDK version 7...
I/AndroidRuntime(19686): NOTE: attach of thread 'Binder Thread #3' failed
I/ActivityThread(19727): Pub com.sec.astore.unaservice2: com.sec.android.app.samsungapps.una2.db.DBProvider
V/BackupManagerService( 1986): removePackageParticipantsLocked: com.spotting.havewant
E/AlarmManagerService( 1986): android_server_AlarmManagerService_set to type=0, 1349304005.028000000
I/PackageReceiver(19122): Got Intent: android.intent.action.PACKAGE_REMOVED
I/ControllerMap(18236): Delete Package: <com.spotting.havewant> cleanupList size: 0
I/ApplicationPolicy( 1986): getActualApplicationStateEnabled() : true
D/dalvikvm( 1986): GC_CONCURRENT freed 1870K, 30% free 21079K/30023K, paused 3ms+9ms
W/ResourceType( 1986): Failure getting entry for 0x7f020010 (t=1 e=16) in package 0 (error -75)
I/ActivityManager( 1986): No longer want app.processName (pid 19309): hidden #26
D/PicasaSyncManager(19102): reject MetadataSyncTask (****************************) because downsync is disabled
D/VolumePanel( 1986): onVolumeChanged(streamType: 3, flags: 64)
D/AudioService( 1986): getStreamVolume(3)
D/AudioService( 1986): getStreamVolume(3)
I/FMRadioService( 1986): *** mReceiver: VOLUME_CHANGED_ACTION
I/FMRadioService( 1986):    stream: 3
I/FMRadioService( 1986):    volume: 15
I/FMRadioService( 1986): *** mReceiver: VOLUME_CHANGED_ACTION
I/FMRadioService( 1986):    stream: 9
I/FMRadioService( 1986):    volume: 15
I/FMRadioService( 1986): *** mReceiver: VOLUME_CHANGED_ACTION
I/FMRadioService( 1986):    stream: 10
I/FMRadioService( 1986):    volume: 5
I/FmRadioController( 1986): Jni player_SetVolume :5 
I/FmRadioController( 1986): ---Jni player_SetVolume---
V/ProgramMonitorRemoteService(19472): onReceive() intent=Intent { act=ProgramMonitorRemoteService.UPDATE_RUNNING_COUNT flg=0x10 }
V/ProgramMonitorRemoteService(19472): onReceive() UPDATE_RUNNING_APPLICATION_COUNT
V/ProgramMonitorRemoteService(19472): updateRunningApplicationListInfo()
D/PicasaSyncManager(19102): reject MetadataSyncTask (****************************) because downsync is disabled
E/DataRouter( 1823): usb connection is true 
E/DataRouter( 1823): InvokeOemRequestHookRaw usbstatus true is failure 4
D/dalvikvm( 1986): GC_EXPLICIT freed 860K, 31% free 20919K/30023K, paused 4ms+11ms
D/KeyguardUpdateMonitor( 1986): received broadcast android.intent.action.BATTERY_CHANGED
D/KeyguardUpdateMonitor( 1986): handleBatteryUpdate
D/BatteryService( 1986): update start
D/BatteryService( 1986): level:100 scale:100 status:5 health:2 present:true voltage: 4171 temperature: 290 technology: Li-ion AC powered:false USB powered:true icon:17302820 invalid charger:0
D/UiModeManager( 1986): mLastBroadcastState = 0mCarModeEnabled = falseisDeskDockState(mDockState) = false
V/UiModeManager( 1986): updateLocked: null action, mDockState=0, firing homeIntent: null
D/UiModeManager( 1986): updateConfigurationLocked: mDockState=0; mCarMode=false; mNightMode=0; uiMode=17
D/PowerSavingModeWidgetBatteryService(19159): receive Intent.ACTION_BATTERY_CHANGED
D/STATUSBAR-BatteryController( 2130): onReceive() - ACTION_BATTERY_CHANGED
D/STATUSBAR-BatteryController( 2130): onReceive() - level:100
D/STATUSBAR-BatteryController( 2130): onReceive() - plugged:true
D/STATUSBAR-BatteryController( 2130): onReceive() - BATTERY_STATUS_FULL:
I/ApplicationPolicy( 1986): getActualApplicationStateEnabled() : true
I/ActivityManager( 1986): No longer want app.processName (pid 19322): hidden #26
D/InputReader( 1986): Input event: value=1
D/RestrictionPolicy( 1986): isHomeKeyEnabled :true
D/dalvikvm( 2421): GC_CONCURRENT freed 188K, 6% free 9666K/10247K, paused 1ms+1ms
D/dalvikvm(19472): GC_CONCURRENT freed 342K, 5% free 8944K/9351K, paused 1ms+1ms
D/RestrictionPolicy( 1986): isHomeKeyEnabled :true
I/HomeKeyDoubleClick( 1986): addAction() is called.  action = 0  canceled = false
I/HomeKeyDoubleClick( 1986): in addAction(), now add
I/HomeKeyDoubleClick( 1986): in addAction(), down event. now call postCheckRunnable().
I/HomeKeyDoubleClick( 1986): postCheckRunnable() is called
I/HomeKeyDoubleClick( 1986): in postCheckRunnable(), now posting.
I/HomeKeyDoubleClick( 1986): in postCheckRunnable(), posting success.
D/dalvikvm(19472): GC_CONCURRENT freed 510K, 7% free 8934K/9543K, paused 2ms+1ms
D/dalvikvm(19472): GC_CONCURRENT freed 438K, 6% free 8976K/9543K, paused 2ms+1ms
D/PowerManagerService( 1986): onSensorChanged: light value: 100
D/dalvikvm(19472): GC_CONCURRENT freed 447K, 6% free 8980K/9543K, paused 1ms+2ms
V/ProgramMonitorRemoteService(19472): onReceive() intent=Intent { act=ProgramMonitorRemoteService.RUNNING_COUNT flg=0x10 }
V/ProgramMonitorRemoteService(19472): onReceive() RUNNING_APPS_COUNT
V/ProgramMonitorRemoteService(19472): getRunningApplicationCount() start
V/ProgramMonitorRemoteService(19472): getRunningApplicationCount() end 0
V/ProgramMonitorRemoteService(19472): onReceive() getRunningApplicationCount=0
V/ProgramMonitorRemoteService(19472): initCPUUsage()
D/RestrictionPolicy( 1986): isHomeKeyEnabled :true
I/HomeKeyDoubleClick( 1986): addAction() is called.  action = 0  canceled = false
I/HomeKeyDoubleClick( 1986): in addAction(), action is canceled OR repeatCount is not zero. now call reset()
I/HomeKeyDoubleClick( 1986): reset() is called
I/HomeKeyDoubleClick( 1986): in reset()  after reset, mPosted = false  mHomeActionList.size() = 0
D/WindowManager( 1986): Home long press behavior, keyguardOn = false
D/dalvikvm(19472): GC_CONCURRENT freed 525K, 7% free 9029K/9607K, paused 2ms+2ms
D/RestrictionPolicy( 1986): isHomeKeyEnabled :true
I/HomeKeyDoubleClick( 1986): addAction() is called.  action = 0  canceled = false
I/HomeKeyDoubleClick( 1986): in addAction(), action is canceled OR repeatCount is not zero. now call reset()
I/HomeKeyDoubleClick( 1986): reset() is called
I/HomeKeyDoubleClick( 1986): in reset()  after reset, mPosted = false  mHomeActionList.size() = 0
I/PackageInfo(19472): getRunningAppPackageList(), pid:19236, task:true, service:false, memUsage:12790, cpuUsage:0.0, packageName:com.sec.android.app.myfiles
D/RestrictionPolicy( 1986): isHomeKeyEnabled :true
I/HomeKeyDoubleClick( 1986): addAction() is called.  action = 0  canceled = false
I/HomeKeyDoubleClick( 1986): in addAction(), action is canceled OR repeatCount is not zero. now call reset()
I/HomeKeyDoubleClick( 1986): reset() is called
I/HomeKeyDoubleClick( 1986): in reset()  after reset, mPosted = false  mHomeActionList.size() = 0
W/WindowManager( 1986): interceptKeyBeforeDispatching with IVoIPInterface 
D/RestrictionPolicy( 1986): isHomeKeyEnabled :true
I/HomeKeyDoubleClick( 1986): addAction() is called.  action = 0  canceled = false
I/HomeKeyDoubleClick( 1986): in addAction(), action is canceled OR repeatCount is not zero. now call reset()
I/HomeKeyDoubleClick( 1986): reset() is called
I/HomeKeyDoubleClick( 1986): in reset()  after reset, mPosted = false  mHomeActionList.size() = 0
D/VoIPInterfaceManager( 1986): isVoIPRinging()...
D/VoIPInterfaceManager( 1986):     Not exist call session
W/InputManagerService( 1986): onReceive() calling hidecurrentInputLocked
D/RestrictionPolicy( 1986): isHomeKeyEnabled :true
I/HomeKeyDoubleClick( 1986): addAction() is called.  action = 0  canceled = false
I/HomeKeyDoubleClick( 1986): in addAction(), action is canceled OR repeatCount is not zero. now call reset()
I/HomeKeyDoubleClick( 1986): reset() is called
I/HomeKeyDoubleClick( 1986): in reset()  after reset, mPosted = false  mHomeActionList.size() = 0
D/dalvikvm( 2130): GC_EXPLICIT freed 316K, 15% free 10673K/12423K, paused 6ms+6ms
D/RestrictionPolicy( 1986): isHomeKeyEnabled :true
I/HomeKeyDoubleClick( 1986): addAction() is called.  action = 0  canceled = false
I/HomeKeyDoubleClick( 1986): in addAction(), action is canceled OR repeatCount is not zero. now call reset()
I/HomeKeyDoubleClick( 1986): reset() is called
I/HomeKeyDoubleClick( 1986): in reset()  after reset, mPosted = false  mHomeActionList.size() = 0
I/SurfaceFlinger( 1825): id=675(32) createSurface 0x34e1c (480x800),1 flag=0
I/Launcher( 2336): onWindowFocusChanged(false)
D/RestrictionPolicy( 1986): isHomeKeyEnabled :true
I/HomeKeyDoubleClick( 1986): addAction() is called.  action = 0  canceled = false
I/HomeKeyDoubleClick( 1986): in addAction(), action is canceled OR repeatCount is not zero. now call reset()
I/HomeKeyDoubleClick( 1986): reset() is called
I/HomeKeyDoubleClick( 1986): in reset()  after reset, mPosted = false  mHomeActionList.size() = 0
D/dalvikvm( 2336): GC_FOR_ALLOC freed 1537K, 21% free 24555K/30919K, paused 28ms
D/RestrictionPolicy( 1986): isHomeKeyEnabled :true
I/HomeKeyDoubleClick( 1986): addAction() is called.  action = 0  canceled = false
I/HomeKeyDoubleClick( 1986): in addAction(), action is canceled OR repeatCount is not zero. now call reset()
I/HomeKeyDoubleClick( 1986): reset() is called
I/HomeKeyDoubleClick( 1986): in reset()  after reset, mPosted = false  mHomeActionList.size() = 0
D/RestrictionPolicy( 1986): isHomeKeyEnabled :true
I/HomeKeyDoubleClick( 1986): addAction() is called.  action = 0  canceled = false
I/HomeKeyDoubleClick( 1986): in addAction(), action is canceled OR repeatCount is not zero. now call reset()
I/HomeKeyDoubleClick( 1986): reset() is called
I/HomeKeyDoubleClick( 1986): in reset()  after reset, mPosted = false  mHomeActionList.size() = 0
D/RestrictionPolicy( 1986): isHomeKeyEnabled :true
I/HomeKeyDoubleClick( 1986): addAction() is called.  action = 0  canceled = false
I/HomeKeyDoubleClick( 1986): in addAction(), action is canceled OR repeatCount is not zero. now call reset()
I/HomeKeyDoubleClick( 1986): reset() is called
I/HomeKeyDoubleClick( 1986): in reset()  after reset, mPosted = false  mHomeActionList.size() = 0
D/RestrictionPolicy( 1986): isHomeKeyEnabled :true
I/HomeKeyDoubleClick( 1986): addAction() is called.  action = 0  canceled = false
I/HomeKeyDoubleClick( 1986): in addAction(), action is canceled OR repeatCount is not zero. now call reset()
I/HomeKeyDoubleClick( 1986): reset() is called
I/HomeKeyDoubleClick( 1986): in reset()  after reset, mPosted = false  mHomeActionList.size() = 0
D/RestrictionPolicy( 1986): isHomeKeyEnabled :true
I/HomeKeyDoubleClick( 1986): addAction() is called.  action = 0  canceled = false
I/HomeKeyDoubleClick( 1986): in addAction(), action is canceled OR repeatCount is not zero. now call reset()
I/HomeKeyDoubleClick( 1986): reset() is called
I/HomeKeyDoubleClick( 1986): in reset()  after reset, mPosted = false  mHomeActionList.size() = 0
D/RestrictionPolicy( 1986): isHomeKeyEnabled :true
I/HomeKeyDoubleClick( 1986): addAction() is called.  action = 0  canceled = false
I/HomeKeyDoubleClick( 1986): in addAction(), action is canceled OR repeatCount is not zero. now call reset()
I/HomeKeyDoubleClick( 1986): reset() is called
I/HomeKeyDoubleClick( 1986): in reset()  after reset, mPosted = false  mHomeActionList.size() = 0
D/STATUSBAR-NetworkController( 2130): onReceive() - RSSI_CHANGED_ACTION, WIFI_STATE, NETWORK_STATE
D/RestrictionPolicy( 1986): isHomeKeyEnabled :true
I/HomeKeyDoubleClick( 1986): addAction() is called.  action = 0  canceled = false
I/HomeKeyDoubleClick( 1986): in addAction(), action is canceled OR repeatCount is not zero. now call reset()
I/HomeKeyDoubleClick( 1986): reset() is called
I/HomeKeyDoubleClick( 1986): in reset()  after reset, mPosted = false  mHomeActionList.size() = 0
D/InputReader( 1986): Input event: value=0
D/RestrictionPolicy( 1986): isHomeKeyEnabled :true
I/HomeKeyDoubleClick( 1986): addAction() is called.  action = 1  canceled = false
V/ProgramMonitorRemoteService(19472): onReceive() intent=Intent { act=ProgramMonitorRemoteService.CPU_USAGE_WARN flg=0x10 }
V/ProgramMonitorRemoteService(19472): onReceive() CPU_USAGE_WARN  test_count=
V/ProgramMonitorRemoteService(19472): updateCPUUsage()
V/ProgramMonitorRemoteService(19472): calcCPUUsage() cpu_warning:false
V/ProgramMonitorRemoteService(19472): calcCPUUsage() cpu_warning_level:
V/ProgramMonitorRemoteService(19472): calcCPUUsage() cpu_warning_msg:
V/ProgramMonitorRemoteService(19472): calcCPUUsage() top_cpu_usage:0.0
V/ProgramMonitorRemoteService(19472): calcCPUUsage() total_cpu_usage:0.0
V/ProgramMonitorRemoteService(19472): isCPUWarning() false
V/ProgramMonitorRemoteService(19472): getCPUWarningLevel() 
V/ProgramMonitorRemoteService(19472): getCPUWarningMessage() 
I/ProgramMonitorState(17743): isCpuWarning=false warningLevel= warningMsg=
V/ProgramMonitorRemoteService(19472): onReceive() intent=Intent { act=ProgramMonitorRemoteService.UPDATE_RUNNING_COUNT flg=0x10 }
V/ProgramMonitorRemoteService(19472): onReceive() UPDATE_RUNNING_APPLICATION_COUNT
V/ProgramMonitorRemoteService(19472): updateRunningApplicationListInfo()
I/InputReader( 1986): dispatchTouch::touch event's action is 0 (deviceType=0) [pCnt=1, pending(waiting finished signal)=0]
I/InputDispatcher( 1986): Delivering touch to current input target
I/InputDispatcher( 1986): Delivering touch to current input target
E/lights  ( 1986): write_int: path /sys/devices/virtual/sec/sec_touchkey/brightness, value 1
I/PowerManagerService( 1986): Ulight 3->7|0
D/PowerManagerService( 1986): setLightBrightness : mButtonLight : 40
I/InputReader( 1986): dispatchTouch::touch event's action is 1 (deviceType=0) [pCnt=1, pending(waiting finished signal)=0]
I/InputDispatcher( 1986): Delivering touch to current input target
I/InputDispatcher( 1986): Delivering touch to current input target
E/DataRouter( 1823): usb connection is true 
E/DataRouter( 1823): InvokeOemRequestHookRaw usbstatus true is failure 4
I/Launcher( 2336): onPause. Launcher: 41b2f808
I/PhotoAppWidgetProvider(17561): onReceive
I/PhotoAppWidgetProvider(17561): PauseSlideShow
D/PhotoAppWidgetProvider(17561): onReceive End
I/power   ( 1986): *** acquire_dvfs_lock : lockType : 1  freq : 1200000 
D/PowerManagerService( 1986): acquireDVFSLockLocked : type : DVFS_MIN_LIMIT  frequency : 1200000  uid : 1000  pid : 1986  tag : ActivityManager
W/ActivityManager( 1986): mDVFSLock.acquire()
D/MyFiles (19236): MainActivity-onResume
D/com.samsung.app( 7618): [MSC]>>> SCI:345 [0:0] R : secandroidintentactionHOME_PAUSE
D/com.samsung.app( 7618): [MSC]>>> SCI:351 [0:0] R : no stock widget!!!
V/MyFiles (19236): AllFile:onResume
I/MyFiles (19236): refresh!!
I/MyFiles (19236): showWaitProgressDialog true
D/GLSurfaceViewGroup( 2336): Skipped drawing due to suspendDrawingUntilResume()
I/MyFiles (19236): AllFileBrowser-load file list => start
D/comsamsungapp( 9012): [MSC_Accu]>>> WWP:375 [0:0] onReceive@ secandroidintentactionHOME_PAUSE
D/comsamsungapp( 9012): [MSC_Accu]>>> WIM:53 [0:0] AccuWeatherClockWidgetID_Length
D/comsamsungapp( 9012): [MSC_Accu]>>> WIM:54 [0:0] getPrefIDs@lngth:1
D/comsamsungapp( 9012): [MSC_Accu]>>> WIM:60 [0:0] getPrefIDs@Ids1:16
I/SurfaceFlinger( 1825): id=676(11) createSurface 0x4d824 (480x800),2 flag=400
D/CalendarAppWidgetProviderAgenda(17612): onReceive : sec.android.intent.action.HOME_PAUSE
D/CalendarAppWidgetProviderAgenda(17612): ACTION_HOME_PAUSE: false
I/SurfaceFlinger( 1825): id=677(12) createSurface 0x4f63c (1x1),1 flag=0
D/dalvikvm(19472): GC_CONCURRENT freed 486K, 6% free 9054K/9607K, paused 2ms+2ms
D/dalvikvm(19236): GC_CONCURRENT freed 1271K, 20% free 12862K/16071K, paused 1ms+3ms
D/MyFiles (19236): Loading handler - start
I/MyFiles (19236): AllFileBrowser-load file list => finish
I/MyFiles (19236): AllFileBrowser-sort after loading => start
I/MyFiles (19236): AllFileBrowser-sort after loading => finish
I/[MyFiles](19236): ListAdapter.clearAll
I/MyFiles (19236): AllFileBrowser-updaetAdapter => start
V/[MyFiles](19236): ImageLoader.start() <<<<<<<<<<<<<<<<<<<<<<<<<<<<
I/MyFiles (19236): AllFileBrowser-updaetAdapter => finish
I/MyFiles (19236): showWaitProgressDialog false
D/MyFiles (19236): Loading handler - finish
I/System.out(19236): Not a DRM File, opening notmally
W/SurfaceView( 2336): CHECK surface infomation creating=false formatChanged=false sizeChanged=false visible=false visibleChanged=true surfaceChanged=true realSizeChanged=false redrawNeeded=false left=false top=false
D/dalvikvm(19472): GC_CONCURRENT freed 461K, 7% free 9033K/9671K, paused 34ms+2ms
I/System.out(19236): buffer returned 
I/System.out(19236): Not a DRM File, opening notmally
I/SurfaceFlinger( 1825): id=675 Removed idx=10 Map Size=7
I/SurfaceFlinger( 1825): id=675 Removed idx=-2 Map Size=7
I/System.out(19236): buffer returned 
E/SurfaceTexture( 1825): [RecentsPanel] drainQueueLocked: SurfaceTexture has been abandoned!
W/InputManagerService( 1986): Starting input on non-focused client com.android.internal.view.IInputMethodClient$Stub$Proxy@41537000 (uid=10125 pid=2336)
D/dalvikvm(19472): GC_CONCURRENT freed 456K, 7% free 9042K/9671K, paused 1ms+1ms
I/SurfaceFlinger( 1825): id=674 Removed idx=1 Map Size=6
I/SurfaceFlinger( 1825): id=673 Removed idx=1 Map Size=5
I/SurfaceFlinger( 1825): id=674 Removed idx=-2 Map Size=5
I/SurfaceFlinger( 1825): id=673 Removed idx=-2 Map Size=5
D/dalvikvm(19472): GC_CONCURRENT freed 416K, 7% free 9066K/9671K, paused 1ms+2ms
E/lights  ( 1986): write_int: path /sys/class/backlight/panel/brightness, value 43
D/PowerManagerService( 1986): lightSensorChangedLocked 100
D/PowerManagerService( 1986): lcdValue 110
D/PowerManagerService( 1986): buttonValue 255
D/PowerManagerService( 1986): keyboardValue 0
D/PowerManagerService( 1986): lightSensorChangedLocked : mKeyboardLight : 0
E/lights  ( 1986): write_int: path /sys/class/backlight/panel/brightness, value 47
I/PackageInfo(19472): getRunningAppPackageList(), pid:19236, task:true, service:false, memUsage:12790, cpuUsage:0.0, packageName:com.sec.android.app.myfiles
E/lights  ( 1986): write_int: path /sys/class/backlight/panel/brightness, value 50
E/lights  ( 1986): write_int: path /sys/class/backlight/panel/brightness, value 54
V/ProgramMonitorRemoteService(19472): onReceive() intent=Intent { act=ProgramMonitorRemoteService.RUNNING_COUNT flg=0x10 }
V/ProgramMonitorRemoteService(19472): onReceive() RUNNING_APPS_COUNT
V/ProgramMonitorRemoteService(19472): getRunningApplicationCount() start
V/ProgramMonitorRemoteService(19472): getRunningApplicationCount() end 1
V/ProgramMonitorRemoteService(19472): onReceive() getRunningApplicationCount=1
V/ProgramMonitorRemoteService(19472): initCPUUsage()
E/lights  ( 1986): write_int: path /sys/class/backlight/panel/brightness, value 57
E/lights  ( 1986): write_int: path /sys/class/backlight/panel/brightness, value 61
E/lights  ( 1986): write_int: path /sys/class/backlight/panel/brightness, value 64
E/lights  ( 1986): write_int: path /sys/class/backlight/panel/brightness, value 68
I/SurfaceFlinger( 1825): id=677 Removed idx=3 Map Size=4
I/SurfaceFlinger( 1825): id=677 Removed idx=-2 Map Size=4
I/power   ( 1986): *** release_dvfs_lock : lockType : 1 
V/LauncherAppWidgetHostView( 2336): dispatchSaveInstanceState: widgetid=16 vid=-1
V/LauncherAppWidgetHostView( 2336): dispatchSaveInstanceState: widgetid=15 vid=-1
V/LauncherAppWidgetHostView( 2336): dispatchSaveInstanceState: widgetid=24 vid=-1
V/LauncherAppWidgetHostView( 2336): dispatchSaveInstanceState: widgetid=25 vid=-1
V/LauncherAppWidgetHostView( 2336): dispatchSaveInstanceState: widgetid=38 vid=-1
V/LauncherAppWidgetHostView( 2336): dispatchSaveInstanceState: widgetid=35 vid=-1
V/LauncherAppWidgetHostView( 2336): dispatchSaveInstanceState: widgetid=40 vid=-1
V/LauncherAppWidgetHostView( 2336): dispatchSaveInstanceState: widgetid=30 vid=-1
V/LauncherAppWidgetHostView( 2336): dispatchSaveInstanceState: widgetid=37 vid=-1
D/PowerManagerService( 1986): releaseDVFSLockLocked : all DVFS_MIN_LIMIT are released 
W/ActivityManager( 1986): mDVFSLock.release()
I/Launcher( 2336): onStop. Launcher: 41b2f808
E/lights  ( 1986): write_int: path /sys/class/backlight/panel/brightness, value 71
E/lights  ( 1986): write_int: path /sys/class/backlight/panel/brightness, value 75
D/dalvikvm(19236): GC_CONCURRENT freed 1015K, 18% free 13203K/16071K, paused 1ms+3ms
V/[MyFiles](19236): getBitmap done: tot= 380; ; 20; 0; 360
I/System.out(19236): Not a DRM File, opening notmally
I/System.out(19236): buffer returned 
I/System.out(19236): Not a DRM File, opening notmally
I/System.out(19236): buffer returned 
E/lights  ( 1986): write_int: path /sys/class/backlight/panel/brightness, value 78
E/lights  ( 1986): write_int: path /sys/class/backlight/panel/brightness, value 82
E/lights  ( 1986): write_int: path /sys/class/backlight/panel/brightness, value 85
E/lights  ( 1986): write_int: path /sys/class/backlight/panel/brightness, value 89
E/lights  ( 1986): write_int: path /sys/class/backlight/panel/brightness, value 92
E/lights  ( 1986): write_int: path /sys/class/backlight/panel/brightness, value 96
E/lights  ( 1986): write_int: path /sys/class/backlight/panel/brightness, value 99
E/lights  ( 1986): write_int: path /sys/class/backlight/panel/brightness, value 103
E/lights  ( 1986): write_int: path /sys/class/backlight/panel/brightness, value 106
E/lights  ( 1986): write_int: path /sys/class/backlight/panel/brightness, value 110
I/PowerManagerService( 1986): Light Animator Finished curIntValue=110
D/dalvikvm(19236): GC_FOR_ALLOC freed 584K, 18% free 13180K/16071K, paused 16ms
V/[MyFiles](19236): getBitmap done: tot= 186; ; 8; 0; 178
I/System.out(19236): Not a DRM File, opening notmally
I/System.out(19236): buffer returned 
I/System.out(19236): Not a DRM File, opening notmally
I/System.out(19236): buffer returned 
D/dalvikvm(19236): GC_FOR_ALLOC freed 1041K, 21% free 12741K/16071K, paused 16ms
V/[MyFiles](19236): getBitmap done: tot= 255; ; 8; 1; 246
I/System.out(19236): Not a DRM File, opening notmally
I/System.out(19236): buffer returned 
I/System.out(19236): Not a DRM File, opening notmally
I/System.out(19236): buffer returned 
W/PowerManagerService( 1986): Timer 0x7->0x3|0x0
I/PowerManagerService( 1986): Ulight 7->3|0
D/PowerManagerService( 1986): setLightBrightness : mButtonLight : 0
E/lights  ( 1986): write_int: path /sys/devices/virtual/sec/sec_touchkey/brightness, value 2
V/[MyFiles](19236): getBitmap done: tot= 247; ; 5; 0; 242
I/System.out(19236): Not a DRM File, opening notmally
I/System.out(19236): buffer returned 
I/System.out(19236): Not a DRM File, opening notmally
I/System.out(19236): buffer returned 
D/dalvikvm(19236): GC_CONCURRENT freed 1197K, 21% free 12769K/16071K, paused 1ms+3ms
D/InputReader( 1986): Input event: value=1
E/lights  ( 1986): write_int: path /sys/devices/virtual/sec/sec_touchkey/brightness, value 1
I/InputDispatcher( 1986): Delivering key to current input target
I/InputDispatcher( 1986): Delivering key to current input target
I/PowerManagerService( 1986): Ulight 3->7|0
D/PowerManagerService( 1986): setLightBrightness : mButtonLight : 110
V/ProgramMonitorRemoteService(19472): onReceive() intent=Intent { act=ProgramMonitorRemoteService.CPU_USAGE_WARN flg=0x10 }
V/ProgramMonitorRemoteService(19472): onReceive() CPU_USAGE_WARN  test_count=
V/ProgramMonitorRemoteService(19472): updateCPUUsage()
V/ProgramMonitorRemoteService(19472): calcCPUUsage() packageName:com.sec.android.app.myfiles usage:53.030304
V/ProgramMonitorRemoteService(19472): calcCPUUsage() cpu_warning:true
V/ProgramMonitorRemoteService(19472): calcCPUUsage() cpu_warning_level:level2
V/ProgramMonitorRemoteService(19472): calcCPUUsage() cpu_warning_msg:Program(My files)Battery used by running applications
V/ProgramMonitorRemoteService(19472): calcCPUUsage() top_cpu_usage:53.030304
V/ProgramMonitorRemoteService(19472): calcCPUUsage() total_cpu_usage:53.030304
V/ProgramMonitorRemoteService(19472): isCPUWarning() true
V/ProgramMonitorRemoteService(19472): getCPUWarningLevel() level2
V/ProgramMonitorRemoteService(19472): getCPUWarningMessage() Program(My files)Battery used by running applications
I/ProgramMonitorState(17743): isCpuWarning=true warningLevel=level2 warningMsg=Program(My files)Battery used by running applications
D/InputReader( 1986): Input event: value=0
I/InputDispatcher( 1986): Delivering key to current input target
I/InputDispatcher( 1986): Delivering key to current input target
