W/WifiStateTracker( 1987): getNetworkInfo : NetworkInfo: type: WIFI[], state: CONNECTED/CONNECTED, reason: (unspecified), extra: (none), roaming: false, failover: false, isAvailable: true
I/ActivityManager( 1987): No longer want app.processName (pid 18336): hidden #26
E/MTPRx   ( 8060): In MtpReceiverandroid.intent.action.MEDIA_SCANNER_STARTED
W/MTPRx   ( 8060): Media scanning is started, setting media scanner status
E/MTPRx   ( 8060): file kieswifi.dat is not found
E/MTPRx   ( 8060): Battery charging. plugType = 2
E/MTPRx   ( 8060): USB charging
E/MTPRx   ( 8060): usb mode = 0
E/MTPRx   ( 8060): mtp already running
D/dalvikvm(16959): GC_CONCURRENT freed 403K, 8% free 9813K/10631K, paused 1ms+5ms
D/STATUSBAR-NetworkController( 2131): onSignalStrengthsChanged signalStrength=SignalStrength: 12 -1 -1 -1 -1 -1 -1 -1 -1 -1 -1 -1 gsm|lte 4 level=4
D/dalvikvm(18879): GC_CONCURRENT freed 287K, 4% free 9666K/10055K, paused 2ms+5ms
D/dalvikvm(16347): GC_CONCURRENT freed 393K, 10% free 10326K/11399K, paused 1ms+8ms
D/dalvikvm(18879): GC_CONCURRENT freed 325K, 5% free 9742K/10183K, paused 2ms+2ms
E/Fluency_Log(13858): Character map for language 'en-GB' already loaded
W/LanguagePackManagerImpl(13858): Attempted to load character maps multiple times
V/[MyFiles](18759): getBitmap done: tot= 997; ; 12; 0; 985
I/System.out(18759): Not a DRM File, opening notmally
I/System.out(18759): buffer returned 
I/System.out(18759): Not a DRM File, opening notmally
I/System.out(18759): buffer returned 
D/dalvikvm(18759): GC_FOR_ALLOC freed 598K, 19% free 12773K/15751K, paused 17ms
I/dalvikvm-heap(18759): Grow heap (frag case) to 13.280MB for 786448-byte allocation
D/dalvikvm(18759): GC_FOR_ALLOC freed 1K, 19% free 13540K/16583K, paused 15ms
V/[MyFiles](18759): getBitmap done: tot= 67; ; 13; 0; 54
I/System.out(18759): Not a DRM File, opening notmally
I/System.out(18759): buffer returned 
I/System.out(18759): Not a DRM File, opening notmally
I/System.out(18759): buffer returned 
V/[MyFiles](18759): getBitmap done: tot= 256; ; 18; 0; 238
I/System.out(18759): Not a DRM File, opening notmally
I/System.out(18759): buffer returned 
I/System.out(18759): Not a DRM File, opening notmally
I/System.out(18759): buffer returned 
V/[MyFiles](18759): getBitmap done: tot= 261; ; 25; 0; 236
I/System.out(18759): Not a DRM File, opening notmally
I/System.out(18759): buffer returned 
I/System.out(18759): Not a DRM File, opening notmally
I/System.out(18759): buffer returned 
D/dalvikvm(18759): GC_FOR_ALLOC freed 2059K, 23% free 12821K/16583K, paused 30ms
D/dalvikvm(16347): GC_CONCURRENT freed 391K, 10% free 10326K/11399K, paused 1ms+5ms
V/[MyFiles](18759): getBitmap done: tot= 292; ; 1; 0; 291
I/System.out(18759): Not a DRM File, opening notmally
I/System.out(18759): buffer returned 
I/System.out(18759): Not a DRM File, opening notmally
I/System.out(18759): buffer returned 
E/DataRouter( 1823): usb connection is true 
E/DataRouter( 1823): DSR is ON. Don't send DTR ON.
V/[MyFiles](18759): getBitmap done: tot= 180; ; 1; 0; 179
I/System.out(18759): Not a DRM File, opening notmally
I/System.out(18759): buffer returned 
I/System.out(18759): Not a DRM File, opening notmally
I/System.out(18759): buffer returned 
D/dalvikvm(18759): GC_FOR_ALLOC freed 1159K, 23% free 12852K/16583K, paused 19ms
V/[MyFiles](18759): getBitmap done: tot= 80; ; 0; 0; 80
I/System.out(18759): Not a DRM File, opening notmally
I/System.out(18759): buffer returned 
I/System.out(18759): Not a DRM File, opening notmally
I/System.out(18759): buffer returned 
D/dalvikvm(18759): GC_FOR_ALLOC freed 1029K, 23% free 12868K/16583K, paused 17ms
V/[MyFiles](18759): getBitmap done: tot= 187; ; 0; 0; 187
I/System.out(18759): Not a DRM File, opening notmally
I/System.out(18759): buffer returned 
I/System.out(18759): Not a DRM File, opening notmally
I/System.out(18759): buffer returned 
D/dalvikvm(18759): GC_FOR_ALLOC freed 1067K, 23% free 12884K/16583K, paused 18ms
V/[MyFiles](18759): getBitmap done: tot= 74; ; 0; 0; 74
I/System.out(18759): Not a DRM File, opening notmally
I/System.out(18759): buffer returned 
I/System.out(18759): Not a DRM File, opening notmally
I/System.out(18759): buffer returned 
D/dalvikvm(18759): GC_FOR_ALLOC freed 1029K, 23% free 12900K/16583K, paused 15ms
V/[MyFiles](18759): getBitmap done: tot= 71; ; 1; 0; 70
I/System.out(18759): Not a DRM File, opening notmally
I/System.out(18759): buffer returned 
I/System.out(18759): Not a DRM File, opening notmally
I/System.out(18759): buffer returned 
D/dalvikvm(18759): GC_FOR_ALLOC freed 1029K, 23% free 12915K/16583K, paused 15ms
D/MediaScanner(16347): scanDirectory [#2/2]  /mnt/sdcard/external_sd
D/MediaScanner(16347): postscan enter: directories - /mnt/sdcard
D/MediaScanner(16347): start checking FileCacheEntry
D/MediaScanner(16347): end checking FileCacheEntry. Deleted entry count : 0
D/MediaScanner(16347): postscan return
D/MediaScanner(16347):  scanned media: Audio : 0, Video : 0, Image :0, File : 0
D/MediaScanner(16347):   prescan time: 475ms
D/MediaScanner(16347):        scan time: 3006ms (Audio/Video parsing : 0ms, Image parsing : 0ms)
D/MediaScanner(16347): postscan time: 13ms
D/MediaScanner(16347):        total time: 3494ms
D/MyFiles (18759): MainActivity : BroadcastReceiver - android.intent.action.MEDIA_SCANNER_FINISHED
D/MediaScannerService(16347): done scanning volume external
I/MediaScannerService(16347): !@end of Mediascannerservice
I/DBG_WSS_DM(11324): [v3_1201_3_1][DMService.java Line:1069][onReceive] android.intent.action.MEDIA_SCANNER_FINISHED
D/CscParser( 2272): customer_path =/system/csc/customer.xml
E/CscReceiver( 2272): onReceive android.intent.action.MEDIA_SCANNER_FINISHED
D/CscParser( 2272): ID_path =/system/SW_Configuration.xml
D/CscReceiver( 2272): Media DB Scanner finished.
D/CscReceiver( 2272): Set Ringtone
D/CscParser( 2272): customer_path =/system/csc/customer.xml
D/CscParser( 2272): others_path =/system/csc/others.xml
E/CscParser( 2272): fileName + /system/csc/customer.xml
D/CscParser( 2272): getInstance fileName =/system/csc/customer.xml
D/CscParser( 2272): customer_path =/system/csc/customer.xml
D/CscParser( 2272): customer_path =/system/csc/customer.xml
E/CscParser( 2272): fileName + /system/csc/customer.xml
I/DBG_WSS_DM(11324): [v3_1201_3_1][wssdmdb.java Line:4983][smldmdbGetFUMOStatus] smldmdbGetFUMOStatus 0
D/dalvikvm(16347): GC_CONCURRENT freed 428K, 10% free 10343K/11399K, paused 2ms+4ms
W/CSCSettings( 2272): Setting Ringtones (type) : 1
D/CscParser( 2272): RingTone: null
W/CSCSettings( 2272): 1. Tag_Str: null
D/CscReceiver( 2272): Set Notification
V/[MyFiles](18759): getBitmap done: tot= 338; ; 0; 0; 338
D/dalvikvm(11324): GC_CONCURRENT freed 395K, 6% free 9045K/9543K, paused 16ms+4ms
D/dalvikvm( 2272): GC_CONCURRENT freed 2020K, 30% free 20582K/29127K, paused 2ms+5ms
D/CscParser( 2272): customer_path =/system/csc/customer.xml
D/CscParser( 2272): others_path =/system/csc/others.xml
E/CscParser( 2272): fileName + /system/csc/customer.xml
D/CscParser( 2272): getInstance fileName =/system/csc/customer.xml
D/CscParser( 2272): customer_path =/system/csc/customer.xml
D/CscParser( 2272): customer_path =/system/csc/customer.xml
E/CscParser( 2272): fileName + /system/csc/customer.xml
W/CSCSettings( 2272): Setting Ringtones (type) : 2
D/CscParser( 2272): MessageTone: null
W/CSCSettings( 2272): 1. Tag_Str: null
D/CscReceiver( 2272): Set Alarmtone
D/CscParser( 2272): customer_path =/system/csc/customer.xml
D/CscParser( 2272): others_path =/system/csc/others.xml
E/CscParser( 2272): fileName + /system/csc/customer.xml
D/CscParser( 2272): getInstance fileName =/system/csc/customer.xml
D/CscParser( 2272): customer_path =/system/csc/customer.xml
D/CscParser( 2272): customer_path =/system/csc/customer.xml
E/CscParser( 2272): fileName + /system/csc/customer.xml
W/CSCSettings( 2272): Setting Ringtones (type) : 4
D/CscParser( 2272): AlarmTone: null
W/CSCSettings( 2272): 1. Tag_Str: null
D/dalvikvm(16347): GC_EXPLICIT freed 1337K, 21% free 9036K/11399K, paused 1ms+3ms
D/MediaScannerReceiver(16347): onReceive : EXTERNAL scan FINISHED.
I/TIMECHECK(12515): START thumbnails.
E/MTPRx   ( 8060): In MtpReceiverandroid.intent.action.MEDIA_SCANNER_FINISHED
V/[MyFiles](18759): getBitmap done: tot= 120; ; 0; 1; 119
V/[MyFiles](18759): getBitmap done: tot= 33; ; 1; 0; 32
I/ActivityManager( 1987): No longer want app.processName (pid 18350): hidden #26
V/[MyFiles](18759): getBitmap done: tot= 15; ; 0; 0; 15
V/[MyFiles](18759): getBitmap done: tot= 30; ; 0; 0; 30
D/dalvikvm(18759): GC_CONCURRENT freed 1148K, 22% free 13049K/16583K, paused 1ms+2ms
V/[MyFiles](18759): getBitmap done: tot= 16; ; 0; 0; 16
V/[MyFiles](18759): getBitmap done: tot= 16; ; 1; 0; 15
V/[MyFiles](18759): getBitmap done: tot= 17; ; 0; 0; 17
V/[MyFiles](18759): getBitmap done: tot= 14; ; 0; 0; 14
V/[MyFiles](18759): getBitmap done: tot= 11; ; 0; 0; 11
V/[MyFiles](18759): getBitmap done: tot= 25; ; 2; 0; 23
V/[MyFiles](18759): getBitmap done: tot= 15; ; 0; 0; 15
V/[MyFiles](18759): getBitmap done: tot= 18; ; 0; 0; 18
V/[MyFiles](18759): getBitmap done: tot= 12; ; 1; 0; 11
V/[MyFiles](18759): getBitmap done: tot= 22; ; 2; 0; 20
D/dalvikvm(12515): GC_CONCURRENT freed 908K, 46% free 12505K/22983K, paused 2ms+3ms
V/[MyFiles](18759): getBitmap done: tot= 18; ; 0; 0; 18
V/[MyFiles](18759): getBitmap done: tot= 11; ; 0; 0; 11
V/[MyFiles](18759): getBitmap done: tot= 14; ; 0; 0; 14
V/[MyFiles](18759): getBitmap done: tot= 13; ; 1; 0; 12
V/[MyFiles](18759): getBitmap done: tot= 10; ; 0; 0; 10
V/[MyFiles](18759): getBitmap done: tot= 13; ; 1; 0; 12
V/[MyFiles](18759): getBitmap done: tot= 11; ; 1; 0; 10
V/[MyFiles](18759): getBitmap done: tot= 11; ; 0; 0; 11
V/[MyFiles](18759): getBitmap done: tot= 12; ; 1; 0; 11
V/[MyFiles](18759): getBitmap done: tot= 23; ; 2; 0; 21
D/dalvikvm(18759): GC_CONCURRENT freed 542K, 17% free 13822K/16583K, paused 1ms+3ms
V/[MyFiles](18759): getBitmap done: tot= 41; ; 0; 0; 41
V/[MyFiles](18759): getBitmap done: tot= 16; ; 1; 0; 15
V/DiskCacheSEC(12515): [SE Lab.] writeindex(): id= 1089144788 / mntTime= 1349140531307
I/TIMECHECK(12515): END thumbnails.
E/DataRouter( 1823): usb connection is true 
E/DataRouter( 1823): DSR is ON. Don't send DTR ON.
I/ActivityManager( 1987): Start proc app.processName for service hostingNameStr: pid=18939 uid=10004 gids={3003}
I/SML     (18939): [v1.1201.5.2][smlDSApplication.java Line:16][onCreate] smlDSApplication Start
I/SML     (18939): [v1.1201.5.2][smlStartService.java Line:72][onCreate] >>>>>>>> SyncML DS Service started
I/SML     (18939): [v1.1201.5.2][smlDevInfoAdapter.java Line:49][smldevAdpGetDeviceID] CKKTBnKhvVoD/Tf8INpcmhd/iSH3J/Y6KvWSz2igPIk=
D/dalvikvm(18939): GC_CONCURRENT freed 196K, 3% free 9096K/9351K, paused 1ms+3ms
I/SML     (18939): [v1.1201.5.2][smlStartService.java Line:79][onCreate] onCreate Db Initialized
I/SML     (18939): [v1.1201.5.2][smlStartService.java Line:198][smlAccountRemoveManager] smlAccountRemoveManager service register
I/SML     (18939): [v1.1201.5.2][smlStartService.java Line:214][smlIntervalBootManager] AlarmBootManager Start
I/SML     (18939): [v1.1201.5.2][smlStartService.java Line:239][smlAlarmBroadcast] smlAlarmBroadcast!
I/SML     (18939): [v1.1201.5.2][smlStartService.java Line:165][onAccountsUpdated] onAccountsUpdated
E/MTPRx   ( 8060): MTP can be launched
I/SurfaceFlinger( 1825): id=2004(8) createSurface 0x4cc0c (1x1),1 flag=0
D/PowerManagerService( 1987): acquireWakeLock flags=0xa tag=KEEP_SCREEN_ON_FLAG uid=1000 pid=1987   myUID=1000 myPID=1987 myTID=1998
E/DataRouter( 1823): usb connection is true 
E/DataRouter( 1823): DSR is ON. Don't send DTR ON.
E/DataRouter( 1823): usb connection is true 
E/DataRouter( 1823): DSR is ON. Don't send DTR ON.
I/com.dropbox.android.service.CameraUploadService( 4390): Starting camera upload scan...
D/BatteryService( 1987): update start
D/BatteryService( 1987): level:100 scale:100 status:5 health:2 present:true voltage: 3956 temperature: 310 technology: Li-ion AC powered:false USB powered:true icon:17302820 invalid charger:0
D/KeyguardUpdateMonitor( 1987): received broadcast android.intent.action.BATTERY_CHANGED
D/KeyguardUpdateMonitor( 1987): handleBatteryUpdate
D/UiModeManager( 1987): mLastBroadcastState = 0mCarModeEnabled = falseisDeskDockState(mDockState) = false
V/UiModeManager( 1987): updateLocked: null action, mDockState=0, firing homeIntent: null
D/UiModeManager( 1987): updateConfigurationLocked: mDockState=0; mCarMode=false; mNightMode=0; uiMode=17
D/STATUSBAR-BatteryController( 2131): onReceive() - ACTION_BATTERY_CHANGED
D/STATUSBAR-BatteryController( 2131): onReceive() - level:100
D/STATUSBAR-BatteryController( 2131): onReceive() - plugged:true
D/STATUSBAR-BatteryController( 2131): onReceive() - BATTERY_STATUS_FULL:
D/PowerSavingModeWidgetBatteryService(17130): receive Intent.ACTION_BATTERY_CHANGED
D/dalvikvm( 1987): GC_CONCURRENT freed 1967K, 32% free 20955K/30535K, paused 3ms+6ms
D/dalvikvm(16347): GC_EXPLICIT freed 109K, 21% free 9112K/11399K, paused 2ms+3ms
I/com.dropbox.android.service.CameraUploadService( 4390): Finished querying providers.
I/com.dropbox.android.service.CameraUploadService( 4390): Finished camera upload scan.
I/SurfaceFlinger( 1825): id=2004 Removed idx=7 Map Size=4
I/SurfaceFlinger( 1825): id=2004 Removed idx=-2 Map Size=4
D/PowerManagerService( 1987): releaseWakeLockLocked flags=0x0 tag=KEEP_SCREEN_ON_FLAG myUID=1000 myPID=1987 myTID=2040
E/DataRouter( 1823): usb connection is true 
E/DataRouter( 1823): DSR is ON. Don't send DTR ON.
W/PowerManagerService( 1987): Timer 0x3->0x3|0x0
E/DataRouter( 1823): usb connection is true 
E/DataRouter( 1823): DSR is ON. Don't send DTR ON.
E/AlarmManagerService( 1987): android_server_AlarmManagerService_set to type=2, 231247.079000000
V/AlarmManager( 1987): trigger WAKEUP Alarm{41ef1a98 type 2 com.google.android.apps.maps}
E/AlarmManagerService( 1987): android_server_AlarmManagerService_set to type=2, 230585.672000000
E/AlarmManagerService( 1987): android_server_AlarmManagerService_set to type=2, 230585.672000000
E/DataRouter( 1823): usb connection is true 
E/DataRouter( 1823): DSR is ON. Don't send DTR ON.
E/DataRouter( 1823): usb connection is true 
E/DataRouter( 1823): DSR is ON. Don't send DTR ON.
D/comsamsungapp(14078): [MSC_Accu]>>> WWP:375 [0:0] onReceive@ androidnetwifiSCAN_RESULTS
D/comsamsungapp(14078): [MSC_Accu]>>> WIM:53 [0:0] AccuWeatherClockWidgetID_Length
D/comsamsungapp(14078): [MSC_Accu]>>> WIM:54 [0:0] getPrefIDs@lngth:1
D/comsamsungapp(14078): [MSC_Accu]>>> WIM:60 [0:0] getPrefIDs@Ids1:16
W/WifiStateTracker( 1987): getNetworkInfo : NetworkInfo: type: WIFI[], state: CONNECTED/CONNECTED, reason: (unspecified), extra: (none), roaming: false, failover: false, isAvailable: true
D/comsamsungapp(14078): [MSC_Accu]>>> WWP:708 [0:0] SCAN_RESULTS_AVAILABLE_ACTION::Detail State : CONNECTED   CHECK_AFTER_CONNECTED : false
E/AlarmManagerService( 1987): android_server_AlarmManagerService_set to type=2, 230640.672000000
D/dalvikvm(17812): GC_CONCURRENT freed 477K, 6% free 9958K/10567K, paused 2ms+1ms
E/DataRouter( 1823): usb connection is true 
E/DataRouter( 1823): DSR is ON. Don't send DTR ON.
E/DataRouter( 1823): usb connection is true 
E/DataRouter( 1823): DSR is ON. Don't send DTR ON.
E/DataRouter( 1823): usb connection is true 
E/DataRouter( 1823): DSR is ON. Don't send DTR ON.
E/DataRouter( 1823): usb connection is true 
E/DataRouter( 1823): DSR is ON. Don't send DTR ON.
E/DataRouter( 1823): usb connection is true 
E/DataRouter( 1823): DSR is ON. Don't send DTR ON.
E/DataRouter( 1823): usb connection is true 
E/DataRouter( 1823): DSR is ON. Don't send DTR ON.
W/WifiStateTracker( 1987): getNetworkInfo : NetworkInfo: type: WIFI[], state: CONNECTED/CONNECTED, reason: (unspecified), extra: (none), roaming: false, failover: false, isAvailable: true
E/DataRouter( 1823): usb connection is true 
E/DataRouter( 1823): DSR is ON. Don't send DTR ON.
E/DataRouter( 1823): usb connection is true 
E/DataRouter( 1823): DSR is ON. Don't send DTR ON.
E/AlarmManagerService( 1987): android_server_AlarmManagerService_set to type=3, 230641.913000000
D/KeyguardUpdateMonitor( 1987): received broadcast android.intent.action.TIME_TICK
D/KeyguardUpdateMonitor( 1987): handleTimeUpdate
D/STATUSBAR-DateView( 2131): updateClock :02/10/2012
D/DigitalClock(16859): DigitalClockAppWidgetService. action :  android.intent.action.TIME_TICK
D/DigitalClock(16859): DigitalClockAppWidget. : updateClock =  [I@41506cc8
D/DigitalClock(16859): DigitalClockAppWidget. : drawMinute mm1_ 1mm2_6
E/DataRouter( 1823): usb connection is true 
E/DataRouter( 1823): DSR is ON. Don't send DTR ON.
E/DataRouter( 1823): usb connection is true 
E/DataRouter( 1823): DSR is ON. Don't send DTR ON.
E/DataRouter( 1823): usb connection is true 
E/DataRouter( 1823): DSR is ON. Don't send DTR ON.
E/DataRouter( 1823): usb connection is true 
E/DataRouter( 1823): DSR is ON. Don't send DTR ON.
E/DataRouter( 1823): usb connection is true 
E/DataRouter( 1823): DSR is ON. Don't send DTR ON.
E/DataRouter( 1823): usb connection is true 
E/DataRouter( 1823): DSR is ON. Don't send DTR ON.
E/DataRouter( 1823): usb connection is true 
E/DataRouter( 1823): DSR is ON. Don't send DTR ON.
E/DataRouter( 1823): usb connection is true 
E/DataRouter( 1823): DSR is ON. Don't send DTR ON.
D/BatteryService( 1987): update start
D/BatteryService( 1987): level:100 scale:100 status:5 health:2 present:true voltage: 4185 temperature: 310 technology: Li-ion AC powered:false USB powered:true icon:17302820 invalid charger:0
D/KeyguardUpdateMonitor( 1987): received broadcast android.intent.action.BATTERY_CHANGED
D/KeyguardUpdateMonitor( 1987): handleBatteryUpdate
D/UiModeManager( 1987): mLastBroadcastState = 0mCarModeEnabled = falseisDeskDockState(mDockState) = false
V/UiModeManager( 1987): updateLocked: null action, mDockState=0, firing homeIntent: null
D/UiModeManager( 1987): updateConfigurationLocked: mDockState=0; mCarMode=false; mNightMode=0; uiMode=17
D/STATUSBAR-BatteryController( 2131): onReceive() - ACTION_BATTERY_CHANGED
D/STATUSBAR-BatteryController( 2131): onReceive() - level:100
D/STATUSBAR-BatteryController( 2131): onReceive() - plugged:true
D/STATUSBAR-BatteryController( 2131): onReceive() - BATTERY_STATUS_FULL:
D/PowerSavingModeWidgetBatteryService(17130): receive Intent.ACTION_BATTERY_CHANGED
E/DataRouter( 1823): usb connection is true 
E/DataRouter( 1823): DSR is ON. Don't send DTR ON.
E/DataRouter( 1823): usb connection is true 
E/DataRouter( 1823): DSR is ON. Don't send DTR ON.
E/DataRouter( 1823): usb connection is true 
E/DataRouter( 1823): DSR is ON. Don't send DTR ON.
E/DataRouter( 1823): usb connection is true 
E/DataRouter( 1823): DSR is ON. Don't send DTR ON.
E/DataRouter( 1823): usb connection is true 
E/DataRouter( 1823): DSR is ON. Don't send DTR ON.
E/DataRouter( 1823): usb connection is true 
E/DataRouter( 1823): DSR is ON. Don't send DTR ON.
E/DataRouter( 1823): usb connection is true 
E/DataRouter( 1823): DSR is ON. Don't send DTR ON.
E/DataRouter( 1823): usb connection is true 
E/DataRouter( 1823): DSR is ON. Don't send DTR ON.
