I/DebugDb (13959): Dump Adapter 53 com.sec.android.app.twlauncher.ApplicationInfo Samsung Hub -1 3 9 58|-1|-1|-1|-1|0 com.sec.android.app.twlauncher.ApplicationInfo@41c0cec0
I/DebugDb (13959): Dump Adapter 52 com.sec.android.app.twlauncher.ApplicationInfo Navigation -1 1 6 27|-1|-1|-1|-1|0 com.sec.android.app.twlauncher.ApplicationInfo@41c1b080
I/DebugDb (13959): Dump Adapter 51 com.sec.android.app.twlauncher.ApplicationInfo Local -1 1 10 31|-1|-1|-1|-1|0 com.sec.android.app.twlauncher.ApplicationInfo@41c2cdf8
I/DebugDb (13959): Dump Adapter 50 com.sec.android.app.twlauncher.ApplicationInfo Messenger -1 3 3 49|-1|-1|-1|-1|0 com.sec.android.app.twlauncher.ApplicationInfo@41c5f508
I/DebugDb (13959): Dump Adapter 49 com.sec.android.app.twlauncher.ApplicationInfo Google+ -1 2 14 48|-1|-1|-1|-1|0 com.sec.android.app.twlauncher.ApplicationInfo@41b581b0
I/DebugDb (13959): Dump Adapter 48 com.sec.android.app.twlauncher.ApplicationInfo O2 Priority Moments -1 3 4 57|-1|-1|-1|-1|0 com.sec.android.app.twlauncher.ApplicationInfo@41cb2ff0
I/DebugDb (13959): Dump Adapter 47 com.sec.android.app.twlauncher.ApplicationInfo Kies air -1 1 3 23|-1|-1|-1|-1|0 com.sec.android.app.twlauncher.ApplicationInfo@41c76ac8
I/DebugDb (13959): Dump Adapter 46 com.sec.android.app.twlauncher.ApplicationInfo Play Books -1 3 7 52|-1|-1|-1|-1|0 com.sec.android.app.twlauncher.ApplicationInfo@41cb1eb0
I/DebugDb (13959): Dump Adapter 45 com.sec.android.app.twlauncher.ApplicationInfo eBay -1 2 11 54|-1|-1|-1|-1|0 com.sec.android.app.twlauncher.ApplicationInfo@41dc0188
I/DebugDb (13959): Dump Adapter 44 com.sec.android.app.twlauncher.ApplicationInfo Samsung Apps -1 2 1 37|-1|-1|-1|-1|0 com.sec.android.app.twlauncher.ApplicationInfo@41aae660
I/DebugDb (13959): Dump Adapter 43 com.sec.android.app.twlauncher.ApplicationInfo Flash Player Settings -1 2 13 56|-1|-1|-1|-1|0 com.sec.android.app.twlauncher.ApplicationInfo@41c99d58
I/DebugDb (13959): Dump Adapter 42 com.sec.android.app.twlauncher.ApplicationInfo O2 Space -1 3 5 55|-1|-1|-1|-1|0 com.sec.android.app.twlauncher.ApplicationInfo@41c75830
I/DebugDb (13959): Dump Adapter 41 com.sec.android.app.twlauncher.ApplicationInfo BBC iPlayer -1 2 8 53|-1|-1|-1|-1|0 com.sec.android.app.twlauncher.ApplicationInfo@41c9a6b8
I/DebugDb (13959): Dump Adapter 40 com.sec.android.app.twlauncher.ApplicationInfo Voice recorder -1 1 8 29|-1|-1|-1|-1|0 com.sec.android.app.twlauncher.ApplicationInfo@41dc02c0
I/DebugDb (13959): Dump Adapter 39 com.sec.android.app.twlauncher.ApplicationInfo Video Player -1 1 1 21|-1|-1|-1|-1|0 com.sec.android.app.twlauncher.ApplicationInfo@41c05f58
I/DebugDb (13959): Dump Adapter 38 com.sec.android.app.twlauncher.ApplicationInfo Video maker -1 1 13 34|-1|-1|-1|-1|0 com.sec.android.app.twlauncher.ApplicationInfo@41cb0968
I/DebugDb (13959): Dump Adapter 37 com.sec.android.app.twlauncher.ApplicationInfo Calculator -1 2 0 36|-1|-1|-1|-1|0 com.sec.android.app.twlauncher.ApplicationInfo@41c2c5f0
I/DebugDb (13959): Dump Adapter 36 com.sec.android.app.twlauncher.ApplicationInfo Tags -1 4 0 51|-1|-1|-1|-1|0 com.sec.android.app.twlauncher.ApplicationInfo@41b25840
I/DebugDb (13959): Dump Adapter 35 com.sec.android.app.twlauncher.ApplicationInfo O2 -1 6 3 112|-1|-1|-1|-1|0 com.sec.android.app.twlauncher.ApplicationInfo@41b23810
I/DebugDb (13959): Dump Adapter 34 com.sec.android.app.twlauncher.ApplicationInfo Social Hub -1 0 12 16|-1|-1|-1|-1|0 com.sec.android.app.twlauncher.ApplicationInfo@41c927b8
I/DebugDb (13959): Dump Adapter 33 com.sec.android.app.twlauncher.ApplicationInfo Downloads -1 1 11 32|-1|-1|-1|-1|0 com.sec.android.app.twlauncher.ApplicationInfo@41cd7ba8
I/DebugDb (13959): Dump Adapter 32 com.sec.android.app.twlauncher.ApplicationInfo Readers Hub -1 0 14 18|-1|-1|-1|-1|0 com.sec.android.app.twlauncher.ApplicationInfo@41c4c058
I/DebugDb (13959): Dump Adapter 31 com.sec.android.app.twlauncher.ApplicationInfo My files -1 1 0 20|-1|-1|-1|-1|0 com.sec.android.app.twlauncher.ApplicationInfo@41ad4e60
I/DebugDb (13959): Dump Adapter 30 com.sec.android.app.twlauncher.ApplicationInfo Music Hub -1 0 13 17|-1|-1|-1|-1|0 com.sec.android.app.twlauncher.ApplicationInfo@41c60e58
I/DebugDb (13959): Dump Adapter 29 com.sec.android.app.twlauncher.ApplicationInfo Mini diary -1 1 14 35|-1|-1|-1|-1|0 com.sec.android.app.twlauncher.ApplicationInfo@41c9a7f0
I/DebugDb (13959): Dump Adapter 28 com.sec.android.app.twlauncher.ApplicationInfo Search -1 0 9 13|-1|-1|-1|-1|0 com.sec.android.app.twlauncher.ApplicationInfo@41cea968
I/DebugDb (13959): Dump Adapter 27 com.sec.android.app.twlauncher.ApplicationInfo News & Weather -1 2 2 38|-1|-1|-1|-1|0 com.sec.android.app.twlauncher.ApplicationInfo@41c1a508
I/DebugDb (13959): Dump Adapter 26 com.sec.android.app.twlauncher.ApplicationInfo Game Hub -1 0 15 19|-1|-1|-1|-1|0 com.sec.android.app.twlauncher.ApplicationInfo@41c76fc8
I/DebugDb (13959): Dump Adapter 25 com.sec.android.app.twlauncher.ApplicationInfo Gallery -1 0 8 12|-1|-1|-1|-1|0 com.sec.android.app.twlauncher.ApplicationInfo@41c75088
I/ActivityManager( 1987): Start proc app.processName for broadcast hostingNameStr: pid=28701 uid=1000 gids={3003, 1015, 1023, 3002, 3001, 1006, 2001, 3007}
I/DebugDb (13959): Dump Adapter 24 com.sec.android.app.twlauncher.ApplicationInfo FM radio -1 2 4 40|-1|-1|-1|-1|0 com.sec.android.app.twlauncher.ApplicationInfo@41c99e70
I/DebugDb (13959): Dump Adapter 23 com.sec.android.app.twlauncher.ApplicationInfo AllShare -1 1 2 22|-1|-1|-1|-1|0 com.sec.android.app.twlauncher.ApplicationInfo@41beeda0
I/DebugDb (13959): Dump Adapter 22 com.sec.android.app.twlauncher.ApplicationInfo Clock -1 0 0 4|-1|-1|-1|-1|0 com.sec.android.app.twlauncher.ApplicationInfo@41c886b0
I/DebugDb (13959): Dump Adapter 21 com.sec.android.app.twlauncher.ApplicationInfo RunDouble -1 5 4 89|-1|-1|-1|-1|0 com.sec.android.app.twlauncher.ApplicationInfo@41bfcf20
I/DebugDb (13959): Dump Adapter 20 com.sec.android.app.twlauncher.ApplicationInfo Voice talk -1 1 9 30|-1|-1|-1|-1|0 com.sec.android.app.twlauncher.ApplicationInfo@41bfe5a0
I/DebugDb (13959): Dump Adapter 19 com.sec.android.app.twlauncher.ApplicationInfo Opera Mobile -1 3 6 45|-1|-1|-1|-1|0 com.sec.android.app.twlauncher.ApplicationInfo@41c60970
I/DebugDb (13959): Dump Adapter 18 com.sec.android.app.twlauncher.ApplicationInfo Shazam -1 3 10 47|-1|-1|-1|-1|0 com.sec.android.app.twlauncher.ApplicationInfo@41a7f200
I/DebugDb (13959): Dump Adapter 17 com.sec.android.app.twlauncher.ApplicationInfo Maps -1 0 5 9|-1|-1|-1|-1|0 com.sec.android.app.twlauncher.ApplicationInfo@41c77468
I/DebugDb (13959): Dump Adapter 16 com.sec.android.app.twlauncher.ApplicationInfo Play Store -1 0 10 14|-1|-1|-1|-1|0 com.sec.android.app.twlauncher.ApplicationInfo@41ceaaa0
I/DebugDb (13959): Dump Adapter 15 com.sec.android.app.twlauncher.ApplicationInfo YouTube -1 4 5 43|-1|-1|-1|-1|0 com.sec.android.app.twlauncher.ApplicationInfo@41af2620
I/ANThirdPartAppManager(27723): registered service' count:2
I/ANThirdPartAppManager(27723): current service is:1, packages:[.z7.app]
I/DebugDb (13959): Dump Adapter 14 com.sec.android.app.twlauncher.ApplicationInfo Play Movies -1 4 6 76|-1|-1|-1|-1|0 com.sec.android.app.twlauncher.ApplicationInfo@41ad67d8
I/DebugDb (13959): Dump Adapter 13 com.sec.android.app.twlauncher.ApplicationInfo Gmail -1 0 7 11|-1|-1|-1|-1|0 com.sec.android.app.twlauncher.ApplicationInfo@419f9b08
I/DebugDb (13959): Dump Adapter 12 com.sec.android.app.twlauncher.ApplicationInfo Calendar -1 0 1 5|-1|-1|-1|-1|0 com.sec.android.app.twlauncher.ApplicationInfo@41addd58
I/DebugDb (13959): Dump Adapter 11 com.sec.android.app.twlauncher.ApplicationInfo Task -1 1 5 26|-1|-1|-1|-1|0 com.sec.android.app.twlauncher.ApplicationInfo@41bfec38
I/ANThirdPartAppManager(27723): current service is:2, packages:[.z7.app]
I/DebugDb (13959): Dump Adapter 10 com.sec.android.app.twlauncher.ApplicationInfo Talk -1 1 4 24|-1|-1|-1|-1|0 com.sec.android.app.twlauncher.ApplicationInfo@41c2ec80
E/SocialHub(25815): [UinboxReceiver] onReceive() >> Context is android.app.ReceiverRestrictedContext@41528b10
I/SocialHub(25815): [UinboxReceiver] onReceive() >> ==============================================
I/SocialHub(25815): [UinboxReceiver] onReceive() >> 	UinboxBroadCastReceiver() 
I/SocialHub(25815): [UinboxReceiver] onReceive() >> 	intent.getAction() :  android.intent.action.PACKAGE_REMOVED
I/SocialHub(25815): [UinboxReceiver] onReceive() >> ==============================================
I/ANThirdPartAppManager(27723): nousedservicescopes is empty, no a*****t needs remove.
I/DebugDb (13959): Dump Adapter 9 com.sec.android.app.twlauncher.ApplicationInfo Settings -1 0 11 15|-1|-1|-1|-1|0 com.sec.android.app.twlauncher.ApplicationInfo@41cea1c0
I/DebugDb (13959): Dump Adapter 8 com.sec.android.app.twlauncher.ApplicationInfo Internet -1 0 3 7|-1|-1|-1|-1|0 com.sec.android.app.twlauncher.ApplicationInfo@41c62c48
I/DebugDb (13959): Dump Adapter 7 com.sec.android.app.twlauncher.ApplicationInfo Music -1 0 2 6|-1|-1|-1|-1|0 com.sec.android.app.twlauncher.ApplicationInfo@41c4b0d0
I/DebugDb (13959): Dump Adapter 6 com.sec.android.app.twlauncher.ApplicationInfo Messaging -1 -1 2 3|-1|-1|-1|-1|0 com.sec.android.app.twlauncher.ApplicationInfo@41c477c8
I/DebugDb (13959): Dump Adapter 5 com.sec.android.app.twlauncher.ApplicationInfo Memo -1 2 5 41|-1|-1|-1|-1|0 com.sec.android.app.twlauncher.ApplicationInfo@41c0d490
I/DebugDb (13959): Dump Adapter 4 com.sec.android.app.twlauncher.ApplicationInfo Task Manager -1 2 3 39|-1|-1|-1|-1|0 com.sec.android.app.twlauncher.ApplicationInfo@41bfe368
I/ANThirdPartAppManager(27723): unregister over
I/DebugDb (13959): Dump Adapter 3 com.sec.android.app.twlauncher.ApplicationInfo Email -1 0 6 10|-1|-1|-1|-1|0 com.sec.android.app.twlauncher.ApplicationInfo@41afdc10
I/DebugDb (13959): Dump Adapter 2 com.sec.android.app.twlauncher.ApplicationInfo Contacts -1 -1 1 2|-1|-1|-1|-1|0 com.sec.android.app.twlauncher.ApplicationInfo@41af9a50
I/DebugDb (13959): Dump Adapter 1 com.sec.android.app.twlauncher.ApplicationInfo Phone -1 -1 0 1|-1|-1|-1|-1|0 com.sec.android.app.twlauncher.ApplicationInfo@41af6818
I/DebugDb (13959): Dump Adapter 0 com.sec.android.app.twlauncher.ApplicationInfo Camera -1 0 4 8|-1|-1|-1|-1|0 com.sec.android.app.twlauncher.ApplicationInfo@41b80dc8
D/PackageManager( 1987): generateServicesMap(android.accounts.AccountAuthenticator): 17 services unchanged
D/PackageManager( 1987): generateServicesMap(android.content.SyncAdapter): 30 services unchanged
I/ActivityManager( 1987): Start proc app.processName for broadcast hostingNameStr: pid=28716 uid=10044 gids={3003, 1006}
I/dalvikvm(28716): Turning on JNI app bug workarounds for target SDK version 7...
I/DebugFolder(13959): Syncing with android.widget.ArrayAdapter@41a2dc90
I/ActivityThread(28716): Pub com.sec.astore.unaservice2: com.sec.android.app.samsungapps.una2.db.DBProvider
I/DebugFolder(13959): syncGridView Dumping Added
I/DebugFolder(13959): syncGridView Dumping Deleted
I/DebugFolder(13959): syncGridView Dumping Current
I/DebugFolder(13959): syncGridView Dumping Special
I/DebugPlacement(13959): ASZ order 0 / com.sec.android.app.twlauncher.ApplicationInfo Phone -1 -1 0 1|-1|-1|-1|-1|0 com.sec.android.app.twlauncher.ApplicationInfo@41af6818
I/DebugPlacement(13959): ASZ order 1 / com.sec.android.app.twlauncher.ApplicationInfo Contacts -1 -1 1 2|-1|-1|-1|-1|0 com.sec.android.app.twlauncher.ApplicationInfo@41af9a50
I/DebugPlacement(13959): ASZ order 2 / com.sec.android.app.twlauncher.ApplicationInfo Messaging -1 -1 2 3|-1|-1|-1|-1|0 com.sec.android.app.twlauncher.ApplicationInfo@41c477c8
I/DebugPlacement(13959): View = com.sec.android.app.twlauncher.MenuItemView@41a9e1f8 tag = com.sec.android.app.twlauncher.ApplicationInfo O2 -1 6 3 112|-1|-1|-1|-1|0 com.sec.android.app.twlauncher.ApplicationInfo@41b23810 Owner = com.sec.android.app.twlauncher.AppMenu@420b01e8
I/DebugPlacement(13959): View = com.sec.android.app.twlauncher.MenuItemView@421e5d50 tag = com.sec.android.app.twlauncher.ApplicationInfo NatWest -1 6 2 110|-1|-1|-1|-1|0 com.sec.android.app.twlauncher.ApplicationInfo@41cb31f8 Owner = com.sec.android.app.twlauncher.AppMenu@420b01e8
I/DebugPlacement(13959): View = com.sec.android.app.twlauncher.MenuItemView@42321610 tag = com.sec.android.app.twlauncher.ApplicationInfo jQuery Mobile docs -1 6 1 107|-1|-1|-1|-1|0 com.sec.android.app.twlauncher.ApplicationInfo@41fcbd38 Owner = com.sec.android.app.twlauncher.AppMenu@420b01e8
I/DebugPlacement(13959): View = com.sec.android.app.twlauncher.MenuItemView@422e57b8 tag = com.sec.android.app.twlauncher.ApplicationInfo PG API JQM -1 6 0 106|-1|-1|-1|-1|0 com.sec.android.app.twlauncher.ApplicationInfo@41fc7d48 Owner = com.sec.android.app.twlauncher.AppMenu@420b01e8
I/DebugPlacement(13959): View = com.sec.android.app.twlauncher.MenuItemView@422e4b30 tag = com.sec.android.app.twlauncher.ApplicationInfo Ant Build -1 5 13 104|-1|-1|-1|-1|0 com.sec.android.app.twlauncher.ApplicationInfo@420a8418 Owner = com.sec.android.app.twlauncher.AppMenu@421d90b8
I/DebugPlacement(13959): View = com.sec.android.app.twlauncher.MenuItemView@421ec798 tag = com.sec.android.app.twlauncher.ApplicationInfo WellFTP Server -1 5 12 103|-1|-1|-1|-1|0 com.sec.android.app.twlauncher.ApplicationInfo@41c28e40 Owner = com.sec.android.app.twlauncher.AppMenu@421d90b8
I/DebugPlacement(13959): View = com.sec.android.app.twlauncher.MenuItemView@421e1c18 tag = com.sec.android.app.twlauncher.ApplicationInfo Flashlight -1 5 11 100|-1|-1|-1|-1|0 com.sec.android.app.twlauncher.ApplicationInfo@42091f18 Owner = com.sec.android.app.twlauncher.AppMenu@421d90b8
I/DebugPlacement(13959): View = com.sec.android.app.twlauncher.MenuItemView@41c18490 tag = com.sec.android.app.twlauncher.ApplicationInfo Battery -1 5 10 99|-1|-1|-1|-1|0 com.sec.android.app.twlauncher.ApplicationInfo@420a7ab8 Owner = com.sec.android.app.twlauncher.AppMenu@421d90b8
I/DebugPlacement(13959): View = com.sec.android.app.twlauncher.MenuItemView@41a958c0 tag = com.sec.android.app.twlauncher.ApplicationInfo SwiftKey 3 -1 5 9 97|-1|-1|-1|-1|0 com.sec.android.app.twlauncher.ApplicationInfo@420b04b0 Owner = com.sec.android.app.twlauncher.AppMenu@421d90b8
I/DebugPlacement(13959): View = com.sec.android.app.twlauncher.MenuItemView@424db6f0 tag = com.sec.android.app.twlauncher.ApplicationInfo Songbird -1 5 8 94|-1|-1|-1|-1|0 com.sec.android.app.twlauncher.ApplicationInfo@41c92638 Owner = com.sec.android.app.twlauncher.AppMenu@421d90b8
I/DebugPlacement(13959): View = com.sec.android.app.twlauncher.MenuItemView@422a1e48 tag = com.sec.android.app.twlauncher.ApplicationInfo Foursquare -1 5 7 93|-1|-1|-1|-1|0 com.sec.android.app.twlauncher.ApplicationInfo@41c28a10 Owner = com.sec.android.app.twlauncher.AppMenu@421d90b8
I/DebugPlacement(13959): View = com.sec.android.app.twlauncher.MenuItemView@421ebba0 tag = com.sec.android.app.twlauncher.ApplicationInfo German -1 5 6 92|-1|-1|-1|-1|0 com.sec.android.app.twlauncher.ApplicationInfo@41dbf1d8 Owner = com.sec.android.app.twlauncher.AppMenu@421d90b8
I/DebugPlacement(13959): View = com.sec.android.app.twlauncher.MenuItemView@421e6620 tag = com.sec.android.app.twlauncher.ApplicationInfo Currency -1 5 5 90|-1|-1|-1|-1|0 com.sec.android.app.twlauncher.ApplicationInfo@41c9a1b0 Owner = com.sec.android.app.twlauncher.AppMenu@421d90b8
I/DebugPlacement(13959): View = com.sec.android.app.twlauncher.MenuItemView@41c42840 tag = com.sec.android.app.twlauncher.ApplicationInfo RunDouble -1 5 4 89|-1|-1|-1|-1|0 com.sec.android.app.twlauncher.ApplicationInfo@41bfcf20 Owner = com.sec.android.app.twlauncher.AppMenu@421d90b8
I/DebugPlacement(13959): View = com.sec.android.app.twlauncher.MenuItemView@41aa67c8 tag = com.sec.android.app.twlauncher.ApplicationInfo Amazon Kindle -1 5 3 87|-1|-1|-1|-1|0 com.sec.android.app.twlauncher.ApplicationInfo@41b13b08 Owner = com.sec.android.app.twlauncher.AppMenu@421d90b8
I/DebugPlacement(13959): View = com.sec.android.app.twlauncher.MenuItemView@41a08208 tag = com.sec.android.app.twlauncher.ApplicationInfo UberHype -1 5 2 86|-1|-1|-1|-1|0 com.sec.android.app.twlauncher.ApplicationInfo@41f11328 Owner = com.sec.android.app.twlauncher.AppMenu@421d90b8
I/DebugPlacement(13959): View = com.sec.android.app.twlauncher.MenuItemView@422ea4c8 tag = com.sec.android.app.twlauncher.ApplicationInfo oDesk -1 5 1 85|-1|-1|-1|-1|0 com.sec.android.app.twlauncher.ApplicationInfo@42145b98 Owner = com.sec.android.app.twlauncher.AppMenu@421d90b8
I/DebugPlacement(13959): View = com.sec.android.app.twlauncher.MenuItemView@421d2450 tag = com.sec.android.app.twlauncher.ApplicationInfo Freelancer -1 5 0 84|-1|-1|-1|-1|0 com.sec.android.app.twlauncher.ApplicationInfo@41fc9ed0 Owner = com.sec.android.app.twlauncher.AppMenu@421d90b8
I/DebugPlacement(13959): View = com.sec.android.app.twlauncher.MenuItemView@420a6c78 tag = com.sec.android.app.twlauncher.ApplicationInfo Hubroid -1 4 12 83|-1|-1|-1|-1|0 com.sec.android.app.twlauncher.ApplicationInfo@41b56ec8 Owner = com.sec.android.app.twlauncher.AppMenu@424c53a8
I/DebugPlacement(13959): View = com.sec.android.app.twlauncher.MenuItemView@41ac4b80 tag = com.sec.android.app.twlauncher.ApplicationInfo Analytics -1 4 11 82|-1|-1|-1|-1|0 com.sec.android.app.twlauncher.ApplicationInfo@41c0df30 Owner = com.sec.android.app.twlauncher.AppMenu@424c53a8
I/DebugPlacement(13959): View = com.sec.android.app.twlauncher.MenuItemView@41aa0240 tag = com.sec.android.app.twlauncher.ApplicationInfo GNotes -1 4 10 80|-1|-1|-1|-1|0 com.sec.android.app.twlauncher.ApplicationInfo@41c44818 Owner = com.sec.android.app.twlauncher.AppMenu@424c53a8
I/DebugPlacement(13959): View = com.sec.android.app.twlauncher.MenuItemView@4251c0f8 tag = com.sec.android.app.twlauncher.ApplicationInfo Nearest Stops -1 4 9 79|-1|-1|-1|-1|0 com.sec.android.app.twlauncher.ApplicationInfo@41c37098 Owner = com.sec.android.app.twlauncher.AppMenu@424c53a8
I/DebugPlacement(13959): View = com.sec.android.app.twlauncher.MenuItemView@421ed3c8 tag = com.sec.android.app.twlauncher.ApplicationInfo Football SC -1 4 8 78|-1|-1|-1|-1|0 com.sec.android.app.twlauncher.ApplicationInfo@41c213c0 Owner = com.sec.android.app.twlauncher.AppMenu@424c53a8
I/DebugPlacement(13959): View = com.sec.android.app.twlauncher.MenuItemView@421eb7c0 tag = com.sec.android.app.twlauncher.ApplicationInfo Path -1 4 7 77|-1|-1|-1|-1|0 com.sec.android.app.twlauncher.ApplicationInfo@41b55398 Owner = com.sec.android.app.twlauncher.AppMenu@424c53a8
I/DebugPlacement(13959): View = com.sec.android.app.twlauncher.MenuItemView@41fcc548 tag = com.sec.android.app.twlauncher.ApplicationInfo Play Movies -1 4 6 76|-1|-1|-1|-1|0 com.sec.android.app.twlauncher.ApplicationInfo@41ad67d8 Owner = com.sec.android.app.twlauncher.AppMenu@424c53a8
I/DebugPlacement(13959): View = com.sec.android.app.twlauncher.MenuItemView@41ad58b8 tag = com.sec.android.app.twlauncher.ApplicationInfo YouTube -1 4 5 43|-1|-1|-1|-1|0 com.sec.android.app.twlauncher.ApplicationInfo@41af2620 Owner = com.sec.android.app.twlauncher.AppMenu@424c53a8
I/DebugPlacement(13959): View = com.sec.android.app.twlauncher.MenuItemView@424ab298 tag = com.sec.android.app.twlauncher.ApplicationInfo WhatsApp -1 4 4 59|-1|-1|-1|-1|0 com.sec.android.app.twlauncher.ApplicationInfo@41fbfff8 Owner = com.sec.android.app.twlauncher.AppMenu@424c53a8
I/DebugPlacement(13959): View = com.sec.android.app.twlauncher.MenuItemView@421e5310 tag = com.sec.android.app.twlauncher.ApplicationInfo Twitter -1 4 3 61|-1|-1|-1|-1|0 com.sec.android.app.twlauncher.ApplicationInfo@42145a60 Owner = com.sec.android.app.twlauncher.AppMenu@424c53a8
I/DebugPlacement(13959): View = com.sec.android.app.twlauncher.MenuItemView@421d9e68 tag = com.sec.android.app.twlauncher.ApplicationInfo TED Air -1 4 2 68|-1|-1|-1|-1|0 com.sec.android.app.twlauncher.ApplicationInfo@41fcf808 Owner = com.sec.android.app.twlauncher.AppMenu@424c53a8
I/DebugPlacement(13959): View = com.sec.android.app.twlauncher.MenuItemView@41a76010 tag = com.sec.android.app.twlauncher.ApplicationInfo TED -1 4 1 67|-1|-1|-1|-1|0 com.sec.android.app.twlauncher.ApplicationInfo@41fa9998 Owner = com.sec.android.app.twlauncher.AppMenu@424c53a8
I/DebugPlacement(13959): View = com.sec.android.app.twlauncher.MenuItemView@421dfdf0 tag = com.sec.android.app.twlauncher.ApplicationInfo Tags -1 4 0 51|-1|-1|-1|-1|0 com.sec.android.app.twlauncher.ApplicationInfo@41b25840 Owner = com.sec.android.app.twlauncher.AppMenu@424c53a8
I/DebugPlacement(13959): View = com.sec.android.app.twlauncher.MenuItemView@421dc6c0 tag = com.sec.android.app.twlauncher.ApplicationInfo Skype -1 3 11 62|-1|-1|-1|-1|0 com.sec.android.app.twlauncher.ApplicationInfo@41c2b080 Owner = com.sec.android.app.twlauncher.AppMenu@41bac518
I/DebugPlacement(13959): View = com.sec.android.app.twlauncher.MenuItemView@41c176e0 tag = com.sec.android.app.twlauncher.ApplicationInfo Shazam -1 3 10 47|-1|-1|-1|-1|0 com.sec.android.app.twlauncher.ApplicationInfo@41a7f200 Owner = com.sec.android.app.twlauncher.AppMenu@41bac518
I/DebugPlacement(13959): View = com.sec.android.app.twlauncher.MenuItemView@41ba2d88 tag = com.sec.android.app.twlauncher.ApplicationInfo Samsung Hub -1 3 9 58|-1|-1|-1|-1|0 com.sec.android.app.twlauncher.ApplicationInfo@41c0cec0 Owner = com.sec.android.app.twlauncher.AppMenu@41bac518
I/DebugPlacement(13959): View = com.sec.android.app.twlauncher.MenuItemView@424a02a8 tag = com.sec.android.app.twlauncher.ApplicationInfo Pulse -1 3 8 70|-1|-1|-1|-1|0 com.sec.android.app.twlauncher.ApplicationInfo@41c87b98 Owner = com.sec.android.app.twlauncher.AppMenu@41bac518
I/DebugPlacement(13959): View = com.sec.android.app.twlauncher.MenuItemView@421e9c08 tag = com.sec.android.app.twlauncher.ApplicationInfo Play Books -1 3 7 52|-1|-1|-1|-1|0 com.sec.android.app.twlauncher.ApplicationInfo@41cb1eb0 Owner = com.sec.android.app.twlauncher.AppMenu@41bac518
I/DebugPlacement(13959): View = com.sec.android.app.twlauncher.MenuItemView@41fc9f98 tag = com.sec.android.app.twlauncher.ApplicationInfo Opera Mobile -1 3 6 45|-1|-1|-1|-1|0 com.sec.android.app.twlauncher.ApplicationInfo@41c60970 Owner = com.sec.android.app.twlauncher.AppMenu@41bac518
I/DebugPlacement(13959): View = com.sec.android.app.twlauncher.MenuItemView@41bb4870 tag = com.sec.android.app.twlauncher.ApplicationInfo O2 Space -1 3 5 55|-1|-1|-1|-1|0 com.sec.android.app.twlauncher.ApplicationInfo@41c75830 Owner = com.sec.android.app.twlauncher.AppMenu@41bac518
I/DebugPlacement(13959): View = com.sec.android.app.twlauncher.MenuItemView@41a9fc60 tag = com.sec.android.app.twlauncher.ApplicationInfo O2 Priority Moments -1 3 4 57|-1|-1|-1|-1|0 com.sec.android.app.twlauncher.ApplicationInfo@41cb2ff0 Owner = com.sec.android.app.twlauncher.AppMenu@41bac518
I/DebugPlacement(13959): View = com.sec.android.app.twlauncher.MenuItemView@424c2220 tag = com.sec.android.app.twlauncher.ApplicationInfo Messenger -1 3 3 49|-1|-1|-1|-1|0 com.sec.android.app.twlauncher.ApplicationInfo@41c5f508 Owner = com.sec.android.app.twlauncher.AppMenu@41bac518
I/DebugPlacement(13959): View = com.sec.android.app.twlauncher.MenuItemView@421e37a0 tag = com.sec.android.app.twlauncher.ApplicationInfo LT Free -1 3 2 71|-1|-1|-1|-1|0 com.sec.android.app.twlauncher.ApplicationInfo@41b49aa0 Owner = com.sec.android.app.twlauncher.AppMenu@41bac518
I/DebugPlacement(13959): View = com.sec.android.app.twlauncher.MenuItemView@42491bd8 tag = com.sec.android.app.twlauncher.ApplicationInfo London Travel -1 3 1 72|-1|-1|-1|-1|0 com.sec.android.app.twlauncher.ApplicationInfo@41c2db00 Owner = com.sec.android.app.twlauncher.AppMenu@41bac518
I/DebugPlacement(13959): View = com.sec.android.app.twlauncher.MenuItemView@421d5650 tag = com.sec.android.app.twlauncher.ApplicationInfo LastPass -1 3 0 65|-1|-1|-1|-1|0 com.sec.android.app.twlauncher.ApplicationInfo@41b55df8 Owner = com.sec.android.app.twlauncher.AppMenu@41bac518
I/DebugPlacement(13959): View = com.sec.android.app.twlauncher.MenuItemView@41b99658 tag = com.sec.android.app.twlauncher.ApplicationInfo Groupon -1 2 15 63|-1|-1|-1|-1|0 com.sec.android.app.twlauncher.ApplicationInfo@41c0a7a0 Owner = com.sec.android.app.twlauncher.AppMenu@42552288
I/DebugPlacement(13959): View = com.sec.android.app.twlauncher.MenuItemView@41ad3900 tag = com.sec.android.app.twlauncher.ApplicationInfo Google+ -1 2 14 48|-1|-1|-1|-1|0 com.sec.android.app.twlauncher.ApplicationInfo@41b581b0 Owner = com.sec.android.app.twlauncher.AppMenu@42552288
I/DebugPlacement(13959): View = com.sec.android.app.twlauncher.MenuItemView@41aa8810 tag = com.sec.android.app.twlauncher.ApplicationInfo Flash Player Settings -1 2 13 56|-1|-1|-1|-1|0 com.sec.android.app.twlauncher.ApplicationInfo@41c99d58 Owner = com.sec.android.app.twlauncher.AppMenu@42552288
I/DebugPlacement(13959): View = com.sec.android.app.twlauncher.MenuItemView@41a97878 tag = com.sec.android.app.twlauncher.ApplicationInfo Facebook -1 2 12 60|-1|-1|-1|-1|0 com.sec.android.app.twlauncher.ApplicationInfo@41b56258 Owner = com.sec.android.app.twlauncher.AppMenu@42552288
I/DebugPlacement(13959): View = com.sec.android.app.twlauncher.MenuItemView@4227c6c0 tag = com.sec.android.app.twlauncher.ApplicationInfo eBay -1 2 11 54|-1|-1|-1|-1|0 com.sec.android.app.twlauncher.ApplicationInfo@41dc0188 Owner = com.sec.android.app.twlauncher.AppMenu@42552288
I/DebugPlacement(13959): View = com.sec.android.app.twlauncher.MenuItemView@421d4018 tag = com.sec.android.app.twlauncher.ApplicationInfo Dropbox -1 2 10 64|-1|-1|-1|-1|0 com.sec.android.app.twlauncher.ApplicationInfo@41fbe4f0 Owner = com.sec.android.app.twlauncher.AppMenu@42552288
I/DebugPlacement(13959): View = com.sec.android.app.twlauncher.MenuItemView@41a7e1c0 tag = com.sec.android.app.twlauncher.ApplicationInfo Chess Free -1 2 9 66|-1|-1|-1|-1|0 com.sec.android.app.twlauncher.ApplicationInfo@41c0f7b0 Owner = com.sec.android.app.twlauncher.AppMenu@42552288
I/DebugPlacement(13959): View = com.sec.android.app.twlauncher.MenuItemView@4255ef50 tag = com.sec.android.app.twlauncher.ApplicationInfo BBC iPlayer -1 2 8 53|-1|-1|-1|-1|0 com.sec.android.app.twlauncher.ApplicationInfo@41c9a6b8 Owner = com.sec.android.app.twlauncher.AppMenu@42552288
I/DebugPlacement(13959): View = com.sec.android.app.twlauncher.MenuItemView@4255d7a8 tag = com.sec.android.app.twlauncher.ApplicationInfo Angry Birds -1 2 7 69|-1|-1|-1|-1|0 com.sec.android.app.twlauncher.ApplicationInfo@41b23740 Owner = com.sec.android.app.twlauncher.AppMenu@42552288
I/DebugPlacement(13959): View = com.sec.android.app.twlauncher.MenuItemView@4255bff0 tag = com.sec.android.app.twlauncher.ApplicationInfo Polaris Office -1 2 6 42|-1|-1|-1|-1|0 com.sec.android.app.twlauncher.ApplicationInfo@420aecd0 Owner = com.sec.android.app.twlauncher.AppMenu@42552288
I/DebugPlacement(13959): View = com.sec.android.app.twlauncher.MenuItemView@4255a878 tag = com.sec.android.app.twlauncher.ApplicationInfo Memo -1 2 5 41|-1|-1|-1|-1|0 com.sec.android.app.twlauncher.ApplicationInfo@41c0d490 Owner = com.sec.android.app.twlauncher.AppMenu@42552288
I/DebugPlacement(13959): View = com.sec.android.app.twlauncher.MenuItemView@425590e0 tag = com.sec.android.app.twlauncher.ApplicationInfo FM radio -1 2 4 40|-1|-1|-1|-1|0 com.sec.android.app.twlauncher.ApplicationInfo@41c99e70 Owner = com.sec.android.app.twlauncher.AppMenu@42552288
I/DebugPlacement(13959): View = com.sec.android.app.twlauncher.MenuItemView@42557930 tag = com.sec.android.app.twlauncher.ApplicationInfo Task Manager -1 2 3 39|-1|-1|-1|-1|0 com.sec.android.app.twlauncher.ApplicationInfo@41bfe368 Owner = com.sec.android.app.twlauncher.AppMenu@42552288
I/DebugPlacement(13959): View = com.sec.android.app.twlauncher.MenuItemView@42556178 tag = com.sec.android.app.twlauncher.ApplicationInfo News & Weather -1 2 2 38|-1|-1|-1|-1|0 com.sec.android.app.twlauncher.ApplicationInfo@41c1a508 Owner = com.sec.android.app.twlauncher.AppMenu@42552288
I/DebugPlacement(13959): View = com.sec.android.app.twlauncher.MenuItemView@425549c8 tag = com.sec.android.app.twlauncher.ApplicationInfo Samsung Apps -1 2 1 37|-1|-1|-1|-1|0 com.sec.android.app.twlauncher.ApplicationInfo@41aae660 Owner = com.sec.android.app.twlauncher.AppMenu@42552288
I/DebugPlacement(13959): View = com.sec.android.app.twlauncher.MenuItemView@42553228 tag = com.sec.android.app.twlauncher.ApplicationInfo Calculator -1 2 0 36|-1|-1|-1|-1|0 com.sec.android.app.twlauncher.ApplicationInfo@41c2c5f0 Owner = com.sec.android.app.twlauncher.AppMenu@42552288
I/DebugPlacement(13959): View = com.sec.android.app.twlauncher.MenuItemView@42550b30 tag = com.sec.android.app.twlauncher.ApplicationInfo Mini diary -1 1 14 35|-1|-1|-1|-1|0 com.sec.android.app.twlauncher.ApplicationInfo@41c9a7f0 Owner = com.sec.android.app.twlauncher.AppMenu@425379b8
I/DebugPlacement(13959): View = com.sec.android.app.twlauncher.MenuItemView@4254f378 tag = com.sec.android.app.twlauncher.ApplicationInfo Video maker -1 1 13 34|-1|-1|-1|-1|0 com.sec.android.app.twlauncher.ApplicationInfo@41cb0968 Owner = com.sec.android.app.twlauncher.AppMenu@425379b8
I/DebugPlacement(13959): View = com.sec.android.app.twlauncher.MenuItemView@4254db48 tag = com.sec.android.app.twlauncher.ApplicationInfo Photo editor -1 1 12 33|-1|-1|-1|-1|0 com.sec.android.app.twlauncher.ApplicationInfo@41ccc210 Owner = com.sec.android.app.twlauncher.AppMenu@425379b8
I/DebugPlacement(13959): View = com.sec.android.app.twlauncher.MenuItemView@4254c3a0 tag = com.sec.android.app.twlauncher.ApplicationInfo Downloads -1 1 11 32|-1|-1|-1|-1|0 com.sec.android.app.twlauncher.ApplicationInfo@41cd7ba8 Owner = com.sec.android.app.twlauncher.AppMenu@425379b8
I/DebugPlacement(13959): View = com.sec.android.app.twlauncher.MenuItemView@4254ab48 tag = com.sec.android.app.twlauncher.ApplicationInfo Local -1 1 10 31|-1|-1|-1|-1|0 com.sec.android.app.twlauncher.ApplicationInfo@41c2cdf8 Owner = com.sec.android.app.twlauncher.AppMenu@425379b8
I/DebugPlacement(13959): View = com.sec.android.app.twlauncher.MenuItemView@425493a8 tag = com.sec.android.app.twlauncher.ApplicationInfo Voice talk -1 1 9 30|-1|-1|-1|-1|0 com.sec.android.app.twlauncher.ApplicationInfo@41bfe5a0 Owner = com.sec.android.app.twlauncher.AppMenu@425379b8
I/DebugPlacement(13959): View = com.sec.android.app.twlauncher.MenuItemView@42546e70 tag = com.sec.android.app.twlauncher.ApplicationInfo Voice recorder -1 1 8 29|-1|-1|-1|-1|0 com.sec.android.app.twlauncher.ApplicationInfo@41dc02c0 Owner = com.sec.android.app.twlauncher.AppMenu@425379b8
I/DebugPlacement(13959): View = com.sec.android.app.twlauncher.MenuItemView@425456b8 tag = com.sec.android.app.twlauncher.ApplicationInfo Voice command -1 1 7 28|-1|-1|-1|-1|0 com.sec.android.app.twlauncher.ApplicationInfo@4208d980 Owner = com.sec.android.app.twlauncher.AppMenu@425379b8
I/DebugPlacement(13959): View = com.sec.android.app.twlauncher.MenuItemView@42543e00 tag = com.sec.android.app.twlauncher.ApplicationInfo Navigation -1 1 6 27|-1|-1|-1|-1|0 com.sec.android.app.twlauncher.ApplicationInfo@41c1b080 Owner = com.sec.android.app.twlauncher.AppMenu@425379b8
I/DebugPlacement(13959): View = com.sec.android.app.twlauncher.MenuItemView@425417e8 tag = com.sec.android.app.twlauncher.ApplicationInfo Task -1 1 5 26|-1|-1|-1|-1|0 com.sec.android.app.twlauncher.ApplicationInfo@41bfec38 Owner = com.sec.android.app.twlauncher.AppMenu@425379b8
I/DebugPlacement(13959): View = com.sec.android.app.twlauncher.MenuItemView@4253f0a0 tag = com.sec.android.app.twlauncher.ApplicationInfo Talk -1 1 4 24|-1|-1|-1|-1|0 com.sec.android.app.twlauncher.ApplicationInfo@41c2ec80 Owner = com.sec.android.app.twlauncher.AppMenu@425379b8
I/DebugPlacement(13959): View = com.sec.android.app.twlauncher.MenuItemView@4253d908 tag = com.sec.android.app.twlauncher.ApplicationInfo Kies air -1 1 3 23|-1|-1|-1|-1|0 com.sec.android.app.twlauncher.ApplicationInfo@41c76ac8 Owner = com.sec.android.app.twlauncher.AppMenu@425379b8
I/DebugPlacement(13959): View = com.sec.android.app.twlauncher.MenuItemView@4253c0a8 tag = com.sec.android.app.twlauncher.ApplicationInfo AllShare -1 1 2 22|-1|-1|-1|-1|0 com.sec.android.app.twlauncher.ApplicationInfo@41beeda0 Owner = com.sec.android.app.twlauncher.AppMenu@425379b8
I/DebugPlacement(13959): View = com.sec.android.app.twlauncher.MenuItemView@4253a8f8 tag = com.sec.android.app.twlauncher.ApplicationInfo Video Player -1 1 1 21|-1|-1|-1|-1|0 com.sec.android.app.twlauncher.ApplicationInfo@41c05f58 Owner = com.sec.android.app.twlauncher.AppMenu@425379b8
I/DebugPlacement(13959): View = com.sec.android.app.twlauncher.MenuItemView@42538aa0 tag = com.sec.android.app.twlauncher.ApplicationInfo My files -1 1 0 20|-1|-1|-1|-1|0 com.sec.android.app.twlauncher.ApplicationInfo@41ad4e60 Owner = com.sec.android.app.twlauncher.AppMenu@425379b8
I/DebugPlacement(13959): View = com.sec.android.app.twlauncher.MenuItemView@42535ee8 tag = com.sec.android.app.twlauncher.ApplicationInfo Game Hub -1 0 15 19|-1|-1|-1|-1|0 com.sec.android.app.twlauncher.ApplicationInfo@41c76fc8 Owner = com.sec.android.app.twlauncher.AppMenu@4251e7a0
I/DebugPlacement(13959): View = com.sec.android.app.twlauncher.MenuItemView@42534730 tag = com.sec.android.app.twlauncher.ApplicationInfo Readers Hub -1 0 14 18|-1|-1|-1|-1|0 com.sec.android.app.twlauncher.ApplicationInfo@41c4c058 Owner = com.sec.android.app.twlauncher.AppMenu@4251e7a0
I/DebugPlacement(13959): View = com.sec.android.app.twlauncher.MenuItemView@42532f88 tag = com.sec.android.app.twlauncher.ApplicationInfo Music Hub -1 0 13 17|-1|-1|-1|-1|0 com.sec.android.app.twlauncher.ApplicationInfo@41c60e58 Owner = com.sec.android.app.twlauncher.AppMenu@4251e7a0
I/DebugPlacement(13959): View = com.sec.android.app.twlauncher.MenuItemView@42531768 tag = com.sec.android.app.twlauncher.ApplicationInfo Social Hub -1 0 12 16|-1|-1|-1|-1|0 com.sec.android.app.twlauncher.ApplicationInfo@41c927b8 Owner = com.sec.android.app.twlauncher.AppMenu@4251e7a0
I/DebugPlacement(13959): View = com.sec.android.app.twlauncher.MenuItemView@4252ffc8 tag = com.sec.android.app.twlauncher.ApplicationInfo Settings -1 0 11 15|-1|-1|-1|-1|0 com.sec.android.app.twlauncher.ApplicationInfo@41cea1c0 Owner = com.sec.android.app.twlauncher.AppMenu@4251e7a0
I/DebugPlacement(13959): View = com.sec.android.app.twlauncher.MenuItemView@4252e788 tag = com.sec.android.app.twlauncher.ApplicationInfo Play Store -1 0 10 14|-1|-1|-1|-1|0 com.sec.android.app.twlauncher.ApplicationInfo@41ceaaa0 Owner = com.sec.android.app.twlauncher.AppMenu@4251e7a0
I/DebugPlacement(13959): View = com.sec.android.app.twlauncher.MenuItemView@4252d008 tag = com.sec.android.app.twlauncher.ApplicationInfo Search -1 0 9 13|-1|-1|-1|-1|0 com.sec.android.app.twlauncher.ApplicationInfo@41cea968 Owner = com.sec.android.app.twlauncher.AppMenu@4251e7a0
I/DebugPlacement(13959): View = com.sec.android.app.twlauncher.MenuItemView@4252b880 tag = com.sec.android.app.twlauncher.ApplicationInfo Gallery -1 0 8 12|-1|-1|-1|-1|0 com.sec.android.app.twlauncher.ApplicationInfo@41c75088 Owner = com.sec.android.app.twlauncher.AppMenu@4251e7a0
I/DebugPlacement(13959): View = com.sec.android.app.twlauncher.MenuItemView@4252a100 tag = com.sec.android.app.twlauncher.ApplicationInfo Gmail -1 0 7 11|-1|-1|-1|-1|0 com.sec.android.app.twlauncher.ApplicationInfo@419f9b08 Owner = com.sec.android.app.twlauncher.AppMenu@4251e7a0
I/DebugPlacement(13959): View = com.sec.android.app.twlauncher.MenuItemView@42528980 tag = com.sec.android.app.twlauncher.ApplicationInfo Email -1 0 6 10|-1|-1|-1|-1|0 com.sec.android.app.twlauncher.ApplicationInfo@41afdc10 Owner = com.sec.android.app.twlauncher.AppMenu@4251e7a0
I/DebugPlacement(13959): View = com.sec.android.app.twlauncher.MenuItemView@42527258 tag = com.sec.android.app.twlauncher.ApplicationInfo Maps -1 0 5 9|-1|-1|-1|-1|0 com.sec.android.app.twlauncher.ApplicationInfo@41c77468 Owner = com.sec.android.app.twlauncher.AppMenu@4251e7a0
I/DebugPlacement(13959): View = com.sec.android.app.twlauncher.MenuItemView@42525ac8 tag = com.sec.android.app.twlauncher.ApplicationInfo Camera -1 0 4 8|-1|-1|-1|-1|0 com.sec.android.app.twlauncher.ApplicationInfo@41b80dc8 Owner = com.sec.android.app.twlauncher.AppMenu@4251e7a0
I/DebugPlacement(13959): View = com.sec.android.app.twlauncher.MenuItemView@42524388 tag = com.sec.android.app.twlauncher.ApplicationInfo Internet -1 0 3 7|-1|-1|-1|-1|0 com.sec.android.app.twlauncher.ApplicationInfo@41c62c48 Owner = com.sec.android.app.twlauncher.AppMenu@4251e7a0
I/DebugPlacement(13959): View = com.sec.android.app.twlauncher.MenuItemView@42522c58 tag = com.sec.android.app.twlauncher.ApplicationInfo Music -1 0 2 6|-1|-1|-1|-1|0 com.sec.android.app.twlauncher.ApplicationInfo@41c4b0d0 Owner = com.sec.android.app.twlauncher.AppMenu@4251e7a0
I/DebugPlacement(13959): View = com.sec.android.app.twlauncher.MenuItemView@425214e0 tag = com.sec.android.app.twlauncher.ApplicationInfo Calendar -1 0 1 5|-1|-1|-1|-1|0 com.sec.android.app.twlauncher.ApplicationInfo@41addd58 Owner = com.sec.android.app.twlauncher.AppMenu@4251e7a0
I/DebugPlacement(13959): View = com.sec.android.app.twlauncher.MenuItemView@4251fcd8 tag = com.sec.android.app.twlauncher.ApplicationInfo Clock -1 0 0 4|-1|-1|-1|-1|0 com.sec.android.app.twlauncher.ApplicationInfo@41c886b0 Owner = com.sec.android.app.twlauncher.AppMenu@4251e7a0
I/DebugPlacement(13959): View = com.sec.android.app.twlauncher.MenuItemView@422f5990 tag = com.sec.android.app.twlauncher.ApplicationInfo Messaging -1 -1 2 3|-1|-1|-1|-1|0 com.sec.android.app.twlauncher.ApplicationInfo@41c477c8 Owner = com.sec.android.app.twlauncher.AppShortcutZone@416d3800
I/DebugPlacement(13959): View = com.sec.android.app.twlauncher.MenuItemView@41e7aec0 tag = com.sec.android.app.twlauncher.ApplicationInfo Contacts -1 -1 1 2|-1|-1|-1|-1|0 com.sec.android.app.twlauncher.ApplicationInfo@41af9a50 Owner = com.sec.android.app.twlauncher.AppShortcutZone@416d3800
I/DebugPlacement(13959): View = com.sec.android.app.twlauncher.MenuItemView@422d0660 tag = com.sec.android.app.twlauncher.ApplicationInfo Phone -1 -1 0 1|-1|-1|-1|-1|0 com.sec.android.app.twlauncher.ApplicationInfo@41af6818 Owner = com.sec.android.app.twlauncher.AppShortcutZone@416d3800
I/DebugPlacement(13959): SyncGrid 0 0 com.sec.android.app.twlauncher.ApplicationInfo Clock -1 0 0 4|-1|-1|-1|-1|0 com.sec.android.app.twlauncher.ApplicationInfo@41c886b0 Exists
I/DebugPlacement(13959): SyncGrid 0 1 com.sec.android.app.twlauncher.ApplicationInfo Calendar -1 0 1 5|-1|-1|-1|-1|0 com.sec.android.app.twlauncher.ApplicationInfo@41addd58 Exists
I/DebugPlacement(13959): SyncGrid 0 2 com.sec.android.app.twlauncher.ApplicationInfo Music -1 0 2 6|-1|-1|-1|-1|0 com.sec.android.app.twlauncher.ApplicationInfo@41c4b0d0 Exists
I/DebugPlacement(13959): SyncGrid 0 3 com.sec.android.app.twlauncher.ApplicationInfo Internet -1 0 3 7|-1|-1|-1|-1|0 com.sec.android.app.twlauncher.ApplicationInfo@41c62c48 Exists
I/DebugPlacement(13959): SyncGrid 0 4 com.sec.android.app.twlauncher.ApplicationInfo Camera -1 0 4 8|-1|-1|-1|-1|0 com.sec.android.app.twlauncher.ApplicationInfo@41b80dc8 Exists
I/DebugPlacement(13959): SyncGrid 0 5 com.sec.android.app.twlauncher.ApplicationInfo Maps -1 0 5 9|-1|-1|-1|-1|0 com.sec.android.app.twlauncher.ApplicationInfo@41c77468 Exists
I/DebugPlacement(13959): SyncGrid 0 6 com.sec.android.app.twlauncher.ApplicationInfo Email -1 0 6 10|-1|-1|-1|-1|0 com.sec.android.app.twlauncher.ApplicationInfo@41afdc10 Exists
I/DebugPlacement(13959): SyncGrid 0 7 com.sec.android.app.twlauncher.ApplicationInfo Gmail -1 0 7 11|-1|-1|-1|-1|0 com.sec.android.app.twlauncher.ApplicationInfo@419f9b08 Exists
I/DebugPlacement(13959): SyncGrid 0 8 com.sec.android.app.twlauncher.ApplicationInfo Gallery -1 0 8 12|-1|-1|-1|-1|0 com.sec.android.app.twlauncher.ApplicationInfo@41c75088 Exists
I/DebugPlacement(13959): SyncGrid 0 9 com.sec.android.app.twlauncher.ApplicationInfo Search -1 0 9 13|-1|-1|-1|-1|0 com.sec.android.app.twlauncher.ApplicationInfo@41cea968 Exists
I/DebugPlacement(13959): SyncGrid 0 10 com.sec.android.app.twlauncher.ApplicationInfo Play Store -1 0 10 14|-1|-1|-1|-1|0 com.sec.android.app.twlauncher.ApplicationInfo@41ceaaa0 Exists
I/DebugPlacement(13959): SyncGrid 0 11 com.sec.android.app.twlauncher.ApplicationInfo Settings -1 0 11 15|-1|-1|-1|-1|0 com.sec.android.app.twlauncher.ApplicationInfo@41cea1c0 Exists
I/DebugPlacement(13959): SyncGrid 0 12 com.sec.android.app.twlauncher.ApplicationInfo Social Hub -1 0 12 16|-1|-1|-1|-1|0 com.sec.android.app.twlauncher.ApplicationInfo@41c927b8 Exists
I/DebugPlacement(13959): SyncGrid 0 13 com.sec.android.app.twlauncher.ApplicationInfo Music Hub -1 0 13 17|-1|-1|-1|-1|0 com.sec.android.app.twlauncher.ApplicationInfo@41c60e58 Exists
I/DebugPlacement(13959): SyncGrid 0 14 com.sec.android.app.twlauncher.ApplicationInfo Readers Hub -1 0 14 18|-1|-1|-1|-1|0 com.sec.android.app.twlauncher.ApplicationInfo@41c4c058 Exists
I/DebugPlacement(13959): SyncGrid 0 15 com.sec.android.app.twlauncher.ApplicationInfo Game Hub -1 0 15 19|-1|-1|-1|-1|0 com.sec.android.app.twlauncher.ApplicationInfo@41c76fc8 Exists
I/DebugPlacement(13959): SyncGrid 1 0 com.sec.android.app.twlauncher.ApplicationInfo My files -1 1 0 20|-1|-1|-1|-1|0 com.sec.android.app.twlauncher.ApplicationInfo@41ad4e60 Exists
I/DebugPlacement(13959): SyncGrid 1 1 com.sec.android.app.twlauncher.ApplicationInfo Video Player -1 1 1 21|-1|-1|-1|-1|0 com.sec.android.app.twlauncher.ApplicationInfo@41c05f58 Exists
I/DebugPlacement(13959): SyncGrid 1 2 com.sec.android.app.twlauncher.ApplicationInfo AllShare -1 1 2 22|-1|-1|-1|-1|0 com.sec.android.app.twlauncher.ApplicationInfo@41beeda0 Exists
I/DebugPlacement(13959): SyncGrid 1 3 com.sec.android.app.twlauncher.ApplicationInfo Kies air -1 1 3 23|-1|-1|-1|-1|0 com.sec.android.app.twlauncher.ApplicationInfo@41c76ac8 Exists
I/DebugPlacement(13959): SyncGrid 1 4 com.sec.android.app.twlauncher.ApplicationInfo Talk -1 1 4 24|-1|-1|-1|-1|0 com.sec.android.app.twlauncher.ApplicationInfo@41c2ec80 Exists
I/DebugPlacement(13959): SyncGrid 1 5 com.sec.android.app.twlauncher.ApplicationInfo Task -1 1 5 26|-1|-1|-1|-1|0 com.sec.android.app.twlauncher.ApplicationInfo@41bfec38 Exists
I/DebugPlacement(13959): SyncGrid 1 6 com.sec.android.app.twlauncher.ApplicationInfo Navigation -1 1 6 27|-1|-1|-1|-1|0 com.sec.android.app.twlauncher.ApplicationInfo@41c1b080 Exists
I/DebugPlacement(13959): SyncGrid 1 7 com.sec.android.app.twlauncher.ApplicationInfo Voice command -1 1 7 28|-1|-1|-1|-1|0 com.sec.android.app.twlauncher.ApplicationInfo@4208d980 Exists
I/DebugPlacement(13959): SyncGrid 1 8 com.sec.android.app.twlauncher.ApplicationInfo Voice recorder -1 1 8 29|-1|-1|-1|-1|0 com.sec.android.app.twlauncher.ApplicationInfo@41dc02c0 Exists
I/DebugPlacement(13959): SyncGrid 1 9 com.sec.android.app.twlauncher.ApplicationInfo Voice talk -1 1 9 30|-1|-1|-1|-1|0 com.sec.android.app.twlauncher.ApplicationInfo@41bfe5a0 Exists
I/DebugPlacement(13959): SyncGrid 1 10 com.sec.android.app.twlauncher.ApplicationInfo Local -1 1 10 31|-1|-1|-1|-1|0 com.sec.android.app.twlauncher.ApplicationInfo@41c2cdf8 Exists
I/DebugPlacement(13959): SyncGrid 1 11 com.sec.android.app.twlauncher.ApplicationInfo Downloads -1 1 11 32|-1|-1|-1|-1|0 com.sec.android.app.twlauncher.ApplicationInfo@41cd7ba8 Exists
I/DebugPlacement(13959): SyncGrid 1 12 com.sec.android.app.twlauncher.ApplicationInfo Photo editor -1 1 12 33|-1|-1|-1|-1|0 com.sec.android.app.twlauncher.ApplicationInfo@41ccc210 Exists
I/DebugPlacement(13959): SyncGrid 1 13 com.sec.android.app.twlauncher.ApplicationInfo Video maker -1 1 13 34|-1|-1|-1|-1|0 com.sec.android.app.twlauncher.ApplicationInfo@41cb0968 Exists
I/DebugPlacement(13959): SyncGrid 1 14 com.sec.android.app.twlauncher.ApplicationInfo Mini diary -1 1 14 35|-1|-1|-1|-1|0 com.sec.android.app.twlauncher.ApplicationInfo@41c9a7f0 Exists
I/DebugPlacement(13959): SyncGrid 2 0 com.sec.android.app.twlauncher.ApplicationInfo Calculator -1 2 0 36|-1|-1|-1|-1|0 com.sec.android.app.twlauncher.ApplicationInfo@41c2c5f0 Exists
I/DebugPlacement(13959): SyncGrid 2 1 com.sec.android.app.twlauncher.ApplicationInfo Samsung Apps -1 2 1 37|-1|-1|-1|-1|0 com.sec.android.app.twlauncher.ApplicationInfo@41aae660 Exists
I/DebugPlacement(13959): SyncGrid 2 2 com.sec.android.app.twlauncher.ApplicationInfo News & Weather -1 2 2 38|-1|-1|-1|-1|0 com.sec.android.app.twlauncher.ApplicationInfo@41c1a508 Exists
I/DebugPlacement(13959): SyncGrid 2 3 com.sec.android.app.twlauncher.ApplicationInfo Task Manager -1 2 3 39|-1|-1|-1|-1|0 com.sec.android.app.twlauncher.ApplicationInfo@41bfe368 Exists
I/DebugPlacement(13959): SyncGrid 2 4 com.sec.android.app.twlauncher.ApplicationInfo FM radio -1 2 4 40|-1|-1|-1|-1|0 com.sec.android.app.twlauncher.ApplicationInfo@41c99e70 Exists
I/DebugPlacement(13959): SyncGrid 2 5 com.sec.android.app.twlauncher.ApplicationInfo Memo -1 2 5 41|-1|-1|-1|-1|0 com.sec.android.app.twlauncher.ApplicationInfo@41c0d490 Exists
I/DebugPlacement(13959): SyncGrid 2 6 com.sec.android.app.twlauncher.ApplicationInfo Polaris Office -1 2 6 42|-1|-1|-1|-1|0 com.sec.android.app.twlauncher.ApplicationInfo@420aecd0 Exists
I/DebugPlacement(13959): SyncGrid 2 7 com.sec.android.app.twlauncher.ApplicationInfo Angry Birds -1 2 7 69|-1|-1|-1|-1|0 com.sec.android.app.twlauncher.ApplicationInfo@41b23740 Exists
I/DebugPlacement(13959): SyncGrid 2 8 com.sec.android.app.twlauncher.ApplicationInfo BBC iPlayer -1 2 8 53|-1|-1|-1|-1|0 com.sec.android.app.twlauncher.ApplicationInfo@41c9a6b8 Exists
I/DebugPlacement(13959): SyncGrid 2 9 com.sec.android.app.twlauncher.ApplicationInfo Chess Free -1 2 9 66|-1|-1|-1|-1|0 com.sec.android.app.twlauncher.ApplicationInfo@41c0f7b0 Exists
I/DebugPlacement(13959): SyncGrid 2 10 com.sec.android.app.twlauncher.ApplicationInfo Dropbox -1 2 10 64|-1|-1|-1|-1|0 com.sec.android.app.twlauncher.ApplicationInfo@41fbe4f0 Exists
I/DebugPlacement(13959): SyncGrid 2 11 com.sec.android.app.twlauncher.ApplicationInfo eBay -1 2 11 54|-1|-1|-1|-1|0 com.sec.android.app.twlauncher.ApplicationInfo@41dc0188 Exists
I/DebugPlacement(13959): SyncGrid 2 12 com.sec.android.app.twlauncher.ApplicationInfo Facebook -1 2 12 60|-1|-1|-1|-1|0 com.sec.android.app.twlauncher.ApplicationInfo@41b56258 Exists
I/DebugPlacement(13959): SyncGrid 2 13 com.sec.android.app.twlauncher.ApplicationInfo Flash Player Settings -1 2 13 56|-1|-1|-1|-1|0 com.sec.android.app.twlauncher.ApplicationInfo@41c99d58 Exists
I/DebugPlacement(13959): SyncGrid 2 14 com.sec.android.app.twlauncher.ApplicationInfo Google+ -1 2 14 48|-1|-1|-1|-1|0 com.sec.android.app.twlauncher.ApplicationInfo@41b581b0 Exists
I/DebugPlacement(13959): SyncGrid 2 15 com.sec.android.app.twlauncher.ApplicationInfo Groupon -1 2 15 63|-1|-1|-1|-1|0 com.sec.android.app.twlauncher.ApplicationInfo@41c0a7a0 Exists
I/DebugPlacement(13959): SyncGrid 3 0 com.sec.android.app.twlauncher.ApplicationInfo LastPass -1 3 0 65|-1|-1|-1|-1|0 com.sec.android.app.twlauncher.ApplicationInfo@41b55df8 Exists
I/DebugPlacement(13959): SyncGrid 3 1 com.sec.android.app.twlauncher.ApplicationInfo London Travel -1 3 1 72|-1|-1|-1|-1|0 com.sec.android.app.twlauncher.ApplicationInfo@41c2db00 Exists
I/DebugPlacement(13959): SyncGrid 3 2 com.sec.android.app.twlauncher.ApplicationInfo LT Free -1 3 2 71|-1|-1|-1|-1|0 com.sec.android.app.twlauncher.ApplicationInfo@41b49aa0 Exists
I/DebugPlacement(13959): SyncGrid 3 3 com.sec.android.app.twlauncher.ApplicationInfo Messenger -1 3 3 49|-1|-1|-1|-1|0 com.sec.android.app.twlauncher.ApplicationInfo@41c5f508 Exists
I/DebugPlacement(13959): SyncGrid 3 4 com.sec.android.app.twlauncher.ApplicationInfo O2 Priority Moments -1 3 4 57|-1|-1|-1|-1|0 com.sec.android.app.twlauncher.ApplicationInfo@41cb2ff0 Exists
I/DebugPlacement(13959): SyncGrid 3 5 com.sec.android.app.twlauncher.ApplicationInfo O2 Space -1 3 5 55|-1|-1|-1|-1|0 com.sec.android.app.twlauncher.ApplicationInfo@41c75830 Exists
I/DebugPlacement(13959): SyncGrid 3 6 com.sec.android.app.twlauncher.ApplicationInfo Opera Mobile -1 3 6 45|-1|-1|-1|-1|0 com.sec.android.app.twlauncher.ApplicationInfo@41c60970 Exists
I/DebugPlacement(13959): SyncGrid 3 7 com.sec.android.app.twlauncher.ApplicationInfo Play Books -1 3 7 52|-1|-1|-1|-1|0 com.sec.android.app.twlauncher.ApplicationInfo@41cb1eb0 Exists
I/DebugPlacement(13959): SyncGrid 3 8 com.sec.android.app.twlauncher.ApplicationInfo Pulse -1 3 8 70|-1|-1|-1|-1|0 com.sec.android.app.twlauncher.ApplicationInfo@41c87b98 Exists
I/DebugPlacement(13959): SyncGrid 3 9 com.sec.android.app.twlauncher.ApplicationInfo Samsung Hub -1 3 9 58|-1|-1|-1|-1|0 com.sec.android.app.twlauncher.ApplicationInfo@41c0cec0 Exists
I/DebugPlacement(13959): SyncGrid 3 10 com.sec.android.app.twlauncher.ApplicationInfo Shazam -1 3 10 47|-1|-1|-1|-1|0 com.sec.android.app.twlauncher.ApplicationInfo@41a7f200 Exists
I/DebugPlacement(13959): SyncGrid 3 11 com.sec.android.app.twlauncher.ApplicationInfo Skype -1 3 11 62|-1|-1|-1|-1|0 com.sec.android.app.twlauncher.ApplicationInfo@41c2b080 Exists
I/DebugPlacement(13959): SyncGrid 4 0 com.sec.android.app.twlauncher.ApplicationInfo Tags -1 4 0 51|-1|-1|-1|-1|0 com.sec.android.app.twlauncher.ApplicationInfo@41b25840 Exists
I/DebugPlacement(13959): SyncGrid 4 1 com.sec.android.app.twlauncher.ApplicationInfo TED -1 4 1 67|-1|-1|-1|-1|0 com.sec.android.app.twlauncher.ApplicationInfo@41fa9998 Exists
I/DebugPlacement(13959): SyncGrid 4 2 com.sec.android.app.twlauncher.ApplicationInfo TED Air -1 4 2 68|-1|-1|-1|-1|0 com.sec.android.app.twlauncher.ApplicationInfo@41fcf808 Exists
I/DebugPlacement(13959): SyncGrid 4 3 com.sec.android.app.twlauncher.ApplicationInfo Twitter -1 4 3 61|-1|-1|-1|-1|0 com.sec.android.app.twlauncher.ApplicationInfo@42145a60 Exists
I/DebugPlacement(13959): SyncGrid 4 4 com.sec.android.app.twlauncher.ApplicationInfo WhatsApp -1 4 4 59|-1|-1|-1|-1|0 com.sec.android.app.twlauncher.ApplicationInfo@41fbfff8 Exists
