--------- beginning of /dev/log/main
E/DataRouter( 1823): usb connection is true 
E/DataRouter( 1823): DSR is ON. Don't send DTR ON.
--------- beginning of /dev/log/system
D/PowerManagerService( 1987): onSensorChanged: light value: 10
E/DataRouter( 1823): usb connection is true 
E/DataRouter( 1823): DSR is ON. Don't send DTR ON.
D/PowerManagerService( 1987): onSensorChanged: light value: 10
E/DataRouter( 1823): usb connection is true 
E/DataRouter( 1823): DSR is ON. Don't send DTR ON.
E/AlarmManagerService( 1987): android_server_AlarmManagerService_set to type=3, 126803.907000000
E/DataRouter( 1823): usb connection is true 
E/DataRouter( 1823): DSR is ON. Don't send DTR ON.
E/DataRouter( 1823): usb connection is true 
E/DataRouter( 1823): DSR is ON. Don't send DTR ON.
D/PowerManagerService( 1987): onSensorChanged: light value: 10
E/DataRouter( 1823): usb connection is true 
E/DataRouter( 1823): DSR is ON. Don't send DTR ON.
D/PowerManagerService( 1987): onSensorChanged: light value: 10
E/DataRouter( 1823): usb connection is true 
E/DataRouter( 1823): DSR is ON. Don't send DTR ON.
E/DataRouter( 1823): usb connection is true 
E/DataRouter( 1823): DSR is ON. Don't send DTR ON.
I/InputReader( 1987): dispatchTouch::touch event's action is 0 (deviceType=0) [pCnt=1, pending(waiting finished signal)=0]
I/InputDispatcher( 1987): Delivering touch to current input target
I/InputDispatcher( 1987): Delivering touch to current input target
E/lights  ( 1987): write_int: path /sys/devices/virtual/sec/sec_touchkey/brightness, value 1
I/PowerManagerService( 1987): Ulight 3->7|0
D/PowerManagerService( 1987): setLightBrightness : mButtonLight : 40
I/InputReader( 1987): dispatchTouch::touch event's action is 1 (deviceType=0) [pCnt=1, pending(waiting finished signal)=0]
I/InputDispatcher( 1987): Delivering touch to current input target
I/InputDispatcher( 1987): Delivering touch to current input target
V/webview (28331):  singleCursorHandlerTouchEvent -getEditableSupport  FASLE 
I/GATE    (28331): <GATE-M>DEV_ACTION_COMPLETED</GATE-M>
D/Cordova (28331): onPageFinished(file:///android_asset/www/index.html#additem)
D/CordovaWebView(28331): >>> loadUrlNow()
D/DroidGap(28331): onMessage(onNativeReady,null)
D/DroidGap(28331): onMessage(onPageFinished,file:///android_asset/www/index.html#additem)
E/DataRouter( 1823): usb connection is true 
E/DataRouter( 1823): DSR is ON. Don't send DTR ON.
E/lights  ( 1987): write_int: path /sys/devices/virtual/sec/sec_touchkey/brightness, value 2
W/PowerManagerService( 1987): Timer 0x7->0x3|0x0
I/PowerManagerService( 1987): Ulight 7->3|0
D/PowerManagerService( 1987): setLightBrightness : mButtonLight : 0
I/InputReader( 1987): dispatchTouch::touch event's action is 0 (deviceType=0) [pCnt=1, pending(waiting finished signal)=0]
I/InputDispatcher( 1987): Delivering touch to current input target
I/InputDispatcher( 1987): Delivering touch to current input target
E/lights  ( 1987): write_int: path /sys/devices/virtual/sec/sec_touchkey/brightness, value 1
I/PowerManagerService( 1987): Ulight 3->7|0
D/PowerManagerService( 1987): setLightBrightness : mButtonLight : 40
I/InputReader( 1987): dispatchTouch::touch event's action is 1 (deviceType=0) [pCnt=1, pending(waiting finished signal)=0]
I/InputDispatcher( 1987): Delivering touch to current input target
I/InputDispatcher( 1987): Delivering touch to current input target
V/webview (28331):  singleCursorHandlerTouchEvent -getEditableSupport  FASLE 
I/GATE    (28331): <GATE-M>DEV_ACTION_COMPLETED</GATE-M>
D/Cordova (28331): onPageFinished(file:///android_asset/www/index.html#useGallery)
D/CordovaWebView(28331): >>> loadUrlNow()
D/DroidGap(28331): onMessage(onNativeReady,null)
D/DroidGap(28331): onMessage(onPageFinished,file:///android_asset/www/index.html#useGallery)
D/CordovaLog(28331): Gallery Page - Render
D/CordovaLog(28331): file:///android_asset/www/js/views/addItem/galleryImages.js: Line 117 : Gallery Page - Render
D/CordovaLog(28331):  - Getting FileSystem and Photos
D/CordovaLog(28331): file:///android_asset/www/js/views/addItem/galleryImages.js: Line 120 :  - Getting FileSystem and Photos
D/CordovaLog(28331): Got the file system: persistent
D/CordovaLog(28331): file:///android_asset/www/js/views/addItem/galleryImages.js: Line 32 : Got the file system: persistent
D/CordovaLog(28331): Root entry name is sdcard
D/CordovaLog(28331): file:///android_asset/www/js/views/addItem/galleryImages.js: Line 33 : Root entry name is sdcard
D/CordovaLog(28331): Photo Gallery complete
D/CordovaLog(28331): file:///android_asset/www/js/views/addItem/galleryImages.js: Line 47 : Photo Gallery complete
D/CordovaLog(28331): Rendering Photos
D/CordovaLog(28331): file:///android_asset/www/js/views/addItem/galleryImages.js: Line 56 : Rendering Photos
D/CordovaLog(28331): listDir..
D/CordovaLog(28331): file:///android_asset/www/js/views/addItem/galleryImages.js: Line 62 : listDir..
E/libEGL  (28331): call to OpenGL ES API with no current context (logged once per thread)
D/ShaderProgram(28331): couldn't load the vertex shader!
E/libEGL  (28331): call to OpenGL ES API with no current context (logged once per thread)
D/ShaderProgram(28331): couldn't load the vertex shader!
E/libEGL  (28331): call to OpenGL ES API with no current context (logged once per thread)
D/ShaderProgram(28331): couldn't load the vertex shader!
E/libEGL  (28331): call to OpenGL ES API with no current context (logged once per thread)
D/ShaderProgram(28331): couldn't load the vertex shader!
E/libEGL  (28331): call to OpenGL ES API with no current context (logged once per thread)
D/ShaderProgram(28331): couldn't load the vertex shader!
D/CordovaLog(28331): Entries Length: - 4
D/CordovaLog(28331): file:///android_asset/www/js/views/addItem/galleryImages.js: Line 68 : Entries Length: - 4
W/System.err(28331): java.lang.StringIndexOutOfBoundsException: length=41; regionStart=0; regionLength=-1
W/System.err(28331): 	at java.lang.String.startEndAndLength(String.java:593)
W/System.err(28331): 	at java.lang.String.substring(String.java:1474)
W/System.err(28331): 	at org.apache.cordova.plugin.Thumbnailer.execute(Thumbnailer.java:37)
W/System.err(28331): 	at org.apache.cordova.api.PluginManager$1.run(PluginManager.java:231)
W/System.err(28331): 	at java.lang.Thread.run(Thread.java:856)
W/System.err(28331): java.lang.StringIndexOutOfBoundsException: length=41; regionStart=0; regionLength=-1
W/System.err(28331): 	at java.lang.String.startEndAndLength(String.java:593)
W/System.err(28331): 	at java.lang.String.substring(String.java:1474)
W/System.err(28331): 	at org.apache.cordova.plugin.Thumbnailer.execute(Thumbnailer.java:37)
W/System.err(28331): 	at org.apache.cordova.api.PluginManager$1.run(PluginManager.java:231)
W/System.err(28331): 	at java.lang.Thread.run(Thread.java:856)
W/System.err(28331): java.lang.StringIndexOutOfBoundsException: length=45; regionStart=0; regionLength=-1
W/System.err(28331): 	at java.lang.String.startEndAndLength(String.java:593)
W/System.err(28331): 	at java.lang.String.substring(String.java:1474)
W/System.err(28331): 	at org.apache.cordova.plugin.Thumbnailer.execute(Thumbnailer.java:37)
W/System.err(28331): 	at org.apache.cordova.api.PluginManager$1.run(PluginManager.java:231)
W/System.err(28331): 	at java.lang.Thread.run(Thread.java:856)
W/System.err(28331): java.lang.StringIndexOutOfBoundsException: length=45; regionStart=0; regionLength=-1
W/System.err(28331): 	at java.lang.String.startEndAndLength(String.java:593)
W/System.err(28331): 	at java.lang.String.substring(String.java:1474)
W/System.err(28331): 	at org.apache.cordova.plugin.Thumbnailer.execute(Thumbnailer.java:37)
W/System.err(28331): 	at org.apache.cordova.api.PluginManager$1.run(PluginManager.java:231)
W/System.err(28331): 	at java.lang.Thread.run(Thread.java:856)
I/SurfaceFlinger( 1825): id=1122(2) createSurface 0x4cc0c (1x1),1 flag=0
D/dalvikvm(28331): GC_CONCURRENT freed 242K, 4% free 9984K/10311K, paused 2ms+2ms
E/DataRouter( 1823): usb connection is true 
E/DataRouter( 1823): DSR is ON. Don't send DTR ON.
W/PowerManagerService( 1987): Timer 0x7->0x3|0x0
E/lights  ( 1987): write_int: path /sys/devices/virtual/sec/sec_touchkey/brightness, value 2
I/PowerManagerService( 1987): Ulight 7->3|0
D/PowerManagerService( 1987): setLightBrightness : mButtonLight : 0
E/DataRouter( 1823): usb connection is true 
E/DataRouter( 1823): DSR is ON. Don't send DTR ON.
I/InputReader( 1987): dispatchTouch::touch event's action is 0 (deviceType=0) [pCnt=1, pending(waiting finished signal)=0]
I/InputDispatcher( 1987): Delivering touch to current input target
I/InputDispatcher( 1987): Delivering touch to current input target
E/lights  ( 1987): write_int: path /sys/devices/virtual/sec/sec_touchkey/brightness, value 1
I/PowerManagerService( 1987): Ulight 3->7|0
D/PowerManagerService( 1987): setLightBrightness : mButtonLight : 40
I/InputReader( 1987): dispatchTouch::touch event's action is 1 (deviceType=0) [pCnt=1, pending(waiting finished signal)=0]
I/InputDispatcher( 1987): Delivering touch to current input target
I/InputDispatcher( 1987): Delivering touch to current input target
W/InputManagerService( 1987): Window already focused, ignoring focus gain of: com.android.internal.view.IInputMethodClient$Stub$Proxy@41b00290
I/SurfaceFlinger( 1825): id=1123(3) createSurface 0x4372c (1x1),1 flag=0
D/PowerManagerService( 1987): onSensorChanged: light value: 10
I/SurfaceFlinger( 1825): id=1122 Removed idx=3 Map Size=5
I/SurfaceFlinger( 1825): id=1122 Removed idx=-2 Map Size=5
I/InputReader( 1987): dispatchTouch::touch event's action is 0 (deviceType=0) [pCnt=1, pending(waiting finished signal)=0]
I/InputDispatcher( 1987): Delivering touch to current input target
I/InputDispatcher( 1987): Delivering touch to current input target
I/InputReader( 1987): dispatchTouch::touch event's action is 1 (deviceType=0) [pCnt=1, pending(waiting finished signal)=0]
I/InputDispatcher( 1987): Delivering touch to current input target
I/InputDispatcher( 1987): Delivering touch to current input target
W/InputManagerService( 1987): Window already focused, ignoring focus gain of: com.android.internal.view.IInputMethodClient$Stub$Proxy@41e30168
I/SurfaceFlinger( 1825): id=1124(4) createSurface 0x2e7f4 (1x1),1 flag=0
E/DataRouter( 1823): usb connection is true 
E/DataRouter( 1823): DSR is ON. Don't send DTR ON.
I/SurfaceFlinger( 1825): id=1123 Removed idx=3 Map Size=5
I/SurfaceFlinger( 1825): id=1123 Removed idx=-2 Map Size=5
I/InputReader( 1987): dispatchTouch::touch event's action is 0 (deviceType=0) [pCnt=1, pending(waiting finished signal)=0]
I/InputDispatcher( 1987): Delivering touch to current input target
I/InputDispatcher( 1987): Delivering touch to current input target
I/InputReader( 1987): dispatchTouch::touch event's action is 1 (deviceType=0) [pCnt=1, pending(waiting finished signal)=0]
I/InputDispatcher( 1987): Delivering touch to current input target
I/InputDispatcher( 1987): Delivering touch to current input target
W/InputManagerService( 1987): Window already focused, ignoring focus gain of: com.android.internal.view.IInputMethodClient$Stub$Proxy@41d03cc0
I/SurfaceFlinger( 1825): id=1125(5) createSurface 0x3a7ac (1x1),1 flag=0
I/SurfaceFlinger( 1825): id=1124 Removed idx=3 Map Size=5
I/SurfaceFlinger( 1825): id=1124 Removed idx=-2 Map Size=5
I/InputReader( 1987): dispatchTouch::touch event's action is 0 (deviceType=0) [pCnt=1, pending(waiting finished signal)=0]
I/InputDispatcher( 1987): Delivering touch to current input target
I/InputDispatcher( 1987): Delivering touch to current input target
I/InputReader( 1987): dispatchTouch::touch event's action is 1 (deviceType=0) [pCnt=1, pending(waiting finished signal)=0]
I/InputDispatcher( 1987): Delivering touch to current input target
I/InputDispatcher( 1987): Delivering touch to current input target
W/InputManagerService( 1987): Window already focused, ignoring focus gain of: com.android.internal.view.IInputMethodClient$Stub$Proxy@41b58d50
I/SurfaceFlinger( 1825): id=1125 Removed idx=4 Map Size=4
I/SurfaceFlinger( 1825): id=1125 Removed idx=-2 Map Size=4
E/DataRouter( 1823): usb connection is true 
E/DataRouter( 1823): DSR is ON. Don't send DTR ON.
E/lights  ( 1987): write_int: path /sys/devices/virtual/sec/sec_touchkey/brightness, value 2
W/PowerManagerService( 1987): Timer 0x7->0x3|0x0
I/PowerManagerService( 1987): Ulight 7->3|0
D/PowerManagerService( 1987): setLightBrightness : mButtonLight : 0
D/PowerManagerService( 1987): onSensorChanged: light value: 10
E/DataRouter( 1823): usb connection is true 
E/DataRouter( 1823): DSR is ON. Don't send DTR ON.
D/RestrictionPolicy( 1987): isHomeKeyEnabled :true
D/InputReader( 1987): Input event: value=1
D/RestrictionPolicy( 1987): isHomeKeyEnabled :true
I/HomeKeyDoubleClick( 1987): addAction() is called.  action = 0  canceled = false
I/HomeKeyDoubleClick( 1987): in addAction(), now add
I/HomeKeyDoubleClick( 1987): in addAction(), down event. now call postCheckRunnable().
I/HomeKeyDoubleClick( 1987): postCheckRunnable() is called
I/HomeKeyDoubleClick( 1987): in postCheckRunnable(), now posting.
I/HomeKeyDoubleClick( 1987): in postCheckRunnable(), posting success.
E/DataRouter( 1823): usb connection is true 
E/DataRouter( 1823): DSR is ON. Don't send DTR ON.
E/AlarmManagerService( 1987): android_server_AlarmManagerService_set to type=2, 126847.079000000
V/AlarmManager( 1987): trigger WAKEUP Alarm{41eca200 type 2 com.google.android.apps.maps}
E/AlarmManagerService( 1987): android_server_AlarmManagerService_set to type=2, 126798.421000000
E/AlarmManagerService( 1987): android_server_AlarmManagerService_set to type=2, 126798.421000000
D/RestrictionPolicy( 1987): isHomeKeyEnabled :true
I/HomeKeyDoubleClick( 1987): addAction() is called.  action = 0  canceled = false
I/HomeKeyDoubleClick( 1987): in addAction(), action is canceled OR repeatCount is not zero. now call reset()
I/HomeKeyDoubleClick( 1987): reset() is called
I/HomeKeyDoubleClick( 1987): in reset()  after reset, mPosted = false  mHomeActionList.size() = 0
D/WindowManager( 1987): Home long press behavior, keyguardOn = false
D/RestrictionPolicy( 1987): isHomeKeyEnabled :true
I/HomeKeyDoubleClick( 1987): addAction() is called.  action = 0  canceled = false
I/HomeKeyDoubleClick( 1987): in addAction(), action is canceled OR repeatCount is not zero. now call reset()
I/HomeKeyDoubleClick( 1987): reset() is called
I/HomeKeyDoubleClick( 1987): in reset()  after reset, mPosted = false  mHomeActionList.size() = 0
D/PowerManagerService( 1987): onSensorChanged: light value: 100
D/RestrictionPolicy( 1987): isHomeKeyEnabled :true
I/HomeKeyDoubleClick( 1987): addAction() is called.  action = 0  canceled = false
I/HomeKeyDoubleClick( 1987): in addAction(), action is canceled OR repeatCount is not zero. now call reset()
I/HomeKeyDoubleClick( 1987): reset() is called
I/HomeKeyDoubleClick( 1987): in reset()  after reset, mPosted = false  mHomeActionList.size() = 0
D/RestrictionPolicy( 1987): isHomeKeyEnabled :true
I/HomeKeyDoubleClick( 1987): addAction() is called.  action = 0  canceled = false
I/HomeKeyDoubleClick( 1987): in addAction(), action is canceled OR repeatCount is not zero. now call reset()
I/HomeKeyDoubleClick( 1987): reset() is called
I/HomeKeyDoubleClick( 1987): in reset()  after reset, mPosted = false  mHomeActionList.size() = 0
W/WindowManager( 1987): interceptKeyBeforeDispatching with IVoIPInterface 
D/VoIPInterfaceManager( 1987): isVoIPRinging()...
D/VoIPInterfaceManager( 1987):     Not exist call session
W/InputManagerService( 1987): onReceive() calling hidecurrentInputLocked
D/RestrictionPolicy( 1987): isHomeKeyEnabled :true
I/HomeKeyDoubleClick( 1987): addAction() is called.  action = 0  canceled = false
I/HomeKeyDoubleClick( 1987): in addAction(), action is canceled OR repeatCount is not zero. now call reset()
I/HomeKeyDoubleClick( 1987): reset() is called
I/HomeKeyDoubleClick( 1987): in reset()  after reset, mPosted = false  mHomeActionList.size() = 0
D/RestrictionPolicy( 1987): isHomeKeyEnabled :true
I/HomeKeyDoubleClick( 1987): addAction() is called.  action = 0  canceled = false
I/HomeKeyDoubleClick( 1987): in addAction(), action is canceled OR repeatCount is not zero. now call reset()
I/HomeKeyDoubleClick( 1987): reset() is called
I/HomeKeyDoubleClick( 1987): in reset()  after reset, mPosted = false  mHomeActionList.size() = 0
I/SurfaceFlinger( 1825): id=1126(55) createSurface 0x4372c (480x800),1 flag=0
D/RestrictionPolicy( 1987): isHomeKeyEnabled :true
I/HomeKeyDoubleClick( 1987): addAction() is called.  action = 0  canceled = false
I/HomeKeyDoubleClick( 1987): in addAction(), action is canceled OR repeatCount is not zero. now call reset()
I/HomeKeyDoubleClick( 1987): reset() is called
I/HomeKeyDoubleClick( 1987): in reset()  after reset, mPosted = false  mHomeActionList.size() = 0
D/RestrictionPolicy( 1987): isHomeKeyEnabled :true
I/HomeKeyDoubleClick( 1987): addAction() is called.  action = 0  canceled = false
I/HomeKeyDoubleClick( 1987): in addAction(), action is canceled OR repeatCount is not zero. now call reset()
I/HomeKeyDoubleClick( 1987): reset() is called
I/HomeKeyDoubleClick( 1987): in reset()  after reset, mPosted = false  mHomeActionList.size() = 0
D/RestrictionPolicy( 1987): isHomeKeyEnabled :true
I/HomeKeyDoubleClick( 1987): addAction() is called.  action = 0  canceled = false
I/HomeKeyDoubleClick( 1987): in addAction(), action is canceled OR repeatCount is not zero. now call reset()
I/HomeKeyDoubleClick( 1987): reset() is called
I/HomeKeyDoubleClick( 1987): in reset()  after reset, mPosted = false  mHomeActionList.size() = 0
D/RestrictionPolicy( 1987): isHomeKeyEnabled :true
I/HomeKeyDoubleClick( 1987): addAction() is called.  action = 0  canceled = false
I/HomeKeyDoubleClick( 1987): in addAction(), action is canceled OR repeatCount is not zero. now call reset()
I/HomeKeyDoubleClick( 1987): reset() is called
I/HomeKeyDoubleClick( 1987): in reset()  after reset, mPosted = false  mHomeActionList.size() = 0
D/RestrictionPolicy( 1987): isHomeKeyEnabled :true
I/HomeKeyDoubleClick( 1987): addAction() is called.  action = 0  canceled = false
I/HomeKeyDoubleClick( 1987): in addAction(), action is canceled OR repeatCount is not zero. now call reset()
I/HomeKeyDoubleClick( 1987): reset() is called
I/HomeKeyDoubleClick( 1987): in reset()  after reset, mPosted = false  mHomeActionList.size() = 0
D/RestrictionPolicy( 1987): isHomeKeyEnabled :true
I/HomeKeyDoubleClick( 1987): addAction() is called.  action = 0  canceled = false
I/HomeKeyDoubleClick( 1987): in addAction(), action is canceled OR repeatCount is not zero. now call reset()
I/HomeKeyDoubleClick( 1987): reset() is called
I/HomeKeyDoubleClick( 1987): in reset()  after reset, mPosted = false  mHomeActionList.size() = 0
D/RestrictionPolicy( 1987): isHomeKeyEnabled :true
I/HomeKeyDoubleClick( 1987): addAction() is called.  action = 0  canceled = false
I/HomeKeyDoubleClick( 1987): in addAction(), action is canceled OR repeatCount is not zero. now call reset()
I/HomeKeyDoubleClick( 1987): reset() is called
I/HomeKeyDoubleClick( 1987): in reset()  after reset, mPosted = false  mHomeActionList.size() = 0
D/InputReader( 1987): Input event: value=0
D/RestrictionPolicy( 1987): isHomeKeyEnabled :true
I/HomeKeyDoubleClick( 1987): addAction() is called.  action = 1  canceled = false
I/InputReader( 1987): dispatchTouch::touch event's action is 0 (deviceType=0) [pCnt=1, pending(waiting finished signal)=0]
I/InputDispatcher( 1987): Delivering touch to current input target
I/InputDispatcher( 1987): Delivering touch to current input target
E/lights  ( 1987): write_int: path /sys/devices/virtual/sec/sec_touchkey/brightness, value 1
I/PowerManagerService( 1987): Ulight 3->7|0
D/PowerManagerService( 1987): setLightBrightness : mButtonLight : 40
I/InputReader( 1987): dispatchTouch::touch event's action is 1 (deviceType=0) [pCnt=1, pending(waiting finished signal)=0]
I/InputDispatcher( 1987): Delivering touch to current input target
I/InputDispatcher( 1987): Delivering touch to current input target
I/ActivityManager( 1987): START {intent.toShortString} from pid 2131
D/PowerManagerService( 1987): acquireDVFSLockLocked : type : DVFS_MIN_LIMIT  frequency : 1200000  uid : 1000  pid : 1987  tag : ActivityManager
I/power   ( 1987): *** acquire_dvfs_lock : lockType : 1  freq : 1200000 
W/ActivityManager( 1987): mDVFSLock.acquire()
D/DroidGap(28331): Paused the application!
D/CordovaWebView(28331): Handle the pause
D/CordovaWebView(28331): >>> loadUrlNow()
I/SurfaceFlinger( 1825): id=1127(134) createSurface 0x435cc (1x1),2 flag=400
I/ActivityManager( 1987): Start proc app.processName for activity hostingNameStr: pid=28398 uid=10059 gids={3003, 1015, 1023}
D/dalvikvm( 1826): GC_EXPLICIT freed 38K, 4% free 8793K/9091K, paused 1ms+1ms
D/dalvikvm( 1826): GC_EXPLICIT freed <1K, 4% free 8793K/9091K, paused 1ms+48ms
I/ActivityThread(28398): Pub com.sec.android.app.myfiles.provider: com.sec.android.app.myfiles.provider.FileInfoProvider
I/ActivityThread(28398): Pub com.sec.android.app.myfiles.provider.preview: com.sec.android.app.myfiles.provider.MxPreviewContentProvider
D/dalvikvm( 1826): GC_EXPLICIT freed <1K, 4% free 8793K/9091K, paused 1ms+1ms
D/dalvikvm(28398): GC_FOR_ALLOC freed 107K, 3% free 8893K/9091K, paused 36ms
I/dalvikvm-heap(28398): Grow heap (frag case) to 9.735MB for 1048592-byte allocation
D/dalvikvm(28398): GC_CONCURRENT freed <1K, 3% free 9916K/10183K, paused 1ms+1ms
D/MyFiles (28398): MainActivity-onCreate
I/SurfaceFlinger( 1825): id=1126 Removed idx=8 Map Size=5
I/SurfaceFlinger( 1825): id=1126 Removed idx=-2 Map Size=5
I/[MyFiles](28398): >>>>>>>>>>>>>>>>>>>>> addTab()  sCurrentTab== -1
V/MyFiles (28398): AllFile:onCreate
E/SurfaceTexture( 1825): [RecentsPanel] drainQueueLocked: SurfaceTexture has been abandoned!
V/[MyFiles](28398): MediaLoader. ImageLoader.start() <<<<<<<<<<<<<<<<<<<<<<<<<<<<
D/dalvikvm(28398): GC_CONCURRENT freed 81K, 2% free 10261K/10439K, paused 2ms+1ms
D/MyFiles (28398): MainActivity-onResume
V/MyFiles (28398): AllFile:onResume
I/MyFiles (28398): refresh!!
I/MyFiles (28398): showWaitProgressDialog true
I/SurfaceFlinger( 1825): id=1128(1) createSurface 0x486b4 (1x1),1 flag=0
I/MyFiles (28398): AllFileBrowser-load file list => start
I/SurfaceFlinger( 1825): id=1129(2) createSurface 0x4cc0c (480x800),2 flag=400
D/MyFiles (28398): Loading handler - start
I/MyFiles (28398): AllFileBrowser-load file list => finish
I/MyFiles (28398): AllFileBrowser-sort after loading => start
D/dalvikvm(28398): GC_CONCURRENT freed 91K, 2% free 10660K/10823K, paused 2ms+2ms
I/ActivityManager( 1987): Displayed shortComponentName: +555ms
E/DataRouter( 1823): usb connection is true 
E/DataRouter( 1823): DSR is ON. Don't send DTR ON.
I/MyFiles (28398): AllFileBrowser-sort after loading => finish
I/[MyFiles](28398): ListAdapter.clearAll
I/MyFiles (28398): AllFileBrowser-updaetAdapter => start
V/[MyFiles](28398): ImageLoader.start() <<<<<<<<<<<<<<<<<<<<<<<<<<<<
I/MyFiles (28398): AllFileBrowser-updaetAdapter => finish
I/MyFiles (28398): showWaitProgressDialog false
D/MyFiles (28398): Loading handler - finish
I/SurfaceFlinger( 1825): id=1121 Removed idx=1 Map Size=6
I/SurfaceFlinger( 1825): id=1121 Removed idx=-2 Map Size=6
W/InputManagerService( 1987): Starting input on non-focused client com.android.internal.view.IInputMethodClient$Stub$Proxy@41ce3920 (uid=10038 pid=28331)
D/CLIPBOARD(28398): Hide Clipboard dialog at Starting input: finished by someone else... !
I/SurfaceFlinger( 1825): id=1127 Removed idx=4 Map Size=5
I/SurfaceFlinger( 1825): id=1127 Removed idx=-2 Map Size=5
D/STATUSBAR-NetworkController( 2131): onReceive() - RSSI_CHANGED_ACTION, WIFI_STATE, NETWORK_STATE
I/SurfaceFlinger( 1825): id=1128 Removed idx=3 Map Size=4
I/SurfaceFlinger( 1825): id=1128 Removed idx=-2 Map Size=4
I/power   ( 1987): *** release_dvfs_lock : lockType : 1 
D/PowerManagerService( 1987): releaseDVFSLockLocked : all DVFS_MIN_LIMIT are released 
W/ActivityManager( 1987): mDVFSLock.release()
D/PowerManagerService( 1987): lightSensorChangedLocked 100
D/PowerManagerService( 1987): lcdValue 110
D/PowerManagerService( 1987): buttonValue 255
D/PowerManagerService( 1987): keyboardValue 0
E/lights  ( 1987): write_int: path /sys/class/backlight/panel/brightness, value 43
D/PowerManagerService( 1987): lightSensorChangedLocked : mKeyboardLight : 0
E/lights  ( 1987): write_int: path /sys/class/backlight/panel/brightness, value 47
E/lights  ( 1987): write_int: path /sys/class/backlight/panel/brightness, value 50
E/lights  ( 1987): write_int: path /sys/class/backlight/panel/brightness, value 54
E/lights  ( 1987): write_int: path /sys/class/backlight/panel/brightness, value 57
E/lights  ( 1987): write_int: path /sys/class/backlight/panel/brightness, value 61
E/lights  ( 1987): write_int: path /sys/class/backlight/panel/brightness, value 64
E/lights  ( 1987): write_int: path /sys/class/backlight/panel/brightness, value 68
E/lights  ( 1987): write_int: path /sys/class/backlight/panel/brightness, value 71
E/lights  ( 1987): write_int: path /sys/class/backlight/panel/brightness, value 75
E/lights  ( 1987): write_int: path /sys/class/backlight/panel/brightness, value 78
E/lights  ( 1987): write_int: path /sys/class/backlight/panel/brightness, value 82
E/lights  ( 1987): write_int: path /sys/class/backlight/panel/brightness, value 85
E/lights  ( 1987): write_int: path /sys/class/backlight/panel/brightness, value 89
E/lights  ( 1987): write_int: path /sys/class/backlight/panel/brightness, value 92
E/lights  ( 1987): write_int: path /sys/class/backlight/panel/brightness, value 96
E/lights  ( 1987): write_int: path /sys/class/backlight/panel/brightness, value 99
E/lights  ( 1987): write_int: path /sys/class/backlight/panel/brightness, value 103
E/lights  ( 1987): write_int: path /sys/class/backlight/panel/brightness, value 106
E/lights  ( 1987): write_int: path /sys/devices/virtual/sec/sec_touchkey/brightness, value 2
W/PowerManagerService( 1987): Timer 0x7->0x3|0x0
I/PowerManagerService( 1987): Ulight 7->3|0
D/PowerManagerService( 1987): setLightBrightness : mButtonLight : 0
E/lights  ( 1987): write_int: path /sys/class/backlight/panel/brightness, value 110
I/PowerManagerService( 1987): Light Animator Finished curIntValue=110
I/InputReader( 1987): dispatchTouch::touch event's action is 0 (deviceType=0) [pCnt=1, pending(waiting finished signal)=0]
I/InputDispatcher( 1987): Delivering touch to current input target
I/InputDispatcher( 1987): Delivering touch to current input target
E/lights  ( 1987): write_int: path /sys/devices/virtual/sec/sec_touchkey/brightness, value 1
I/PowerManagerService( 1987): Ulight 3->7|0
D/PowerManagerService( 1987): setLightBrightness : mButtonLight : 110
D/dalvikvm(28398): GC_CONCURRENT freed 207K, 3% free 11112K/11399K, paused 3ms+3ms
D/dalvikvm(28398): GC_FOR_ALLOC freed 8K, 3% free 11655K/11975K, paused 27ms
I/InputReader( 1987): dispatchTouch::touch event's action is 1 (deviceType=0) [pCnt=1, pending(waiting finished signal)=0]
I/InputDispatcher( 1987): Delivering touch to current input target
I/InputDispatcher( 1987): Delivering touch to current input target
E/DataRouter( 1823): usb connection is true 
E/DataRouter( 1823): DSR is ON. Don't send DTR ON.
D/comsamsungapp(14078): [MSC_Accu]>>> WWP:375 [0:0] onReceive@ androidnetwifiSCAN_RESULTS
D/comsamsungapp(14078): [MSC_Accu]>>> WIM:53 [0:0] AccuWeatherClockWidgetID_Length
D/comsamsungapp(14078): [MSC_Accu]>>> WIM:54 [0:0] getPrefIDs@lngth:1
D/comsamsungapp(14078): [MSC_Accu]>>> WIM:60 [0:0] getPrefIDs@Ids1:16
W/WifiStateTracker( 1987): getNetworkInfo : NetworkInfo: type: WIFI[], state: CONNECTED/CONNECTED, reason: (unspecified), extra: (none), roaming: false, failover: false, isAvailable: true
D/comsamsungapp(14078): [MSC_Accu]>>> WWP:708 [0:0] SCAN_RESULTS_AVAILABLE_ACTION::Detail State : CONNECTED   CHECK_AFTER_CONNECTED : false
D/dalvikvm(26850): GC_CONCURRENT freed 558K, 6% free 10526K/11143K, paused 3ms+2ms
E/lights  ( 1987): write_int: path /sys/devices/virtual/sec/sec_touchkey/brightness, value 2
W/PowerManagerService( 1987): Timer 0x7->0x3|0x0
I/PowerManagerService( 1987): Ulight 7->3|0
D/PowerManagerService( 1987): setLightBrightness : mButtonLight : 0
D/dalvikvm(14481): GC_CONCURRENT freed 527K, 7% free 10112K/10823K, paused 1ms+4ms
E/AlarmManagerService( 1987): android_server_AlarmManagerService_set to type=2, 126847.079000000
E/DataRouter( 1823): usb connection is true 
E/DataRouter( 1823): DSR is ON. Don't send DTR ON.
I/InputReader( 1987): dispatchTouch::touch event's action is 0 (deviceType=0) [pCnt=1, pending(waiting finished signal)=0]
I/InputDispatcher( 1987): Delivering touch to current input target
I/InputDispatcher( 1987): Delivering touch to current input target
E/lights  ( 1987): write_int: path /sys/devices/virtual/sec/sec_touchkey/brightness, value 1
I/PowerManagerService( 1987): Ulight 3->7|0
D/PowerManagerService( 1987): setLightBrightness : mButtonLight : 110
D/BatteryService( 1987): update start
D/BatteryService( 1987): level:100 scale:100 status:5 health:2 present:true voltage: 4118 temperature: 290 technology: Li-ion AC powered:false USB powered:true icon:17302820 invalid charger:0
D/KeyguardUpdateMonitor( 1987): received broadcast android.intent.action.BATTERY_CHANGED
D/KeyguardUpdateMonitor( 1987): handleBatteryUpdate
D/UiModeManager( 1987): mLastBroadcastState = 0mCarModeEnabled = falseisDeskDockState(mDockState) = false
V/UiModeManager( 1987): updateLocked: null action, mDockState=0, firing homeIntent: null
D/UiModeManager( 1987): updateConfigurationLocked: mDockState=0; mCarMode=false; mNightMode=0; uiMode=17
D/STATUSBAR-BatteryController( 2131): onReceive() - ACTION_BATTERY_CHANGED
D/STATUSBAR-BatteryController( 2131): onReceive() - level:100
D/STATUSBAR-BatteryController( 2131): onReceive() - plugged:true
D/STATUSBAR-BatteryController( 2131): onReceive() - BATTERY_STATUS_FULL:
D/PowerSavingModeWidgetBatteryService(26929): receive Intent.ACTION_BATTERY_CHANGED
I/InputReader( 1987): dispatchTouch::touch event's action is 1 (deviceType=0) [pCnt=1, pending(waiting finished signal)=0]
I/InputDispatcher( 1987): Delivering touch to current input target
I/InputDispatcher( 1987): Delivering touch to current input target
I/MyFiles (28398): showWaitProgressDialog true
I/MyFiles (28398): AllFileBrowser-load file list => start
I/MyFiles (28398): AllFileBrowser-load file list => finish
I/MyFiles (28398): AllFileBrowser-sort after loading => start
I/MyFiles (28398): AllFileBrowser-sort after loading => finish
I/SurfaceFlinger( 1825): id=1130(3) createSurface 0x2e7f4 (1x1),1 flag=0
D/MyFiles (28398): Loading handler - start
I/[MyFiles](28398): ListAdapter.clearAll
I/MyFiles (28398): AllFileBrowser-updaetAdapter => start
V/[MyFiles](28398): ThumbnailUpdateThread - Stopping update here image-thumbnail-manager
V/[MyFiles](28398): ImageLoader.stop 1 threads
V/[MyFiles](28398): ImageLoader.start() <<<<<<<<<<<<<<<<<<<<<<<<<<<<
I/MyFiles (28398): AllFileBrowser-updaetAdapter => finish
I/MyFiles (28398): showWaitProgressDialog false
D/MyFiles (28398): Loading handler - finish
W/InputManagerService( 1987): Window already focused, ignoring focus gain of: com.android.internal.view.IInputMethodClient$Stub$Proxy@416165a0
I/SurfaceFlinger( 1825): id=1130 Removed idx=3 Map Size=4
I/SurfaceFlinger( 1825): id=1130 Removed idx=-2 Map Size=4
I/InputReader( 1987): dispatchTouch::touch event's action is 0 (deviceType=0) [pCnt=1, pending(waiting finished signal)=0]
I/InputDispatcher( 1987): Delivering touch to current input target
I/InputDispatcher( 1987): Delivering touch to current input target
I/InputReader( 1987): dispatchTouch::touch event's action is 1 (deviceType=0) [pCnt=1, pending(waiting finished signal)=0]
I/InputDispatcher( 1987): Delivering touch to current input target
I/InputDispatcher( 1987): Delivering touch to current input target
I/MyFiles (28398): showWaitProgressDialog true
I/MyFiles (28398): AllFileBrowser-load file list => start
I/MyFiles (28398): AllFileBrowser-load file list => finish
I/MyFiles (28398): AllFileBrowser-sort after loading => start
I/MyFiles (28398): AllFileBrowser-sort after loading => finish
I/SurfaceFlinger( 1825): id=1131(4) createSurface 0x3c9a4 (1x1),1 flag=0
D/MyFiles (28398): Loading handler - start
I/[MyFiles](28398): ListAdapter.clearAll
V/[MyFiles](28398): ThumbnailUpdateThread - Stopping update here image-thumbnail-manager
V/[MyFiles](28398): ImageLoader.stop 1 threads
I/MyFiles (28398): AllFileBrowser-updaetAdapter => start
V/[MyFiles](28398): ImageLoader.start() <<<<<<<<<<<<<<<<<<<<<<<<<<<<
I/MyFiles (28398): AllFileBrowser-updaetAdapter => finish
I/MyFiles (28398): showWaitProgressDialog false
D/MyFiles (28398): Loading handler - finish
W/InputManagerService( 1987): Window already focused, ignoring focus gain of: com.android.internal.view.IInputMethodClient$Stub$Proxy@41b27428
V/[MyFiles](28398): getBitmap done: tot= 71; ; 1; 0; 70
I/System.out(28398): Not a DRM File, opening notmally
I/System.out(28398): buffer returned 
I/System.out(28398): Not a DRM File, opening notmally
I/System.out(28398): buffer returned 
V/[MyFiles](28398): getBitmap done: tot= 46; ; 7; 0; 39
D/dalvikvm(28398): GC_CONCURRENT freed 1802K, 16% free 10715K/12615K, paused 1ms+2ms
V/[MyFiles](28398): getBitmap done: tot= 65; ; 13; 0; 52
I/System.out(28398): Not a DRM File, opening notmally
I/System.out(28398): buffer returned 
I/System.out(28398): Not a DRM File, opening notmally
I/System.out(28398): buffer returned 
V/[MyFiles](28398): getBitmap done: tot= 34; ; 10; 0; 24
E/DataRouter( 1823): usb connection is true 
E/DataRouter( 1823): DSR is ON. Don't send DTR ON.
I/SurfaceFlinger( 1825): id=1131 Removed idx=3 Map Size=4
I/SurfaceFlinger( 1825): id=1131 Removed idx=-2 Map Size=4
E/lights  ( 1987): write_int: path /sys/devices/virtual/sec/sec_touchkey/brightness, value 2
W/PowerManagerService( 1987): Timer 0x7->0x3|0x0
I/PowerManagerService( 1987): Ulight 7->3|0
D/PowerManagerService( 1987): setLightBrightness : mButtonLight : 0
E/lights  ( 1987): write_int: path /sys/devices/virtual/sec/sec_touchkey/brightness, value 1
I/PowerManagerService( 1987): Ulight 3->7|0
D/PowerManagerService( 1987): setLightBrightness : mButtonLight : 110
D/InputReader( 1987): Input event: value=1
I/InputDispatcher( 1987): Delivering key to current input target
I/InputDispatcher( 1987): Delivering key to current input target
D/InputReader( 1987): Input event: value=0
I/InputDispatcher( 1987): Delivering key to current input target
I/InputDispatcher( 1987): Delivering key to current input target
E/DataRouter( 1823): usb connection is true 
E/DataRouter( 1823): DSR is ON. Don't send DTR ON.
I/SurfaceFlinger( 1825): id=1132(5) createSurface 0x2e7f4 (1x1),1 flag=0
D/dalvikvm(28398): GC_CONCURRENT freed 416K, 14% free 10884K/12615K, paused 2ms+2ms
E/AlarmManagerService( 1987): android_server_AlarmManagerService_set to type=3, 126829.549000000
D/KeyguardUpdateMonitor( 1987): received broadcast android.intent.action.TIME_TICK
D/KeyguardUpdateMonitor( 1987): handleTimeUpdate
D/STATUSBAR-DateView( 2131): updateClock :30/09/2012
D/DigitalClock(26103): DigitalClockAppWidgetService. action :  android.intent.action.TIME_TICK
D/DigitalClock(26103): DigitalClockAppWidget. : updateClock =  [I@4150ea90
D/DigitalClock(26103): DigitalClockAppWidget. : drawMinute mm1_ 2mm2_6
E/lights  ( 1987): write_int: path /sys/devices/virtual/sec/sec_touchkey/brightness, value 2
W/PowerManagerService( 1987): Timer 0x7->0x3|0x0
I/PowerManagerService( 1987): Ulight 7->3|0
D/PowerManagerService( 1987): setLightBrightness : mButtonLight : 0
I/InputReader( 1987): dispatchTouch::touch event's action is 0 (deviceType=0) [pCnt=1, pending(waiting finished signal)=0]
I/InputDispatcher( 1987): Delivering touch to current input target
I/InputDispatcher( 1987): Delivering touch to current input target
E/lights  ( 1987): write_int: path /sys/devices/virtual/sec/sec_touchkey/brightness, value 1
I/PowerManagerService( 1987): Ulight 3->7|0
D/PowerManagerService( 1987): setLightBrightness : mButtonLight : 110
E/DataRouter( 1823): usb connection is true 
E/DataRouter( 1823): DSR is ON. Don't send DTR ON.
I/InputReader( 1987): dispatchTouch::touch event's action is 1 (deviceType=0) [pCnt=1, pending(waiting finished signal)=0]
I/InputDispatcher( 1987): Delivering touch to current input target
I/InputDispatcher( 1987): Delivering touch to current input target
I/ActivityManager( 1987): START {intent.toShortString} from pid 28398
I/power   ( 1987): *** acquire_dvfs_lock : lockType : 1  freq : 1200000 
D/PowerManagerService( 1987): acquireDVFSLockLocked : type : DVFS_MIN_LIMIT  frequency : 1200000  uid : 1000  pid : 1987  tag : ActivityManager
W/ActivityManager( 1987): mDVFSLock.acquire()
D/MyFiles (28398): MainActivity-onPause
V/MyFiles (28398): AllFile:OnPause
V/[MyFiles](28398): ThumbnailUpdateThread - Stopping update here image-thumbnail-manager
V/[MyFiles](28398): ImageLoader.stop 1 threads
D/ActivityManager( 1987): Trying to launch applicationName
V/MyFiles (28398): Managed:onCreate
I/MyFiles (28398): browseToFolder - path: start
I/MyFiles (28398): showWaitProgressDialog true
I/MyFiles (28398): finish browseTo : 
V/MyFiles (28398): Managed:onResume
I/SurfaceFlinger( 1825): id=1133(6) createSurface 0x3c9a4 (1x1),1 flag=0
I/MyFiles (28398): ManagedFileBrowser-load file list => start
I/MyFiles (28398): ManagedFileBrowser-load file list => finish
I/MyFiles (28398): ManagedFileBrowser-sort after loading => start
I/MyFiles (28398): ManagedFileBrowser-sort after loading => finish
I/SurfaceFlinger( 1825): id=1134(7) createSurface 0x46e1c (480x800),2 flag=400
D/MyFiles (28398): Loading handler - start
I/MyFiles (28398): ManagedFileBrowser-updaetAdapter => start
V/[MyFiles](28398): ImageLoader.start() <<<<<<<<<<<<<<<<<<<<<<<<<<<<
I/MyFiles (28398): ManagedFileBrowser-updaetAdapter => finish
I/MyFiles (28398): showWaitProgressDialog false
D/MyFiles (28398): Loading handler - finish
D/dalvikvm(28398): GC_CONCURRENT freed 256K, 11% free 11320K/12615K, paused 2ms+4ms
I/ActivityManager( 1987): Displayed shortComponentName: +186ms
V/[MyFiles](28398): getBitmap done: tot= 94; ; 16; 0; 78
D/dalvikvm( 1987): GC_CONCURRENT freed 1890K, 32% free 20777K/30535K, paused 3ms+8ms
I/System.out(28398): Not a DRM File, opening notmally
I/System.out(28398): buffer returned 
I/System.out(28398): Not a DRM File, opening notmally
I/System.out(28398): buffer returned 
V/[MyFiles](28398): getBitmap done: tot= 128; ; 6; 0; 122
I/SurfaceFlinger( 1825): id=1129 Removed idx=1 Map Size=6
I/SurfaceFlinger( 1825): id=1132 Removed idx=1 Map Size=5
I/SurfaceFlinger( 1825): id=1129 Removed idx=-2 Map Size=5
I/SurfaceFlinger( 1825): id=1132 Removed idx=-2 Map Size=5
V/[MyFiles](28398): getBitmap done: tot= 16; ; 0; 0; 16
I/System.out(28398): Not a DRM File, opening notmally
I/System.out(28398): buffer returned 
I/System.out(28398): Not a DRM File, opening notmally
I/System.out(28398): buffer returned 
V/[MyFiles](28398): getBitmap done: tot= 11; ; 0; 0; 11
I/SurfaceFlinger( 1825): id=1133 Removed idx=3 Map Size=4
I/SurfaceFlinger( 1825): id=1133 Removed idx=-2 Map Size=4
I/power   ( 1987): *** release_dvfs_lock : lockType : 1 
D/PowerManagerService( 1987): releaseDVFSLockLocked : all DVFS_MIN_LIMIT are released 
W/ActivityManager( 1987): mDVFSLock.release()
D/MyFiles (28398): MainActivity-onStop
V/MyFiles (28398): AllFile:onStop
I/InputReader( 1987): dispatchTouch::touch event's action is 0 (deviceType=0) [pCnt=1, pending(waiting finished signal)=0]
I/InputDispatcher( 1987): Delivering touch to current input target
I/InputDispatcher( 1987): Delivering touch to current input target
I/InputReader( 1987): dispatchTouch::touch event's action is 1 (deviceType=0) [pCnt=1, pending(waiting finished signal)=0]
I/InputDispatcher( 1987): Delivering touch to current input target
I/InputDispatcher( 1987): Delivering touch to current input target
I/InputReader( 1987): dispatchTouch::touch event's action is 0 (deviceType=0) [pCnt=1, pending(waiting finished signal)=0]
I/InputDispatcher( 1987): Delivering touch to current input target
I/InputDispatcher( 1987): Delivering touch to current input target
E/DataRouter( 1823): usb connection is true 
E/DataRouter( 1823): DSR is ON. Don't send DTR ON.
I/InputReader( 1987): dispatchTouch::touch event's action is 1 (deviceType=0) [pCnt=1, pending(waiting finished signal)=0]
I/InputDispatcher( 1987): Delivering touch to current input target
I/InputDispatcher( 1987): Delivering touch to current input target
I/InputReader( 1987): dispatchTouch::touch event's action is 0 (deviceType=0) [pCnt=1, pending(waiting finished signal)=0]
I/InputDispatcher( 1987): Delivering touch to current input target
I/InputDispatcher( 1987): Delivering touch to current input target
I/InputReader( 1987): dispatchTouch::touch event's action is 1 (deviceType=0) [pCnt=1, pending(waiting finished signal)=0]
I/InputDispatcher( 1987): Delivering touch to current input target
I/MyFiles (28398): onClickSoftkey - ITEM_SELECT_MODE:true, mOperation:2
I/MyFiles (28398): setOperationFiles start
I/MyFiles (28398): setOperationFiles finish
I/InputDispatcher( 1987): Delivering touch to current input target
I/MyFiles (28398): FileOperationThread.setPowerWakeLock - SCREEN_DIM_WAKE_LOCK is On.
D/PowerManagerService( 1987): acquireWakeLock flags=0x6 tag=MyFiles-FileOperation uid=10059 pid=28398   myUID=1000 myPID=1987 myTID=2221
D/BootReceiver(27051): MEDIA_THUMBWORKER_SUSPEND action received!
D/CacheService(27051): CacheService End! ( existingThread null )
I/MyFiles (28398): managed - delete start
I/MyFiles (28398): managed - delete finish
I/MyFiles (28398): FileOperationThread.releasePowerWakeLock - SCREEN_DIM_WAKE_LOCK is Off.
D/PowerManagerService( 1987): releaseWakeLockLocked flags=0x0 tag=MyFiles-FileOperation myUID=1000 myPID=1987 myTID=8963
I/ActivityManager( 1987): Start proc app.processName for broadcast hostingNameStr: pid=28468 uid=10088 gids={3003}
I/SurfaceFlinger( 1825): id=1135(8) createSurface 0x4cc0c (1x1),1 flag=0
V/MyFiles (28398): Managed:onPause
V/[MyFiles](28398): ThumbnailUpdateThread - Stopping update here image-thumbnail-manager
V/[MyFiles](28398): ImageLoader.stop 1 threads
I/power   ( 1987): *** acquire_dvfs_lock : lockType : 1  freq : 1200000 
D/PowerManagerService( 1987): acquireDVFSLockLocked : type : DVFS_MIN_LIMIT  frequency : 1200000  uid : 1000  pid : 1987  tag : ActivityManager
W/ActivityManager( 1987): mDVFSLock.acquire()
E/[FT]-Server(28468): NetworkStateReceiver :intent: android.intent.action.MEDIA_MOUNTED
E/WifiP2pStateTracker( 1987): getNetworkInfo : NetworkInfo: type: wifi_p2p[], state: UNKNOWN/IDLE, reason: (unspecified), extra: (none), roaming: false, failover: false, isAvailable: false
D/MyFiles (28398): MainActivity-onResume
V/MyFiles (28398): AllFile:onResume
I/MyFiles (28398): refresh!!
I/MyFiles (28398): showWaitProgressDialog true
I/MyFiles (28398): AllFileBrowser-load file list => start
I/MyFiles (28398): AllFileBrowser-load file list => finish
I/ActivityManager( 1987): No longer want app.processName (pid 27739): hidden #26
D/MediaScannerReceiver(26942): Start scanning Internal SD. Set bIsScanningInternalSD = true
D/MediaScannerReceiver(26942): scan - volume : external
V/MediaScannerReceiver(26942): onReceive : action = [android.intent.action.MEDIA_MOUNTED], path = [/mnt/sdcard]
V/MediaScannerReceiver(26942): External SD card's path is set : /mnt/sdcard/external_sd
I/SurfaceFlinger( 1825): id=1136(9) createSurface 0x34504 (480x800),2 flag=400
I/MyFiles (28398): AllFileBrowser-sort after loading => start
I/MyFiles (28398): AllFileBrowser-sort after loading => finish
I/SurfaceFlinger( 1825): id=1137(10) createSurface 0x4272c (1x1),1 flag=0
D/MyFiles (28398): Loading handler - start
I/ActivityManager( 1987): Start proc app.processName for broadcast hostingNameStr: pid=28482 uid=10069 gids={3003}
I/[MyFiles](28398): ListAdapter.clearAll
I/MyFiles (28398): AllFileBrowser-updaetAdapter => start
V/[MyFiles](28398): ImageLoader.start() <<<<<<<<<<<<<<<<<<<<<<<<<<<<
I/MyFiles (28398): AllFileBrowser-updaetAdapter => finish
I/MyFiles (28398): showWaitProgressDialog false
D/MyFiles (28398): Loading handler - finish
I/dalvikvm(28482): Turning on JNI app bug workarounds for target SDK version 11...
I/ActivityThread(28482): Pub com.google.android.apps.uploader: com.google.android.apps.uploader.UploadsContentProvider
I/ActivityThread(28482): Pub com.google.photos.provider.Album: com.google.android.apps.uploader.clients.picasa.AlbumProvider
D/MediaUploader(28482): UploaderApplication.onCreate
D/MediaUploader(28482): nonWifiLimit=20971520, default=20971520
I/MediaUploader(28482): No need to wake up
I/ActivityManager( 1987): No longer want app.processName (pid 27892): hidden #26
E/MTPRx   (21231): In MtpReceiverandroid.intent.action.MEDIA_MOUNTED
I/ActivityManager( 1987): Start proc app.processName for broadcast hostingNameStr: pid=28501 uid=10099 gids={3003, 1015, 1023}
I/ActivityThread(28501): Pub com.android.browser;browser: com.android.browser.provider.BrowserProvider2
I/ActivityThread(28501): Pub com.android.browser.home: com.android.browser.homepages.HomeProvider
I/ActivityThread(28501): Pub com.android.browser.snapshots: com.android.browser.provider.SnapshotProvider
E/BrowserMediaChangingReceiver(28501): BrowserMediaChangingReceiver : onReceive
E/BrowserMediaChangingReceiver(28501): onReceive : mounted = %s false
E/BrowserMediaChangingReceiver(28501): onReceive : false mounted = %s true
E/BrowserMediaChangingReceiver(28501): onReceive : ACTION_MEDIA_UNMOUNTED
W/ActivityManager( 1987): Permission denied: checkComponentPermission() owningUid=10070
W/ActivityManager( 1987): Permission Denial: broadcasting Intent { act=android.intent.action.MEDIA_MOUNTED dat=file:///mnt/sdcard flg=0x10 (has extras) } from r.callerPackage (pid=28398, uid=10059) is not exported from uid 10070 due to receiver info.activityInfo.packageName/info.activityInfo.name
I/ActivityManager( 1987): No longer want app.processName (pid 26103): hidden #26
I/SurfaceFlinger( 1825): id=1135 Removed idx=7 Map Size=6
I/SurfaceFlinger( 1825): id=1134 Removed idx=6 Map Size=5
I/SurfaceFlinger( 1825): id=1135 Removed idx=-2 Map Size=5
I/SurfaceFlinger( 1825): id=1134 Removed idx=-2 Map Size=5
I/ActivityManager( 1987): Start proc app.processName for broadcast hostingNameStr: pid=28519 uid=10009 gids={3003, 1015, 1023, 1006}
I/SurfaceFlinger( 1825): id=1137 Removed idx=3 Map Size=4
I/SurfaceFlinger( 1825): id=1137 Removed idx=-2 Map Size=4
I/power   ( 1987): *** release_dvfs_lock : lockType : 1 
D/PowerManagerService( 1987): releaseDVFSLockLocked : all DVFS_MIN_LIMIT are released 
W/ActivityManager( 1987): mDVFSLock.release()
V/MyFiles (28398): Managed:onStop
V/MyFiles (28398): Managed:onDestroy
W/ActivityManager( 1987): Scheduling restart of crashed service r.shortName in 5000ms
D/dalvikvm(28519): GC_CONCURRENT freed 159K, 3% free 9139K/9351K, paused 2ms+2ms
I/ActivityThread(28519): Pub com.google.android.youtube.SuggestionProvider: com.google.android.youtube.core.suggest.SuggestionProvider
D/MediaScannerService(26942): onStartCommand : flags [2], startId [1]
I/MediaScannerService(26942): !@begin of Mediascannerservice
D/MediaScannerService(26942): start scanning volume external: [/mnt/sdcard, /mnt/sdcard/external_sd]
D/MyFiles (28398): MainActivity : BroadcastReceiver - android.intent.action.MEDIA_SCANNER_STARTED
D/MediaScannerService(26942): scan : call scanner.scanDirectories - directories : [/mnt/sdcard, /mnt/sdcard/external_sd]
D/MediaScanner(26942): prescan enter
D/dalvikvm(28398): GC_CONCURRENT freed 657K, 10% free 11442K/12615K, paused 1ms+2ms
V/[MyFiles](28398): getBitmap done: tot= 169; ; 15; 0; 154
I/System.out(28398): Not a DRM File, opening notmally
I/System.out(28398): buffer returned 
I/System.out(28398): Not a DRM File, opening notmally
I/System.out(28398): buffer returned 
D/dalvikvm(28398): GC_FOR_ALLOC freed 241K, 11% free 11271K/12615K, paused 16ms
I/dalvikvm-heap(28398): Grow heap (frag case) to 11.535MB for 499408-byte allocation
I/ApplicationPolicy( 1987): getActualApplicationStateEnabled() : true
D/STATUSBAR-NetworkController( 2131): onSignalStrengthsChanged signalStrength=SignalStrength: 11 -1 -1 -1 -1 -1 -1 -1 -1 -1 -1 -1 gsm|lte 4 level=4
D/dalvikvm(26942): GC_CONCURRENT freed 178K, 15% free 9379K/10951K, paused 2ms+2ms
I/ApplicationPolicy( 1987): getActualApplicationStateEnabled() : true
D/dalvikvm(26942): GC_CONCURRENT freed 78K, 11% free 9752K/10951K, paused 1ms+2ms
E/DataRouter( 1823): usb connection is true 
E/DataRouter( 1823): DSR is ON. Don't send DTR ON.
D/dalvikvm(14344): GC_EXPLICIT freed 212K, 6% free 10054K/10695K, paused 1ms+4ms
D/dalvikvm(28519): GC_CONCURRENT freed 286K, 5% free 9280K/9671K, paused 2ms+1ms
W/CursorWrapperInner(28519): Cursor finalized without prior close()
D/dalvikvm(26942): GC_CONCURRENT freed 28K, 8% free 10130K/10951K, paused 1ms+2ms
D/MediaScanner(26942): prescan return
D/MediaScanner(26942): scanDirectory [#1/2]  /mnt/sdcard
D/MediaScanner(26942): Skip External SD card directory while scanning Internal SD card (/mnt/sdcard/external_sd)
D/MediaScanner(26942): Skip usbStorage folder (/mnt/sdcard/usbStorage)
D/MediaScanner(26942): Skip image thumbnail folder (/mnt/sdcard/DCIM/.thumbnails)
