E/DataRouter( 1823): usb connection is true 
E/DataRouter( 1823): InvokeOemRequestHookRaw usbstatus true is failure 4
E/DataRouter( 1823): usb connection is true 
E/DataRouter( 1823): InvokeOemRequestHookRaw usbstatus true is failure 4
D/dalvikvm(19610): GC_CONCURRENT freed 390K, 6% free 10095K/10695K, paused 3ms+8ms
D/STATUSBAR-NetworkController( 2130): onReceive() - RSSI_CHANGED_ACTION, WIFI_STATE, NETWORK_STATE
E/DataRouter( 1823): usb connection is true 
E/DataRouter( 1823): InvokeOemRequestHookRaw usbstatus true is failure 4
E/AlarmManagerService( 1986): android_server_AlarmManagerService_set to type=2, 129321.559000000
E/DataRouter( 1823): usb connection is true 
E/DataRouter( 1823): InvokeOemRequestHookRaw usbstatus true is failure 4
D/STATUSBAR-NetworkController( 2130): onSignalStrengthsChanged signalStrength=SignalStrength: 12 -1 -1 -1 -1 -1 -1 -1 -1 -1 -1 -1 gsm|lte 4 level=4
E/DataRouter( 1823): usb connection is true 
E/DataRouter( 1823): InvokeOemRequestHookRaw usbstatus true is failure 4
E/DataRouter( 1823): usb connection is true 
E/DataRouter( 1823): InvokeOemRequestHookRaw usbstatus true is failure 4
E/DataRouter( 1823): usb connection is true 
E/DataRouter( 1823): InvokeOemRequestHookRaw usbstatus true is failure 4
E/DataRouter( 1823): usb connection is true 
E/DataRouter( 1823): InvokeOemRequestHookRaw usbstatus true is failure 4
D/SocialHubService(19279): [ContactCache] onChange() >> Contact Provider is changed!! self - false
E/DataRouter( 1823): usb connection is true 
E/DataRouter( 1823): InvokeOemRequestHookRaw usbstatus true is failure 4
E/DataRouter( 1823): usb connection is true 
E/DataRouter( 1823): InvokeOemRequestHookRaw usbstatus true is failure 4
D/STATUSBAR-NetworkController( 2130): onReceive() - RSSI_CHANGED_ACTION, WIFI_STATE, NETWORK_STATE
E/DataRouter( 1823): usb connection is true 
E/DataRouter( 1823): InvokeOemRequestHookRaw usbstatus true is failure 4
D/STATUSBAR-NetworkController( 2130): onReceive() - RSSI_CHANGED_ACTION, WIFI_STATE, NETWORK_STATE
E/DataRouter( 1823): usb connection is true 
E/DataRouter( 1823): InvokeOemRequestHookRaw usbstatus true is failure 4
D/PowerManagerService( 1986): onSensorChanged: light value: 10
E/DataRouter( 1823): usb connection is true 
E/DataRouter( 1823): InvokeOemRequestHookRaw usbstatus true is failure 4
D/AndroidRuntime(19686): 
D/AndroidRuntime(19686): >>>>>> AndroidRuntime START com.android.internal.os.RuntimeInit <<<<<<
D/AndroidRuntime(19686): CheckJNI is OFF
D/AndroidRuntime(19686): setted country_code = UK
D/AndroidRuntime(19686): setted sales_code = O2U
D/AndroidRuntime(19686): found sales_code tag = <O2U>, </O2U> 
D/STATUSBAR-NetworkController( 2130): onReceive() - RSSI_CHANGED_ACTION, WIFI_STATE, NETWORK_STATE
D/LibQmg_native(19686): register_android_app_LibQmg
D/AndroidRuntime(19686): Calling main entry com.android.commands.pm.Pm
I/PackageManager( 1986): Removing non-system package:com.spotting.havewant
I/ActivityManager( 1986): Force stopping package com.spotting.havewant uid=10038
I/ActivityManager( 1986): Killing proc 19610:com.spotting.havewant/10038: force stop
W/ActivityManager( 1986): Force removing r: app died, no saved state
I/SurfaceFlinger( 1825): id=671 Removed idx=1 Map Size=3
I/Launcher( 2336): onRestart. Launcher: 41b2f808
I/Launcher( 2336): onResume. Launcher: 41b2f808, mIsNewIntent: false
D/Launcher( 2336): It's live wallpaper. suggestDesiredDimensions() with SPAN 2
I/SurfaceFlinger( 1825): id=673(89) createSurface 0x3342c (480x762),1 flag=0
I/SurfaceFlinger( 1825): id=674(90) createSurface 0x3f14c (480x800),1 flag=0
I/Launcher( 2336): onWindowFocusChanged(true)
D/DigitalClock(16877): DigitalClockAppWidgetService. action :  sec.android.intent.action.HOME_RESUME
D/DigitalClock(16877): DigitalClockAppWidget. : updateClock =  [I@4152aec0
D/DigitalClock(16877): DigitalClockAppWidget. : drawMinute mm1_ 3mm2_9
W/WindowManager( 1986): Rebuild removed 4 windows but added 3
D/DigitalClock(16877): DigitalClockAppWidget.onReceive : ACTION_HOME_RESUME is called!!
D/DigitalClock(16877): DigitalClockAppWidget. : updateClock =  [I@4152d258
W/WindowManager( 1986): This window was lost: Window{41c245c8 com.spotting.havewant/com.spotting.havewant.HaveWant paused=false}
W/WindowManager( 1986): mSession=Session{422279b8 uid 10038} mClient=android.os.BinderProxy@42352258
W/WindowManager( 1986): mAttrs=WM.LayoutParams{(0,0)(fillxfill) sim=#10 ty=1 fl=#810900 pfl=0x8 wanim=0x1030292}
W/WindowManager( 1986): Requested w=480 h=800 mLayoutSeq=5682
W/WindowManager( 1986): mBaseLayer=21000 mSubLayer=0 mAnimLayer=21020+0=21020 mLastLayer=21020
W/WindowManager( 1986): mToken=AppWindowToken{41cce960 token=Token{420faed0 ActivityRecord{422272b0 com.spotting.havewant/.HaveWant}}}
W/WindowManager( 1986): mRootToken=AppWindowToken{41cce960 token=Token{420faed0 ActivityRecord{422272b0 com.spotting.havewant/.HaveWant}}}
W/WindowManager( 1986): mAppToken=AppWindowToken{41cce960 token=Token{420faed0 ActivityRecord{422272b0 com.spotting.havewant/.HaveWant}}}
W/WindowManager( 1986): mViewVisibility=0x8 mLastHidden=true mHaveFrame=true mObscured=false
W/WindowManager( 1986): mSeq=0 mSystemUiVisibility=0x0
W/WindowManager( 1986): mGivenContentInsets=[0,0][0,0] mGivenVisibleInsets=[0,0][0,0]
W/WindowManager( 1986): mConfiguration={1.0 234mcc10mnc en_GB layoutdir=0 sw320dp w320dp h508dp nrml long port finger -keyb/v/h -nav/h s.5 FlipFont=0}
W/WindowManager( 1986): mShownFrame=[0.0,0.0][480.0,800.0]
W/WindowManager( 1986): mFrame=[0,0][480,800] last=[0,0][480,800]
W/WindowManager( 1986): mContainingFrame=[0,0][480,800] mParentFrame=[0,0][480,800] mDisplayFrame=[0,0][480,800]
W/WindowManager( 1986): mContentFrame=[0,38][480,800] mVisibleFrame=[0,38][480,800]
W/WindowManager( 1986): mContentInsets=[0,38][0,0] last=[0,38][0,0] mVisibleInsets=[0,38][0,0] last=[0,38][0,0]
W/WindowManager( 1986): mDrawPending=false mCommitDrawPending=false mReadyToShow=false mHasDrawn=true
W/WindowManager( 1986): Current app token list:
W/WindowManager( 1986): Final window list:
D/DigitalClock(16877): DigitalClockAppWidget. : drawMinute mm1_ 3mm2_9
I/SurfaceFlinger( 1825): id=671 Removed idx=-2 Map Size=5
I/WindowManager( 1986): WIN DEATH: win
D/dalvikvm( 2336): GC_FOR_ALLOC freed 1119K, 18% free 25436K/30919K, paused 35ms
D/PowerManagerService( 1986): onSensorChanged: light value: 10
I/PhotoAppWidgetProvider(17561): onReceive
I/PhotoAppWidgetProvider(17561): RestartSlideShow
I/ActivityManager( 1986): Force stopping package com.spotting.havewant uid=10038
D/PhotoDatabaseHelper(17561): getWidgetIdList query count : 0
D/PhotoAppWidgetProvider(17561): onReceive End
D/dalvikvm( 2336): GC_EXPLICIT freed 2291K, 21% free 24582K/30919K, paused 2ms+6ms
D/dalvikvm( 2421): GC_EXPLICIT freed 567K, 8% free 9458K/10247K, paused 1ms+11ms
D/Launcher.LauncherModel( 2336): application intent received: android.intent.action.PACKAGE_REMOVED, replacing=false
D/Launcher.LauncherModel( 2336):   --> package:com.spotting.havewant
D/Launcher.LauncherModel( 2336):   --> remove package
D/Launcher.LauncherModel( 2336): removePackageUi. mApplicationsAdapter: 1101073816
I/DebugDb ( 2336): Adater pointer com.sec.android.app.twlauncher.ApplicationsAdapter@41a10d98 93
I/DebugDb ( 2336): Dump Adapter 92 com.sec.android.app.twlauncher.ApplicationInfo OS Monitor -1 6 4 115|-1|-1|-1|-1|0 com.sec.android.app.twlauncher.ApplicationInfo@41cceb08
I/DebugDb ( 2336): Dump Adapter 91 com.sec.android.app.twlauncher.ApplicationInfo O2 -1 6 3 114|-1|-1|-1|-1|0 com.sec.android.app.twlauncher.ApplicationInfo@4219a400
I/DebugDb ( 2336): Dump Adapter 90 com.sec.android.app.twlauncher.ApplicationInfo NatWest -1 6 2 110|-1|-1|-1|-1|0 com.sec.android.app.twlauncher.ApplicationInfo@41ed65f0
I/DebugDb ( 2336): Dump Adapter 89 com.sec.android.app.twlauncher.ApplicationInfo Facebook -1 2 12 60|-1|-1|-1|-1|0 com.sec.android.app.twlauncher.ApplicationInfo@42272628
I/DebugDb ( 2336): Dump Adapter 88 com.sec.android.app.twlauncher.ApplicationInfo Songbird -1 5 8 94|-1|-1|-1|-1|0 com.sec.android.app.twlauncher.ApplicationInfo@42274230
I/DebugDb ( 2336): Dump Adapter 87 com.sec.android.app.twlauncher.ApplicationInfo jQuery Mobile docs -1 6 1 107|-1|-1|-1|-1|0 com.sec.android.app.twlauncher.ApplicationInfo@42101ea0
I/DebugDb ( 2336): Dump Adapter 86 com.sec.android.app.twlauncher.ApplicationInfo Dropbox -1 2 10 64|-1|-1|-1|-1|0 com.sec.android.app.twlauncher.ApplicationInfo@41ee0668
I/DebugDb ( 2336): Dump Adapter 85 com.sec.android.app.twlauncher.ApplicationInfo PG API JQM -1 6 0 106|-1|-1|-1|-1|0 com.sec.android.app.twlauncher.ApplicationInfo@41a9d360
I/DebugDb ( 2336): Dump Adapter 84 com.sec.android.app.twlauncher.ApplicationInfo SwiftKey 3 -1 5 9 97|-1|-1|-1|-1|0 com.sec.android.app.twlauncher.ApplicationInfo@41edf728
I/DebugDb ( 2336): Dump Adapter 83 com.sec.android.app.twlauncher.ApplicationInfo Angry Birds -1 2 7 69|-1|-1|-1|-1|0 com.sec.android.app.twlauncher.ApplicationInfo@41edd6b8
I/DebugDb ( 2336): Dump Adapter 82 com.sec.android.app.twlauncher.ApplicationInfo UberHype -1 5 2 86|-1|-1|-1|-1|0 com.sec.android.app.twlauncher.ApplicationInfo@414faaf8
I/DebugDb ( 2336): Dump Adapter 81 com.sec.android.app.twlauncher.ApplicationInfo Hubroid -1 4 12 83|-1|-1|-1|-1|0 com.sec.android.app.twlauncher.ApplicationInfo@41ec5d90
I/DebugDb ( 2336): Dump Adapter 80 com.sec.android.app.twlauncher.ApplicationInfo Analytics -1 4 11 82|-1|-1|-1|-1|0 com.sec.android.app.twlauncher.ApplicationInfo@420f7c80
I/DebugDb ( 2336): Dump Adapter 79 com.sec.android.app.twlauncher.ApplicationInfo Chess Free -1 2 9 66|-1|-1|-1|-1|0 com.sec.android.app.twlauncher.ApplicationInfo@4210b8d0
I/DebugDb ( 2336): Dump Adapter 78 com.sec.android.app.twlauncher.ApplicationInfo German -1 5 6 92|-1|-1|-1|-1|0 com.sec.android.app.twlauncher.ApplicationInfo@420c33e0
I/DebugDb ( 2336): Dump Adapter 77 com.sec.android.app.twlauncher.ApplicationInfo Flashlight -1 5 11 100|-1|-1|-1|-1|0 com.sec.android.app.twlauncher.ApplicationInfo@41aa2c10
I/DebugDb ( 2336): Dump Adapter 76 com.sec.android.app.twlauncher.ApplicationInfo WellFTP Server -1 5 12 103|-1|-1|-1|-1|0 com.sec.android.app.twlauncher.ApplicationInfo@42109240
I/DebugDb ( 2336): Dump Adapter 75 com.sec.android.app.twlauncher.ApplicationInfo Twitter -1 4 3 61|-1|-1|-1|-1|0 com.sec.android.app.twlauncher.ApplicationInfo@420ef9d0
I/DebugDb ( 2336): Dump Adapter 74 com.sec.android.app.twlauncher.ApplicationInfo Ant Build -1 5 13 104|-1|-1|-1|-1|0 com.sec.android.app.twlauncher.ApplicationInfo@41a958c8
I/DebugDb ( 2336): Dump Adapter 73 com.sec.android.app.twlauncher.ApplicationInfo oDesk -1 5 1 85|-1|-1|-1|-1|0 com.sec.android.app.twlauncher.ApplicationInfo@41aa2da0
I/DebugDb ( 2336): Dump Adapter 72 com.sec.android.app.twlauncher.ApplicationInfo Polaris Office -1 2 6 42|-1|-1|-1|-1|0 com.sec.android.app.twlauncher.ApplicationInfo@42109100
I/DebugDb ( 2336): Dump Adapter 71 com.sec.android.app.twlauncher.ApplicationInfo Battery -1 5 10 99|-1|-1|-1|-1|0 com.sec.android.app.twlauncher.ApplicationInfo@42185880
I/DebugDb ( 2336): Dump Adapter 70 com.sec.android.app.twlauncher.ApplicationInfo Voice command -1 1 7 28|-1|-1|-1|-1|0 com.sec.android.app.twlauncher.ApplicationInfo@41aa2800
I/DebugDb ( 2336): Dump Adapter 69 com.sec.android.app.twlauncher.ApplicationInfo Freelancer -1 5 0 84|-1|-1|-1|-1|0 com.sec.android.app.twlauncher.ApplicationInfo@420fd440
I/DebugDb ( 2336): Dump Adapter 68 com.sec.android.app.twlauncher.ApplicationInfo WhatsApp -1 4 4 59|-1|-1|-1|-1|0 com.sec.android.app.twlauncher.ApplicationInfo@42109870
I/DebugDb ( 2336): Dump Adapter 67 com.sec.android.app.twlauncher.ApplicationInfo TED -1 4 1 67|-1|-1|-1|-1|0 com.sec.android.app.twlauncher.ApplicationInfo@421969f0
I/DebugDb ( 2336): Dump Adapter 66 com.sec.android.app.twlauncher.ApplicationInfo Foursquare -1 5 7 93|-1|-1|-1|-1|0 com.sec.android.app.twlauncher.ApplicationInfo@42196640
I/DebugDb ( 2336): Dump Adapter 65 com.sec.android.app.twlauncher.ApplicationInfo Football SC -1 4 8 78|-1|-1|-1|-1|0 com.sec.android.app.twlauncher.ApplicationInfo@41a94128
I/DebugDb ( 2336): Dump Adapter 64 com.sec.android.app.twlauncher.ApplicationInfo Nearest Stops -1 4 9 79|-1|-1|-1|-1|0 com.sec.android.app.twlauncher.ApplicationInfo@41a96880
I/DebugDb ( 2336): Dump Adapter 63 com.sec.android.app.twlauncher.ApplicationInfo London Travel -1 3 1 72|-1|-1|-1|-1|0 com.sec.android.app.twlauncher.ApplicationInfo@421854f0
I/DebugDb ( 2336): Dump Adapter 62 com.sec.android.app.twlauncher.ApplicationInfo Pulse -1 3 8 70|-1|-1|-1|-1|0 com.sec.android.app.twlauncher.ApplicationInfo@42195560
I/DebugDb ( 2336): Dump Adapter 61 com.sec.android.app.twlauncher.ApplicationInfo TED Air -1 4 2 68|-1|-1|-1|-1|0 com.sec.android.app.twlauncher.ApplicationInfo@420fd508
I/DebugDb ( 2336): Dump Adapter 60 com.sec.android.app.twlauncher.ApplicationInfo Photo editor -1 1 12 33|-1|-1|-1|-1|0 com.sec.android.app.twlauncher.ApplicationInfo@42100388
I/DebugDb ( 2336): Dump Adapter 59 com.sec.android.app.twlauncher.ApplicationInfo Skype -1 3 11 62|-1|-1|-1|-1|0 com.sec.android.app.twlauncher.ApplicationInfo@421099a0
I/DebugDb ( 2336): Dump Adapter 58 com.sec.android.app.twlauncher.ApplicationInfo GNotes -1 4 10 80|-1|-1|-1|-1|0 com.sec.android.app.twlauncher.ApplicationInfo@421847c8
I/DebugDb ( 2336): Dump Adapter 57 com.sec.android.app.twlauncher.ApplicationInfo Currency -1 5 5 90|-1|-1|-1|-1|0 com.sec.android.app.twlauncher.ApplicationInfo@42194d90
I/DebugDb ( 2336): Dump Adapter 56 com.sec.android.app.twlauncher.ApplicationInfo Path -1 4 7 77|-1|-1|-1|-1|0 com.sec.android.app.twlauncher.ApplicationInfo@420f5ee0
I/DebugDb ( 2336): Dump Adapter 55 com.sec.android.app.twlauncher.ApplicationInfo LT Free -1 3 2 71|-1|-1|-1|-1|0 com.sec.android.app.twlauncher.ApplicationInfo@41a9b978
I/DebugDb ( 2336): Dump Adapter 54 com.sec.android.app.twlauncher.ApplicationInfo LastPass -1 3 0 65|-1|-1|-1|-1|0 com.sec.android.app.twlauncher.ApplicationInfo@420f5ae8
I/DebugDb ( 2336): Dump Adapter 53 com.sec.android.app.twlauncher.ApplicationInfo Amazon Kindle -1 5 3 87|-1|-1|-1|-1|0 com.sec.android.app.twlauncher.ApplicationInfo@420d90d8
I/DebugDb ( 2336): Dump Adapter 52 com.sec.android.app.twlauncher.ApplicationInfo Samsung Hub -1 3 9 58|-1|-1|-1|-1|0 com.sec.android.app.twlauncher.ApplicationInfo@42101218
I/DebugDb ( 2336): Dump Adapter 51 com.sec.android.app.twlauncher.ApplicationInfo Navigation -1 1 6 27|-1|-1|-1|-1|0 com.sec.android.app.twlauncher.ApplicationInfo@41a96328
I/RegisteredComponentCache( 2321): ComponentInfo: ResolveInfo{41559f98 com.android.apps.tag.TagViewer p=0 o=0 m=0x108000}, techs: android.nfc.tech.Ndef, 
I/DebugDb ( 2336): Dump Adapter 50 com.sec.android.app.twlauncher.ApplicationInfo Local -1 1 10 31|-1|-1|-1|-1|0 com.sec.android.app.twlauncher.ApplicationInfo@42109358
I/DebugDb ( 2336): Dump Adapter 49 com.sec.android.app.twlauncher.ApplicationInfo Messenger -1 3 3 49|-1|-1|-1|-1|0 com.sec.android.app.twlauncher.ApplicationInfo@420fd818
I/DebugDb ( 2336): Dump Adapter 48 com.sec.android.app.twlauncher.ApplicationInfo Google+ -1 2 14 48|-1|-1|-1|-1|0 com.sec.android.app.twlauncher.ApplicationInfo@420eddc0
I/DebugDb ( 2336): Dump Adapter 47 com.sec.android.app.twlauncher.ApplicationInfo O2 Priority Moments -1 3 4 57|-1|-1|-1|-1|0 com.sec.android.app.twlauncher.ApplicationInfo@420e1808
I/DebugDb ( 2336): Dump Adapter 46 com.sec.android.app.twlauncher.ApplicationInfo Kies air -1 1 3 23|-1|-1|-1|-1|0 com.sec.android.app.twlauncher.ApplicationInfo@420f0340
I/DebugDb ( 2336): Dump Adapter 45 com.sec.android.app.twlauncher.ApplicationInfo Play Books -1 3 7 52|-1|-1|-1|-1|0 com.sec.android.app.twlauncher.ApplicationInfo@420effe0
I/DebugDb ( 2336): Dump Adapter 44 com.sec.android.app.twlauncher.ApplicationInfo eBay -1 2 11 54|-1|-1|-1|-1|0 com.sec.android.app.twlauncher.ApplicationInfo@41a9c630
I/DebugDb ( 2336): Dump Adapter 43 com.sec.android.app.twlauncher.ApplicationInfo Samsung Apps -1 2 1 37|-1|-1|-1|-1|0 com.sec.android.app.twlauncher.ApplicationInfo@420f3260
I/DebugDb ( 2336): Dump Adapter 42 com.sec.android.app.twlauncher.ApplicationInfo Flash Player Settings -1 2 13 56|-1|-1|-1|-1|0 com.sec.android.app.twlauncher.ApplicationInfo@42103a20
I/DebugDb ( 2336): Dump Adapter 41 com.sec.android.app.twlauncher.ApplicationInfo O2 Space -1 3 5 55|-1|-1|-1|-1|0 com.sec.android.app.twlauncher.ApplicationInfo@420eefb8
I/DebugDb ( 2336): Dump Adapter 40 com.sec.android.app.twlauncher.ApplicationInfo BBC iPlayer -1 2 8 53|-1|-1|-1|-1|0 com.sec.android.app.twlauncher.ApplicationInfo@416acfc0
I/DebugDb ( 2336): Dump Adapter 39 com.sec.android.app.twlauncher.ApplicationInfo Voice recorder -1 1 8 29|-1|-1|-1|-1|0 com.sec.android.app.twlauncher.ApplicationInfo@420f5538
I/DebugDb ( 2336): Dump Adapter 38 com.sec.android.app.twlauncher.ApplicationInfo Video Player -1 1 1 21|-1|-1|-1|-1|0 com.sec.android.app.twlauncher.ApplicationInfo@41a9df08
I/DebugDb ( 2336): Dump Adapter 37 com.sec.android.app.twlauncher.ApplicationInfo Video maker -1 1 13 34|-1|-1|-1|-1|0 com.sec.android.app.twlauncher.ApplicationInfo@420f8228
I/DebugDb ( 2336): Dump Adapter 36 com.sec.android.app.twlauncher.ApplicationInfo Calculator -1 2 0 36|-1|-1|-1|-1|0 com.sec.android.app.twlauncher.ApplicationInfo@420fb0e8
I/DebugDb ( 2336): Dump Adapter 35 com.sec.android.app.twlauncher.ApplicationInfo Tags -1 4 0 51|-1|-1|-1|-1|0 com.sec.android.app.twlauncher.ApplicationInfo@420ee140
I/DebugDb ( 2336): Dump Adapter 34 com.sec.android.app.twlauncher.ApplicationInfo Social Hub -1 0 12 16|-1|-1|-1|-1|0 com.sec.android.app.twlauncher.ApplicationInfo@420f0968
I/DebugDb ( 2336): Dump Adapter 33 com.sec.android.app.twlauncher.ApplicationInfo Downloads -1 1 11 32|-1|-1|-1|-1|0 com.sec.android.app.twlauncher.ApplicationInfo@420eb2d0
I/DebugDb ( 2336): Dump Adapter 32 com.sec.android.app.twlauncher.ApplicationInfo Readers Hub -1 0 14 18|-1|-1|-1|-1|0 com.sec.android.app.twlauncher.ApplicationInfo@41f6a630
I/DebugDb ( 2336): Dump Adapter 31 com.sec.android.app.twlauncher.ApplicationInfo My files -1 1 0 20|-1|-1|-1|-1|0 com.sec.android.app.twlauncher.ApplicationInfo@41a8a458
I/DebugDb ( 2336): Dump Adapter 30 com.sec.android.app.twlauncher.ApplicationInfo Music Hub -1 0 13 17|-1|-1|-1|-1|0 com.sec.android.app.twlauncher.ApplicationInfo@420fbfc8
I/DebugDb ( 2336): Dump Adapter 29 com.sec.android.app.twlauncher.ApplicationInfo Mini diary -1 1 14 35|-1|-1|-1|-1|0 com.sec.android.app.twlauncher.ApplicationInfo@420eb618
I/DebugDb ( 2336): Dump Adapter 28 com.sec.android.app.twlauncher.ApplicationInfo Search -1 0 9 13|-1|-1|-1|-1|0 com.sec.android.app.twlauncher.ApplicationInfo@420e9eb8
I/DebugDb ( 2336): Dump Adapter 27 com.sec.android.app.twlauncher.ApplicationInfo News & Weather -1 2 2 38|-1|-1|-1|-1|0 com.sec.android.app.twlauncher.ApplicationInfo@420ed898
I/DebugDb ( 2336): Dump Adapter 26 com.sec.android.app.twlauncher.ApplicationInfo Game Hub -1 0 15 19|-1|-1|-1|-1|0 com.sec.android.app.twlauncher.ApplicationInfo@420d2f08
I/DebugDb ( 2336): Dump Adapter 25 com.sec.android.app.twlauncher.ApplicationInfo Gallery -1 0 8 12|-1|-1|-1|-1|0 com.sec.android.app.twlauncher.ApplicationInfo@420e9950
I/DebugDb ( 2336): Dump Adapter 24 com.sec.android.app.twlauncher.ApplicationInfo FM radio -1 2 4 40|-1|-1|-1|-1|0 com.sec.android.app.twlauncher.ApplicationInfo@41aa5440
I/DebugDb ( 2336): Dump Adapter 23 com.sec.android.app.twlauncher.ApplicationInfo AllShare -1 1 2 22|-1|-1|-1|-1|0 com.sec.android.app.twlauncher.ApplicationInfo@41a9c9b0
I/DebugDb ( 2336): Dump Adapter 22 com.sec.android.app.twlauncher.ApplicationInfo Clock -1 0 0 4|-1|-1|-1|-1|0 com.sec.android.app.twlauncher.ApplicationInfo@41a92ac0
I/DebugDb ( 2336): Dump Adapter 21 com.sec.android.app.twlauncher.ApplicationInfo RunDouble -1 5 4 89|-1|-1|-1|-1|0 com.sec.android.app.twlauncher.ApplicationInfo@420d2468
I/DebugDb ( 2336): Dump Adapter 20 com.sec.android.app.twlauncher.ApplicationInfo Voice talk -1 1 9 30|-1|-1|-1|-1|0 com.sec.android.app.twlauncher.ApplicationInfo@41a11100
I/DebugDb ( 2336): Dump Adapter 19 com.sec.android.app.twlauncher.ApplicationInfo Opera Mobile -1 3 6 45|-1|-1|-1|-1|0 com.sec.android.app.twlauncher.ApplicationInfo@420e9770
I/DebugDb ( 2336): Dump Adapter 18 com.sec.android.app.twlauncher.ApplicationInfo Shazam -1 3 10 47|-1|-1|-1|-1|0 com.sec.android.app.twlauncher.ApplicationInfo@420f7188
I/DebugDb ( 2336): Dump Adapter 17 com.sec.android.app.twlauncher.ApplicationInfo Maps -1 0 5 9|-1|-1|-1|-1|0 com.sec.android.app.twlauncher.ApplicationInfo@420f3198
I/DebugDb ( 2336): Dump Adapter 16 com.sec.android.app.twlauncher.ApplicationInfo Play Store -1 0 10 14|-1|-1|-1|-1|0 com.sec.android.app.twlauncher.ApplicationInfo@41f61628
I/DebugDb ( 2336): Dump Adapter 15 com.sec.android.app.twlauncher.ApplicationInfo YouTube -1 4 5 43|-1|-1|-1|-1|0 com.sec.android.app.twlauncher.ApplicationInfo@420fc110
I/DebugDb ( 2336): Dump Adapter 14 com.sec.android.app.twlauncher.ApplicationInfo Play Movies -1 4 6 76|-1|-1|-1|-1|0 com.sec.android.app.twlauncher.ApplicationInfo@420e94b8
I/DebugDb ( 2336): Dump Adapter 13 com.sec.android.app.twlauncher.ApplicationInfo Gmail -1 0 7 11|-1|-1|-1|-1|0 com.sec.android.app.twlauncher.ApplicationInfo@41bd6e80
I/DebugDb ( 2336): Dump Adapter 12 com.sec.android.app.twlauncher.ApplicationInfo Calendar -1 0 1 5|-1|-1|-1|-1|0 com.sec.android.app.twlauncher.ApplicationInfo@41aa51b8
I/DebugDb ( 2336): Dump Adapter 11 com.sec.android.app.twlauncher.ApplicationInfo Task -1 1 5 26|-1|-1|-1|-1|0 com.sec.android.app.twlauncher.ApplicationInfo@420eaf38
I/DebugDb ( 2336): Dump Adapter 10 com.sec.android.app.twlauncher.ApplicationInfo Talk -1 1 4 24|-1|-1|-1|-1|0 com.sec.android.app.twlauncher.ApplicationInfo@41f6b588
I/DebugDb ( 2336): Dump Adapter 9 com.sec.android.app.twlauncher.ApplicationInfo Settings -1 0 11 15|-1|-1|-1|-1|0 com.sec.android.app.twlauncher.ApplicationInfo@41f671f0
I/DebugDb ( 2336): Dump Adapter 8 com.sec.android.app.twlauncher.ApplicationInfo Internet -1 0 3 7|-1|-1|-1|-1|0 com.sec.android.app.twlauncher.ApplicationInfo@420fdd70
I/DebugDb ( 2336): Dump Adapter 7 com.sec.android.app.twlauncher.ApplicationInfo Music -1 0 2 6|-1|-1|-1|-1|0 com.sec.android.app.twlauncher.ApplicationInfo@41da0ae8
I/DebugDb ( 2336): Dump Adapter 6 com.sec.android.app.twlauncher.ApplicationInfo Messaging -1 -1 2 3|-1|-1|-1|-1|0 com.sec.android.app.twlauncher.ApplicationInfo@41a9eb10
I/DebugDb ( 2336): Dump Adapter 5 com.sec.android.app.twlauncher.ApplicationInfo Memo -1 2 5 41|-1|-1|-1|-1|0 com.sec.android.app.twlauncher.ApplicationInfo@41a28060
I/DebugDb ( 2336): Dump Adapter 4 com.sec.android.app.twlauncher.ApplicationInfo Task Manager -1 2 3 39|-1|-1|-1|-1|0 com.sec.android.app.twlauncher.ApplicationInfo@41b37c40
I/DebugDb ( 2336): Dump Adapter 3 com.sec.android.app.twlauncher.ApplicationInfo Email -1 0 6 10|-1|-1|-1|-1|0 com.sec.android.app.twlauncher.ApplicationInfo@419f9450
I/DebugDb ( 2336): Dump Adapter 2 com.sec.android.app.twlauncher.ApplicationInfo Contacts -1 -1 1 2|-1|-1|-1|-1|0 com.sec.android.app.twlauncher.ApplicationInfo@414d8fb8
I/DebugDb ( 2336): Dump Adapter 1 com.sec.android.app.twlauncher.ApplicationInfo Phone -1 -1 0 1|-1|-1|-1|-1|0 com.sec.android.app.twlauncher.ApplicationInfo@41a26f78
I/DebugDb ( 2336): Dump Adapter 0 com.sec.android.app.twlauncher.ApplicationInfo Camera -1 0 4 8|-1|-1|-1|-1|0 com.sec.android.app.twlauncher.ApplicationInfo@41b4b660
I/DebugFolder( 2336): Syncing with android.widget.ArrayAdapter@41a283a8
I/DebugFolder( 2336): syncGridView Dumping Added
I/DebugFolder( 2336): syncGridView Dumping Deleted
I/DebugFolder( 2336): syncGridView Dumping Current
I/DebugFolder( 2336): syncGridView Dumping Special
I/DebugPlacement( 2336): ASZ order 0 / com.sec.android.app.twlauncher.ApplicationInfo Phone -1 -1 0 1|-1|-1|-1|-1|0 com.sec.android.app.twlauncher.ApplicationInfo@41a26f78
I/DebugPlacement( 2336): ASZ order 1 / com.sec.android.app.twlauncher.ApplicationInfo Contacts -1 -1 1 2|-1|-1|-1|-1|0 com.sec.android.app.twlauncher.ApplicationInfo@414d8fb8
I/DebugPlacement( 2336): ASZ order 2 / com.sec.android.app.twlauncher.ApplicationInfo Messaging -1 -1 2 3|-1|-1|-1|-1|0 com.sec.android.app.twlauncher.ApplicationInfo@41a9eb10
I/DebugPlacement( 2336): View = com.sec.android.app.twlauncher.MenuItemView@422e1bc8 tag = com.sec.android.app.twlauncher.ApplicationInfo OS Monitor -1 6 4 115|-1|-1|-1|-1|0 com.sec.android.app.twlauncher.ApplicationInfo@41cceb08 Owner = com.sec.android.app.twlauncher.AppMenu@42459a80
I/DebugPlacement( 2336): View = com.sec.android.app.twlauncher.MenuItemView@422a0518 tag = com.sec.android.app.twlauncher.ApplicationInfo O2 -1 6 3 114|-1|-1|-1|-1|0 com.sec.android.app.twlauncher.ApplicationInfo@4219a400 Owner = com.sec.android.app.twlauncher.AppMenu@42459a80
I/DebugPlacement( 2336): View = com.sec.android.app.twlauncher.MenuItemView@4245dac0 tag = com.sec.android.app.twlauncher.ApplicationInfo NatWest -1 6 2 110|-1|-1|-1|-1|0 com.sec.android.app.twlauncher.ApplicationInfo@41ed65f0 Owner = com.sec.android.app.twlauncher.AppMenu@42459a80
I/DebugPlacement( 2336): View = com.sec.android.app.twlauncher.MenuItemView@4245c1c8 tag = com.sec.android.app.twlauncher.ApplicationInfo jQuery Mobile docs -1 6 1 107|-1|-1|-1|-1|0 com.sec.android.app.twlauncher.ApplicationInfo@42101ea0 Owner = com.sec.android.app.twlauncher.AppMenu@42459a80
I/DebugPlacement( 2336): View = com.sec.android.app.twlauncher.MenuItemView@4245aa20 tag = com.sec.android.app.twlauncher.ApplicationInfo PG API JQM -1 6 0 106|-1|-1|-1|-1|0 com.sec.android.app.twlauncher.ApplicationInfo@41a9d360 Owner = com.sec.android.app.twlauncher.AppMenu@42459a80
I/DebugPlacement( 2336): View = com.sec.android.app.twlauncher.MenuItemView@42458328 tag = com.sec.android.app.twlauncher.ApplicationInfo Ant Build -1 5 13 104|-1|-1|-1|-1|0 com.sec.android.app.twlauncher.ApplicationInfo@41a958c8 Owner = com.sec.android.app.twlauncher.AppMenu@42443ff8
I/DebugPlacement( 2336): View = com.sec.android.app.twlauncher.MenuItemView@42456ae0 tag = com.sec.android.app.twlauncher.ApplicationInfo WellFTP Server -1 5 12 103|-1|-1|-1|-1|0 com.sec.android.app.twlauncher.ApplicationInfo@42109240 Owner = com.sec.android.app.twlauncher.AppMenu@42443ff8
I/DebugPlacement( 2336): View = com.sec.android.app.twlauncher.MenuItemView@42455328 tag = com.sec.android.app.twlauncher.ApplicationInfo Flashlight -1 5 11 100|-1|-1|-1|-1|0 com.sec.android.app.twlauncher.ApplicationInfo@41aa2c10 Owner = com.sec.android.app.twlauncher.AppMenu@42443ff8
I/DebugPlacement( 2336): View = com.sec.android.app.twlauncher.MenuItemView@42453b90 tag = com.sec.android.app.twlauncher.ApplicationInfo Battery -1 5 10 99|-1|-1|-1|-1|0 com.sec.android.app.twlauncher.ApplicationInfo@42185880 Owner = com.sec.android.app.twlauncher.AppMenu@42443ff8
I/DebugPlacement( 2336): View = com.sec.android.app.twlauncher.MenuItemView@424523f0 tag = com.sec.android.app.twlauncher.ApplicationInfo SwiftKey 3 -1 5 9 97|-1|-1|-1|-1|0 com.sec.android.app.twlauncher.ApplicationInfo@41edf728 Owner = com.sec.android.app.twlauncher.AppMenu@42443ff8
I/DebugPlacement( 2336): View = com.sec.android.app.twlauncher.MenuItemView@42450c58 tag = com.sec.android.app.twlauncher.ApplicationInfo Songbird -1 5 8 94|-1|-1|-1|-1|0 com.sec.android.app.twlauncher.ApplicationInfo@42274230 Owner = com.sec.android.app.twlauncher.AppMenu@42443ff8
I/DebugPlacement( 2336): View = com.sec.android.app.twlauncher.MenuItemView@4244f4b8 tag = com.sec.android.app.twlauncher.ApplicationInfo Foursquare -1 5 7 93|-1|-1|-1|-1|0 com.sec.android.app.twlauncher.ApplicationInfo@42196640 Owner = com.sec.android.app.twlauncher.AppMenu@42443ff8
I/DebugPlacement( 2336): View = com.sec.android.app.twlauncher.MenuItemView@4244dd38 tag = com.sec.android.app.twlauncher.ApplicationInfo German -1 5 6 92|-1|-1|-1|-1|0 com.sec.android.app.twlauncher.ApplicationInfo@420c33e0 Owner = com.sec.android.app.twlauncher.AppMenu@42443ff8
I/DebugPlacement( 2336): View = com.sec.android.app.twlauncher.MenuItemView@4244c5a0 tag = com.sec.android.app.twlauncher.ApplicationInfo Currency -1 5 5 90|-1|-1|-1|-1|0 com.sec.android.app.twlauncher.ApplicationInfo@42194d90 Owner = com.sec.android.app.twlauncher.AppMenu@42443ff8
I/DebugPlacement( 2336): View = com.sec.android.app.twlauncher.MenuItemView@4244ae08 tag = com.sec.android.app.twlauncher.ApplicationInfo RunDouble -1 5 4 89|-1|-1|-1|-1|0 com.sec.android.app.twlauncher.ApplicationInfo@420d2468 Owner = com.sec.android.app.twlauncher.AppMenu@42443ff8
I/DebugPlacement( 2336): View = com.sec.android.app.twlauncher.MenuItemView@42449650 tag = com.sec.android.app.twlauncher.ApplicationInfo Amazon Kindle -1 5 3 87|-1|-1|-1|-1|0 com.sec.android.app.twlauncher.ApplicationInfo@420d90d8 Owner = com.sec.android.app.twlauncher.AppMenu@42443ff8
I/DebugPlacement( 2336): View = com.sec.android.app.twlauncher.MenuItemView@42447eb8 tag = com.sec.android.app.twlauncher.ApplicationInfo UberHype -1 5 2 86|-1|-1|-1|-1|0 com.sec.android.app.twlauncher.ApplicationInfo@414faaf8 Owner = com.sec.android.app.twlauncher.AppMenu@42443ff8
I/DebugPlacement( 2336): View = com.sec.android.app.twlauncher.MenuItemView@42446738 tag = com.sec.android.app.twlauncher.ApplicationInfo oDesk -1 5 1 85|-1|-1|-1|-1|0 com.sec.android.app.twlauncher.ApplicationInfo@41aa2da0 Owner = com.sec.android.app.twlauncher.AppMenu@42443ff8
I/DebugPlacement( 2336): View = com.sec.android.app.twlauncher.MenuItemView@42444f98 tag = com.sec.android.app.twlauncher.ApplicationInfo Freelancer -1 5 0 84|-1|-1|-1|-1|0 com.sec.android.app.twlauncher.ApplicationInfo@420fd440 Owner = com.sec.android.app.twlauncher.AppMenu@42443ff8
I/DebugPlacement( 2336): View = com.sec.android.app.twlauncher.MenuItemView@42442838 tag = com.sec.android.app.twlauncher.ApplicationInfo Hubroid -1 4 12 83|-1|-1|-1|-1|0 com.sec.android.app.twlauncher.ApplicationInfo@41ec5d90 Owner = com.sec.android.app.twlauncher.AppMenu@4242fdc8
I/DebugPlacement( 2336): View = com.sec.android.app.twlauncher.MenuItemView@42441090 tag = com.sec.android.app.twlauncher.ApplicationInfo Analytics -1 4 11 82|-1|-1|-1|-1|0 com.sec.android.app.twlauncher.ApplicationInfo@420f7c80 Owner = com.sec.android.app.twlauncher.AppMenu@4242fdc8
I/DebugPlacement( 2336): View = com.sec.android.app.twlauncher.MenuItemView@4243f900 tag = com.sec.android.app.twlauncher.ApplicationInfo GNotes -1 4 10 80|-1|-1|-1|-1|0 com.sec.android.app.twlauncher.ApplicationInfo@421847c8 Owner = com.sec.android.app.twlauncher.AppMenu@4242fdc8
I/DebugPlacement( 2336): View = com.sec.android.app.twlauncher.MenuItemView@4243e148 tag = com.sec.android.app.twlauncher.ApplicationInfo Nearest Stops -1 4 9 79|-1|-1|-1|-1|0 com.sec.android.app.twlauncher.ApplicationInfo@41a96880 Owner = com.sec.android.app.twlauncher.AppMenu@4242fdc8
I/DebugPlacement( 2336): View = com.sec.android.app.twlauncher.MenuItemView@4243c9a0 tag = com.sec.android.app.twlauncher.ApplicationInfo Football SC -1 4 8 78|-1|-1|-1|-1|0 com.sec.android.app.twlauncher.ApplicationInfo@41a94128 Owner = com.sec.android.app.twlauncher.AppMenu@4242fdc8
D/com.samsung.app( 7618): [MSC]>>> SCI:345 [0:0] R : secandroidintentactionHOME_RESUME
I/DebugPlacement( 2336): View = com.sec.android.app.twlauncher.MenuItemView@4243b228 tag = com.sec.android.app.twlauncher.ApplicationInfo Path -1 4 7 77|-1|-1|-1|-1|0 com.sec.android.app.twlauncher.ApplicationInfo@420f5ee0 Owner = com.sec.android.app.twlauncher.AppMenu@4242fdc8
I/DebugPlacement( 2336): View = com.sec.android.app.twlauncher.MenuItemView@42439a80 tag = com.sec.android.app.twlauncher.ApplicationInfo Play Movies -1 4 6 76|-1|-1|-1|-1|0 com.sec.android.app.twlauncher.ApplicationInfo@420e94b8 Owner = com.sec.android.app.twlauncher.AppMenu@4242fdc8
I/DebugPlacement( 2336): View = com.sec.android.app.twlauncher.MenuItemView@424382f8 tag = com.sec.android.app.twlauncher.ApplicationInfo YouTube -1 4 5 43|-1|-1|-1|-1|0 com.sec.android.app.twlauncher.ApplicationInfo@420fc110 Owner = com.sec.android.app.twlauncher.AppMenu@4242fdc8
D/com.samsung.app( 7618): [MSC]>>> SCI:351 [0:0] R : no stock widget!!!
I/DebugPlacement( 2336): View = com.sec.android.app.twlauncher.MenuItemView@42436b60 tag = com.sec.android.app.twlauncher.ApplicationInfo WhatsApp -1 4 4 59|-1|-1|-1|-1|0 com.sec.android.app.twlauncher.ApplicationInfo@42109870 Owner = com.sec.android.app.twlauncher.AppMenu@4242fdc8
I/DebugPlacement( 2336): View = com.sec.android.app.twlauncher.MenuItemView@424353d8 tag = com.sec.android.app.twlauncher.ApplicationInfo Twitter -1 4 3 61|-1|-1|-1|-1|0 com.sec.android.app.twlauncher.ApplicationInfo@420ef9d0 Owner = com.sec.android.app.twlauncher.AppMenu@4242fdc8
I/DebugPlacement( 2336): View = com.sec.android.app.twlauncher.MenuItemView@42433c50 tag = com.sec.android.app.twlauncher.ApplicationInfo TED Air -1 4 2 68|-1|-1|-1|-1|0 com.sec.android.app.twlauncher.ApplicationInfo@420fd508 Owner = com.sec.android.app.twlauncher.AppMenu@4242fdc8
I/DebugPlacement( 2336): View = com.sec.android.app.twlauncher.MenuItemView@424324e0 tag = com.sec.android.app.twlauncher.ApplicationInfo TED -1 4 1 67|-1|-1|-1|-1|0 com.sec.android.app.twlauncher.ApplicationInfo@421969f0 Owner = com.sec.android.app.twlauncher.AppMenu@4242fdc8
I/DebugPlacement( 2336): View = com.sec.android.app.twlauncher.MenuItemView@42430d68 tag = com.sec.android.app.twlauncher.ApplicationInfo Tags -1 4 0 51|-1|-1|-1|-1|0 com.sec.android.app.twlauncher.ApplicationInfo@420ee140 Owner = com.sec.android.app.twlauncher.AppMenu@4242fdc8
I/DebugPlacement( 2336): View = com.sec.android.app.twlauncher.MenuItemView@4242e690 tag = com.sec.android.app.twlauncher.ApplicationInfo Skype -1 3 11 62|-1|-1|-1|-1|0 com.sec.android.app.twlauncher.ApplicationInfo@421099a0 Owner = com.sec.android.app.twlauncher.AppMenu@4241d1e8
I/DebugPlacement( 2336): View = com.sec.android.app.twlauncher.MenuItemView@4242cf00 tag = com.sec.android.app.twlauncher.ApplicationInfo Shazam -1 3 10 47|-1|-1|-1|-1|0 com.sec.android.app.twlauncher.ApplicationInfo@420f7188 Owner = com.sec.android.app.twlauncher.AppMenu@4241d1e8
I/DebugPlacement( 2336): View = com.sec.android.app.twlauncher.MenuItemView@4242b758 tag = com.sec.android.app.twlauncher.ApplicationInfo Samsung Hub -1 3 9 58|-1|-1|-1|-1|0 com.sec.android.app.twlauncher.ApplicationInfo@42101218 Owner = com.sec.android.app.twlauncher.AppMenu@4241d1e8
I/DebugPlacement( 2336): View = com.sec.android.app.twlauncher.MenuItemView@42429fd8 tag = com.sec.android.app.twlauncher.ApplicationInfo Pulse -1 3 8 70|-1|-1|-1|-1|0 com.sec.android.app.twlauncher.ApplicationInfo@42195560 Owner = com.sec.android.app.twlauncher.AppMenu@4241d1e8
I/DebugPlacement( 2336): View = com.sec.android.app.twlauncher.MenuItemView@42428838 tag = com.sec.android.app.twlauncher.ApplicationInfo Play Books -1 3 7 52|-1|-1|-1|-1|0 com.sec.android.app.twlauncher.ApplicationInfo@420effe0 Owner = com.sec.android.app.twlauncher.AppMenu@4241d1e8
I/DebugPlacement( 2336): View = com.sec.android.app.twlauncher.MenuItemView@42427088 tag = com.sec.android.app.twlauncher.ApplicationInfo Opera Mobile -1 3 6 45|-1|-1|-1|-1|0 com.sec.android.app.twlauncher.ApplicationInfo@420e9770 Owner = com.sec.android.app.twlauncher.AppMenu@4241d1e8
I/DebugPlacement( 2336): View = com.sec.android.app.twlauncher.MenuItemView@424258f0 tag = com.sec.android.app.twlauncher.ApplicationInfo O2 Space -1 3 5 55|-1|-1|-1|-1|0 com.sec.android.app.twlauncher.ApplicationInfo@420eefb8 Owner = com.sec.android.app.twlauncher.AppMenu@4241d1e8
I/DebugPlacement( 2336): View = com.sec.android.app.twlauncher.MenuItemView@42423ff8 tag = com.sec.android.app.twlauncher.ApplicationInfo O2 Priority Moments -1 3 4 57|-1|-1|-1|-1|0 com.sec.android.app.twlauncher.ApplicationInfo@420e1808 Owner = com.sec.android.app.twlauncher.AppMenu@4241d1e8
I/DebugPlacement( 2336): View = com.sec.android.app.twlauncher.MenuItemView@42422860 tag = com.sec.android.app.twlauncher.ApplicationInfo Messenger -1 3 3 49|-1|-1|-1|-1|0 com.sec.android.app.twlauncher.ApplicationInfo@420fd818 Owner = com.sec.android.app.twlauncher.AppMenu@4241d1e8
I/DebugPlacement( 2336): View = com.sec.android.app.twlauncher.MenuItemView@424210d8 tag = com.sec.android.app.twlauncher.ApplicationInfo LT Free -1 3 2 71|-1|-1|-1|-1|0 com.sec.android.app.twlauncher.ApplicationInfo@41a9b978 Owner = com.sec.android.app.twlauncher.AppMenu@4241d1e8
I/DebugPlacement( 2336): View = com.sec.android.app.twlauncher.MenuItemView@4241f920 tag = com.sec.android.app.twlauncher.ApplicationInfo London Travel -1 3 1 72|-1|-1|-1|-1|0 com.sec.android.app.twlauncher.ApplicationInfo@421854f0 Owner = com.sec.android.app.twlauncher.AppMenu@4241d1e8
I/DebugPlacement( 2336): View = com.sec.android.app.twlauncher.MenuItemView@4241e188 tag = com.sec.android.app.twlauncher.ApplicationInfo LastPass -1 3 0 65|-1|-1|-1|-1|0 com.sec.android.app.twlauncher.ApplicationInfo@420f5ae8 Owner = com.sec.android.app.twlauncher.AppMenu@4241d1e8
I/DebugPlacement( 2336): View = com.sec.android.app.twlauncher.MenuItemView@4241a0f0 tag = com.sec.android.app.twlauncher.ApplicationInfo Google+ -1 2 14 48|-1|-1|-1|-1|0 com.sec.android.app.twlauncher.ApplicationInfo@420eddc0 Owner = com.sec.android.app.twlauncher.AppMenu@424044a8
I/DebugPlacement( 2336): View = com.sec.android.app.twlauncher.MenuItemView@424187e8 tag = com.sec.android.app.twlauncher.ApplicationInfo Flash Player Settings -1 2 13 56|-1|-1|-1|-1|0 com.sec.android.app.twlauncher.ApplicationInfo@42103a20 Owner = com.sec.android.app.twlauncher.AppMenu@424044a8
I/DebugPlacement( 2336): View = com.sec.android.app.twlauncher.MenuItemView@42416fd0 tag = com.sec.android.app.twlauncher.ApplicationInfo Facebook -1 2 12 60|-1|-1|-1|-1|0 com.sec.android.app.twlauncher.ApplicationInfo@42272628 Owner = com.sec.android.app.twlauncher.AppMenu@424044a8
I/DebugPlacement( 2336): View = com.sec.android.app.twlauncher.MenuItemView@42415850 tag = com.sec.android.app.twlauncher.ApplicationInfo eBay -1 2 11 54|-1|-1|-1|-1|0 com.sec.android.app.twlauncher.ApplicationInfo@41a9c630 Owner = com.sec.android.app.twlauncher.AppMenu@424044a8
I/DebugPlacement( 2336): View = com.sec.android.app.twlauncher.MenuItemView@424140b8 tag = com.sec.android.app.twlauncher.ApplicationInfo Dropbox -1 2 10 64|-1|-1|-1|-1|0 com.sec.android.app.twlauncher.ApplicationInfo@41ee0668 Owner = com.sec.android.app.twlauncher.AppMenu@424044a8
I/DebugPlacement( 2336): View = com.sec.android.app.twlauncher.MenuItemView@42412918 tag = com.sec.android.app.twlauncher.ApplicationInfo Chess Free -1 2 9 66|-1|-1|-1|-1|0 com.sec.android.app.twlauncher.ApplicationInfo@4210b8d0 Owner = com.sec.android.app.twlauncher.AppMenu@424044a8
I/DebugPlacement( 2336): View = com.sec.android.app.twlauncher.MenuItemView@42411170 tag = com.sec.android.app.twlauncher.ApplicationInfo BBC iPlayer -1 2 8 53|-1|-1|-1|-1|0 com.sec.android.app.twlauncher.ApplicationInfo@416acfc0 Owner = com.sec.android.app.twlauncher.AppMenu@424044a8
I/DebugPlacement( 2336): View = com.sec.android.app.twlauncher.MenuItemView@4240f9c8 tag = com.sec.android.app.twlauncher.ApplicationInfo Angry Birds -1 2 7 69|-1|-1|-1|-1|0 com.sec.android.app.twlauncher.ApplicationInfo@41edd6b8 Owner = com.sec.android.app.twlauncher.AppMenu@424044a8
I/DebugPlacement( 2336): View = com.sec.android.app.twlauncher.MenuItemView@4240e210 tag = com.sec.android.app.twlauncher.ApplicationInfo Polaris Office -1 2 6 42|-1|-1|-1|-1|0 com.sec.android.app.twlauncher.ApplicationInfo@42109100 Owner = com.sec.android.app.twlauncher.AppMenu@424044a8
I/DebugPlacement( 2336): View = com.sec.android.app.twlauncher.MenuItemView@4240ca98 tag = com.sec.android.app.twlauncher.ApplicationInfo Memo -1 2 5 41|-1|-1|-1|-1|0 com.sec.android.app.twlauncher.ApplicationInfo@41a28060 Owner = com.sec.android.app.twlauncher.AppMenu@424044a8
I/DebugPlacement( 2336): View = com.sec.android.app.twlauncher.MenuItemView@4240b300 tag = com.sec.android.app.twlauncher.ApplicationInfo FM radio -1 2 4 40|-1|-1|-1|-1|0 com.sec.android.app.twlauncher.ApplicationInfo@41aa5440 Owner = com.sec.android.app.twlauncher.AppMenu@424044a8
I/DebugPlacement( 2336): View = com.sec.android.app.twlauncher.MenuItemView@42409b50 tag = com.sec.android.app.twlauncher.ApplicationInfo Task Manager -1 2 3 39|-1|-1|-1|-1|0 com.sec.android.app.twlauncher.ApplicationInfo@41b37c40 Owner = com.sec.android.app.twlauncher.AppMenu@424044a8
I/DebugPlacement( 2336): View = com.sec.android.app.twlauncher.MenuItemView@42408398 tag = com.sec.android.app.twlauncher.ApplicationInfo News & Weather -1 2 2 38|-1|-1|-1|-1|0 com.sec.android.app.twlauncher.ApplicationInfo@420ed898 Owner = com.sec.android.app.twlauncher.AppMenu@424044a8
I/DebugPlacement( 2336): View = com.sec.android.app.twlauncher.MenuItemView@42406be8 tag = com.sec.android.app.twlauncher.ApplicationInfo Samsung Apps -1 2 1 37|-1|-1|-1|-1|0 com.sec.android.app.twlauncher.ApplicationInfo@420f3260 Owner = com.sec.android.app.twlauncher.AppMenu@424044a8
I/DebugPlacement( 2336): View = com.sec.android.app.twlauncher.MenuItemView@42405448 tag = com.sec.android.app.twlauncher.ApplicationInfo Calculator -1 2 0 36|-1|-1|-1|-1|0 com.sec.android.app.twlauncher.ApplicationInfo@420fb0e8 Owner = com.sec.android.app.twlauncher.AppMenu@424044a8
I/DebugPlacement( 2336): View = com.sec.android.app.twlauncher.MenuItemView@42402d50 tag = com.sec.android.app.twlauncher.ApplicationInfo Mini diary -1 1 14 35|-1|-1|-1|-1|0 com.sec.android.app.twlauncher.ApplicationInfo@420eb618 Owner = com.sec.android.app.twlauncher.AppMenu@423ed128
I/DebugPlacement( 2336): View = com.sec.android.app.twlauncher.MenuItemView@42401598 tag = com.sec.android.app.twlauncher.ApplicationInfo Video maker -1 1 13 34|-1|-1|-1|-1|0 com.sec.android.app.twlauncher.ApplicationInfo@420f8228 Owner = com.sec.android.app.twlauncher.AppMenu@423ed128
I/DebugPlacement( 2336): View = com.sec.android.app.twlauncher.MenuItemView@423ffd68 tag = com.sec.android.app.twlauncher.ApplicationInfo Photo editor -1 1 12 33|-1|-1|-1|-1|0 com.sec.android.app.twlauncher.ApplicationInfo@42100388 Owner = com.sec.android.app.twlauncher.AppMenu@423ed128
I/DebugPlacement( 2336): View = com.sec.android.app.twlauncher.MenuItemView@423fe5c0 tag = com.sec.android.app.twlauncher.ApplicationInfo Downloads -1 1 11 32|-1|-1|-1|-1|0 com.sec.android.app.twlauncher.ApplicationInfo@420eb2d0 Owner = com.sec.android.app.twlauncher.AppMenu@423ed128
I/DebugPlacement( 2336): View = com.sec.android.app.twlauncher.MenuItemView@423fce38 tag = com.sec.android.app.twlauncher.ApplicationInfo Local -1 1 10 31|-1|-1|-1|-1|0 com.sec.android.app.twlauncher.ApplicationInfo@42109358 Owner = com.sec.android.app.twlauncher.AppMenu@423ed128
I/DebugPlacement( 2336): View = com.sec.android.app.twlauncher.MenuItemView@423fb698 tag = com.sec.android.app.twlauncher.ApplicationInfo Voice talk -1 1 9 30|-1|-1|-1|-1|0 com.sec.android.app.twlauncher.ApplicationInfo@41a11100 Owner = com.sec.android.app.twlauncher.AppMenu@423ed128
I/DebugPlacement( 2336): View = com.sec.android.app.twlauncher.MenuItemView@423f9ee0 tag = com.sec.android.app.twlauncher.ApplicationInfo Voice recorder -1 1 8 29|-1|-1|-1|-1|0 com.sec.android.app.twlauncher.ApplicationInfo@420f5538 Owner = com.sec.android.app.twlauncher.AppMenu@423ed128
I/DebugPlacement( 2336): View = com.sec.android.app.twlauncher.MenuItemView@423f8728 tag = com.sec.android.app.twlauncher.ApplicationInfo Voice command -1 1 7 28|-1|-1|-1|-1|0 com.sec.android.app.twlauncher.ApplicationInfo@41aa2800 Owner = com.sec.android.app.twlauncher.AppMenu@423ed128
I/DebugPlacement( 2336): View = com.sec.android.app.twlauncher.MenuItemView@423f6e70 tag = com.sec.android.app.twlauncher.ApplicationInfo Navigation -1 1 6 27|-1|-1|-1|-1|0 com.sec.android.app.twlauncher.ApplicationInfo@41a96328 Owner = com.sec.android.app.twlauncher.AppMenu@423ed128
I/DebugPlacement( 2336): View = com.sec.android.app.twlauncher.MenuItemView@423f56f8 tag = com.sec.android.app.twlauncher.ApplicationInfo Task -1 1 5 26|-1|-1|-1|-1|0 com.sec.android.app.twlauncher.ApplicationInfo@420eaf38 Owner = com.sec.android.app.twlauncher.AppMenu@423ed128
I/DebugPlacement( 2336): View = com.sec.android.app.twlauncher.MenuItemView@423f3f80 tag = com.sec.android.app.twlauncher.ApplicationInfo Talk -1 1 4 24|-1|-1|-1|-1|0 com.sec.android.app.twlauncher.ApplicationInfo@41f6b588 Owner = com.sec.android.app.twlauncher.AppMenu@423ed128
I/DebugPlacement( 2336): View = com.sec.android.app.twlauncher.MenuItemView@423f27e8 tag = com.sec.android.app.twlauncher.ApplicationInfo Kies air -1 1 3 23|-1|-1|-1|-1|0 com.sec.android.app.twlauncher.ApplicationInfo@420f0340 Owner = com.sec.android.app.twlauncher.AppMenu@423ed128
I/DebugPlacement( 2336): View = com.sec.android.app.twlauncher.MenuItemView@423f1010 tag = com.sec.android.app.twlauncher.ApplicationInfo AllShare -1 1 2 22|-1|-1|-1|-1|0 com.sec.android.app.twlauncher.ApplicationInfo@41a9c9b0 Owner = com.sec.android.app.twlauncher.AppMenu@423ed128
I/DebugPlacement( 2336): View = com.sec.android.app.twlauncher.MenuItemView@423ef860 tag = com.sec.android.app.twlauncher.ApplicationInfo Video Player -1 1 1 21|-1|-1|-1|-1|0 com.sec.android.app.twlauncher.ApplicationInfo@41a9df08 Owner = com.sec.android.app.twlauncher.AppMenu@423ed128
I/DebugPlacement( 2336): View = com.sec.android.app.twlauncher.MenuItemView@423ee0c8 tag = com.sec.android.app.twlauncher.ApplicationInfo My files -1 1 0 20|-1|-1|-1|-1|0 com.sec.android.app.twlauncher.ApplicationInfo@41a8a458 Owner = com.sec.android.app.twlauncher.AppMenu@423ed128
I/DebugPlacement( 2336): View = com.sec.android.app.twlauncher.MenuItemView@423eb9d8 tag = com.sec.android.app.twlauncher.ApplicationInfo Game Hub -1 0 15 19|-1|-1|-1|-1|0 com.sec.android.app.twlauncher.ApplicationInfo@420d2f08 Owner = com.sec.android.app.twlauncher.AppMenu@423d4570
I/DebugPlacement( 2336): View = com.sec.android.app.twlauncher.MenuItemView@423ea220 tag = com.sec.android.app.twlauncher.ApplicationInfo Readers Hub -1 0 14 18|-1|-1|-1|-1|0 com.sec.android.app.twlauncher.ApplicationInfo@41f6a630 Owner = com.sec.android.app.twlauncher.AppMenu@423d4570
I/DebugPlacement( 2336): View = com.sec.android.app.twlauncher.MenuItemView@423e8a78 tag = com.sec.android.app.twlauncher.ApplicationInfo Music Hub -1 0 13 17|-1|-1|-1|-1|0 com.sec.android.app.twlauncher.ApplicationInfo@420fbfc8 Owner = com.sec.android.app.twlauncher.AppMenu@423d4570
I/DebugPlacement( 2336): View = com.sec.android.app.twlauncher.MenuItemView@423e7258 tag = com.sec.android.app.twlauncher.ApplicationInfo Social Hub -1 0 12 16|-1|-1|-1|-1|0 com.sec.android.app.twlauncher.ApplicationInfo@420f0968 Owner = com.sec.android.app.twlauncher.AppMenu@423d4570
I/DebugPlacement( 2336): View = com.sec.android.app.twlauncher.MenuItemView@423e5ab8 tag = com.sec.android.app.twlauncher.ApplicationInfo Settings -1 0 11 15|-1|-1|-1|-1|0 com.sec.android.app.twlauncher.ApplicationInfo@41f671f0 Owner = com.sec.android.app.twlauncher.AppMenu@423d4570
I/DebugPlacement( 2336): View = com.sec.android.app.twlauncher.MenuItemView@423e4278 tag = com.sec.android.app.twlauncher.ApplicationInfo Play Store -1 0 10 14|-1|-1|-1|-1|0 com.sec.android.app.twlauncher.ApplicationInfo@41f61628 Owner = com.sec.android.app.twlauncher.AppMenu@423d4570
I/DebugPlacement( 2336): View = com.sec.android.app.twlauncher.MenuItemView@423e2b08 tag = com.sec.android.app.twlauncher.ApplicationInfo Search -1 0 9 13|-1|-1|-1|-1|0 com.sec.android.app.twlauncher.ApplicationInfo@420e9eb8 Owner = com.sec.android.app.twlauncher.AppMenu@423d4570
I/DebugPlacement( 2336): View = com.sec.android.app.twlauncher.MenuItemView@423e13b0 tag = com.sec.android.app.twlauncher.ApplicationInfo Gallery -1 0 8 12|-1|-1|-1|-1|0 com.sec.android.app.twlauncher.ApplicationInfo@420e9950 Owner = com.sec.android.app.twlauncher.AppMenu@423d4570
I/DebugPlacement( 2336): View = com.sec.android.app.twlauncher.MenuItemView@423dfc60 tag = com.sec.android.app.twlauncher.ApplicationInfo Gmail -1 0 7 11|-1|-1|-1|-1|0 com.sec.android.app.twlauncher.ApplicationInfo@41bd6e80 Owner = com.sec.android.app.twlauncher.AppMenu@423d4570
I/DebugPlacement( 2336): View = com.sec.android.app.twlauncher.MenuItemView@423de510 tag = com.sec.android.app.twlauncher.ApplicationInfo Email -1 0 6 10|-1|-1|-1|-1|0 com.sec.android.app.twlauncher.ApplicationInfo@419f9450 Owner = com.sec.android.app.twlauncher.AppMenu@423d4570
I/DebugPlacement( 2336): View = com.sec.android.app.twlauncher.MenuItemView@423dce18 tag = com.sec.android.app.twlauncher.ApplicationInfo Maps -1 0 5 9|-1|-1|-1|-1|0 com.sec.android.app.twlauncher.ApplicationInfo@420f3198 Owner = com.sec.android.app.twlauncher.AppMenu@423d4570
I/DebugPlacement( 2336): View = com.sec.android.app.twlauncher.MenuItemView@423db6b8 tag = com.sec.android.app.twlauncher.ApplicationInfo Camera -1 0 4 8|-1|-1|-1|-1|0 com.sec.android.app.twlauncher.ApplicationInfo@41b4b660 Owner = com.sec.android.app.twlauncher.AppMenu@423d4570
I/DebugPlacement( 2336): View = com.sec.android.app.twlauncher.MenuItemView@423d9fa8 tag = com.sec.android.app.twlauncher.ApplicationInfo Internet -1 0 3 7|-1|-1|-1|-1|0 com.sec.android.app.twlauncher.ApplicationInfo@420fdd70 Owner = com.sec.android.app.twlauncher.AppMenu@423d4570
I/DebugPlacement( 2336): View = com.sec.android.app.twlauncher.MenuItemView@423d88a8 tag = com.sec.android.app.twlauncher.ApplicationInfo Music -1 0 2 6|-1|-1|-1|-1|0 com.sec.android.app.twlauncher.ApplicationInfo@41da0ae8 Owner = com.sec.android.app.twlauncher.AppMenu@423d4570
I/DebugPlacement( 2336): View = com.sec.android.app.twlauncher.MenuItemView@423d7160 tag = com.sec.android.app.twlauncher.ApplicationInfo Calendar -1 0 1 5|-1|-1|-1|-1|0 com.sec.android.app.twlauncher.ApplicationInfo@41aa51b8 Owner = com.sec.android.app.twlauncher.AppMenu@423d4570
