E/DataRouter( 1823): InvokeOemRequestHookRaw usbstatus true is failure 4
E/AlarmManagerService( 1986): android_server_AlarmManagerService_set to type=3, 129374.337000000
D/KeyguardUpdateMonitor( 1986): received broadcast android.intent.action.TIME_TICK
D/KeyguardUpdateMonitor( 1986): handleTimeUpdate
D/STATUSBAR-DateView( 2130): updateClock :03/10/2012
D/DigitalClock(16877): DigitalClockAppWidgetService. action :  android.intent.action.TIME_TICK
D/DigitalClock(16877): DigitalClockAppWidget. : updateClock =  [I@4153d2a8
D/DigitalClock(16877): DigitalClockAppWidget. : drawMinute mm1_ 4mm2_1
E/DataRouter( 1823): usb connection is true 
E/DataRouter( 1823): InvokeOemRequestHookRaw usbstatus true is failure 4
E/DataRouter( 1823): usb connection is true 
E/DataRouter( 1823): InvokeOemRequestHookRaw usbstatus true is failure 4
E/DataRouter( 1823): usb connection is true 
E/DataRouter( 1823): InvokeOemRequestHookRaw usbstatus true is failure 4
E/DataRouter( 1823): usb connection is true 
E/DataRouter( 1823): InvokeOemRequestHookRaw usbstatus true is failure 4
D/STATUSBAR-NetworkController( 2130): onReceive() - RSSI_CHANGED_ACTION, WIFI_STATE, NETWORK_STATE
E/DataRouter( 1823): usb connection is true 
E/DataRouter( 1823): InvokeOemRequestHookRaw usbstatus true is failure 4
E/DataRouter( 1823): usb connection is true 
E/DataRouter( 1823): InvokeOemRequestHookRaw usbstatus true is failure 4
D/BatteryService( 1986): update start
D/BatteryService( 1986): level:100 scale:100 status:5 health:2 present:true voltage: 4186 temperature: 290 technology: Li-ion AC powered:false USB powered:true icon:17302820 invalid charger:0
D/KeyguardUpdateMonitor( 1986): received broadcast android.intent.action.BATTERY_CHANGED
D/KeyguardUpdateMonitor( 1986): handleBatteryUpdate
D/UiModeManager( 1986): mLastBroadcastState = 0mCarModeEnabled = falseisDeskDockState(mDockState) = false
V/UiModeManager( 1986): updateLocked: null action, mDockState=0, firing homeIntent: null
D/UiModeManager( 1986): updateConfigurationLocked: mDockState=0; mCarMode=false; mNightMode=0; uiMode=17
D/STATUSBAR-BatteryController( 2130): onReceive() - ACTION_BATTERY_CHANGED
D/STATUSBAR-BatteryController( 2130): onReceive() - level:100
D/STATUSBAR-BatteryController( 2130): onReceive() - plugged:true
D/STATUSBAR-BatteryController( 2130): onReceive() - BATTERY_STATUS_FULL:
E/AlarmManagerService( 1986): android_server_AlarmManagerService_set to type=3, 129423.611000000
D/PowerSavingModeWidgetBatteryService(19159): receive Intent.ACTION_BATTERY_CHANGED
E/DataRouter( 1823): usb connection is true 
E/DataRouter( 1823): InvokeOemRequestHookRaw usbstatus true is failure 4
E/DataRouter( 1823): usb connection is true 
E/DataRouter( 1823): InvokeOemRequestHookRaw usbstatus true is failure 4
E/DataRouter( 1823): usb connection is true 
E/DataRouter( 1823): InvokeOemRequestHookRaw usbstatus true is failure 4
E/AlarmManagerService( 1986): android_server_AlarmManagerService_set to type=2, 130181.975000000
V/AlarmManager( 1986): trigger WAKEUP Alarm{41961da0 type 2 com.google.android.apps.maps}
E/AlarmManagerService( 1986): android_server_AlarmManagerService_set to type=2, 129386.621000000
E/AlarmManagerService( 1986): android_server_AlarmManagerService_set to type=2, 129386.621000000
E/DataRouter( 1823): usb connection is true 
E/DataRouter( 1823): InvokeOemRequestHookRaw usbstatus true is failure 4
E/DataRouter( 1823): usb connection is true 
E/DataRouter( 1823): InvokeOemRequestHookRaw usbstatus true is failure 4
E/DataRouter( 1823): usb connection is true 
E/DataRouter( 1823): InvokeOemRequestHookRaw usbstatus true is failure 4
D/comsamsungapp( 9012): [MSC_Accu]>>> WWP:375 [0:0] onReceive@ androidnetwifiSCAN_RESULTS
D/comsamsungapp( 9012): [MSC_Accu]>>> WIM:53 [0:0] AccuWeatherClockWidgetID_Length
D/comsamsungapp( 9012): [MSC_Accu]>>> WIM:54 [0:0] getPrefIDs@lngth:1
D/comsamsungapp( 9012): [MSC_Accu]>>> WIM:60 [0:0] getPrefIDs@Ids1:16
D/comsamsungapp( 9012): [MSC_Accu]>>> WWP:708 [0:0] SCAN_RESULTS_AVAILABLE_ACTION::Detail State : CONNECTED   CHECK_AFTER_CONNECTED : false
W/WifiStateTracker( 1986): getNetworkInfo : NetworkInfo: type: WIFI[], state: CONNECTED/CONNECTED, reason: (unspecified), extra: (none), roaming: false, failover: false, isAvailable: true
D/dalvikvm( 9012): GC_CONCURRENT freed 399K, 7% free 9036K/9671K, paused 1ms+2ms
E/AlarmManagerService( 1986): android_server_AlarmManagerService_set to type=2, 129441.621000000
D/dalvikvm( 2946): GC_CONCURRENT freed 519K, 8% free 10235K/11015K, paused 1ms+2ms
E/DataRouter( 1823): usb connection is true 
E/DataRouter( 1823): InvokeOemRequestHookRaw usbstatus true is failure 4
E/DataRouter( 1823): usb connection is true 
E/DataRouter( 1823): InvokeOemRequestHookRaw usbstatus true is failure 4
D/AndroidRuntime(19890): 
D/AndroidRuntime(19890): >>>>>> AndroidRuntime START com.android.internal.os.RuntimeInit <<<<<<
D/AndroidRuntime(19890): CheckJNI is OFF
D/AndroidRuntime(19890): setted country_code = UK
D/AndroidRuntime(19890): setted sales_code = O2U
D/AndroidRuntime(19890): found sales_code tag = <O2U>, </O2U> 
D/LibQmg_native(19890): register_android_app_LibQmg
D/AndroidRuntime(19890): Calling main entry com.android.commands.pm.Pm
W/PackageManager( 1986): Package named 'com.spotting.havewant' doesn't exist.
D/dalvikvm( 1986): GC_EXPLICIT freed 330K, 32% free 20680K/30023K, paused 4ms+7ms
D/AndroidRuntime(19890): Shutting down VM
D/dalvikvm(19890): GC_CONCURRENT freed 97K, 83% free 460K/2560K, paused 1ms+0ms
I/AndroidRuntime(19890): NOTE: attach of thread 'Binder Thread #3' failed
E/DataRouter( 1823): usb connection is true 
E/DataRouter( 1823): InvokeOemRequestHookRaw usbstatus true is failure 4
E/DataRouter( 1823): usb connection is true 
E/DataRouter( 1823): InvokeOemRequestHookRaw usbstatus true is failure 4
D/STATUSBAR-NetworkController( 2130): onReceive() - RSSI_CHANGED_ACTION, WIFI_STATE, NETWORK_STATE
E/DataRouter( 1823): usb connection is true 
E/DataRouter( 1823): InvokeOemRequestHookRaw usbstatus true is failure 4
E/DataRouter( 1823): usb connection is true 
E/DataRouter( 1823): InvokeOemRequestHookRaw usbstatus true is failure 4
E/DataRouter( 1823): usb connection is true 
E/DataRouter( 1823): InvokeOemRequestHookRaw usbstatus true is failure 4
E/DataRouter( 1823): usb connection is true 
E/DataRouter( 1823): InvokeOemRequestHookRaw usbstatus true is failure 4
D/STATUSBAR-NetworkController( 2130): onReceive() - RSSI_CHANGED_ACTION, WIFI_STATE, NETWORK_STATE
E/DataRouter( 1823): usb connection is true 
E/DataRouter( 1823): InvokeOemRequestHookRaw usbstatus true is failure 4
E/DataRouter( 1823): usb connection is true 
E/DataRouter( 1823): InvokeOemRequestHookRaw usbstatus true is failure 4
D/STATUSBAR-NetworkController( 2130): onReceive() - RSSI_CHANGED_ACTION, WIFI_STATE, NETWORK_STATE
D/AndroidRuntime(19903): 
D/AndroidRuntime(19903): >>>>>> AndroidRuntime START com.android.internal.os.RuntimeInit <<<<<<
D/AndroidRuntime(19903): CheckJNI is OFF
D/AndroidRuntime(19903): setted country_code = UK
D/AndroidRuntime(19903): setted sales_code = O2U
D/AndroidRuntime(19903): found sales_code tag = <O2U>, </O2U> 
E/DataRouter( 1823): usb connection is true 
E/DataRouter( 1823): InvokeOemRequestHookRaw usbstatus true is failure 4
D/LibQmg_native(19903): register_android_app_LibQmg
D/AndroidRuntime(19903): Calling main entry com.android.commands.pm.Pm
W/PackageManager( 1986): Package named 'com.spotting.havewant' doesn't exist.
W/WifiStateTracker( 1986): getNetworkInfo : NetworkInfo: type: WIFI[], state: CONNECTED/CONNECTED, reason: (unspecified), extra: (none), roaming: false, failover: false, isAvailable: true
E/WifiP2pStateTracker( 1986): getNetworkInfo : NetworkInfo: type: wifi_p2p[], state: UNKNOWN/IDLE, reason: (unspecified), extra: (none), roaming: false, failover: false, isAvailable: false
D/dalvikvm( 1986): GC_EXPLICIT freed 38K, 32% free 20662K/30023K, paused 4ms+7ms
D/AndroidRuntime(19903): Shutting down VM
I/AndroidRuntime(19903): NOTE: attach of thread 'Binder Thread #3' failed
D/dalvikvm(19903): GC_CONCURRENT freed 97K, 83% free 460K/2560K, paused 1ms+1ms
E/DataRouter( 1823): usb connection is true 
E/DataRouter( 1823): InvokeOemRequestHookRaw usbstatus true is failure 4
E/DataRouter( 1823): usb connection is true 
E/DataRouter( 1823): InvokeOemRequestHookRaw usbstatus true is failure 4
W/WifiStateTracker( 1986): getNetworkInfo : NetworkInfo: type: WIFI[], state: CONNECTED/CONNECTED, reason: (unspecified), extra: (none), roaming: false, failover: false, isAvailable: true
E/DataRouter( 1823): usb connection is true 
E/DataRouter( 1823): InvokeOemRequestHookRaw usbstatus true is failure 4
D/BatteryService( 1986): update start
E/DataRouter( 1823): usb connection is true 
E/DataRouter( 1823): InvokeOemRequestHookRaw usbstatus true is failure 4
E/DataRouter( 1823): usb connection is true 
E/DataRouter( 1823): InvokeOemRequestHookRaw usbstatus true is failure 4
E/DataRouter( 1823): usb connection is true 
E/DataRouter( 1823): InvokeOemRequestHookRaw usbstatus true is failure 4
D/AndroidRuntime(19926): 
D/AndroidRuntime(19926): >>>>>> AndroidRuntime START com.android.internal.os.RuntimeInit <<<<<<
D/AndroidRuntime(19926): CheckJNI is OFF
D/AndroidRuntime(19926): setted country_code = UK
D/AndroidRuntime(19926): setted sales_code = O2U
D/AndroidRuntime(19926): found sales_code tag = <O2U>, </O2U> 
D/LibQmg_native(19926): register_android_app_LibQmg
D/AndroidRuntime(19926): Calling main entry com.android.commands.pm.Pm
I/ApplicationPolicy( 1986): isApplicationInstallationEnabled :  pkg com.spotting.havewant
W/PackageManager( 1986): verifying app can be installed or not
W/ActivityManager( 1986): No content provider found for permission revoke: file:///data/local/tmp/HaveWant-debug.apk
E/DataRouter( 1823): usb connection is true 
E/DataRouter( 1823): InvokeOemRequestHookRaw usbstatus true is failure 4
W/ActivityManager( 1986): No content provider found for permission revoke: file:///data/local/tmp/HaveWant-debug.apk
D/STATUSBAR-NetworkController( 2130): onReceive() - RSSI_CHANGED_ACTION, WIFI_STATE, NETWORK_STATE
I/PackageManager( 1986):  ICS_DEBUG scanPackageLI entered  com.spotting.havewant
E/PackageManager( 1986): Not Matched enforcecopyinglibpackages.txt : 
E/PackageManager( 1986): Not Matched enforcecopyinglibpackages.txt : 
E/PackageManager( 1986): Not Matched enforcecopyinglibpackages.txt : 
E/PackageManager( 1986): Not Matched enforcecopyinglibpackages.txt : 
E/PackageManager( 1986): Not Matched enforcecopyinglibpackages.txt : 
E/PackageManager( 1986): Not Matched enforcecopyinglibpackages.txt : 
E/PackageManager( 1986): Not Matched enforcecopyinglibpackages.txt : 
I/PackageManager( 1986): Running dexopt on: com.spotting.havewant
D/dalvikvm(19941): DexOpt: load 53ms, verify+opt 226ms
I/ActivityManager( 1986): Force stopping package com.spotting.havewant uid=10038
D/PackageManager( 1986): New package installed in /data/app/com.spotting.havewant-1.apk
D/Launcher.LauncherModel( 2336):   --> add package
D/Launcher.LauncherModel( 2336): application intent received: android.intent.action.PACKAGE_ADDED, replacing=false
D/Launcher.LauncherModel( 2336):   --> package:com.spotting.havewant
I/RegisteredComponentCache( 2321): ComponentInfo: ResolveInfo{4155d2f8 com.android.apps.tag.TagViewer p=0 o=0 m=0x108000}, techs: android.nfc.tech.Ndef, 
D/Launcher.LauncherModel( 2336): addPackageBackground. mApplicationsAdapter: 1101073816
D/AccountTypeManager( 2849): Registering external account type=com.whatsapp, packageName=com.whatsapp
W/ResourceType( 2849): getEntry failing because entryIndex 1000 is beyond type entryCount 573
W/ResourceType( 2849): Failure getting entry for 0x7f0203e8 (t=1 e=1000) in package 0 (error -2147483647)
D/AccountTypeManager( 2849): Registering external account type=com.facebook.auth.login, packageName=com.facebook.katana
I/SevenBroadCastReceiver(18967): ==============================================
I/SevenBroadCastReceiver(18967): 	SevenBroadCastReceiver.onReceive() 
I/SevenBroadCastReceiver(18967): 	intent.getAction() :  android.intent.action.PACKAGE_ADDED
I/SevenBroadCastReceiver(18967): ==============================================
E/SevenAdapter(18967): isAvailable() is called
E/SevenAdapter(18967): setEnabled() is called : true,true
D/SevenAdapter(18967): setSevenEnabled new state=ENABLED
D/PackageManager( 1986): generateServicesMap(android.accounts.AccountAuthenticator): 17 services unchanged
D/PackageManager( 1986): generateServicesMap(android.content.SyncAdapter): 31 services unchanged
D/dalvikvm( 1986): GC_EXPLICIT freed 1774K, 31% free 20935K/30023K, paused 6ms+12ms
V/BackupManagerService( 1986): addPackageParticipantsLocked: com.spotting.havewant
D/AndroidRuntime(19926): Shutting down VM
D/dalvikvm(19926): GC_CONCURRENT freed 98K, 82% free 462K/2560K, paused 1ms+1ms
I/AndroidRuntime(19926): NOTE: attach of thread 'Binder Thread #3' failed
W/ResourceType( 2849): getEntry failing because entryIndex 881 is beyond type entryCount 573
W/ResourceType( 2849): Failure getting entry for 0x7f020371 (t=1 e=881) in package 0 (error -2147483647)
D/AccountTypeManager( 2849): Registering external account type=com.smlds.accountType, packageName=com.smlds
D/AccountTypeManager( 2849): Registering external account type=com.skype.contacts.sync, packageName=com.skype.raider
W/ResourceType( 2849): getEntry failing because entryIndex 1283 is beyond type entryCount 573
W/ResourceType( 2849): Failure getting entry for 0x7f020503 (t=1 e=1283) in package 0 (error -2147483647)
W/ResourceType( 2849): getEntry failing because entryIndex 1284 is beyond type entryCount 573
W/ResourceType( 2849): Failure getting entry for 0x7f020504 (t=1 e=1284) in package 0 (error -2147483647)
W/ResourceType( 2849): getEntry failing because entryIndex 1285 is beyond type entryCount 573
W/ResourceType( 2849): Failure getting entry for 0x7f020505 (t=1 e=1285) in package 0 (error -2147483647)
W/ResourceType( 2849): getEntry failing because entryIndex 1680 is beyond type entryCount 573
W/ResourceType( 2849): Failure getting entry for 0x7f020690 (t=1 e=1680) in package 0 (error -2147483647)
I/DebugDb ( 2336): Adater pointer com.sec.android.app.twlauncher.ApplicationsAdapter@41a10d98 94
I/DebugDb ( 2336): Dump Adapter 93 com.sec.android.app.twlauncher.ApplicationInfo HaveWant.it -1 -1 -1 -1|-1|-1|-1|-1|0 com.sec.android.app.twlauncher.ApplicationInfo@42486098
I/DebugDb ( 2336): Dump Adapter 92 com.sec.android.app.twlauncher.ApplicationInfo OS Monitor -1 6 4 115|-1|-1|-1|-1|0 com.sec.android.app.twlauncher.ApplicationInfo@41cceb08
I/DebugDb ( 2336): Dump Adapter 91 com.sec.android.app.twlauncher.ApplicationInfo O2 -1 6 3 114|-1|-1|-1|-1|0 com.sec.android.app.twlauncher.ApplicationInfo@4219a400
I/DebugDb ( 2336): Dump Adapter 90 com.sec.android.app.twlauncher.ApplicationInfo NatWest -1 6 2 110|-1|-1|-1|-1|0 com.sec.android.app.twlauncher.ApplicationInfo@41ed65f0
I/DebugDb ( 2336): Dump Adapter 89 com.sec.android.app.twlauncher.ApplicationInfo Facebook -1 2 12 60|-1|-1|-1|-1|0 com.sec.android.app.twlauncher.ApplicationInfo@42272628
I/DebugDb ( 2336): Dump Adapter 88 com.sec.android.app.twlauncher.ApplicationInfo Songbird -1 5 8 94|-1|-1|-1|-1|0 com.sec.android.app.twlauncher.ApplicationInfo@42274230
I/DebugDb ( 2336): Dump Adapter 87 com.sec.android.app.twlauncher.ApplicationInfo jQuery Mobile docs -1 6 1 107|-1|-1|-1|-1|0 com.sec.android.app.twlauncher.ApplicationInfo@42101ea0
I/DebugDb ( 2336): Dump Adapter 86 com.sec.android.app.twlauncher.ApplicationInfo Dropbox -1 2 10 64|-1|-1|-1|-1|0 com.sec.android.app.twlauncher.ApplicationInfo@41ee0668
I/DebugDb ( 2336): Dump Adapter 85 com.sec.android.app.twlauncher.ApplicationInfo PG API JQM -1 6 0 106|-1|-1|-1|-1|0 com.sec.android.app.twlauncher.ApplicationInfo@41a9d360
I/DebugDb ( 2336): Dump Adapter 84 com.sec.android.app.twlauncher.ApplicationInfo SwiftKey 3 -1 5 9 97|-1|-1|-1|-1|0 com.sec.android.app.twlauncher.ApplicationInfo@41edf728
I/DebugDb ( 2336): Dump Adapter 83 com.sec.android.app.twlauncher.ApplicationInfo Angry Birds -1 2 7 69|-1|-1|-1|-1|0 com.sec.android.app.twlauncher.ApplicationInfo@41edd6b8
I/DebugDb ( 2336): Dump Adapter 82 com.sec.android.app.twlauncher.ApplicationInfo UberHype -1 5 2 86|-1|-1|-1|-1|0 com.sec.android.app.twlauncher.ApplicationInfo@414faaf8
I/DebugDb ( 2336): Dump Adapter 81 com.sec.android.app.twlauncher.ApplicationInfo Hubroid -1 4 12 83|-1|-1|-1|-1|0 com.sec.android.app.twlauncher.ApplicationInfo@41ec5d90
I/DebugDb ( 2336): Dump Adapter 80 com.sec.android.app.twlauncher.ApplicationInfo Analytics -1 4 11 82|-1|-1|-1|-1|0 com.sec.android.app.twlauncher.ApplicationInfo@420f7c80
I/DebugDb ( 2336): Dump Adapter 79 com.sec.android.app.twlauncher.ApplicationInfo Chess Free -1 2 9 66|-1|-1|-1|-1|0 com.sec.android.app.twlauncher.ApplicationInfo@4210b8d0
I/DebugDb ( 2336): Dump Adapter 78 com.sec.android.app.twlauncher.ApplicationInfo German -1 5 6 92|-1|-1|-1|-1|0 com.sec.android.app.twlauncher.ApplicationInfo@420c33e0
I/DebugDb ( 2336): Dump Adapter 77 com.sec.android.app.twlauncher.ApplicationInfo Flashlight -1 5 11 100|-1|-1|-1|-1|0 com.sec.android.app.twlauncher.ApplicationInfo@41aa2c10
I/DebugDb ( 2336): Dump Adapter 76 com.sec.android.app.twlauncher.ApplicationInfo WellFTP Server -1 5 12 103|-1|-1|-1|-1|0 com.sec.android.app.twlauncher.ApplicationInfo@42109240
I/DebugDb ( 2336): Dump Adapter 75 com.sec.android.app.twlauncher.ApplicationInfo Twitter -1 4 3 61|-1|-1|-1|-1|0 com.sec.android.app.twlauncher.ApplicationInfo@420ef9d0
I/DebugDb ( 2336): Dump Adapter 74 com.sec.android.app.twlauncher.ApplicationInfo Ant Build -1 5 13 104|-1|-1|-1|-1|0 com.sec.android.app.twlauncher.ApplicationInfo@41a958c8
I/DebugDb ( 2336): Dump Adapter 73 com.sec.android.app.twlauncher.ApplicationInfo oDesk -1 5 1 85|-1|-1|-1|-1|0 com.sec.android.app.twlauncher.ApplicationInfo@41aa2da0
I/DebugDb ( 2336): Dump Adapter 72 com.sec.android.app.twlauncher.ApplicationInfo Polaris Office -1 2 6 42|-1|-1|-1|-1|0 com.sec.android.app.twlauncher.ApplicationInfo@42109100
I/DebugDb ( 2336): Dump Adapter 71 com.sec.android.app.twlauncher.ApplicationInfo Battery -1 5 10 99|-1|-1|-1|-1|0 com.sec.android.app.twlauncher.ApplicationInfo@42185880
D/Launcher.LauncherModel( 2336): addPackageUi. mApplicationsAdapter: 1101073816
I/DebugDb ( 2336): Dump Adapter 70 com.sec.android.app.twlauncher.ApplicationInfo Voice command -1 1 7 28|-1|-1|-1|-1|0 com.sec.android.app.twlauncher.ApplicationInfo@41aa2800
I/DebugDb ( 2336): Dump Adapter 69 com.sec.android.app.twlauncher.ApplicationInfo Freelancer -1 5 0 84|-1|-1|-1|-1|0 com.sec.android.app.twlauncher.ApplicationInfo@420fd440
I/DebugDb ( 2336): Dump Adapter 68 com.sec.android.app.twlauncher.ApplicationInfo WhatsApp -1 4 4 59|-1|-1|-1|-1|0 com.sec.android.app.twlauncher.ApplicationInfo@42109870
I/DebugDb ( 2336): Dump Adapter 67 com.sec.android.app.twlauncher.ApplicationInfo TED -1 4 1 67|-1|-1|-1|-1|0 com.sec.android.app.twlauncher.ApplicationInfo@421969f0
I/DebugDb ( 2336): Dump Adapter 66 com.sec.android.app.twlauncher.ApplicationInfo Foursquare -1 5 7 93|-1|-1|-1|-1|0 com.sec.android.app.twlauncher.ApplicationInfo@42196640
I/DebugDb ( 2336): Dump Adapter 65 com.sec.android.app.twlauncher.ApplicationInfo Football SC -1 4 8 78|-1|-1|-1|-1|0 com.sec.android.app.twlauncher.ApplicationInfo@41a94128
I/DebugDb ( 2336): Dump Adapter 64 com.sec.android.app.twlauncher.ApplicationInfo Nearest Stops -1 4 9 79|-1|-1|-1|-1|0 com.sec.android.app.twlauncher.ApplicationInfo@41a96880
I/DebugDb ( 2336): Dump Adapter 63 com.sec.android.app.twlauncher.ApplicationInfo London Travel -1 3 1 72|-1|-1|-1|-1|0 com.sec.android.app.twlauncher.ApplicationInfo@421854f0
I/DebugDb ( 2336): Dump Adapter 62 com.sec.android.app.twlauncher.ApplicationInfo Pulse -1 3 8 70|-1|-1|-1|-1|0 com.sec.android.app.twlauncher.ApplicationInfo@42195560
I/DebugDb ( 2336): Dump Adapter 61 com.sec.android.app.twlauncher.ApplicationInfo TED Air -1 4 2 68|-1|-1|-1|-1|0 com.sec.android.app.twlauncher.ApplicationInfo@420fd508
I/DebugDb ( 2336): Dump Adapter 60 com.sec.android.app.twlauncher.ApplicationInfo Photo editor -1 1 12 33|-1|-1|-1|-1|0 com.sec.android.app.twlauncher.ApplicationInfo@42100388
I/DebugDb ( 2336): Dump Adapter 59 com.sec.android.app.twlauncher.ApplicationInfo Skype -1 3 11 62|-1|-1|-1|-1|0 com.sec.android.app.twlauncher.ApplicationInfo@421099a0
I/DebugDb ( 2336): Dump Adapter 58 com.sec.android.app.twlauncher.ApplicationInfo GNotes -1 4 10 80|-1|-1|-1|-1|0 com.sec.android.app.twlauncher.ApplicationInfo@421847c8
I/DebugDb ( 2336): Dump Adapter 57 com.sec.android.app.twlauncher.ApplicationInfo Currency -1 5 5 90|-1|-1|-1|-1|0 com.sec.android.app.twlauncher.ApplicationInfo@42194d90
I/DebugDb ( 2336): Dump Adapter 56 com.sec.android.app.twlauncher.ApplicationInfo Path -1 4 7 77|-1|-1|-1|-1|0 com.sec.android.app.twlauncher.ApplicationInfo@420f5ee0
I/DebugDb ( 2336): Dump Adapter 55 com.sec.android.app.twlauncher.ApplicationInfo LT Free -1 3 2 71|-1|-1|-1|-1|0 com.sec.android.app.twlauncher.ApplicationInfo@41a9b978
I/DebugDb ( 2336): Dump Adapter 54 com.sec.android.app.twlauncher.ApplicationInfo LastPass -1 3 0 65|-1|-1|-1|-1|0 com.sec.android.app.twlauncher.ApplicationInfo@420f5ae8
I/DebugDb ( 2336): Dump Adapter 53 com.sec.android.app.twlauncher.ApplicationInfo Amazon Kindle -1 5 3 87|-1|-1|-1|-1|0 com.sec.android.app.twlauncher.ApplicationInfo@420d90d8
I/DebugDb ( 2336): Dump Adapter 52 com.sec.android.app.twlauncher.ApplicationInfo Samsung Hub -1 3 9 58|-1|-1|-1|-1|0 com.sec.android.app.twlauncher.ApplicationInfo@42101218
I/DebugDb ( 2336): Dump Adapter 51 com.sec.android.app.twlauncher.ApplicationInfo Navigation -1 1 6 27|-1|-1|-1|-1|0 com.sec.android.app.twlauncher.ApplicationInfo@41a96328
I/DebugDb ( 2336): Dump Adapter 50 com.sec.android.app.twlauncher.ApplicationInfo Local -1 1 10 31|-1|-1|-1|-1|0 com.sec.android.app.twlauncher.ApplicationInfo@42109358
I/DebugDb ( 2336): Dump Adapter 49 com.sec.android.app.twlauncher.ApplicationInfo Messenger -1 3 3 49|-1|-1|-1|-1|0 com.sec.android.app.twlauncher.ApplicationInfo@420fd818
I/DebugDb ( 2336): Dump Adapter 48 com.sec.android.app.twlauncher.ApplicationInfo Google+ -1 2 14 48|-1|-1|-1|-1|0 com.sec.android.app.twlauncher.ApplicationInfo@420eddc0
I/DebugDb ( 2336): Dump Adapter 47 com.sec.android.app.twlauncher.ApplicationInfo O2 Priority Moments -1 3 4 57|-1|-1|-1|-1|0 com.sec.android.app.twlauncher.ApplicationInfo@420e1808
I/DebugDb ( 2336): Dump Adapter 46 com.sec.android.app.twlauncher.ApplicationInfo Kies air -1 1 3 23|-1|-1|-1|-1|0 com.sec.android.app.twlauncher.ApplicationInfo@420f0340
D/AccountTypeManager( 2849): Registering 1 extension packages
I/DebugDb ( 2336): Dump Adapter 45 com.sec.android.app.twlauncher.ApplicationInfo Play Books -1 3 7 52|-1|-1|-1|-1|0 com.sec.android.app.twlauncher.ApplicationInfo@420effe0
I/DebugDb ( 2336): Dump Adapter 44 com.sec.android.app.twlauncher.ApplicationInfo eBay -1 2 11 54|-1|-1|-1|-1|0 com.sec.android.app.twlauncher.ApplicationInfo@41a9c630
I/DebugDb ( 2336): Dump Adapter 43 com.sec.android.app.twlauncher.ApplicationInfo Samsung Apps -1 2 1 37|-1|-1|-1|-1|0 com.sec.android.app.twlauncher.ApplicationInfo@420f3260
I/DebugDb ( 2336): Dump Adapter 42 com.sec.android.app.twlauncher.ApplicationInfo Flash Player Settings -1 2 13 56|-1|-1|-1|-1|0 com.sec.android.app.twlauncher.ApplicationInfo@42103a20
I/DebugDb ( 2336): Dump Adapter 41 com.sec.android.app.twlauncher.ApplicationInfo O2 Space -1 3 5 55|-1|-1|-1|-1|0 com.sec.android.app.twlauncher.ApplicationInfo@420eefb8
I/DebugDb ( 2336): Dump Adapter 40 com.sec.android.app.twlauncher.ApplicationInfo BBC iPlayer -1 2 8 53|-1|-1|-1|-1|0 com.sec.android.app.twlauncher.ApplicationInfo@416acfc0
I/DebugDb ( 2336): Dump Adapter 39 com.sec.android.app.twlauncher.ApplicationInfo Voice recorder -1 1 8 29|-1|-1|-1|-1|0 com.sec.android.app.twlauncher.ApplicationInfo@420f5538
I/DebugDb ( 2336): Dump Adapter 38 com.sec.android.app.twlauncher.ApplicationInfo Video Player -1 1 1 21|-1|-1|-1|-1|0 com.sec.android.app.twlauncher.ApplicationInfo@41a9df08
I/DebugDb ( 2336): Dump Adapter 37 com.sec.android.app.twlauncher.ApplicationInfo Video maker -1 1 13 34|-1|-1|-1|-1|0 com.sec.android.app.twlauncher.ApplicationInfo@420f8228
I/DebugDb ( 2336): Dump Adapter 36 com.sec.android.app.twlauncher.ApplicationInfo Calculator -1 2 0 36|-1|-1|-1|-1|0 com.sec.android.app.twlauncher.ApplicationInfo@420fb0e8
I/DebugDb ( 2336): Dump Adapter 35 com.sec.android.app.twlauncher.ApplicationInfo Tags -1 4 0 51|-1|-1|-1|-1|0 com.sec.android.app.twlauncher.ApplicationInfo@420ee140
I/DebugDb ( 2336): Dump Adapter 34 com.sec.android.app.twlauncher.ApplicationInfo Social Hub -1 0 12 16|-1|-1|-1|-1|0 com.sec.android.app.twlauncher.ApplicationInfo@420f0968
I/DebugDb ( 2336): Dump Adapter 33 com.sec.android.app.twlauncher.ApplicationInfo Downloads -1 1 11 32|-1|-1|-1|-1|0 com.sec.android.app.twlauncher.ApplicationInfo@420eb2d0
I/DebugDb ( 2336): Dump Adapter 32 com.sec.android.app.twlauncher.ApplicationInfo Readers Hub -1 0 14 18|-1|-1|-1|-1|0 com.sec.android.app.twlauncher.ApplicationInfo@41f6a630
I/DebugDb ( 2336): Dump Adapter 31 com.sec.android.app.twlauncher.ApplicationInfo My files -1 1 0 20|-1|-1|-1|-1|0 com.sec.android.app.twlauncher.ApplicationInfo@41a8a458
I/DebugDb ( 2336): Dump Adapter 30 com.sec.android.app.twlauncher.ApplicationInfo Music Hub -1 0 13 17|-1|-1|-1|-1|0 com.sec.android.app.twlauncher.ApplicationInfo@420fbfc8
I/DebugDb ( 2336): Dump Adapter 29 com.sec.android.app.twlauncher.ApplicationInfo Mini diary -1 1 14 35|-1|-1|-1|-1|0 com.sec.android.app.twlauncher.ApplicationInfo@420eb618
I/DebugDb ( 2336): Dump Adapter 28 com.sec.android.app.twlauncher.ApplicationInfo Search -1 0 9 13|-1|-1|-1|-1|0 com.sec.android.app.twlauncher.ApplicationInfo@420e9eb8
I/DebugDb ( 2336): Dump Adapter 27 com.sec.android.app.twlauncher.ApplicationInfo News & Weather -1 2 2 38|-1|-1|-1|-1|0 com.sec.android.app.twlauncher.ApplicationInfo@420ed898
I/DebugDb ( 2336): Dump Adapter 26 com.sec.android.app.twlauncher.ApplicationInfo Game Hub -1 0 15 19|-1|-1|-1|-1|0 com.sec.android.app.twlauncher.ApplicationInfo@420d2f08
I/DebugDb ( 2336): Dump Adapter 25 com.sec.android.app.twlauncher.ApplicationInfo Gallery -1 0 8 12|-1|-1|-1|-1|0 com.sec.android.app.twlauncher.ApplicationInfo@420e9950
I/DebugDb ( 2336): Dump Adapter 24 com.sec.android.app.twlauncher.ApplicationInfo FM radio -1 2 4 40|-1|-1|-1|-1|0 com.sec.android.app.twlauncher.ApplicationInfo@41aa5440
I/DebugDb ( 2336): Dump Adapter 23 com.sec.android.app.twlauncher.ApplicationInfo AllShare -1 1 2 22|-1|-1|-1|-1|0 com.sec.android.app.twlauncher.ApplicationInfo@41a9c9b0
I/DebugDb ( 2336): Dump Adapter 22 com.sec.android.app.twlauncher.ApplicationInfo Clock -1 0 0 4|-1|-1|-1|-1|0 com.sec.android.app.twlauncher.ApplicationInfo@41a92ac0
I/DebugDb ( 2336): Dump Adapter 21 com.sec.android.app.twlauncher.ApplicationInfo RunDouble -1 5 4 89|-1|-1|-1|-1|0 com.sec.android.app.twlauncher.ApplicationInfo@420d2468
I/DebugDb ( 2336): Dump Adapter 20 com.sec.android.app.twlauncher.ApplicationInfo Voice talk -1 1 9 30|-1|-1|-1|-1|0 com.sec.android.app.twlauncher.ApplicationInfo@41a11100
I/DebugDb ( 2336): Dump Adapter 19 com.sec.android.app.twlauncher.ApplicationInfo Opera Mobile -1 3 6 45|-1|-1|-1|-1|0 com.sec.android.app.twlauncher.ApplicationInfo@420e9770
I/DebugDb ( 2336): Dump Adapter 18 com.sec.android.app.twlauncher.ApplicationInfo Shazam -1 3 10 47|-1|-1|-1|-1|0 com.sec.android.app.twlauncher.ApplicationInfo@420f7188
I/DebugDb ( 2336): Dump Adapter 17 com.sec.android.app.twlauncher.ApplicationInfo Maps -1 0 5 9|-1|-1|-1|-1|0 com.sec.android.app.twlauncher.ApplicationInfo@420f3198
I/DebugDb ( 2336): Dump Adapter 16 com.sec.android.app.twlauncher.ApplicationInfo Play Store -1 0 10 14|-1|-1|-1|-1|0 com.sec.android.app.twlauncher.ApplicationInfo@41f61628
I/DebugDb ( 2336): Dump Adapter 15 com.sec.android.app.twlauncher.ApplicationInfo YouTube -1 4 5 43|-1|-1|-1|-1|0 com.sec.android.app.twlauncher.ApplicationInfo@420fc110
I/DebugDb ( 2336): Dump Adapter 14 com.sec.android.app.twlauncher.ApplicationInfo Play Movies -1 4 6 76|-1|-1|-1|-1|0 com.sec.android.app.twlauncher.ApplicationInfo@420e94b8
I/DebugDb ( 2336): Dump Adapter 13 com.sec.android.app.twlauncher.ApplicationInfo Gmail -1 0 7 11|-1|-1|-1|-1|0 com.sec.android.app.twlauncher.ApplicationInfo@41bd6e80
I/DebugDb ( 2336): Dump Adapter 12 com.sec.android.app.twlauncher.ApplicationInfo Calendar -1 0 1 5|-1|-1|-1|-1|0 com.sec.android.app.twlauncher.ApplicationInfo@41aa51b8
I/DebugDb ( 2336): Dump Adapter 11 com.sec.android.app.twlauncher.ApplicationInfo Task -1 1 5 26|-1|-1|-1|-1|0 com.sec.android.app.twlauncher.ApplicationInfo@420eaf38
I/DebugDb ( 2336): Dump Adapter 10 com.sec.android.app.twlauncher.ApplicationInfo Talk -1 1 4 24|-1|-1|-1|-1|0 com.sec.android.app.twlauncher.ApplicationInfo@41f6b588
I/DebugDb ( 2336): Dump Adapter 9 com.sec.android.app.twlauncher.ApplicationInfo Settings -1 0 11 15|-1|-1|-1|-1|0 com.sec.android.app.twlauncher.ApplicationInfo@41f671f0
I/DebugDb ( 2336): Dump Adapter 8 com.sec.android.app.twlauncher.ApplicationInfo Internet -1 0 3 7|-1|-1|-1|-1|0 com.sec.android.app.twlauncher.ApplicationInfo@420fdd70
I/DebugDb ( 2336): Dump Adapter 7 com.sec.android.app.twlauncher.ApplicationInfo Music -1 0 2 6|-1|-1|-1|-1|0 com.sec.android.app.twlauncher.ApplicationInfo@41da0ae8
I/DebugDb ( 2336): Dump Adapter 6 com.sec.android.app.twlauncher.ApplicationInfo Messaging -1 -1 2 3|-1|-1|-1|-1|0 com.sec.android.app.twlauncher.ApplicationInfo@41a9eb10
I/DebugDb ( 2336): Dump Adapter 5 com.sec.android.app.twlauncher.ApplicationInfo Memo -1 2 5 41|-1|-1|-1|-1|0 com.sec.android.app.twlauncher.ApplicationInfo@41a28060
I/DebugDb ( 2336): Dump Adapter 4 com.sec.android.app.twlauncher.ApplicationInfo Task Manager -1 2 3 39|-1|-1|-1|-1|0 com.sec.android.app.twlauncher.ApplicationInfo@41b37c40
I/DebugDb ( 2336): Dump Adapter 3 com.sec.android.app.twlauncher.ApplicationInfo Email -1 0 6 10|-1|-1|-1|-1|0 com.sec.android.app.twlauncher.ApplicationInfo@419f9450
I/DebugDb ( 2336): Dump Adapter 2 com.sec.android.app.twlauncher.ApplicationInfo Contacts -1 -1 1 2|-1|-1|-1|-1|0 com.sec.android.app.twlauncher.ApplicationInfo@414d8fb8
I/DebugDb ( 2336): Dump Adapter 1 com.sec.android.app.twlauncher.ApplicationInfo Phone -1 -1 0 1|-1|-1|-1|-1|0 com.sec.android.app.twlauncher.ApplicationInfo@41a26f78
I/DebugDb ( 2336): Dump Adapter 0 com.sec.android.app.twlauncher.ApplicationInfo Camera -1 0 4 8|-1|-1|-1|-1|0 com.sec.android.app.twlauncher.ApplicationInfo@41b4b660
I/DebugFolder( 2336): Syncing with android.widget.ArrayAdapter@4219be78
I/DebugFolder( 2336): syncGridView Dumping Added
I/DebugFolder( 2336): syncGridView Dumping Deleted
I/DebugFolder( 2336): syncGridView Dumping Current
I/DebugFolder( 2336): syncGridView Dumping Special
I/DebugPlacement( 2336): ASZ order 0 / com.sec.android.app.twlauncher.ApplicationInfo Phone -1 -1 0 1|-1|-1|-1|-1|0 com.sec.android.app.twlauncher.ApplicationInfo@41a26f78
E/AlarmManagerService( 1986): android_server_AlarmManagerService_set to type=0, 1349304134.824000000
I/DebugPlacement( 2336): ASZ order 1 / com.sec.android.app.twlauncher.ApplicationInfo Contacts -1 -1 1 2|-1|-1|-1|-1|0 com.sec.android.app.twlauncher.ApplicationInfo@414d8fb8
I/DebugPlacement( 2336): ASZ order 2 / com.sec.android.app.twlauncher.ApplicationInfo Messaging -1 -1 2 3|-1|-1|-1|-1|0 com.sec.android.app.twlauncher.ApplicationInfo@41a9eb10
I/DebugPlacement( 2336): View = com.sec.android.app.twlauncher.MenuItemView@422e1bc8 tag = com.sec.android.app.twlauncher.ApplicationInfo OS Monitor -1 6 4 115|-1|-1|-1|-1|0 com.sec.android.app.twlauncher.ApplicationInfo@41cceb08 Owner = com.sec.android.app.twlauncher.AppMenu@42459a80
I/DebugPlacement( 2336): View = com.sec.android.app.twlauncher.MenuItemView@422a0518 tag = com.sec.android.app.twlauncher.ApplicationInfo O2 -1 6 3 114|-1|-1|-1|-1|0 com.sec.android.app.twlauncher.ApplicationInfo@4219a400 Owner = com.sec.android.app.twlauncher.AppMenu@42459a80
I/DebugPlacement( 2336): View = com.sec.android.app.twlauncher.MenuItemView@4245dac0 tag = com.sec.android.app.twlauncher.ApplicationInfo NatWest -1 6 2 110|-1|-1|-1|-1|0 com.sec.android.app.twlauncher.ApplicationInfo@41ed65f0 Owner = com.sec.android.app.twlauncher.AppMenu@42459a80
I/DebugPlacement( 2336): View = com.sec.android.app.twlauncher.MenuItemView@4245c1c8 tag = com.sec.android.app.twlauncher.ApplicationInfo jQuery Mobile docs -1 6 1 107|-1|-1|-1|-1|0 com.sec.android.app.twlauncher.ApplicationInfo@42101ea0 Owner = com.sec.android.app.twlauncher.AppMenu@42459a80
I/DebugPlacement( 2336): View = com.sec.android.app.twlauncher.MenuItemView@4245aa20 tag = com.sec.android.app.twlauncher.ApplicationInfo PG API JQM -1 6 0 106|-1|-1|-1|-1|0 com.sec.android.app.twlauncher.ApplicationInfo@41a9d360 Owner = com.sec.android.app.twlauncher.AppMenu@42459a80
I/DebugPlacement( 2336): View = com.sec.android.app.twlauncher.MenuItemView@42458328 tag = com.sec.android.app.twlauncher.ApplicationInfo Ant Build -1 5 13 104|-1|-1|-1|-1|0 com.sec.android.app.twlauncher.ApplicationInfo@41a958c8 Owner = com.sec.android.app.twlauncher.AppMenu@42443ff8
I/DebugPlacement( 2336): View = com.sec.android.app.twlauncher.MenuItemView@42456ae0 tag = com.sec.android.app.twlauncher.ApplicationInfo WellFTP Server -1 5 12 103|-1|-1|-1|-1|0 com.sec.android.app.twlauncher.ApplicationInfo@42109240 Owner = com.sec.android.app.twlauncher.AppMenu@42443ff8
I/DebugPlacement( 2336): View = com.sec.android.app.twlauncher.MenuItemView@42455328 tag = com.sec.android.app.twlauncher.ApplicationInfo Flashlight -1 5 11 100|-1|-1|-1|-1|0 com.sec.android.app.twlauncher.ApplicationInfo@41aa2c10 Owner = com.sec.android.app.twlauncher.AppMenu@42443ff8
I/DebugPlacement( 2336): View = com.sec.android.app.twlauncher.MenuItemView@42453b90 tag = com.sec.android.app.twlauncher.ApplicationInfo Battery -1 5 10 99|-1|-1|-1|-1|0 com.sec.android.app.twlauncher.ApplicationInfo@42185880 Owner = com.sec.android.app.twlauncher.AppMenu@42443ff8
I/DebugPlacement( 2336): View = com.sec.android.app.twlauncher.MenuItemView@424523f0 tag = com.sec.android.app.twlauncher.ApplicationInfo SwiftKey 3 -1 5 9 97|-1|-1|-1|-1|0 com.sec.android.app.twlauncher.ApplicationInfo@41edf728 Owner = com.sec.android.app.twlauncher.AppMenu@42443ff8
I/DebugPlacement( 2336): View = com.sec.android.app.twlauncher.MenuItemView@42450c58 tag = com.sec.android.app.twlauncher.ApplicationInfo Songbird -1 5 8 94|-1|-1|-1|-1|0 com.sec.android.app.twlauncher.ApplicationInfo@42274230 Owner = com.sec.android.app.twlauncher.AppMenu@42443ff8
I/DebugPlacement( 2336): View = com.sec.android.app.twlauncher.MenuItemView@4244f4b8 tag = com.sec.android.app.twlauncher.ApplicationInfo Foursquare -1 5 7 93|-1|-1|-1|-1|0 com.sec.android.app.twlauncher.ApplicationInfo@42196640 Owner = com.sec.android.app.twlauncher.AppMenu@42443ff8
I/DebugPlacement( 2336): View = com.sec.android.app.twlauncher.MenuItemView@4244dd38 tag = com.sec.android.app.twlauncher.ApplicationInfo German -1 5 6 92|-1|-1|-1|-1|0 com.sec.android.app.twlauncher.ApplicationInfo@420c33e0 Owner = com.sec.android.app.twlauncher.AppMenu@42443ff8
I/DebugPlacement( 2336): View = com.sec.android.app.twlauncher.MenuItemView@4244c5a0 tag = com.sec.android.app.twlauncher.ApplicationInfo Currency -1 5 5 90|-1|-1|-1|-1|0 com.sec.android.app.twlauncher.ApplicationInfo@42194d90 Owner = com.sec.android.app.twlauncher.AppMenu@42443ff8
I/DebugPlacement( 2336): View = com.sec.android.app.twlauncher.MenuItemView@4244ae08 tag = com.sec.android.app.twlauncher.ApplicationInfo RunDouble -1 5 4 89|-1|-1|-1|-1|0 com.sec.android.app.twlauncher.ApplicationInfo@420d2468 Owner = com.sec.android.app.twlauncher.AppMenu@42443ff8
I/DebugPlacement( 2336): View = com.sec.android.app.twlauncher.MenuItemView@42449650 tag = com.sec.android.app.twlauncher.ApplicationInfo Amazon Kindle -1 5 3 87|-1|-1|-1|-1|0 com.sec.android.app.twlauncher.ApplicationInfo@420d90d8 Owner = com.sec.android.app.twlauncher.AppMenu@42443ff8
I/DebugPlacement( 2336): View = com.sec.android.app.twlauncher.MenuItemView@42447eb8 tag = com.sec.android.app.twlauncher.ApplicationInfo UberHype -1 5 2 86|-1|-1|-1|-1|0 com.sec.android.app.twlauncher.ApplicationInfo@414faaf8 Owner = com.sec.android.app.twlauncher.AppMenu@42443ff8
I/DebugPlacement( 2336): View = com.sec.android.app.twlauncher.MenuItemView@42446738 tag = com.sec.android.app.twlauncher.ApplicationInfo oDesk -1 5 1 85|-1|-1|-1|-1|0 com.sec.android.app.twlauncher.ApplicationInfo@41aa2da0 Owner = com.sec.android.app.twlauncher.AppMenu@42443ff8
I/DebugPlacement( 2336): View = com.sec.android.app.twlauncher.MenuItemView@42444f98 tag = com.sec.android.app.twlauncher.ApplicationInfo Freelancer -1 5 0 84|-1|-1|-1|-1|0 com.sec.android.app.twlauncher.ApplicationInfo@420fd440 Owner = com.sec.android.app.twlauncher.AppMenu@42443ff8
I/DebugPlacement( 2336): View = com.sec.android.app.twlauncher.MenuItemView@42442838 tag = com.sec.android.app.twlauncher.ApplicationInfo Hubroid -1 4 12 83|-1|-1|-1|-1|0 com.sec.android.app.twlauncher.ApplicationInfo@41ec5d90 Owner = com.sec.android.app.twlauncher.AppMenu@4242fdc8
I/DebugPlacement( 2336): View = com.sec.android.app.twlauncher.MenuItemView@42441090 tag = com.sec.android.app.twlauncher.ApplicationInfo Analytics -1 4 11 82|-1|-1|-1|-1|0 com.sec.android.app.twlauncher.ApplicationInfo@420f7c80 Owner = com.sec.android.app.twlauncher.AppMenu@4242fdc8
I/DebugPlacement( 2336): View = com.sec.android.app.twlauncher.MenuItemView@4243f900 tag = com.sec.android.app.twlauncher.ApplicationInfo GNotes -1 4 10 80|-1|-1|-1|-1|0 com.sec.android.app.twlauncher.ApplicationInfo@421847c8 Owner = com.sec.android.app.twlauncher.AppMenu@4242fdc8
I/DebugPlacement( 2336): View = com.sec.android.app.twlauncher.MenuItemView@4243e148 tag = com.sec.android.app.twlauncher.ApplicationInfo Nearest Stops -1 4 9 79|-1|-1|-1|-1|0 com.sec.android.app.twlauncher.ApplicationInfo@41a96880 Owner = com.sec.android.app.twlauncher.AppMenu@4242fdc8
I/DebugPlacement( 2336): View = com.sec.android.app.twlauncher.MenuItemView@4243c9a0 tag = com.sec.android.app.twlauncher.ApplicationInfo Football SC -1 4 8 78|-1|-1|-1|-1|0 com.sec.android.app.twlauncher.ApplicationInfo@41a94128 Owner = com.sec.android.app.twlauncher.AppMenu@4242fdc8
I/DebugPlacement( 2336): View = com.sec.android.app.twlauncher.MenuItemView@4243b228 tag = com.sec.android.app.twlauncher.ApplicationInfo Path -1 4 7 77|-1|-1|-1|-1|0 com.sec.android.app.twlauncher.ApplicationInfo@420f5ee0 Owner = com.sec.android.app.twlauncher.AppMenu@4242fdc8
I/DebugPlacement( 2336): View = com.sec.android.app.twlauncher.MenuItemView@42439a80 tag = com.sec.android.app.twlauncher.ApplicationInfo Play Movies -1 4 6 76|-1|-1|-1|-1|0 com.sec.android.app.twlauncher.ApplicationInfo@420e94b8 Owner = com.sec.android.app.twlauncher.AppMenu@4242fdc8
I/DebugPlacement( 2336): View = com.sec.android.app.twlauncher.MenuItemView@424382f8 tag = com.sec.android.app.twlauncher.ApplicationInfo YouTube -1 4 5 43|-1|-1|-1|-1|0 com.sec.android.app.twlauncher.ApplicationInfo@420fc110 Owner = com.sec.android.app.twlauncher.AppMenu@4242fdc8
I/DebugPlacement( 2336): View = com.sec.android.app.twlauncher.MenuItemView@42436b60 tag = com.sec.android.app.twlauncher.ApplicationInfo WhatsApp -1 4 4 59|-1|-1|-1|-1|0 com.sec.android.app.twlauncher.ApplicationInfo@42109870 Owner = com.sec.android.app.twlauncher.AppMenu@4242fdc8
I/DebugPlacement( 2336): View = com.sec.android.app.twlauncher.MenuItemView@424353d8 tag = com.sec.android.app.twlauncher.ApplicationInfo Twitter -1 4 3 61|-1|-1|-1|-1|0 com.sec.android.app.twlauncher.ApplicationInfo@420ef9d0 Owner = com.sec.android.app.twlauncher.AppMenu@4242fdc8
I/DebugPlacement( 2336): View = com.sec.android.app.twlauncher.MenuItemView@42433c50 tag = com.sec.android.app.twlauncher.ApplicationInfo TED Air -1 4 2 68|-1|-1|-1|-1|0 com.sec.android.app.twlauncher.ApplicationInfo@420fd508 Owner = com.sec.android.app.twlauncher.AppMenu@4242fdc8
I/DebugPlacement( 2336): View = com.sec.android.app.twlauncher.MenuItemView@424324e0 tag = com.sec.android.app.twlauncher.ApplicationInfo TED -1 4 1 67|-1|-1|-1|-1|0 com.sec.android.app.twlauncher.ApplicationInfo@421969f0 Owner = com.sec.android.app.twlauncher.AppMenu@4242fdc8
I/DebugPlacement( 2336): View = com.sec.android.app.twlauncher.MenuItemView@42430d68 tag = com.sec.android.app.twlauncher.ApplicationInfo Tags -1 4 0 51|-1|-1|-1|-1|0 com.sec.android.app.twlauncher.ApplicationInfo@420ee140 Owner = com.sec.android.app.twlauncher.AppMenu@4242fdc8
I/DebugPlacement( 2336): View = com.sec.android.app.twlauncher.MenuItemView@4242e690 tag = com.sec.android.app.twlauncher.ApplicationInfo Skype -1 3 11 62|-1|-1|-1|-1|0 com.sec.android.app.twlauncher.ApplicationInfo@421099a0 Owner = com.sec.android.app.twlauncher.AppMenu@4241d1e8
I/DebugPlacement( 2336): View = com.sec.android.app.twlauncher.MenuItemView@4242cf00 tag = com.sec.android.app.twlauncher.ApplicationInfo Shazam -1 3 10 47|-1|-1|-1|-1|0 com.sec.android.app.twlauncher.ApplicationInfo@420f7188 Owner = com.sec.android.app.twlauncher.AppMenu@4241d1e8
I/DebugPlacement( 2336): View = com.sec.android.app.twlauncher.MenuItemView@4242b758 tag = com.sec.android.app.twlauncher.ApplicationInfo Samsung Hub -1 3 9 58|-1|-1|-1|-1|0 com.sec.android.app.twlauncher.ApplicationInfo@42101218 Owner = com.sec.android.app.twlauncher.AppMenu@4241d1e8
I/DebugPlacement( 2336): View = com.sec.android.app.twlauncher.MenuItemView@42429fd8 tag = com.sec.android.app.twlauncher.ApplicationInfo Pulse -1 3 8 70|-1|-1|-1|-1|0 com.sec.android.app.twlauncher.ApplicationInfo@42195560 Owner = com.sec.android.app.twlauncher.AppMenu@4241d1e8
I/DebugPlacement( 2336): View = com.sec.android.app.twlauncher.MenuItemView@42428838 tag = com.sec.android.app.twlauncher.ApplicationInfo Play Books -1 3 7 52|-1|-1|-1|-1|0 com.sec.android.app.twlauncher.ApplicationInfo@420effe0 Owner = com.sec.android.app.twlauncher.AppMenu@4241d1e8
I/DebugPlacement( 2336): View = com.sec.android.app.twlauncher.MenuItemView@42427088 tag = com.sec.android.app.twlauncher.ApplicationInfo Opera Mobile -1 3 6 45|-1|-1|-1|-1|0 com.sec.android.app.twlauncher.ApplicationInfo@420e9770 Owner = com.sec.android.app.twlauncher.AppMenu@4241d1e8
I/DebugPlacement( 2336): View = com.sec.android.app.twlauncher.MenuItemView@424258f0 tag = com.sec.android.app.twlauncher.ApplicationInfo O2 Space -1 3 5 55|-1|-1|-1|-1|0 com.sec.android.app.twlauncher.ApplicationInfo@420eefb8 Owner = com.sec.android.app.twlauncher.AppMenu@4241d1e8
I/DebugPlacement( 2336): View = com.sec.android.app.twlauncher.MenuItemView@42423ff8 tag = com.sec.android.app.twlauncher.ApplicationInfo O2 Priority Moments -1 3 4 57|-1|-1|-1|-1|0 com.sec.android.app.twlauncher.ApplicationInfo@420e1808 Owner = com.sec.android.app.twlauncher.AppMenu@4241d1e8
I/DebugPlacement( 2336): View = com.sec.android.app.twlauncher.MenuItemView@42422860 tag = com.sec.android.app.twlauncher.ApplicationInfo Messenger -1 3 3 49|-1|-1|-1|-1|0 com.sec.android.app.twlauncher.ApplicationInfo@420fd818 Owner = com.sec.android.app.twlauncher.AppMenu@4241d1e8
I/DebugPlacement( 2336): View = com.sec.android.app.twlauncher.MenuItemView@424210d8 tag = com.sec.android.app.twlauncher.ApplicationInfo LT Free -1 3 2 71|-1|-1|-1|-1|0 com.sec.android.app.twlauncher.ApplicationInfo@41a9b978 Owner = com.sec.android.app.twlauncher.AppMenu@4241d1e8
I/DebugPlacement( 2336): View = com.sec.android.app.twlauncher.MenuItemView@4241f920 tag = com.sec.android.app.twlauncher.ApplicationInfo London Travel -1 3 1 72|-1|-1|-1|-1|0 com.sec.android.app.twlauncher.ApplicationInfo@421854f0 Owner = com.sec.android.app.twlauncher.AppMenu@4241d1e8
I/DebugPlacement( 2336): View = com.sec.android.app.twlauncher.MenuItemView@4241e188 tag = com.sec.android.app.twlauncher.ApplicationInfo LastPass -1 3 0 65|-1|-1|-1|-1|0 com.sec.android.app.twlauncher.ApplicationInfo@420f5ae8 Owner = com.sec.android.app.twlauncher.AppMenu@4241d1e8
I/DebugPlacement( 2336): View = com.sec.android.app.twlauncher.MenuItemView@4241a0f0 tag = com.sec.android.app.twlauncher.ApplicationInfo Google+ -1 2 14 48|-1|-1|-1|-1|0 com.sec.android.app.twlauncher.ApplicationInfo@420eddc0 Owner = com.sec.android.app.twlauncher.AppMenu@424044a8
I/DebugPlacement( 2336): View = com.sec.android.app.twlauncher.MenuItemView@424187e8 tag = com.sec.android.app.twlauncher.ApplicationInfo Flash Player Settings -1 2 13 56|-1|-1|-1|-1|0 com.sec.android.app.twlauncher.ApplicationInfo@42103a20 Owner = com.sec.android.app.twlauncher.AppMenu@424044a8
I/DebugPlacement( 2336): View = com.sec.android.app.twlauncher.MenuItemView@42416fd0 tag = com.sec.android.app.twlauncher.ApplicationInfo Facebook -1 2 12 60|-1|-1|-1|-1|0 com.sec.android.app.twlauncher.ApplicationInfo@42272628 Owner = com.sec.android.app.twlauncher.AppMenu@424044a8
I/DebugPlacement( 2336): View = com.sec.android.app.twlauncher.MenuItemView@42415850 tag = com.sec.android.app.twlauncher.ApplicationInfo eBay -1 2 11 54|-1|-1|-1|-1|0 com.sec.android.app.twlauncher.ApplicationInfo@41a9c630 Owner = com.sec.android.app.twlauncher.AppMenu@424044a8
I/DebugPlacement( 2336): View = com.sec.android.app.twlauncher.MenuItemView@424140b8 tag = com.sec.android.app.twlauncher.ApplicationInfo Dropbox -1 2 10 64|-1|-1|-1|-1|0 com.sec.android.app.twlauncher.ApplicationInfo@41ee0668 Owner = com.sec.android.app.twlauncher.AppMenu@424044a8
I/DebugPlacement( 2336): View = com.sec.android.app.twlauncher.MenuItemView@42412918 tag = com.sec.android.app.twlauncher.ApplicationInfo Chess Free -1 2 9 66|-1|-1|-1|-1|0 com.sec.android.app.twlauncher.ApplicationInfo@4210b8d0 Owner = com.sec.android.app.twlauncher.AppMenu@424044a8
I/DebugPlacement( 2336): View = com.sec.android.app.twlauncher.MenuItemView@42411170 tag = com.sec.android.app.twlauncher.ApplicationInfo BBC iPlayer -1 2 8 53|-1|-1|-1|-1|0 com.sec.android.app.twlauncher.ApplicationInfo@416acfc0 Owner = com.sec.android.app.twlauncher.AppMenu@424044a8
I/DebugPlacement( 2336): View = com.sec.android.app.twlauncher.MenuItemView@4240f9c8 tag = com.sec.android.app.twlauncher.ApplicationInfo Angry Birds -1 2 7 69|-1|-1|-1|-1|0 com.sec.android.app.twlauncher.ApplicationInfo@41edd6b8 Owner = com.sec.android.app.twlauncher.AppMenu@424044a8
I/DebugPlacement( 2336): View = com.sec.android.app.twlauncher.MenuItemView@4240e210 tag = com.sec.android.app.twlauncher.ApplicationInfo Polaris Office -1 2 6 42|-1|-1|-1|-1|0 com.sec.android.app.twlauncher.ApplicationInfo@42109100 Owner = com.sec.android.app.twlauncher.AppMenu@424044a8
I/DebugPlacement( 2336): View = com.sec.android.app.twlauncher.MenuItemView@4240ca98 tag = com.sec.android.app.twlauncher.ApplicationInfo Memo -1 2 5 41|-1|-1|-1|-1|0 com.sec.android.app.twlauncher.ApplicationInfo@41a28060 Owner = com.sec.android.app.twlauncher.AppMenu@424044a8
I/DebugPlacement( 2336): View = com.sec.android.app.twlauncher.MenuItemView@4240b300 tag = com.sec.android.app.twlauncher.ApplicationInfo FM radio -1 2 4 40|-1|-1|-1|-1|0 com.sec.android.app.twlauncher.ApplicationInfo@41aa5440 Owner = com.sec.android.app.twlauncher.AppMenu@424044a8
I/DebugPlacement( 2336): View = com.sec.android.app.twlauncher.MenuItemView@42409b50 tag = com.sec.android.app.twlauncher.ApplicationInfo Task Manager -1 2 3 39|-1|-1|-1|-1|0 com.sec.android.app.twlauncher.ApplicationInfo@41b37c40 Owner = com.sec.android.app.twlauncher.AppMenu@424044a8
I/DebugPlacement( 2336): View = com.sec.android.app.twlauncher.MenuItemView@42408398 tag = com.sec.android.app.twlauncher.ApplicationInfo News & Weather -1 2 2 38|-1|-1|-1|-1|0 com.sec.android.app.twlauncher.ApplicationInfo@420ed898 Owner = com.sec.android.app.twlauncher.AppMenu@424044a8
I/DebugPlacement( 2336): View = com.sec.android.app.twlauncher.MenuItemView@42406be8 tag = com.sec.android.app.twlauncher.ApplicationInfo Samsung Apps -1 2 1 37|-1|-1|-1|-1|0 com.sec.android.app.twlauncher.ApplicationInfo@420f3260 Owner = com.sec.android.app.twlauncher.AppMenu@424044a8
I/DebugPlacement( 2336): View = com.sec.android.app.twlauncher.MenuItemView@42405448 tag = com.sec.android.app.twlauncher.ApplicationInfo Calculator -1 2 0 36|-1|-1|-1|-1|0 com.sec.android.app.twlauncher.ApplicationInfo@420fb0e8 Owner = com.sec.android.app.twlauncher.AppMenu@424044a8
I/DebugPlacement( 2336): View = com.sec.android.app.twlauncher.MenuItemView@42402d50 tag = com.sec.android.app.twlauncher.ApplicationInfo Mini diary -1 1 14 35|-1|-1|-1|-1|0 com.sec.android.app.twlauncher.ApplicationInfo@420eb618 Owner = com.sec.android.app.twlauncher.AppMenu@423ed128
I/DebugPlacement( 2336): View = com.sec.android.app.twlauncher.MenuItemView@42401598 tag = com.sec.android.app.twlauncher.ApplicationInfo Video maker -1 1 13 34|-1|-1|-1|-1|0 com.sec.android.app.twlauncher.ApplicationInfo@420f8228 Owner = com.sec.android.app.twlauncher.AppMenu@423ed128
I/DebugPlacement( 2336): View = com.sec.android.app.twlauncher.MenuItemView@423ffd68 tag = com.sec.android.app.twlauncher.ApplicationInfo Photo editor -1 1 12 33|-1|-1|-1|-1|0 com.sec.android.app.twlauncher.ApplicationInfo@42100388 Owner = com.sec.android.app.twlauncher.AppMenu@423ed128
I/DebugPlacement( 2336): View = com.sec.android.app.twlauncher.MenuItemView@423fe5c0 tag = com.sec.android.app.twlauncher.ApplicationInfo Downloads -1 1 11 32|-1|-1|-1|-1|0 com.sec.android.app.twlauncher.ApplicationInfo@420eb2d0 Owner = com.sec.android.app.twlauncher.AppMenu@423ed128
I/DebugPlacement( 2336): View = com.sec.android.app.twlauncher.MenuItemView@423fce38 tag = com.sec.android.app.twlauncher.ApplicationInfo Local -1 1 10 31|-1|-1|-1|-1|0 com.sec.android.app.twlauncher.ApplicationInfo@42109358 Owner = com.sec.android.app.twlauncher.AppMenu@423ed128
