D/Launcher(13959): It's live wallpaper. suggestDesiredDimensions() with SPAN 2
D/DigitalClock(16859): DigitalClockAppWidgetService. action :  sec.android.intent.action.HOME_RESUME
D/DigitalClock(16859): DigitalClockAppWidget. : updateClock =  [I@414f2e80
D/DigitalClock(16859): DigitalClockAppWidget. : drawMinute mm1_ 1mm2_5
I/SurfaceFlinger( 1825): id=1988(228) createSurface 0x4312c (480x762),1 flag=0
D/DigitalClock(16859): DigitalClockAppWidget.onReceive : ACTION_HOME_RESUME is called!!
D/DigitalClock(16859): DigitalClockAppWidget. : updateClock =  [I@414f51d8
D/DigitalClock(16859): DigitalClockAppWidget. : drawMinute mm1_ 1mm2_5
I/SurfaceFlinger( 1825): id=1989(229) createSurface 0x4b004 (480x800),1 flag=0
I/PhotoAppWidgetProvider(12515): onReceive
I/PhotoAppWidgetProvider(12515): RestartSlideShow
D/PhotoDatabaseHelper(12515): getWidgetIdList query count : 0
D/PhotoAppWidgetProvider(12515): onReceive End
D/com.samsung.app(14883): [MSC]>>> SCI:345 [0:0] R : secandroidintentactionHOME_RESUME
D/com.samsung.app(14883): [MSC]>>> SCI:351 [0:0] R : no stock widget!!!
D/comsamsungapp(14078): [MSC_Accu]>>> WWP:375 [0:0] onReceive@ secandroidintentactionHOME_RESUME
D/comsamsungapp(14078): [MSC_Accu]>>> WIM:53 [0:0] AccuWeatherClockWidgetID_Length
D/comsamsungapp(14078): [MSC_Accu]>>> WIM:54 [0:0] getPrefIDs@lngth:1
D/comsamsungapp(14078): [MSC_Accu]>>> WIM:60 [0:0] getPrefIDs@Ids1:16
D/comsamsungapp(14078): [MSC_Accu]>>> WWP:368 [0:0] refreshhandler is null!!
D/comsamsungapp(14078): [MSC_Accu]>>> U:177 [0:0] util getnext by widget 1349175600000
D/CalendarAppWidgetProviderAgenda(12537): onReceive : sec.android.intent.action.HOME_RESUME
D/CalendarAppWidgetProviderAgenda(12537): getComponentName : 
D/comsamsungapp(14078): [MSC_Accu]>>> WWP:302 [0:0] [AR] now = [1349140507478] LTM = [1349175600000] need_AR = [false]
I/Launcher(13959): onWindowFocusChanged(true)
D/comsamsungapp(14078): [MSC_Accu]>>> WWP:307 [0:0] [AR] LUPTM = [1349132411161] SV = 4
D/dalvikvm(13959): GC_FOR_ALLOC freed 1324K, 24% free 24042K/31239K, paused 36ms
W/InputManagerService( 1987): Starting input on non-focused client com.android.internal.view.IInputMethodClient$Stub$Proxy@41e453c0 (uid=10038 pid=18654)
D/dalvikvm(12537): GC_CONCURRENT freed 363K, 5% free 9007K/9479K, paused 1ms+1ms
D/dalvikvm(13959): GC_FOR_ALLOC freed 1750K, 25% free 23456K/31239K, paused 32ms
E/DataRouter( 1823): usb connection is true 
E/DataRouter( 1823): DSR is ON. Don't send DTR ON.
I/SurfaceFlinger( 1825): id=1987 Removed idx=4 Map Size=5
I/SurfaceFlinger( 1825): id=1987 Removed idx=-2 Map Size=5
I/power   ( 1987): *** release_dvfs_lock : lockType : 1 
D/PowerManagerService( 1987): releaseDVFSLockLocked : all DVFS_MIN_LIMIT are released 
W/ActivityManager( 1987): mDVFSLock.release()
I/ActivityManager( 1987): No longer want app.processName (pid 7831): hidden #26
D/MountService( 1987): An IMountServiceListener has died!
I/WindowManager( 1987): WIN DEATH: win
W/PowerManagerService( 1987): Timer 0x3->0x3|0x0
D/InputReader( 1987): Input event: value=1
D/RestrictionPolicy( 1987): isHomeKeyEnabled :true
E/AlarmManagerService( 1987): android_server_AlarmManagerService_set to type=2, 230580.647000000
V/AlarmManager( 1987): trigger WAKEUP Alarm{41a66cc0 type 2 com.google.android.gsf}
V/ProgramMonitorRemoteService(17797): onReceive() intent=Intent { act=ProgramMonitorRemoteService.UPDATE_RUNNING_COUNT flg=0x10 }
V/ProgramMonitorRemoteService(17797): onReceive() UPDATE_RUNNING_APPLICATION_COUNT
V/ProgramMonitorRemoteService(17797): updateRunningApplicationListInfo()
D/RestrictionPolicy( 1987): isHomeKeyEnabled :true
I/HomeKeyDoubleClick( 1987): addAction() is called.  action = 0  canceled = false
I/HomeKeyDoubleClick( 1987): in addAction(), now add
I/HomeKeyDoubleClick( 1987): in addAction(), down event. now call postCheckRunnable().
I/HomeKeyDoubleClick( 1987): postCheckRunnable() is called
I/HomeKeyDoubleClick( 1987): in postCheckRunnable(), now posting.
I/HomeKeyDoubleClick( 1987): in postCheckRunnable(), posting success.
D/dalvikvm(17797): GC_CONCURRENT freed 491K, 7% free 9055K/9671K, paused 10ms+7ms
D/dalvikvm(17797): GC_CONCURRENT freed 455K, 7% free 9040K/9671K, paused 2ms+2ms
D/dalvikvm(17797): GC_CONCURRENT freed 465K, 7% free 9033K/9671K, paused 2ms+2ms
D/RestrictionPolicy( 1987): isHomeKeyEnabled :true
I/HomeKeyDoubleClick( 1987): addAction() is called.  action = 0  canceled = false
I/HomeKeyDoubleClick( 1987): in addAction(), action is canceled OR repeatCount is not zero. now call reset()
I/HomeKeyDoubleClick( 1987): reset() is called
I/HomeKeyDoubleClick( 1987): in reset()  after reset, mPosted = false  mHomeActionList.size() = 0
D/WindowManager( 1987): Home long press behavior, keyguardOn = false
D/dalvikvm(17797): GC_CONCURRENT freed 450K, 7% free 9049K/9671K, paused 1ms+2ms
D/RestrictionPolicy( 1987): isHomeKeyEnabled :true
I/HomeKeyDoubleClick( 1987): addAction() is called.  action = 0  canceled = false
I/HomeKeyDoubleClick( 1987): in addAction(), action is canceled OR repeatCount is not zero. now call reset()
I/HomeKeyDoubleClick( 1987): reset() is called
I/HomeKeyDoubleClick( 1987): in reset()  after reset, mPosted = false  mHomeActionList.size() = 0
D/RestrictionPolicy( 1987): isHomeKeyEnabled :true
I/HomeKeyDoubleClick( 1987): addAction() is called.  action = 0  canceled = false
I/HomeKeyDoubleClick( 1987): in addAction(), action is canceled OR repeatCount is not zero. now call reset()
I/HomeKeyDoubleClick( 1987): reset() is called
I/HomeKeyDoubleClick( 1987): in reset()  after reset, mPosted = false  mHomeActionList.size() = 0
D/dalvikvm(17797): GC_CONCURRENT freed 417K, 7% free 9021K/9671K, paused 4ms+4ms
D/RestrictionPolicy( 1987): isHomeKeyEnabled :true
I/HomeKeyDoubleClick( 1987): addAction() is called.  action = 0  canceled = false
I/HomeKeyDoubleClick( 1987): in addAction(), action is canceled OR repeatCount is not zero. now call reset()
I/HomeKeyDoubleClick( 1987): reset() is called
I/HomeKeyDoubleClick( 1987): in reset()  after reset, mPosted = false  mHomeActionList.size() = 0
W/WindowManager( 1987): interceptKeyBeforeDispatching with IVoIPInterface 
D/VoIPInterfaceManager( 1987): isVoIPRinging()...
D/VoIPInterfaceManager( 1987):     Not exist call session
W/InputManagerService( 1987): onReceive() calling hidecurrentInputLocked
I/PackageInfo(17797): getRunningAppPackageList(), pid:18654, task:true, service:false, memUsage:29842, cpuUsage:0.0, packageName:com.spotting.havewant
I/SurfaceFlinger( 1825): id=1990(104) createSurface 0x4372c (480x800),1 flag=0
D/RestrictionPolicy( 1987): isHomeKeyEnabled :true
I/HomeKeyDoubleClick( 1987): addAction() is called.  action = 0  canceled = false
I/HomeKeyDoubleClick( 1987): in addAction(), action is canceled OR repeatCount is not zero. now call reset()
I/HomeKeyDoubleClick( 1987): reset() is called
I/HomeKeyDoubleClick( 1987): in reset()  after reset, mPosted = false  mHomeActionList.size() = 0
I/Launcher(13959): onWindowFocusChanged(false)
D/RestrictionPolicy( 1987): isHomeKeyEnabled :true
I/HomeKeyDoubleClick( 1987): addAction() is called.  action = 0  canceled = false
I/HomeKeyDoubleClick( 1987): in addAction(), action is canceled OR repeatCount is not zero. now call reset()
I/HomeKeyDoubleClick( 1987): reset() is called
I/HomeKeyDoubleClick( 1987): in reset()  after reset, mPosted = false  mHomeActionList.size() = 0
D/RestrictionPolicy( 1987): isHomeKeyEnabled :true
I/HomeKeyDoubleClick( 1987): addAction() is called.  action = 0  canceled = false
I/HomeKeyDoubleClick( 1987): in addAction(), action is canceled OR repeatCount is not zero. now call reset()
I/HomeKeyDoubleClick( 1987): reset() is called
I/HomeKeyDoubleClick( 1987): in reset()  after reset, mPosted = false  mHomeActionList.size() = 0
V/ProgramMonitorRemoteService(17797): onReceive() intent=Intent { act=ProgramMonitorRemoteService.RUNNING_COUNT flg=0x10 }
V/ProgramMonitorRemoteService(17797): onReceive() RUNNING_APPS_COUNT
V/ProgramMonitorRemoteService(17797): getRunningApplicationCount() start
V/ProgramMonitorRemoteService(17797): getRunningApplicationCount() end 1
V/ProgramMonitorRemoteService(17797): onReceive() getRunningApplicationCount=1
V/ProgramMonitorRemoteService(17797): initCPUUsage()
D/RestrictionPolicy( 1987): isHomeKeyEnabled :true
I/HomeKeyDoubleClick( 1987): addAction() is called.  action = 0  canceled = false
I/HomeKeyDoubleClick( 1987): in addAction(), action is canceled OR repeatCount is not zero. now call reset()
I/HomeKeyDoubleClick( 1987): reset() is called
I/HomeKeyDoubleClick( 1987): in reset()  after reset, mPosted = false  mHomeActionList.size() = 0
D/RestrictionPolicy( 1987): isHomeKeyEnabled :true
I/HomeKeyDoubleClick( 1987): addAction() is called.  action = 0  canceled = false
I/HomeKeyDoubleClick( 1987): in addAction(), action is canceled OR repeatCount is not zero. now call reset()
I/HomeKeyDoubleClick( 1987): reset() is called
I/HomeKeyDoubleClick( 1987): in reset()  after reset, mPosted = false  mHomeActionList.size() = 0
D/dalvikvm(13959): GC_FOR_ALLOC freed 1923K, 25% free 23452K/31239K, paused 38ms
D/RestrictionPolicy( 1987): isHomeKeyEnabled :true
I/HomeKeyDoubleClick( 1987): addAction() is called.  action = 0  canceled = false
I/HomeKeyDoubleClick( 1987): in addAction(), action is canceled OR repeatCount is not zero. now call reset()
I/HomeKeyDoubleClick( 1987): reset() is called
I/HomeKeyDoubleClick( 1987): in reset()  after reset, mPosted = false  mHomeActionList.size() = 0
D/RestrictionPolicy( 1987): isHomeKeyEnabled :true
I/HomeKeyDoubleClick( 1987): addAction() is called.  action = 0  canceled = false
I/HomeKeyDoubleClick( 1987): in addAction(), action is canceled OR repeatCount is not zero. now call reset()
I/HomeKeyDoubleClick( 1987): reset() is called
I/HomeKeyDoubleClick( 1987): in reset()  after reset, mPosted = false  mHomeActionList.size() = 0
D/InputReader( 1987): Input event: value=0
D/RestrictionPolicy( 1987): isHomeKeyEnabled :true
I/HomeKeyDoubleClick( 1987): addAction() is called.  action = 1  canceled = false
I/InputReader( 1987): dispatchTouch::touch event's action is 0 (deviceType=0) [pCnt=1, pending(waiting finished signal)=0]
I/InputDispatcher( 1987): Delivering touch to current input target
I/InputDispatcher( 1987): Delivering touch to current input target
E/lights  ( 1987): write_int: path /sys/devices/virtual/sec/sec_touchkey/brightness, value 1
I/PowerManagerService( 1987): Ulight 3->7|0
D/PowerManagerService( 1987): setLightBrightness : mButtonLight : 40
E/DataRouter( 1823): usb connection is true 
E/DataRouter( 1823): DSR is ON. Don't send DTR ON.
I/InputReader( 1987): dispatchTouch::touch event's action is 1 (deviceType=0) [pCnt=1, pending(waiting finished signal)=0]
I/InputDispatcher( 1987): Delivering touch to current input target
I/InputDispatcher( 1987): Delivering touch to current input target
D/dalvikvm( 2131): GC_FOR_ALLOC freed 394K, 18% free 11068K/13383K, paused 35ms
I/ActivityManager( 1987): No longer want app.processName (pid 17656): hidden #26
I/ActivityManager( 1987): Killing 18654:com.spotting.havewant/10038: remove task
I/ActivityManager( 1987): Process com.spotting.havewant (pid 18654) has died.
I/WindowManager( 1987): WIN DEATH: win
V/ProgramMonitorRemoteService(17797): onReceive() intent=Intent { act=ProgramMonitorRemoteService.CPU_USAGE_WARN flg=0x10 }
V/ProgramMonitorRemoteService(17797): onReceive() CPU_USAGE_WARN  test_count=
V/ProgramMonitorRemoteService(17797): updateCPUUsage()
V/ProgramMonitorRemoteService(17797): calcCPUUsage() packageName:com.spotting.havewant usage:0.0
V/ProgramMonitorRemoteService(17797): calcCPUUsage() cpu_warning:false
V/ProgramMonitorRemoteService(17797): calcCPUUsage() cpu_warning_level:
V/ProgramMonitorRemoteService(17797): calcCPUUsage() cpu_warning_msg:
V/ProgramMonitorRemoteService(17797): calcCPUUsage() top_cpu_usage:0.0
V/ProgramMonitorRemoteService(17797): calcCPUUsage() total_cpu_usage:0.0
V/ProgramMonitorRemoteService(17797): isCPUWarning() false
V/ProgramMonitorRemoteService(17797): getCPUWarningLevel() 
V/ProgramMonitorRemoteService(17797): getCPUWarningMessage() 
I/ProgramMonitorState(18427): isCpuWarning=false warningLevel= warningMsg=
V/ProgramMonitorRemoteService(17797): onReceive() intent=Intent { act=ProgramMonitorRemoteService.UPDATE_RUNNING_COUNT flg=0x10 }
V/ProgramMonitorRemoteService(17797): onReceive() UPDATE_RUNNING_APPLICATION_COUNT
V/ProgramMonitorRemoteService(17797): updateRunningApplicationListInfo()
D/dalvikvm(17797): GC_CONCURRENT freed 420K, 6% free 9109K/9671K, paused 2ms+1ms
D/dalvikvm(17797): GC_CONCURRENT freed 519K, 8% free 9038K/9735K, paused 3ms+3ms
D/dalvikvm(17797): GC_CONCURRENT freed 509K, 8% free 9037K/9735K, paused 2ms+1ms
I/InputReader( 1987): dispatchTouch::touch event's action is 0 (deviceType=0) [pCnt=1, pending(waiting finished signal)=0]
I/InputDispatcher( 1987): Delivering touch to current input target
I/InputDispatcher( 1987): Delivering touch to current input target
D/dalvikvm(17797): GC_CONCURRENT freed 427K, 7% free 9075K/9735K, paused 1ms+1ms
I/InputReader( 1987): dispatchTouch::touch event's action is 1 (deviceType=0) [pCnt=1, pending(waiting finished signal)=0]
I/InputDispatcher( 1987): Delivering touch to current input target
I/InputDispatcher( 1987): Delivering touch to current input target
I/Launcher(13959): onPause. Launcher: 414edfa8
I/PhotoAppWidgetProvider(12515): onReceive
I/PhotoAppWidgetProvider(12515): PauseSlideShow
D/PhotoAppWidgetProvider(12515): onReceive End
I/power   ( 1987): *** acquire_dvfs_lock : lockType : 1  freq : 1200000 
D/PowerManagerService( 1987): acquireDVFSLockLocked : type : DVFS_MIN_LIMIT  frequency : 1200000  uid : 1000  pid : 1987  tag : ActivityManager
W/ActivityManager( 1987): mDVFSLock.acquire()
I/ActivityManager( 1987): Start proc app.processName for activity hostingNameStr: pid=18759 uid=10059 gids={3003, 1015, 1023}
D/GLSurfaceViewGroup(13959): Skipped drawing due to suspendDrawingUntilResume()
D/com.samsung.app(14883): [MSC]>>> SCI:345 [0:0] R : secandroidintentactionHOME_PAUSE
D/com.samsung.app(14883): [MSC]>>> SCI:351 [0:0] R : no stock widget!!!
D/comsamsungapp(14078): [MSC_Accu]>>> WWP:375 [0:0] onReceive@ secandroidintentactionHOME_PAUSE
D/comsamsungapp(14078): [MSC_Accu]>>> WIM:53 [0:0] AccuWeatherClockWidgetID_Length
D/comsamsungapp(14078): [MSC_Accu]>>> WIM:54 [0:0] getPrefIDs@lngth:1
D/comsamsungapp(14078): [MSC_Accu]>>> WIM:60 [0:0] getPrefIDs@Ids1:16
D/CalendarAppWidgetProviderAgenda(12537): onReceive : sec.android.intent.action.HOME_PAUSE
D/CalendarAppWidgetProviderAgenda(12537): ACTION_HOME_PAUSE: false
I/SurfaceFlinger( 1825): id=1991(261) createSurface 0x44924 (480x800),2 flag=400
V/ProgramMonitorRemoteService(17797): onReceive() intent=Intent { act=ProgramMonitorRemoteService.RUNNING_COUNT flg=0x10 }
V/ProgramMonitorRemoteService(17797): onReceive() RUNNING_APPS_COUNT
V/ProgramMonitorRemoteService(17797): getRunningApplicationCount() start
V/ProgramMonitorRemoteService(17797): getRunningApplicationCount() end 0
V/ProgramMonitorRemoteService(17797): onReceive() getRunningApplicationCount=0
I/ActivityThread(18759): Pub com.sec.android.app.myfiles.provider: com.sec.android.app.myfiles.provider.FileInfoProvider
I/ActivityThread(18759): Pub com.sec.android.app.myfiles.provider.preview: com.sec.android.app.myfiles.provider.MxPreviewContentProvider
V/ProgramMonitorRemoteService(17797): initCPUUsage()
D/dalvikvm( 1987): GC_CONCURRENT freed 1199K, 28% free 22127K/30535K, paused 3ms+15ms
W/SurfaceView(13959): CHECK surface infomation creating=false formatChanged=false sizeChanged=false visible=false visibleChanged=true surfaceChanged=true realSizeChanged=false redrawNeeded=false left=false top=false
D/dalvikvm(18759): GC_FOR_ALLOC freed 89K, 3% free 8894K/9091K, paused 28ms
I/dalvikvm-heap(18759): Grow heap (frag case) to 9.737MB for 1048592-byte allocation
I/SurfaceFlinger( 1825): id=1990 Removed idx=9 Map Size=6
I/SurfaceFlinger( 1825): id=1988 Removed idx=2 Map Size=5
I/SurfaceFlinger( 1825): id=1988 Removed idx=-2 Map Size=5
I/SurfaceFlinger( 1825): id=1990 Removed idx=-2 Map Size=5
I/SurfaceFlinger( 1825): id=1989 Removed idx=1 Map Size=4
I/SurfaceFlinger( 1825): id=1989 Removed idx=-2 Map Size=4
D/dalvikvm(18759): GC_CONCURRENT freed <1K, 3% free 9917K/10183K, paused 1ms+1ms
D/MyFiles (18759): MainActivity-onCreate
I/[MyFiles](18759): >>>>>>>>>>>>>>>>>>>>> addTab()  sCurrentTab== -1
V/MyFiles (18759): AllFile:onCreate
V/[MyFiles](18759): MediaLoader. ImageLoader.start() <<<<<<<<<<<<<<<<<<<<<<<<<<<<
D/dalvikvm(18759): GC_CONCURRENT freed 83K, 2% free 10273K/10439K, paused 2ms+2ms
W/PhoneWindow(18759): Previously focused view reported id 16908298 during save, but can't be found during restore.
D/MyFiles (18759): MainActivity-onResume
V/MyFiles (18759): AllFile:onResume
I/MyFiles (18759): refresh!!
I/MyFiles (18759): showWaitProgressDialog true
I/MyFiles (18759): AllFileBrowser-load file list => start
I/SurfaceFlinger( 1825): id=1992(1) createSurface 0x3a7ac (1x1),1 flag=0
D/MyFiles (18759): Loading handler - start
I/SurfaceFlinger( 1825): id=1993(2) createSurface 0x2e7f4 (480x800),2 flag=400
I/ActivityManager( 1987): Displayed shortComponentName: +552ms
I/power   ( 1987): *** release_dvfs_lock : lockType : 1 
D/PowerManagerService( 1987): releaseDVFSLockLocked : all DVFS_MIN_LIMIT are released 
W/ActivityManager( 1987): mDVFSLock.release()
V/LauncherAppWidgetHostView(13959): dispatchSaveInstanceState: widgetid=16 vid=-1
V/LauncherAppWidgetHostView(13959): dispatchSaveInstanceState: widgetid=15 vid=-1
V/LauncherAppWidgetHostView(13959): dispatchSaveInstanceState: widgetid=24 vid=-1
V/LauncherAppWidgetHostView(13959): dispatchSaveInstanceState: widgetid=25 vid=-1
V/LauncherAppWidgetHostView(13959): dispatchSaveInstanceState: widgetid=38 vid=-1
V/LauncherAppWidgetHostView(13959): dispatchSaveInstanceState: widgetid=35 vid=-1
V/LauncherAppWidgetHostView(13959): dispatchSaveInstanceState: widgetid=40 vid=-1
V/LauncherAppWidgetHostView(13959): dispatchSaveInstanceState: widgetid=30 vid=-1
V/LauncherAppWidgetHostView(13959): dispatchSaveInstanceState: widgetid=37 vid=-1
I/Launcher(13959): onStop. Launcher: 414edfa8
D/dalvikvm(18759): GC_CONCURRENT freed 98K, 2% free 10642K/10823K, paused 2ms+2ms
I/MyFiles (18759): AllFileBrowser-load file list => finish
I/MyFiles (18759): AllFileBrowser-sort after loading => start
I/MyFiles (18759): AllFileBrowser-sort after loading => finish
I/[MyFiles](18759): ListAdapter.clearAll
I/MyFiles (18759): AllFileBrowser-updaetAdapter => start
V/[MyFiles](18759): ImageLoader.start() <<<<<<<<<<<<<<<<<<<<<<<<<<<<
I/MyFiles (18759): AllFileBrowser-updaetAdapter => finish
I/MyFiles (18759): showWaitProgressDialog false
D/MyFiles (18759): Loading handler - finish
I/SurfaceFlinger( 1825): id=1991 Removed idx=4 Map Size=5
I/SurfaceFlinger( 1825): id=1991 Removed idx=-2 Map Size=5
D/CLIPBOARD(13959): Hide Clipboard dialog at Starting input: finished by someone else... !
D/CLIPBOARD(18759): Hide Clipboard dialog at Starting input: finished by someone else... !
E/DataRouter( 1823): usb connection is true 
E/DataRouter( 1823): DSR is ON. Don't send DTR ON.
I/SurfaceFlinger( 1825): id=1992 Removed idx=3 Map Size=4
I/SurfaceFlinger( 1825): id=1992 Removed idx=-2 Map Size=4
V/ProgramMonitorRemoteService(17797): onReceive() intent=Intent { act=ProgramMonitorRemoteService.CPU_USAGE_WARN flg=0x10 }
V/ProgramMonitorRemoteService(17797): onReceive() CPU_USAGE_WARN  test_count=
V/ProgramMonitorRemoteService(17797): updateCPUUsage()
V/ProgramMonitorRemoteService(17797): calcCPUUsage() cpu_warning:false
V/ProgramMonitorRemoteService(17797): calcCPUUsage() cpu_warning_level:
V/ProgramMonitorRemoteService(17797): calcCPUUsage() cpu_warning_msg:
V/ProgramMonitorRemoteService(17797): calcCPUUsage() top_cpu_usage:0.0
E/lights  ( 1987): write_int: path /sys/devices/virtual/sec/sec_touchkey/brightness, value 2
V/ProgramMonitorRemoteService(17797): calcCPUUsage() total_cpu_usage:0.0
V/ProgramMonitorRemoteService(17797): isCPUWarning() false
V/ProgramMonitorRemoteService(17797): getCPUWarningLevel() 
V/ProgramMonitorRemoteService(17797): getCPUWarningMessage() 
W/PowerManagerService( 1987): Timer 0x7->0x3|0x0
I/PowerManagerService( 1987): Ulight 7->3|0
D/PowerManagerService( 1987): setLightBrightness : mButtonLight : 0
I/ProgramMonitorState(18427): isCpuWarning=false warningLevel= warningMsg=
E/DataRouter( 1823): usb connection is true 
E/DataRouter( 1823): DSR is ON. Don't send DTR ON.
I/InputReader( 1987): dispatchTouch::touch event's action is 0 (deviceType=0) [pCnt=1, pending(waiting finished signal)=0]
I/InputDispatcher( 1987): Delivering touch to current input target
I/InputDispatcher( 1987): Delivering touch to current input target
E/lights  ( 1987): write_int: path /sys/devices/virtual/sec/sec_touchkey/brightness, value 1
I/PowerManagerService( 1987): Ulight 3->7|0
D/PowerManagerService( 1987): setLightBrightness : mButtonLight : 40
D/dalvikvm(18759): GC_FOR_ALLOC freed 210K, 3% free 10926K/11207K, paused 36ms
D/dalvikvm(18759): GC_FOR_ALLOC freed 8K, 3% free 11285K/11591K, paused 25ms
D/dalvikvm(18759): GC_FOR_ALLOC freed 6K, 3% free 11844K/12167K, paused 16ms
I/InputReader( 1987): dispatchTouch::touch event's action is 1 (deviceType=0) [pCnt=1, pending(waiting finished signal)=0]
I/InputDispatcher( 1987): Delivering touch to current input target
I/InputDispatcher( 1987): Delivering touch to current input target
I/InputReader( 1987): dispatchTouch::touch event's action is 0 (deviceType=0) [pCnt=1, pending(waiting finished signal)=0]
I/InputDispatcher( 1987): Delivering touch to current input target
I/InputDispatcher( 1987): Delivering touch to current input target
I/InputReader( 1987): dispatchTouch::touch event's action is 1 (deviceType=0) [pCnt=1, pending(waiting finished signal)=0]
I/InputDispatcher( 1987): Delivering touch to current input target
I/InputDispatcher( 1987): Delivering touch to current input target
I/MyFiles (18759): showWaitProgressDialog true
I/MyFiles (18759): AllFileBrowser-load file list => start
I/MyFiles (18759): AllFileBrowser-load file list => finish
I/MyFiles (18759): AllFileBrowser-sort after loading => start
I/MyFiles (18759): AllFileBrowser-sort after loading => finish
I/SurfaceFlinger( 1825): id=1994(3) createSurface 0x36414 (1x1),1 flag=0
D/MyFiles (18759): Loading handler - start
I/[MyFiles](18759): ListAdapter.clearAll
V/[MyFiles](18759): ThumbnailUpdateThread - Stopping update here image-thumbnail-manager
V/[MyFiles](18759): ImageLoader.stop 1 threads
I/MyFiles (18759): AllFileBrowser-updaetAdapter => start
V/[MyFiles](18759): ImageLoader.start() <<<<<<<<<<<<<<<<<<<<<<<<<<<<
I/MyFiles (18759): AllFileBrowser-updaetAdapter => finish
I/MyFiles (18759): showWaitProgressDialog false
D/MyFiles (18759): Loading handler - finish
W/InputManagerService( 1987): Window already focused, ignoring focus gain of: com.android.internal.view.IInputMethodClient$Stub$Proxy@41e39ed0
I/SurfaceFlinger( 1825): id=1994 Removed idx=3 Map Size=4
I/SurfaceFlinger( 1825): id=1994 Removed idx=-2 Map Size=4
E/DataRouter( 1823): usb connection is true 
E/DataRouter( 1823): DSR is ON. Don't send DTR ON.
I/InputReader( 1987): dispatchTouch::touch event's action is 0 (deviceType=0) [pCnt=1, pending(waiting finished signal)=0]
I/InputDispatcher( 1987): Delivering touch to current input target
I/InputDispatcher( 1987): Delivering touch to current input target
I/InputReader( 1987): dispatchTouch::touch event's action is 1 (deviceType=0) [pCnt=1, pending(waiting finished signal)=0]
I/InputDispatcher( 1987): Delivering touch to current input target
I/InputDispatcher( 1987): Delivering touch to current input target
I/MyFiles (18759): showWaitProgressDialog true
D/dalvikvm( 1987): GC_EXPLICIT freed 1131K, 31% free 21081K/30535K, paused 6ms+12ms
I/MyFiles (18759): AllFileBrowser-load file list => start
I/MyFiles (18759): AllFileBrowser-load file list => finish
I/MyFiles (18759): AllFileBrowser-sort after loading => start
I/MyFiles (18759): AllFileBrowser-sort after loading => finish
I/SurfaceFlinger( 1825): id=1995(4) createSurface 0x4bfdc (1x1),1 flag=0
D/MyFiles (18759): Loading handler - start
I/[MyFiles](18759): ListAdapter.clearAll
V/[MyFiles](18759): ThumbnailUpdateThread - Stopping update here image-thumbnail-manager
V/[MyFiles](18759): ImageLoader.stop 1 threads
I/MyFiles (18759): AllFileBrowser-updaetAdapter => start
V/[MyFiles](18759): ImageLoader.start() <<<<<<<<<<<<<<<<<<<<<<<<<<<<
I/MyFiles (18759): AllFileBrowser-updaetAdapter => finish
I/MyFiles (18759): showWaitProgressDialog false
D/MyFiles (18759): Loading handler - finish
W/InputManagerService( 1987): Window already focused, ignoring focus gain of: com.android.internal.view.IInputMethodClient$Stub$Proxy@42022550
V/[MyFiles](18759): getBitmap done: tot= 57; ; 0; 1; 56
V/[MyFiles](18759): getBitmap done: tot= 37; ; 8; 0; 29
I/SurfaceFlinger( 1825): id=1995 Removed idx=3 Map Size=4
I/SurfaceFlinger( 1825): id=1995 Removed idx=-2 Map Size=4
E/lights  ( 1987): write_int: path /sys/devices/virtual/sec/sec_touchkey/brightness, value 2
W/PowerManagerService( 1987): Timer 0x7->0x3|0x0
I/PowerManagerService( 1987): Ulight 7->3|0
D/PowerManagerService( 1987): setLightBrightness : mButtonLight : 0
E/DataRouter( 1823): usb connection is true 
E/DataRouter( 1823): DSR is ON. Don't send DTR ON.
D/InputReader( 1987): Input event: value=1
E/lights  ( 1987): write_int: path /sys/devices/virtual/sec/sec_touchkey/brightness, value 1
I/PowerManagerService( 1987): Ulight 3->7|0
D/PowerManagerService( 1987): setLightBrightness : mButtonLight : 40
I/InputDispatcher( 1987): Delivering key to current input target
I/InputDispatcher( 1987): Delivering key to current input target
D/InputReader( 1987): Input event: value=0
I/InputDispatcher( 1987): Delivering key to current input target
I/InputDispatcher( 1987): Delivering key to current input target
V/MyFiles (18759): AllFile:OnBackPressed - upOneLevel
I/MyFiles (18759): showWaitProgressDialog true
I/MyFiles (18759): AllFileBrowser-load file list => start
I/SurfaceFlinger( 1825): id=1996(5) createSurface 0x3a244 (1x1),1 flag=0
I/MyFiles (18759): AllFileBrowser-load file list => finish
I/MyFiles (18759): AllFileBrowser-sort after loading => start
I/MyFiles (18759): AllFileBrowser-sort after loading => finish
D/MyFiles (18759): Loading handler - start
I/[MyFiles](18759): ListAdapter.clearAll
V/[MyFiles](18759): ThumbnailUpdateThread - Stopping update here image-thumbnail-manager
V/[MyFiles](18759): ImageLoader.stop 1 threads
I/MyFiles (18759): AllFileBrowser-updaetAdapter => start
V/[MyFiles](18759): ImageLoader.start() <<<<<<<<<<<<<<<<<<<<<<<<<<<<
I/MyFiles (18759): AllFileBrowser-updaetAdapter => finish
I/MyFiles (18759): showWaitProgressDialog false
D/MyFiles (18759): Loading handler - finish
W/InputManagerService( 1987): Window already focused, ignoring focus gain of: com.android.internal.view.IInputMethodClient$Stub$Proxy@41e07510
I/SurfaceFlinger( 1825): id=1996 Removed idx=3 Map Size=4
I/SurfaceFlinger( 1825): id=1996 Removed idx=-2 Map Size=4
E/lights  ( 1987): write_int: path /sys/devices/virtual/sec/sec_touchkey/brightness, value 2
W/PowerManagerService( 1987): Timer 0x7->0x3|0x0
I/PowerManagerService( 1987): Ulight 7->3|0
D/PowerManagerService( 1987): setLightBrightness : mButtonLight : 0
I/InputReader( 1987): dispatchTouch::touch event's action is 0 (deviceType=0) [pCnt=1, pending(waiting finished signal)=0]
I/InputDispatcher( 1987): Delivering touch to current input target
I/InputDispatcher( 1987): Delivering touch to current input target
E/lights  ( 1987): write_int: path /sys/devices/virtual/sec/sec_touchkey/brightness, value 1
I/PowerManagerService( 1987): Ulight 3->7|0
D/PowerManagerService( 1987): setLightBrightness : mButtonLight : 40
E/DataRouter( 1823): usb connection is true 
E/DataRouter( 1823): DSR is ON. Don't send DTR ON.
I/InputReader( 1987): dispatchTouch::touch event's action is 1 (deviceType=0) [pCnt=1, pending(waiting finished signal)=0]
I/InputDispatcher( 1987): Delivering touch to current input target
I/InputDispatcher( 1987): Delivering touch to current input target
W/ActivityManager( 1987): Activity destroy timeout for r
I/MyFiles (18759): showWaitProgressDialog true
I/MyFiles (18759): AllFileBrowser-load file list => start
I/SurfaceFlinger( 1825): id=1997(6) createSurface 0x3a7ac (1x1),1 flag=0
D/MyFiles (18759): Loading handler - start
I/MyFiles (18759): AllFileBrowser-load file list => finish
I/MyFiles (18759): AllFileBrowser-sort after loading => start
D/dalvikvm(18759): GC_CONCURRENT freed 1951K, 16% free 10855K/12871K, paused 2ms+2ms
I/MyFiles (18759): AllFileBrowser-sort after loading => finish
I/[MyFiles](18759): ListAdapter.clearAll
I/MyFiles (18759): AllFileBrowser-updaetAdapter => start
V/[MyFiles](18759): ImageLoader.start() <<<<<<<<<<<<<<<<<<<<<<<<<<<<
V/[MyFiles](18759): ThumbnailUpdateThread - Stopping update here image-thumbnail-manager
V/[MyFiles](18759): ImageLoader.stop 1 threads
I/MyFiles (18759): AllFileBrowser-updaetAdapter => finish
I/MyFiles (18759): showWaitProgressDialog false
D/MyFiles (18759): Loading handler - finish
W/InputManagerService( 1987): Window already focused, ignoring focus gain of: com.android.internal.view.IInputMethodClient$Stub$Proxy@41d5b938
V/[MyFiles](18759): getBitmap done: tot= 75; ; 10; 0; 65
V/[MyFiles](18759): getBitmap done: tot= 20; ; 0; 0; 20
V/[MyFiles](18759): getBitmap done: tot= 18; ; 0; 0; 18
V/[MyFiles](18759): getBitmap done: tot= 17; ; 0; 0; 17
V/[MyFiles](18759): getBitmap done: tot= 16; ; 1; 0; 15
D/dalvikvm(18759): GC_CONCURRENT freed 414K, 15% free 11019K/12871K, paused 3ms+3ms
V/[MyFiles](18759): getBitmap done: tot= 50; ; 0; 0; 50
V/[MyFiles](18759): getBitmap done: tot= 12; ; 0; 1; 11
V/[MyFiles](18759): getBitmap done: tot= 12; ; 1; 0; 11
V/[MyFiles](18759): getBitmap done: tot= 13; ; 0; 0; 13
V/[MyFiles](18759): getBitmap done: tot= 11; ; 0; 0; 11
V/[MyFiles](18759): getBitmap done: tot= 13; ; 0; 0; 13
V/[MyFiles](18759): getBitmap done: tot= 13; ; 1; 0; 12
V/[MyFiles](18759): getBitmap done: tot= 11; ; 0; 0; 11
I/SurfaceFlinger( 1825): id=1997 Removed idx=3 Map Size=4
I/SurfaceFlinger( 1825): id=1997 Removed idx=-2 Map Size=4
V/[MyFiles](18759): getBitmap done: tot= 28; ; 0; 0; 28
D/dalvikvm(18759): GC_CONCURRENT freed 399K, 13% free 11247K/12871K, paused 1ms+2ms
V/[MyFiles](18759): getBitmap done: tot= 14; ; 0; 0; 14
V/[MyFiles](18759): getBitmap done: tot= 10; ; 0; 0; 10
V/[MyFiles](18759): getBitmap done: tot= 11; ; 0; 0; 11
V/[MyFiles](18759): getBitmap done: tot= 10; ; 0; 0; 10
V/[MyFiles](18759): getBitmap done: tot= 10; ; 0; 0; 10
V/[MyFiles](18759): getBitmap done: tot= 12; ; 2; 0; 10
V/[MyFiles](18759): getBitmap done: tot= 12; ; 0; 0; 12
V/[MyFiles](18759): getBitmap done: tot= 15; ; 0; 0; 15
V/[MyFiles](18759): getBitmap done: tot= 19; ; 1; 0; 18
V/[MyFiles](18759): getBitmap done: tot= 15; ; 0; 0; 15
V/[MyFiles](18759): getBitmap done: tot= 16; ; 2; 0; 14
D/dalvikvm(18759): GC_CONCURRENT freed 306K, 10% free 11682K/12871K, paused 2ms+2ms
V/[MyFiles](18759): getBitmap done: tot= 36; ; 0; 0; 36
V/[MyFiles](18759): getBitmap done: tot= 19; ; 0; 0; 19
V/[MyFiles](18759): getBitmap done: tot= 15; ; 0; 0; 15
V/[MyFiles](18759): getBitmap done: tot= 16; ; 0; 0; 16
V/[MyFiles](18759): getBitmap done: tot= 17; ; 1; 0; 16
V/[MyFiles](18759): getBitmap done: tot= 18; ; 0; 0; 18
V/[MyFiles](18759): getBitmap done: tot= 19; ; 1; 0; 18
V/[MyFiles](18759): getBitmap done: tot= 16; ; 0; 0; 16
V/[MyFiles](18759): getBitmap done: tot= 15; ; 1; 0; 14
V/[MyFiles](18759): getBitmap done: tot= 17; ; 0; 0; 17
V/[MyFiles](18759): getBitmap done: tot= 13; ; 0; 0; 13
V/[MyFiles](18759): getBitmap done: tot= 14; ; 0; 0; 14
V/[MyFiles](18759): getBitmap done: tot= 15; ; 1; 0; 14
E/lights  ( 1987): write_int: path /sys/devices/virtual/sec/sec_touchkey/brightness, value 2
W/PowerManagerService( 1987): Timer 0x7->0x3|0x0
I/PowerManagerService( 1987): Ulight 7->3|0
D/PowerManagerService( 1987): setLightBrightness : mButtonLight : 0
D/InputReader( 1987): Input event: value=1
E/lights  ( 1987): write_int: path /sys/devices/virtual/sec/sec_touchkey/brightness, value 1
I/PowerManagerService( 1987): Ulight 3->7|0
D/PowerManagerService( 1987): setLightBrightness : mButtonLight : 40
I/InputDispatcher( 1987): Delivering key to current input target
I/InputDispatcher( 1987): Delivering key to current input target
D/InputReader( 1987): Input event: value=0
I/InputDispatcher( 1987): Delivering key to current input target
I/InputDispatcher( 1987): Delivering key to current input target
D/dalvikvm(18759): GC_CONCURRENT freed 431K, 6% free 12188K/12871K, paused 6ms+4ms
I/SurfaceFlinger( 1825): id=1998(7) createSurface 0x3a7ac (1x1),1 flag=0
E/DataRouter( 1823): usb connection is true 
E/DataRouter( 1823): DSR is ON. Don't send DTR ON.
I/InputReader( 1987): dispatchTouch::touch event's action is 0 (deviceType=0) [pCnt=1, pending(waiting finished signal)=0]
I/InputDispatcher( 1987): Delivering touch to current input target
I/InputDispatcher( 1987): Delivering touch to current input target
I/InputReader( 1987): dispatchTouch::touch event's action is 1 (deviceType=0) [pCnt=1, pending(waiting finished signal)=0]
I/InputDispatcher( 1987): Delivering touch to current input target
I/InputDispatcher( 1987): Delivering touch to current input target
I/power   ( 1987): *** acquire_dvfs_lock : lockType : 1  freq : 1200000 
I/ActivityManager( 1987): START {intent.toShortString} from pid 18759
D/PowerManagerService( 1987): acquireDVFSLockLocked : type : DVFS_MIN_LIMIT  frequency : 1200000  uid : 1000  pid : 1987  tag : ActivityManager
W/ActivityManager( 1987): mDVFSLock.acquire()
D/MyFiles (18759): MainActivity-onPause
V/MyFiles (18759): AllFile:OnPause
V/[MyFiles](18759): ThumbnailUpdateThread - Stopping update here image-thumbnail-manager
V/[MyFiles](18759): ImageLoader.stop 1 threads
D/ActivityManager( 1987): Trying to launch applicationName
V/MyFiles (18759): Managed:onCreate
I/MyFiles (18759): browseToFolder - path: start
I/MyFiles (18759): showWaitProgressDialog true
I/MyFiles (18759): finish browseTo : 
V/MyFiles (18759): Managed:onResume
I/MyFiles (18759): ManagedFileBrowser-load file list => start
I/SurfaceFlinger( 1825): id=1999(8) createSurface 0x4bfdc (1x1),1 flag=0
D/MyFiles (18759): Loading handler - start
I/SurfaceFlinger( 1825): id=2000(9) createSurface 0x4470c (480x800),2 flag=400
I/ActivityManager( 1987): Displayed shortComponentName: +112ms
I/MyFiles (18759): ManagedFileBrowser-load file list => finish
I/MyFiles (18759): ManagedFileBrowser-sort after loading => start
D/dalvikvm(18759): GC_CONCURRENT freed 546K, 5% free 12679K/13319K, paused 2ms+6ms
I/MyFiles (18759): ManagedFileBrowser-sort after loading => finish
I/MyFiles (18759): ManagedFileBrowser-updaetAdapter => start
V/[MyFiles](18759): ImageLoader.start() <<<<<<<<<<<<<<<<<<<<<<<<<<<<
I/MyFiles (18759): ManagedFileBrowser-updaetAdapter => finish
I/MyFiles (18759): showWaitProgressDialog false
D/MyFiles (18759): Loading handler - finish
I/SurfaceFlinger( 1825): id=1993 Removed idx=1 Map Size=6
I/SurfaceFlinger( 1825): id=1998 Removed idx=1 Map Size=5
I/SurfaceFlinger( 1825): id=1993 Removed idx=-2 Map Size=5
I/SurfaceFlinger( 1825): id=1998 Removed idx=-2 Map Size=5
V/[MyFiles](18759): getBitmap done: tot= 102; ; 8; 0; 94
V/[MyFiles](18759): getBitmap done: tot= 40; ; 8; 0; 32
V/[MyFiles](18759): getBitmap done: tot= 25; ; 0; 0; 25
V/[MyFiles](18759): getBitmap done: tot= 19; ; 0; 0; 19
D/dalvikvm(16347): GC_EXPLICIT freed 185K, 21% free 9102K/11399K, paused 2ms+4ms
V/[MyFiles](18759): getBitmap done: tot= 45; ; 0; 0; 45
V/[MyFiles](18759): getBitmap done: tot= 11; ; 0; 0; 11
V/[MyFiles](18759): getBitmap done: tot= 10; ; 0; 0; 10
V/[MyFiles](18759): getBitmap done: tot= 12; ; 1; 0; 11
V/[MyFiles](18759): getBitmap done: tot= 11; ; 1; 0; 10
V/[MyFiles](18759): getBitmap done: tot= 11; ; 1; 0; 10
I/SurfaceFlinger( 1825): id=1999 Removed idx=3 Map Size=4
I/SurfaceFlinger( 1825): id=1999 Removed idx=-2 Map Size=4
I/power   ( 1987): *** release_dvfs_lock : lockType : 1 
D/PowerManagerService( 1987): releaseDVFSLockLocked : all DVFS_MIN_LIMIT are released 
W/ActivityManager( 1987): mDVFSLock.release()
D/MyFiles (18759): MainActivity-onStop
V/MyFiles (18759): AllFile:onStop
V/[MyFiles](18759): getBitmap done: tot= 17; ; 1; 0; 16
V/[MyFiles](18759): getBitmap done: tot= 12; ; 1; 0; 11
D/dalvikvm(18759): GC_CONCURRENT freed 710K, 6% free 13245K/14087K, paused 1ms+2ms
D/dalvikvm(18759): GC_EXPLICIT freed 96K, 7% free 13148K/14087K, paused 2ms+2ms
V/[MyFiles](18759): getBitmap done: tot= 53; ; 1; 0; 52
V/[MyFiles](18759): getBitmap done: tot= 11; ; 1; 0; 10
V/[MyFiles](18759): getBitmap done: tot= 10; ; 1; 0; 9
V/[MyFiles](18759): getBitmap done: tot= 10; ; 0; 0; 10
V/[MyFiles](18759): getBitmap done: tot= 11; ; 0; 0; 11
V/[MyFiles](18759): getBitmap done: tot= 11; ; 0; 0; 11
V/[MyFiles](18759): getBitmap done: tot= 11; ; 0; 0; 11
V/[MyFiles](18759): getBitmap done: tot= 11; ; 0; 0; 11
V/[MyFiles](18759): getBitmap done: tot= 10; ; 0; 0; 10
V/[MyFiles](18759): getBitmap done: tot= 11; ; 0; 0; 11
V/[MyFiles](18759): getBitmap done: tot= 13; ; 2; 0; 11
V/[MyFiles](18759): getBitmap done: tot= 12; ; 1; 0; 11
V/[MyFiles](18759): getBitmap done: tot= 11; ; 0; 0; 11
V/[MyFiles](18759): getBitmap done: tot= 12; ; 0; 0; 12
V/[MyFiles](18759): getBitmap done: tot= 13; ; 1; 0; 12
E/DataRouter( 1823): usb connection is true 
E/DataRouter( 1823): DSR is ON. Don't send DTR ON.
V/[MyFiles](18759): getBitmap done: tot= 12; ; 1; 0; 11
V/[MyFiles](18759): getBitmap done: tot= 12; ; 0; 0; 12
V/[MyFiles](18759): getBitmap done: tot= 11; ; 0; 0; 11
D/dalvikvm(18759): GC_FOR_ALLOC freed 454K, 6% free 13824K/14663K, paused 17ms
V/[MyFiles](18759): getBitmap done: tot= 34; ; 1; 0; 33
V/[MyFiles](18759): getBitmap done: tot= 13; ; 0; 0; 13
V/[MyFiles](18759): getBitmap done: tot= 13; ; 0; 0; 13
V/[MyFiles](18759): getBitmap done: tot= 12; ; 1; 0; 11
V/[MyFiles](18759): getBitmap done: tot= 13; ; 0; 0; 13
V/[MyFiles](18759): getBitmap done: tot= 12; ; 0; 0; 12
V/[MyFiles](18759): getBitmap done: tot= 12; ; 0; 0; 12
I/InputReader( 1987): dispatchTouch::touch event's action is 0 (deviceType=0) [pCnt=1, pending(waiting finished signal)=0]
I/InputDispatcher( 1987): Delivering touch to current input target
I/InputDispatcher( 1987): Delivering touch to current input target
I/InputReader( 1987): dispatchTouch::touch event's action is 1 (deviceType=0) [pCnt=1, pending(waiting finished signal)=0]
I/InputDispatcher( 1987): Delivering touch to current input target
I/InputDispatcher( 1987): Delivering touch to current input target
I/InputReader( 1987): dispatchTouch::touch event's action is 0 (deviceType=0) [pCnt=1, pending(waiting finished signal)=0]
I/InputDispatcher( 1987): Delivering touch to current input target
I/InputDispatcher( 1987): Delivering touch to current input target
I/InputReader( 1987): dispatchTouch::touch event's action is 1 (deviceType=0) [pCnt=1, pending(waiting finished signal)=0]
I/InputDispatcher( 1987): Delivering touch to current input target
I/InputDispatcher( 1987): Delivering touch to current input target
I/MyFiles (18759): onClickSoftkey - ITEM_SELECT_MODE:true, mOperation:2
I/MyFiles (18759): setOperationFiles start
I/MyFiles (18759): setOperationFiles finish
I/MyFiles (18759): FileOperationThread.setPowerWakeLock - SCREEN_DIM_WAKE_LOCK is On.
D/PowerManagerService( 1987): acquireWakeLock flags=0x6 tag=MyFiles-FileOperation uid=10059 pid=18759   myUID=1000 myPID=1987 myTID=2565
I/MyFiles (18759): managed - delete start
D/BootReceiver(12515): MEDIA_THUMBWORKER_SUSPEND action received!
D/CacheService(12515): CacheService End! ( existingThread null )
I/SurfaceFlinger( 1825): id=2001(10) createSurface 0x4c99c (1x1),1 flag=0
E/DataRouter( 1823): usb connection is true 
E/DataRouter( 1823): DSR is ON. Don't send DTR ON.
D/STATUSBAR-NetworkController( 2131): onReceive() - RSSI_CHANGED_ACTION, WIFI_STATE, NETWORK_STATE
I/MyFiles (18759): managed - delete finish
I/MyFiles (18759): FileOperationThread.releasePowerWakeLock - SCREEN_DIM_WAKE_LOCK is Off.
E/lights  ( 1987): write_int: path /sys/devices/virtual/sec/sec_touchkey/brightness, value 2
D/PowerManagerService( 1987): releaseWakeLockLocked flags=0x0 tag=MyFiles-FileOperation myUID=1000 myPID=1987 myTID=2554
W/PowerManagerService( 1987): Timer 0x7->0x3|0x0
I/PowerManagerService( 1987): Ulight 7->3|0
D/PowerManagerService( 1987): setLightBrightness : mButtonLight : 0
I/ActivityManager( 1987): Start proc app.processName for broadcast hostingNameStr: pid=18821 uid=10088 gids={3003}
V/MyFiles (18759): Managed:onPause
V/[MyFiles](18759): ThumbnailUpdateThread - Stopping update here image-thumbnail-manager
V/[MyFiles](18759): ImageLoader.stop 1 threads
I/power   ( 1987): *** acquire_dvfs_lock : lockType : 1  freq : 1200000 
D/PowerManagerService( 1987): acquireDVFSLockLocked : type : DVFS_MIN_LIMIT  frequency : 1200000  uid : 1000  pid : 1987  tag : ActivityManager
W/ActivityManager( 1987): mDVFSLock.acquire()
D/MyFiles (18759): MainActivity-onResume
V/MyFiles (18759): AllFile:onResume
I/MyFiles (18759): refresh!!
I/MyFiles (18759): showWaitProgressDialog true
I/SurfaceFlinger( 1825): id=2002(11) createSurface 0x4bfdc (480x800),2 flag=400
I/MyFiles (18759): AllFileBrowser-load file list => start
E/[FT]-Server(18821): NetworkStateReceiver :intent: android.intent.action.MEDIA_MOUNTED
E/WifiP2pStateTracker( 1987): getNetworkInfo : NetworkInfo: type: wifi_p2p[], state: UNKNOWN/IDLE, reason: (unspecified), extra: (none), roaming: false, failover: false, isAvailable: false
I/SurfaceFlinger( 1825): id=2003(12) createSurface 0x4cc0c (1x1),1 flag=0
D/MediaScannerReceiver(16347): Start scanning Internal SD. Set bIsScanningInternalSD = true
D/MediaScannerReceiver(16347): scan - volume : external
V/MediaScannerReceiver(16347): onReceive : action = [android.intent.action.MEDIA_MOUNTED], path = [/mnt/sdcard]
V/MediaScannerReceiver(16347): External SD card's path is set : /mnt/sdcard/external_sd
D/MyFiles (18759): Loading handler - start
I/ActivityManager( 1987): Start proc app.processName for broadcast hostingNameStr: pid=18834 uid=10069 gids={3003}
I/dalvikvm(18834): Turning on JNI app bug workarounds for target SDK version 11...
I/ActivityThread(18834): Pub com.google.android.apps.uploader: com.google.android.apps.uploader.UploadsContentProvider
I/ActivityThread(18834): Pub com.google.photos.provider.Album: com.google.android.apps.uploader.clients.picasa.AlbumProvider
D/MediaUploader(18834): UploaderApplication.onCreate
I/MyFiles (18759): AllFileBrowser-load file list => finish
I/MyFiles (18759): AllFileBrowser-sort after loading => start
D/MediaScannerService(16347): onStartCommand : flags [2], startId [1]
I/MediaScannerService(16347): !@begin of Mediascannerservice
D/MediaScannerService(16347): start scanning volume external: [/mnt/sdcard, /mnt/sdcard/external_sd]
D/MediaUploader(18834): nonWifiLimit=20971520, default=20971520
I/MediaUploader(18834): No need to wake up
I/ActivityManager( 1987): No longer want app.processName (pid 16619): hidden #26
E/MTPRx   ( 8060): In MtpReceiverandroid.intent.action.MEDIA_MOUNTED
I/MyFiles (18759): AllFileBrowser-sort after loading => finish
I/[MyFiles](18759): ListAdapter.clearAll
I/MyFiles (18759): AllFileBrowser-updaetAdapter => start
V/[MyFiles](18759): ImageLoader.start() <<<<<<<<<<<<<<<<<<<<<<<<<<<<
I/MyFiles (18759): AllFileBrowser-updaetAdapter => finish
I/MyFiles (18759): showWaitProgressDialog false
D/MyFiles (18759): Loading handler - finish
I/ActivityManager( 1987): Start proc app.processName for broadcast hostingNameStr: pid=18855 uid=10099 gids={3003, 1015, 1023}
W/ActivityManager( 1987): Scheduling restart of crashed service r.shortName in 5000ms
D/MediaScannerService(16347): scan : call scanner.scanDirectories - directories : [/mnt/sdcard, /mnt/sdcard/external_sd]
I/SurfaceFlinger( 1825): id=2001 Removed idx=7 Map Size=6
I/SurfaceFlinger( 1825): id=2001 Removed idx=-2 Map Size=6
I/SurfaceFlinger( 1825): id=2000 Removed idx=6 Map Size=5
I/SurfaceFlinger( 1825): id=2000 Removed idx=-2 Map Size=5
D/MyFiles (18759): MainActivity : BroadcastReceiver - android.intent.action.MEDIA_SCANNER_STARTED
D/MediaScanner(16347): prescan enter
I/ActivityThread(18855): Pub com.android.browser;browser: com.android.browser.provider.BrowserProvider2
I/ActivityThread(18855): Pub com.android.browser.home: com.android.browser.homepages.HomeProvider
I/ActivityThread(18855): Pub com.android.browser.snapshots: com.android.browser.provider.SnapshotProvider
E/BrowserMediaChangingReceiver(18855): BrowserMediaChangingReceiver : onReceive
D/dalvikvm( 1987): GC_EXPLICIT freed 1119K, 32% free 21002K/30535K, paused 6ms+9ms
E/BrowserMediaChangingReceiver(18855): onReceive : mounted = %s false
E/BrowserMediaChangingReceiver(18855): onReceive : false mounted = %s true
E/BrowserMediaChangingReceiver(18855): onReceive : ACTION_MEDIA_UNMOUNTED
W/ActivityManager( 1987): Permission denied: checkComponentPermission() owningUid=10070
W/ActivityManager( 1987): Permission Denial: broadcasting Intent { act=android.intent.action.MEDIA_MOUNTED dat=file:///mnt/sdcard flg=0x10 (has extras) } from r.callerPackage (pid=18759, uid=10059) is not exported from uid 10070 due to receiver info.activityInfo.packageName/info.activityInfo.name
I/ActivityManager( 1987): No longer want app.processName (pid 18518): hidden #26
D/dalvikvm(16347): GC_CONCURRENT freed 171K, 18% free 9362K/11399K, paused 2ms+4ms
I/ActivityManager( 1987): Start proc app.processName for broadcast hostingNameStr: pid=18879 uid=10009 gids={3003, 1015, 1023, 1006}
V/[MyFiles](18759): getBitmap done: tot= 267; ; 5; 0; 262
I/SurfaceFlinger( 1825): id=2003 Removed idx=3 Map Size=4
I/SurfaceFlinger( 1825): id=2003 Removed idx=-2 Map Size=4
I/power   ( 1987): *** release_dvfs_lock : lockType : 1 
D/PowerManagerService( 1987): releaseDVFSLockLocked : all DVFS_MIN_LIMIT are released 
W/ActivityManager( 1987): mDVFSLock.release()
V/MyFiles (18759): Managed:onStop
V/MyFiles (18759): Managed:onDestroy
I/System.out(18759): Not a DRM File, opening notmally
I/System.out(18759): buffer returned 
I/System.out(18759): Not a DRM File, opening notmally
I/System.out(18759): buffer returned 
D/dalvikvm(18759): GC_FOR_ALLOC freed 2040K, 15% free 13089K/15239K, paused 24ms
D/dalvikvm(18879): GC_CONCURRENT freed 174K, 3% free 9124K/9351K, paused 2ms+1ms
I/ActivityThread(18879): Pub com.google.android.youtube.SuggestionProvider: com.google.android.youtube.core.suggest.SuggestionProvider
D/dalvikvm(16347): GC_CONCURRENT freed 83K, 15% free 9791K/11399K, paused 15ms+2ms
D/dalvikvm(16347): GC_CONCURRENT freed 33K, 12% free 10141K/11399K, paused 1ms+3ms
D/MediaScanner(16347): prescan return
D/MediaScanner(16347): scanDirectory [#1/2]  /mnt/sdcard
D/MediaScanner(16347): Skip External SD card directory while scanning Internal SD card (/mnt/sdcard/external_sd)
D/MediaScanner(16347): Skip usbStorage folder (/mnt/sdcard/usbStorage)
D/MediaScanner(16347): Skip image thumbnail folder (/mnt/sdcard/DCIM/.thumbnails)
I/ApplicationPolicy( 1987): getActualApplicationStateEnabled() : true
D/MediaScanner(16347): Skip Android data folder (/mnt/sdcard/Android/data)
D/dalvikvm(16347): GC_CONCURRENT freed 207K, 10% free 10327K/11399K, paused 1ms+1ms
I/ApplicationPolicy( 1987): getActualApplicationStateEnabled() : true
D/dalvikvm(18759): GC_FOR_ALLOC freed 380K, 14% free 13200K/15239K, paused 21ms
I/dalvikvm-heap(18759): Grow heap (frag case) to 13.423MB for 499408-byte allocation
D/dalvikvm(18759): GC_FOR_ALLOC freed <1K, 14% free 13688K/15751K, paused 19ms
V/[MyFiles](18759): getBitmap done: tot= 508; ; 6; 0; 502
I/System.out(18759): Not a DRM File, opening notmally
I/System.out(18759): buffer returned 
I/System.out(18759): Not a DRM File, opening notmally
I/System.out(18759): buffer returned 
E/DataRouter( 1823): usb connection is true 
E/DataRouter( 1823): DSR is ON. Don't send DTR ON.
D/dalvikvm(18879): GC_CONCURRENT freed 289K, 5% free 9282K/9671K, paused 2ms+2ms
W/CursorWrapperInner(18879): Cursor finalized without prior close()
D/dalvikvm(18759): GC_FOR_ALLOC freed 1046K, 19% free 12761K/15751K, paused 31ms
D/dalvikvm(18879): GC_CONCURRENT freed 240K, 4% free 9516K/9863K, paused 2ms+2ms
I/ActivityManager( 1987): Start proc app.processName for service hostingNameStr: pid=18912 uid=10058 gids={3003, 1015, 1023, 2001, 1007, 3006}
D/dalvikvm( 1826): GC_EXPLICIT freed 38K, 4% free 8793K/9091K, paused 1ms+2ms
D/dalvikvm( 1826): GC_EXPLICIT freed <1K, 4% free 8793K/9091K, paused 2ms+4ms
D/dalvikvm( 1826): GC_EXPLICIT freed <1K, 4% free 8793K/9091K, paused 2ms+1ms
W/WifiStateTracker( 1987): getNetworkInfo : NetworkInfo: type: WIFI[], state: CONNECTED/CONNECTED, reason: (unspecified), extra: (none), roaming: false, failover: false, isAvailable: true
D/PicasaSyncManager(12292): reject MetadataSyncTask (****************************) because downsync is disabled
D/PicasaSyncManager(12292): reject MetadataSyncTask (****************************) because downsync is disabled
I/ActivityManager( 1987): No longer want app.processName (pid 18309): hidden #26
