I/DebugPlacement(13959): SyncGrid 4 5 com.sec.android.app.twlauncher.ApplicationInfo YouTube -1 4 5 43|-1|-1|-1|-1|0 com.sec.android.app.twlauncher.ApplicationInfo@41af2620 Exists
I/DebugPlacement(13959): SyncGrid 4 6 com.sec.android.app.twlauncher.ApplicationInfo Play Movies -1 4 6 76|-1|-1|-1|-1|0 com.sec.android.app.twlauncher.ApplicationInfo@41ad67d8 Exists
I/DebugPlacement(13959): SyncGrid 4 7 com.sec.android.app.twlauncher.ApplicationInfo Path -1 4 7 77|-1|-1|-1|-1|0 com.sec.android.app.twlauncher.ApplicationInfo@41b55398 Exists
I/DebugPlacement(13959): SyncGrid 4 8 com.sec.android.app.twlauncher.ApplicationInfo Football SC -1 4 8 78|-1|-1|-1|-1|0 com.sec.android.app.twlauncher.ApplicationInfo@41c213c0 Exists
I/DebugPlacement(13959): SyncGrid 4 9 com.sec.android.app.twlauncher.ApplicationInfo Nearest Stops -1 4 9 79|-1|-1|-1|-1|0 com.sec.android.app.twlauncher.ApplicationInfo@41c37098 Exists
I/DebugPlacement(13959): SyncGrid 4 10 com.sec.android.app.twlauncher.ApplicationInfo GNotes -1 4 10 80|-1|-1|-1|-1|0 com.sec.android.app.twlauncher.ApplicationInfo@41c44818 Exists
I/DebugPlacement(13959): SyncGrid 4 11 com.sec.android.app.twlauncher.ApplicationInfo Analytics -1 4 11 82|-1|-1|-1|-1|0 com.sec.android.app.twlauncher.ApplicationInfo@41c0df30 Exists
I/DebugPlacement(13959): SyncGrid 4 12 com.sec.android.app.twlauncher.ApplicationInfo Hubroid -1 4 12 83|-1|-1|-1|-1|0 com.sec.android.app.twlauncher.ApplicationInfo@41b56ec8 Exists
I/DebugPlacement(13959): SyncGrid 5 0 com.sec.android.app.twlauncher.ApplicationInfo Freelancer -1 5 0 84|-1|-1|-1|-1|0 com.sec.android.app.twlauncher.ApplicationInfo@41fc9ed0 Exists
I/DebugPlacement(13959): SyncGrid 5 1 com.sec.android.app.twlauncher.ApplicationInfo oDesk -1 5 1 85|-1|-1|-1|-1|0 com.sec.android.app.twlauncher.ApplicationInfo@42145b98 Exists
I/DebugPlacement(13959): SyncGrid 5 2 com.sec.android.app.twlauncher.ApplicationInfo UberHype -1 5 2 86|-1|-1|-1|-1|0 com.sec.android.app.twlauncher.ApplicationInfo@41f11328 Exists
I/DebugPlacement(13959): SyncGrid 5 3 com.sec.android.app.twlauncher.ApplicationInfo Amazon Kindle -1 5 3 87|-1|-1|-1|-1|0 com.sec.android.app.twlauncher.ApplicationInfo@41b13b08 Exists
I/DebugPlacement(13959): SyncGrid 5 4 com.sec.android.app.twlauncher.ApplicationInfo RunDouble -1 5 4 89|-1|-1|-1|-1|0 com.sec.android.app.twlauncher.ApplicationInfo@41bfcf20 Exists
I/DebugPlacement(13959): SyncGrid 5 5 com.sec.android.app.twlauncher.ApplicationInfo Currency -1 5 5 90|-1|-1|-1|-1|0 com.sec.android.app.twlauncher.ApplicationInfo@41c9a1b0 Exists
I/DebugPlacement(13959): SyncGrid 5 6 com.sec.android.app.twlauncher.ApplicationInfo German -1 5 6 92|-1|-1|-1|-1|0 com.sec.android.app.twlauncher.ApplicationInfo@41dbf1d8 Exists
I/DebugPlacement(13959): SyncGrid 5 7 com.sec.android.app.twlauncher.ApplicationInfo Foursquare -1 5 7 93|-1|-1|-1|-1|0 com.sec.android.app.twlauncher.ApplicationInfo@41c28a10 Exists
I/DebugPlacement(13959): SyncGrid 5 8 com.sec.android.app.twlauncher.ApplicationInfo Songbird -1 5 8 94|-1|-1|-1|-1|0 com.sec.android.app.twlauncher.ApplicationInfo@41c92638 Exists
I/DebugPlacement(13959): SyncGrid 5 9 com.sec.android.app.twlauncher.ApplicationInfo SwiftKey 3 -1 5 9 97|-1|-1|-1|-1|0 com.sec.android.app.twlauncher.ApplicationInfo@420b04b0 Exists
I/DebugPlacement(13959): SyncGrid 5 10 com.sec.android.app.twlauncher.ApplicationInfo Battery -1 5 10 99|-1|-1|-1|-1|0 com.sec.android.app.twlauncher.ApplicationInfo@420a7ab8 Exists
I/DebugPlacement(13959): SyncGrid 5 11 com.sec.android.app.twlauncher.ApplicationInfo Flashlight -1 5 11 100|-1|-1|-1|-1|0 com.sec.android.app.twlauncher.ApplicationInfo@42091f18 Exists
I/DebugPlacement(13959): SyncGrid 5 12 com.sec.android.app.twlauncher.ApplicationInfo WellFTP Server -1 5 12 103|-1|-1|-1|-1|0 com.sec.android.app.twlauncher.ApplicationInfo@41c28e40 Exists
I/DebugPlacement(13959): SyncGrid 5 13 com.sec.android.app.twlauncher.ApplicationInfo Ant Build -1 5 13 104|-1|-1|-1|-1|0 com.sec.android.app.twlauncher.ApplicationInfo@420a8418 Exists
I/DebugPlacement(13959): SyncGrid 6 0 com.sec.android.app.twlauncher.ApplicationInfo PG API JQM -1 6 0 106|-1|-1|-1|-1|0 com.sec.android.app.twlauncher.ApplicationInfo@41fc7d48 Exists
I/DebugPlacement(13959): SyncGrid 6 1 com.sec.android.app.twlauncher.ApplicationInfo jQuery Mobile docs -1 6 1 107|-1|-1|-1|-1|0 com.sec.android.app.twlauncher.ApplicationInfo@41fcbd38 Exists
I/DebugPlacement(13959): SyncGrid 6 2 com.sec.android.app.twlauncher.ApplicationInfo NatWest -1 6 2 110|-1|-1|-1|-1|0 com.sec.android.app.twlauncher.ApplicationInfo@41cb31f8 Exists
I/DebugPlacement(13959): SyncGrid 6 3 com.sec.android.app.twlauncher.ApplicationInfo O2 -1 6 3 112|-1|-1|-1|-1|0 com.sec.android.app.twlauncher.ApplicationInfo@41b23810 Exists
I/DebugPlacement(13959): View = com.sec.android.app.twlauncher.MenuItemView@422f5990 tag = com.sec.android.app.twlauncher.ApplicationInfo Messaging -1 -1 2 3|-1|-1|-1|-1|0 com.sec.android.app.twlauncher.ApplicationInfo@41c477c8 Owner = com.sec.android.app.twlauncher.AppShortcutZone@416d3800
I/DebugPlacement(13959): View = com.sec.android.app.twlauncher.MenuItemView@41e7aec0 tag = com.sec.android.app.twlauncher.ApplicationInfo Contacts -1 -1 1 2|-1|-1|-1|-1|0 com.sec.android.app.twlauncher.ApplicationInfo@41af9a50 Owner = com.sec.android.app.twlauncher.AppShortcutZone@416d3800
I/DebugPlacement(13959): View = com.sec.android.app.twlauncher.MenuItemView@422d0660 tag = com.sec.android.app.twlauncher.ApplicationInfo Phone -1 -1 0 1|-1|-1|-1|-1|0 com.sec.android.app.twlauncher.ApplicationInfo@41af6818 Owner = com.sec.android.app.twlauncher.AppShortcutZone@416d3800
D/GLSurfaceViewGroup(13959): Skipped drawing due to suspendDrawingUntilResume()
I/DebugDb (13959): UpdateDBTask Begin Saving to DB
I/DebugFolder(13959): Save Folder Data To DB
I/DebugDb (13959): UpdateDBTask End Saving to DB true
I/DebugDb (13959): UpdateDBTask Close DB
D/dalvikvm( 1987): GC_EXPLICIT freed 1945K, 32% free 20823K/30535K, paused 3ms+24ms
V/BackupManagerService( 1987): removePackageParticipantsLocked: com.spotting.havewant
E/AlarmManagerService( 1987): android_server_AlarmManagerService_set to type=0, 1349036921.690000000
D/AndroidRuntime(28684): Shutting down VM
D/dalvikvm(28684): GC_CONCURRENT freed 97K, 83% free 460K/2560K, paused 0ms+0ms
I/AndroidRuntime(28684): NOTE: attach of thread 'Binder Thread #3' failed
I/ActivityManager( 1987): Start proc app.processName for broadcast hostingNameStr: pid=28729 uid=10153 gids={3002, 3003, 1015, 1023}
I/dalvikvm(28729): Turning on JNI app bug workarounds for target SDK version 10...
W/ResourceType( 1987): Failure getting entry for 0x7f020010 (t=1 e=16) in package 0 (error -75)
D/VolumePanel( 1987): onVolumeChanged(streamType: 3, flags: 64)
D/AudioService( 1987): getStreamVolume(3)
D/AudioService( 1987): getStreamVolume(3)
I/FMRadioService( 1987): *** mReceiver: VOLUME_CHANGED_ACTION
I/FMRadioService( 1987):    stream: 3
I/FMRadioService( 1987):    volume: 15
I/FMRadioService( 1987): *** mReceiver: VOLUME_CHANGED_ACTION
I/FMRadioService( 1987):    stream: 9
I/FMRadioService( 1987):    volume: 15
I/FMRadioService( 1987): *** mReceiver: VOLUME_CHANGED_ACTION
I/FMRadioService( 1987):    stream: 10
I/FMRadioService( 1987):    volume: 0
I/FmRadioController( 1987): Jni player_SetVolume :0 
I/FmRadioController( 1987): ---Jni player_SetVolume---
I/FmRadioController( 1987): Jni player_muteOn
I/FmRadioController( 1987): Jni player_muteOn
I/ActivityManager( 1987): No longer want app.processName (pid 27066): hidden #26
D/PicasaSyncManager(20285): reject MetadataSyncTask (****************************) because downsync is disabled
I/ApplicationPolicy( 1987): getActualApplicationStateEnabled() : true
D/PicasaSyncManager(20285): reject MetadataSyncTask (****************************) because downsync is disabled
D/dalvikvm(28729): GC_CONCURRENT freed 274K, 4% free 9024K/9351K, paused 2ms+1ms
I/PackageReceiver(28729): Got Intent: android.intent.action.PACKAGE_REMOVED
I/ControllerMap(17969): Delete Package: <com.spotting.havewant> cleanupList size: 0
I/ActivityManager( 1987): No longer want app.processName (pid 21041): hidden #26
I/ApplicationPolicy( 1987): getActualApplicationStateEnabled() : true
I/ActivityManager( 1987): No longer want app.processName (pid 28296): hidden #26
D/dalvikvm(14410): GC_CONCURRENT freed 183K, 6% free 9637K/10183K, paused 1ms+2ms
E/DataRouter( 1823): usb connection is true 
E/DataRouter( 1823): DSR is ON. Don't send DTR ON.
D/PowerManagerService( 1987): onSensorChanged: light value: 10
E/DataRouter( 1823): usb connection is true 
E/DataRouter( 1823): DSR is ON. Don't send DTR ON.
D/PowerManagerService( 1987): onSensorChanged: light value: 10
E/DataRouter( 1823): usb connection is true 
E/DataRouter( 1823): DSR is ON. Don't send DTR ON.
D/InputReader( 1987): Input event: value=1
D/RestrictionPolicy( 1987): isHomeKeyEnabled :true
D/RestrictionPolicy( 1987): isHomeKeyEnabled :true
I/HomeKeyDoubleClick( 1987): addAction() is called.  action = 0  canceled = false
I/HomeKeyDoubleClick( 1987): in addAction(), now add
I/HomeKeyDoubleClick( 1987): in addAction(), down event. now call postCheckRunnable().
I/HomeKeyDoubleClick( 1987): postCheckRunnable() is called
I/HomeKeyDoubleClick( 1987): in postCheckRunnable(), now posting.
I/HomeKeyDoubleClick( 1987): in postCheckRunnable(), posting success.
D/RestrictionPolicy( 1987): isHomeKeyEnabled :true
I/HomeKeyDoubleClick( 1987): addAction() is called.  action = 0  canceled = false
I/HomeKeyDoubleClick( 1987): in addAction(), action is canceled OR repeatCount is not zero. now call reset()
I/HomeKeyDoubleClick( 1987): reset() is called
I/HomeKeyDoubleClick( 1987): in reset()  after reset, mPosted = false  mHomeActionList.size() = 0
D/WindowManager( 1987): Home long press behavior, keyguardOn = false
D/RestrictionPolicy( 1987): isHomeKeyEnabled :true
I/HomeKeyDoubleClick( 1987): addAction() is called.  action = 0  canceled = false
I/HomeKeyDoubleClick( 1987): in addAction(), action is canceled OR repeatCount is not zero. now call reset()
I/HomeKeyDoubleClick( 1987): reset() is called
I/HomeKeyDoubleClick( 1987): in reset()  after reset, mPosted = false  mHomeActionList.size() = 0
D/RestrictionPolicy( 1987): isHomeKeyEnabled :true
I/HomeKeyDoubleClick( 1987): addAction() is called.  action = 0  canceled = false
I/HomeKeyDoubleClick( 1987): in addAction(), action is canceled OR repeatCount is not zero. now call reset()
I/HomeKeyDoubleClick( 1987): reset() is called
I/HomeKeyDoubleClick( 1987): in reset()  after reset, mPosted = false  mHomeActionList.size() = 0
D/RestrictionPolicy( 1987): isHomeKeyEnabled :true
I/HomeKeyDoubleClick( 1987): addAction() is called.  action = 0  canceled = false
I/HomeKeyDoubleClick( 1987): in addAction(), action is canceled OR repeatCount is not zero. now call reset()
I/HomeKeyDoubleClick( 1987): reset() is called
I/HomeKeyDoubleClick( 1987): in reset()  after reset, mPosted = false  mHomeActionList.size() = 0
W/WindowManager( 1987): interceptKeyBeforeDispatching with IVoIPInterface 
D/VoIPInterfaceManager( 1987): isVoIPRinging()...
D/VoIPInterfaceManager( 1987):     Not exist call session
W/InputManagerService( 1987): onReceive() calling hidecurrentInputLocked
D/RestrictionPolicy( 1987): isHomeKeyEnabled :true
I/HomeKeyDoubleClick( 1987): addAction() is called.  action = 0  canceled = false
I/HomeKeyDoubleClick( 1987): in addAction(), action is canceled OR repeatCount is not zero. now call reset()
I/HomeKeyDoubleClick( 1987): reset() is called
I/HomeKeyDoubleClick( 1987): in reset()  after reset, mPosted = false  mHomeActionList.size() = 0
I/SurfaceFlinger( 1825): id=1139(56) createSurface 0x46e1c (480x800),1 flag=0
D/RestrictionPolicy( 1987): isHomeKeyEnabled :true
I/HomeKeyDoubleClick( 1987): addAction() is called.  action = 0  canceled = false
I/HomeKeyDoubleClick( 1987): in addAction(), action is canceled OR repeatCount is not zero. now call reset()
I/HomeKeyDoubleClick( 1987): reset() is called
I/HomeKeyDoubleClick( 1987): in reset()  after reset, mPosted = false  mHomeActionList.size() = 0
D/RestrictionPolicy( 1987): isHomeKeyEnabled :true
I/HomeKeyDoubleClick( 1987): addAction() is called.  action = 0  canceled = false
I/HomeKeyDoubleClick( 1987): in addAction(), action is canceled OR repeatCount is not zero. now call reset()
I/HomeKeyDoubleClick( 1987): reset() is called
I/HomeKeyDoubleClick( 1987): in reset()  after reset, mPosted = false  mHomeActionList.size() = 0
D/RestrictionPolicy( 1987): isHomeKeyEnabled :true
I/HomeKeyDoubleClick( 1987): addAction() is called.  action = 0  canceled = false
I/HomeKeyDoubleClick( 1987): in addAction(), action is canceled OR repeatCount is not zero. now call reset()
I/HomeKeyDoubleClick( 1987): reset() is called
I/HomeKeyDoubleClick( 1987): in reset()  after reset, mPosted = false  mHomeActionList.size() = 0
D/RestrictionPolicy( 1987): isHomeKeyEnabled :true
I/HomeKeyDoubleClick( 1987): addAction() is called.  action = 0  canceled = false
I/HomeKeyDoubleClick( 1987): in addAction(), action is canceled OR repeatCount is not zero. now call reset()
I/HomeKeyDoubleClick( 1987): reset() is called
I/HomeKeyDoubleClick( 1987): in reset()  after reset, mPosted = false  mHomeActionList.size() = 0
D/RestrictionPolicy( 1987): isHomeKeyEnabled :true
I/HomeKeyDoubleClick( 1987): addAction() is called.  action = 0  canceled = false
I/HomeKeyDoubleClick( 1987): in addAction(), action is canceled OR repeatCount is not zero. now call reset()
I/HomeKeyDoubleClick( 1987): reset() is called
I/HomeKeyDoubleClick( 1987): in reset()  after reset, mPosted = false  mHomeActionList.size() = 0
E/DataRouter( 1823): usb connection is true 
E/DataRouter( 1823): DSR is ON. Don't send DTR ON.
D/RestrictionPolicy( 1987): isHomeKeyEnabled :true
I/HomeKeyDoubleClick( 1987): addAction() is called.  action = 0  canceled = false
I/HomeKeyDoubleClick( 1987): in addAction(), action is canceled OR repeatCount is not zero. now call reset()
I/HomeKeyDoubleClick( 1987): reset() is called
I/HomeKeyDoubleClick( 1987): in reset()  after reset, mPosted = false  mHomeActionList.size() = 0
D/RestrictionPolicy( 1987): isHomeKeyEnabled :true
I/HomeKeyDoubleClick( 1987): addAction() is called.  action = 0  canceled = false
I/HomeKeyDoubleClick( 1987): in addAction(), action is canceled OR repeatCount is not zero. now call reset()
I/HomeKeyDoubleClick( 1987): reset() is called
I/HomeKeyDoubleClick( 1987): in reset()  after reset, mPosted = false  mHomeActionList.size() = 0
D/RestrictionPolicy( 1987): isHomeKeyEnabled :true
I/HomeKeyDoubleClick( 1987): addAction() is called.  action = 0  canceled = false
I/HomeKeyDoubleClick( 1987): in addAction(), action is canceled OR repeatCount is not zero. now call reset()
I/HomeKeyDoubleClick( 1987): reset() is called
I/HomeKeyDoubleClick( 1987): in reset()  after reset, mPosted = false  mHomeActionList.size() = 0
D/RestrictionPolicy( 1987): isHomeKeyEnabled :true
I/HomeKeyDoubleClick( 1987): addAction() is called.  action = 0  canceled = false
I/HomeKeyDoubleClick( 1987): in addAction(), action is canceled OR repeatCount is not zero. now call reset()
I/HomeKeyDoubleClick( 1987): reset() is called
I/HomeKeyDoubleClick( 1987): in reset()  after reset, mPosted = false  mHomeActionList.size() = 0
D/RestrictionPolicy( 1987): isHomeKeyEnabled :true
I/HomeKeyDoubleClick( 1987): addAction() is called.  action = 0  canceled = false
I/HomeKeyDoubleClick( 1987): in addAction(), action is canceled OR repeatCount is not zero. now call reset()
I/HomeKeyDoubleClick( 1987): reset() is called
I/HomeKeyDoubleClick( 1987): in reset()  after reset, mPosted = false  mHomeActionList.size() = 0
D/InputReader( 1987): Input event: value=0
D/RestrictionPolicy( 1987): isHomeKeyEnabled :true
I/HomeKeyDoubleClick( 1987): addAction() is called.  action = 1  canceled = false
W/PowerManagerService( 1987): Timer 0x3->0x3|0x0
E/DataRouter( 1823): usb connection is true 
E/DataRouter( 1823): DSR is ON. Don't send DTR ON.
D/InputReader( 1987): Input event: value=1
E/lights  ( 1987): write_int: path /sys/devices/virtual/sec/sec_touchkey/brightness, value 1
I/PowerManagerService( 1987): Ulight 3->7|0
D/PowerManagerService( 1987): setLightBrightness : mButtonLight : 40
I/InputDispatcher( 1987): Delivering key to current input target
I/InputDispatcher( 1987): Delivering key to current input target
D/InputReader( 1987): Input event: value=0
I/InputDispatcher( 1987): Delivering key to current input target
I/InputDispatcher( 1987): Delivering key to current input target
I/SurfaceFlinger( 1825): id=1139 Removed idx=7 Map Size=4
I/SurfaceFlinger( 1825): id=1139 Removed idx=-2 Map Size=4
W/InputManagerService( 1987): Window already focused, ignoring focus gain of: com.android.internal.view.IInputMethodClient$Stub$Proxy@415ac6e0
D/BatteryService( 1987): update start
D/BatteryService( 1987): level:100 scale:100 status:5 health:2 present:true voltage: 4140 temperature: 290 technology: Li-ion AC powered:false USB powered:true icon:17302820 invalid charger:0
D/KeyguardUpdateMonitor( 1987): received broadcast android.intent.action.BATTERY_CHANGED
D/KeyguardUpdateMonitor( 1987): handleBatteryUpdate
D/PowerSavingModeWidgetBatteryService(26929): receive Intent.ACTION_BATTERY_CHANGED
D/UiModeManager( 1987): mLastBroadcastState = 0mCarModeEnabled = falseisDeskDockState(mDockState) = false
V/UiModeManager( 1987): updateLocked: null action, mDockState=0, firing homeIntent: null
D/UiModeManager( 1987): updateConfigurationLocked: mDockState=0; mCarMode=false; mNightMode=0; uiMode=17
D/STATUSBAR-BatteryController( 2131): onReceive() - ACTION_BATTERY_CHANGED
D/STATUSBAR-BatteryController( 2131): onReceive() - level:100
D/STATUSBAR-BatteryController( 2131): onReceive() - plugged:true
D/STATUSBAR-BatteryController( 2131): onReceive() - BATTERY_STATUS_FULL:
E/DataRouter( 1823): usb connection is true 
E/DataRouter( 1823): DSR is ON. Don't send DTR ON.
D/InputReader( 1987): Input event: value=1
I/InputDispatcher( 1987): Delivering key to current input target
I/InputDispatcher( 1987): Delivering key to current input target
D/STATUSBAR-NetworkController( 2131): onSignalStrengthsChanged signalStrength=SignalStrength: 14 -1 -1 -1 -1 -1 -1 -1 -1 -1 -1 -1 gsm|lte 4 level=4
D/InputReader( 1987): Input event: value=0
I/InputDispatcher( 1987): Delivering key to current input target
I/InputDispatcher( 1987): Delivering key to current input target
V/MyFiles (28398): AllFile:OnBackPressed - upOneLevel
I/MyFiles (28398): showWaitProgressDialog true
I/MyFiles (28398): AllFileBrowser-load file list => start
I/SurfaceFlinger( 1825): id=1140(11) createSurface 0x4372c (1x1),1 flag=0
I/MyFiles (28398): AllFileBrowser-load file list => finish
I/MyFiles (28398): AllFileBrowser-sort after loading => start
I/MyFiles (28398): AllFileBrowser-sort after loading => finish
D/MyFiles (28398): Loading handler - start
I/[MyFiles](28398): ListAdapter.clearAll
V/[MyFiles](28398): ThumbnailUpdateThread - Stopping update here image-thumbnail-manager
V/[MyFiles](28398): ImageLoader.stop 1 threads
I/MyFiles (28398): AllFileBrowser-updaetAdapter => start
V/[MyFiles](28398): ImageLoader.start() <<<<<<<<<<<<<<<<<<<<<<<<<<<<
I/MyFiles (28398): AllFileBrowser-updaetAdapter => finish
I/MyFiles (28398): showWaitProgressDialog false
D/MyFiles (28398): Loading handler - finish
W/InputManagerService( 1987): Window already focused, ignoring focus gain of: com.android.internal.view.IInputMethodClient$Stub$Proxy@41566970
I/SurfaceFlinger( 1825): id=1140 Removed idx=3 Map Size=4
I/SurfaceFlinger( 1825): id=1140 Removed idx=-2 Map Size=4
D/InputReader( 1987): Input event: value=1
E/lights  ( 1987): write_int: path /sys/devices/virtual/sec/sec_touchkey/brightness, value 2
W/PowerManagerService( 1987): Timer 0x7->0x3|0x0
I/PowerManagerService( 1987): Ulight 7->3|0
D/PowerManagerService( 1987): setLightBrightness : mButtonLight : 0
D/RestrictionPolicy( 1987): isHomeKeyEnabled :true
D/RestrictionPolicy( 1987): isHomeKeyEnabled :true
I/HomeKeyDoubleClick( 1987): addAction() is called.  action = 0  canceled = false
I/HomeKeyDoubleClick( 1987): in addAction(), now add
I/HomeKeyDoubleClick( 1987): in addAction(), down event. now call postCheckRunnable().
I/HomeKeyDoubleClick( 1987): postCheckRunnable() is called
I/HomeKeyDoubleClick( 1987): in postCheckRunnable(), now posting.
I/HomeKeyDoubleClick( 1987): in postCheckRunnable(), posting success.
D/InputReader( 1987): Input event: value=0
D/RestrictionPolicy( 1987): isHomeKeyEnabled :true
I/HomeKeyDoubleClick( 1987): addAction() is called.  action = 1  canceled = false
I/HomeKeyDoubleClick( 1987): in addAction(), now add
E/DataRouter( 1823): usb connection is true 
E/DataRouter( 1823): DSR is ON. Don't send DTR ON.
I/HomeKeyDoubleClick( 1987): run() is called *****************************************************
I/HomeKeyDoubleClick( 1987): isSingleClick() is called
I/HomeKeyDoubleClick( 1987): in isSingleClick() true
I/HomeKeyDoubleClick( 1987): -------------------------------single clicked
I/HomeKeyDoubleClick( 1987):   in singleClickJob(), mSentHomeDownToApp is false. Now call launchHomeFromHotKey()
I/HomeKeyDoubleClick( 1987): singleClickJob() is called.
W/InputManagerService( 1987): onReceive() calling hidecurrentInputLocked
I/ActivityManager( 1987): START {intent.toShortString} from pid 1987
I/power   ( 1987): *** acquire_dvfs_lock : lockType : 1  freq : 1200000 
D/PowerManagerService( 1987): acquireDVFSLockLocked : type : DVFS_MIN_LIMIT  frequency : 1200000  uid : 1000  pid : 1987  tag : ActivityManager
W/ActivityManager( 1987): mDVFSLock.acquire()
I/HomeKeyDoubleClick( 1987): reset() is called
I/HomeKeyDoubleClick( 1987): in reset()  after reset, mPosted = false  mHomeActionList.size() = 0
V/InputManagerService( 1987): [StartHomeAppReceiver] intentAction :: android.sec.intent.action.CLICKED_HOMEKEY, mInputShown :: false
D/MyFiles (28398): MainActivity-onPause
V/MyFiles (28398): AllFile:OnPause
V/[MyFiles](28398): ThumbnailUpdateThread - Stopping update here image-thumbnail-manager
V/[MyFiles](28398): ImageLoader.stop 1 threads
W/InputManagerService( 1987): Unexpected intent Intent { act=android.sec.intent.action.CLICKED_HOMEKEY flg=0x10 }
D/GLSurfaceViewGroup(13959): Skipped drawing due to suspendDrawingUntilResume()
I/Launcher(13959): onRestart. Launcher: 414edfa8
I/Launcher(13959): onResume. Launcher: 414edfa8, mIsNewIntent: true
D/Launcher(13959): It's live wallpaper. suggestDesiredDimensions() with SPAN 2
D/DigitalClock(28588): DigitalClockAppWidgetService. action :  sec.android.intent.action.HOME_RESUME
D/dalvikvm( 1987): GC_CONCURRENT freed 2167K, 33% free 20704K/30535K, paused 2ms+8ms
D/DigitalClock(28588): DigitalClockAppWidget. : updateClock =  [I@414ec5f8
D/DigitalClock(28588): DigitalClockAppWidget. : drawMinute mm1_ 2mm2_8
I/SurfaceFlinger( 1825): id=1141(66) createSurface 0x28a9c (480x762),1 flag=0
D/        (13959): Device driver API match
D/        (13959): Device driver API version: 10
D/        (13959): User space API version: 10 
D/        (13959): mali: REVISION=Linux-r2p4-02rel0 BUILD_DATE=Mon Mar  5 09:47:55 KST 2012 
D/DigitalClock(28588): DigitalClockAppWidget.onReceive : ACTION_HOME_RESUME is called!!
D/DigitalClock(28588): DigitalClockAppWidget. : updateClock =  [I@414edfe8
D/DigitalClock(28588): DigitalClockAppWidget. : drawMinute mm1_ 2mm2_8
I/PhotoAppWidgetProvider(27051): onReceive
I/PhotoAppWidgetProvider(27051): RestartSlideShow
D/PhotoDatabaseHelper(27051): getWidgetIdList query count : 0
D/PhotoAppWidgetProvider(27051): onReceive End
I/SurfaceFlinger( 1825): id=1142(67) createSurface 0x39554 (480x800),1 flag=0
I/ActivityManager( 1987): Start proc app.processName for broadcast hostingNameStr: pid=28768 uid=10141 gids={}
D/dalvikvm( 1826): GC_EXPLICIT freed 38K, 4% free 8793K/9091K, paused 1ms+1ms
D/dalvikvm( 1826): GC_EXPLICIT freed <1K, 4% free 8793K/9091K, paused 1ms+1ms
D/dalvikvm( 1826): GC_EXPLICIT freed <1K, 4% free 8793K/9091K, paused 1ms+1ms
D/com.samsung.app(27078): [MSC]>>> SCI:345 [0:0] R : secandroidintentactionHOME_RESUME
D/com.samsung.app(27078): [MSC]>>> SCI:351 [0:0] R : no stock widget!!!
D/dalvikvm(13959): GC_FOR_ALLOC freed 1832K, 20% free 23387K/28935K, paused 36ms
D/comsamsungapp(14078): [MSC_Accu]>>> WWP:375 [0:0] onReceive@ secandroidintentactionHOME_RESUME
D/comsamsungapp(14078): [MSC_Accu]>>> WIM:53 [0:0] AccuWeatherClockWidgetID_Length
D/comsamsungapp(14078): [MSC_Accu]>>> WIM:54 [0:0] getPrefIDs@lngth:1
D/comsamsungapp(14078): [MSC_Accu]>>> WIM:60 [0:0] getPrefIDs@Ids1:16
D/comsamsungapp(14078): [MSC_Accu]>>> WWP:368 [0:0] refreshhandler is null!!
D/comsamsungapp(14078): [MSC_Accu]>>> U:177 [0:0] util getnext by widget 1349040420000
D/CalendarAppWidgetProviderAgenda(27094): onReceive : sec.android.intent.action.HOME_RESUME
D/CalendarAppWidgetProviderAgenda(27094): getComponentName : 
I/Launcher(13959): onWindowFocusChanged(true)
W/InputManagerService( 1987): Starting input on non-focused client com.android.internal.view.IInputMethodClient$Stub$Proxy@415294e8 (uid=10059 pid=28398)
D/comsamsungapp(14078): [MSC_Accu]>>> WWP:302 [0:0] [AR] now = [1349036920099] LTM = [1349040420000] need_AR = [false]
D/comsamsungapp(14078): [MSC_Accu]>>> WWP:307 [0:0] [AR] LUPTM = [1348997253385] SV = 4
I/ActivityManager( 1987): No longer want app.processName (pid 28282): hidden #26
D/dalvikvm(13959): GC_FOR_ALLOC freed 1801K, 20% free 23426K/28935K, paused 27ms
D/dalvikvm(13959): GC_FOR_ALLOC freed 1870K, 20% free 23389K/28935K, paused 28ms
I/SurfaceFlinger( 1825): id=1136 Removed idx=4 Map Size=5
I/SurfaceFlinger( 1825): id=1136 Removed idx=-2 Map Size=5
I/power   ( 1987): *** release_dvfs_lock : lockType : 1 
D/PowerManagerService( 1987): releaseDVFSLockLocked : all DVFS_MIN_LIMIT are released 
W/ActivityManager( 1987): mDVFSLock.release()
W/PowerManagerService( 1987): Timer 0x3->0x3|0x0
D/dalvikvm(13959): GC_FOR_ALLOC freed 1153K, 20% free 23373K/28935K, paused 29ms
D/dalvikvm(13959): GC_CONCURRENT freed 1949K, 19% free 23471K/28935K, paused 2ms+5ms
D/MyFiles (28398): MainActivity-onStop
V/MyFiles (28398): AllFile:onStop
D/dalvikvm(13959): GC_FOR_ALLOC freed 1903K, 20% free 23402K/28935K, paused 31ms
I/InputReader( 1987): dispatchTouch::touch event's action is 0 (deviceType=0) [pCnt=1, pending(waiting finished signal)=0]
I/InputDispatcher( 1987): Delivering touch to current input target
I/InputDispatcher( 1987): Delivering touch to current input target
I/InputDispatcher( 1987): Delivering touch to current input target
E/lights  ( 1987): write_int: path /sys/devices/virtual/sec/sec_touchkey/brightness, value 1
I/PowerManagerService( 1987): Ulight 3->7|0
D/PowerManagerService( 1987): setLightBrightness : mButtonLight : 40
D/dalvikvm(13959): GC_CONCURRENT freed 2051K, 20% free 23366K/28935K, paused 2ms+9ms
I/InputReader( 1987): dispatchTouch::touch event's action is 1 (deviceType=0) [pCnt=1, pending(waiting finished signal)=0]
I/InputDispatcher( 1987): Delivering touch to current input target
I/InputDispatcher( 1987): Delivering touch to current input target
I/InputDispatcher( 1987): Delivering touch to current input target
D/dalvikvm(13959): GC_CONCURRENT freed 1724K, 19% free 23685K/28935K, paused 2ms+12ms
V/ProgramMonitorRemoteService(26526): onReceive() intent=Intent { act=ProgramMonitorRemoteService.UPDATE_RUNNING_COUNT flg=0x10 }
V/ProgramMonitorRemoteService(26526): onReceive() UPDATE_RUNNING_APPLICATION_COUNT
V/ProgramMonitorRemoteService(26526): updateRunningApplicationListInfo()
D/dalvikvm(26526): GC_CONCURRENT freed 493K, 8% free 9046K/9735K, paused 1ms+1ms
D/dalvikvm(26526): GC_CONCURRENT freed 411K, 7% free 9135K/9735K, paused 2ms+1ms
D/AndroidRuntime(28790): 
D/AndroidRuntime(28790): >>>>>> AndroidRuntime START com.android.internal.os.RuntimeInit <<<<<<
D/AndroidRuntime(28790): CheckJNI is OFF
D/AndroidRuntime(28790): setted country_code = UK
D/AndroidRuntime(28790): setted sales_code = O2U
D/AndroidRuntime(28790): found sales_code tag = <O2U>, </O2U> 
E/DataRouter( 1823): usb connection is true 
E/DataRouter( 1823): DSR is ON. Don't send DTR ON.
D/dalvikvm(26526): GC_CONCURRENT freed 537K, 8% free 9030K/9735K, paused 1ms+3ms
D/dalvikvm(26526): GC_CONCURRENT freed 404K, 7% free 9125K/9735K, paused 3ms+3ms
I/PackageInfo(26526): getRunningAppPackageList(), pid:28398, task:true, service:false, memUsage:10182, cpuUsage:0.0, packageName:com.sec.android.app.myfiles
D/LibQmg_native(28790): register_android_app_LibQmg
D/AndroidRuntime(28790): Calling main entry com.android.commands.pm.Pm
I/ActivityManager( 1987): Start proc app.processName for service hostingNameStr: pid=28800 uid=10094 gids={1015, 1023, 2001}
I/ApplicationPolicy( 1987): isApplicationInstallationEnabled :  pkg com.spotting.havewant
W/PackageManager( 1987): verifying app can be installed or not
W/ActivityManager( 1987): No content provider found for permission revoke: file:///data/local/tmp/HaveWant-debug.apk
W/ActivityManager( 1987): No content provider found for permission revoke: file:///data/local/tmp/HaveWant-debug.apk
E/AlarmManagerService( 1987): android_server_AlarmManagerService_set to type=0, 1349037787.504000000
V/AlarmManager( 1987): trigger WAKEUP Alarm{41609888 type 0 com.android.vending}
V/ProgramMonitorRemoteService(26526): onReceive() intent=Intent { act=ProgramMonitorRemoteService.RUNNING_COUNT flg=0x10 }
V/ProgramMonitorRemoteService(26526): onReceive() RUNNING_APPS_COUNT
V/ProgramMonitorRemoteService(26526): getRunningApplicationCount() start
V/ProgramMonitorRemoteService(26526): getRunningApplicationCount() end 1
V/ProgramMonitorRemoteService(26526): onReceive() getRunningApplicationCount=1
V/ProgramMonitorRemoteService(26526): initCPUUsage()
I/PackageManager( 1987):  ICS_DEBUG scanPackageLI entered  com.spotting.havewant
E/PackageManager( 1987): Not Matched enforcecopyinglibpackages.txt : 
E/PackageManager( 1987): Not Matched enforcecopyinglibpackages.txt : 
E/PackageManager( 1987): Not Matched enforcecopyinglibpackages.txt : 
E/PackageManager( 1987): Not Matched enforcecopyinglibpackages.txt : 
E/PackageManager( 1987): Not Matched enforcecopyinglibpackages.txt : 
E/PackageManager( 1987): Not Matched enforcecopyinglibpackages.txt : 
E/PackageManager( 1987): Not Matched enforcecopyinglibpackages.txt : 
I/PackageManager( 1987): Running dexopt on: com.spotting.havewant
D/dalvikvm(28126): GC_CONCURRENT freed 691K, 8% free 9632K/10439K, paused 2ms+3ms
D/dalvikvm(28126): GC_CONCURRENT freed 117K, 6% free 9900K/10439K, paused 1ms+1ms
D/dalvikvm(28813): DexOpt: load 43ms, verify+opt 208ms
D/Finsky  (28126): [1] 5.onFinished: Installation state replication succeeded.
I/ActivityManager( 1987): Force stopping package com.spotting.havewant uid=10038
D/dalvikvm( 1987): GC_CONCURRENT freed 1933K, 32% free 20818K/30535K, paused 3ms+11ms
E/lights  ( 1987): write_int: path /sys/devices/virtual/sec/sec_touchkey/brightness, value 2
W/PowerManagerService( 1987): Timer 0x7->0x3|0x0
I/PowerManagerService( 1987): Ulight 7->3|0
D/PowerManagerService( 1987): setLightBrightness : mButtonLight : 0
D/PackageManager( 1987): New package installed in /data/app/com.spotting.havewant-1.apk
D/Launcher.LauncherModel(13959):   --> add package
D/Launcher.LauncherModel(13959): application intent received: android.intent.action.PACKAGE_ADDED, replacing=false
D/Launcher.LauncherModel(13959):   --> package:com.spotting.havewant
I/RegisteredComponentCache( 2314): ComponentInfo: ResolveInfo{414fde40 com.android.apps.tag.TagViewer p=0 o=0 m=0x108000}, techs: android.nfc.tech.Ndef, 
D/AccountTypeManager(14424): Registering external account type=com.whatsapp, packageName=com.whatsapp
W/ResourceType(14424): getEntry failing because entryIndex 983 is beyond type entryCount 573
W/ResourceType(14424): Failure getting entry for 0x7f0203d7 (t=1 e=983) in package 0 (error -2147483647)
D/AccountTypeManager(14424): Registering external account type=com.facebook.auth.login, packageName=com.facebook.katana
D/Launcher.LauncherModel(13959): addPackageBackground. mApplicationsAdapter: 1101193624
W/ResourceType(14424): getEntry failing because entryIndex 881 is beyond type entryCount 573
W/ResourceType(14424): Failure getting entry for 0x7f020371 (t=1 e=881) in package 0 (error -2147483647)
D/AccountTypeManager(14424): Registering external account type=com.smlds.accountType, packageName=com.smlds
D/AccountTypeManager(14424): Registering external account type=com.skype.contacts.sync, packageName=com.skype.raider
W/ResourceType(14424): getEntry failing because entryIndex 1283 is beyond type entryCount 573
D/PackageManager( 1987): generateServicesMap(android.accounts.AccountAuthenticator): 17 services unchanged
W/ResourceType(14424): Failure getting entry for 0x7f020503 (t=1 e=1283) in package 0 (error -2147483647)
W/ResourceType(14424): getEntry failing because entryIndex 1284 is beyond type entryCount 573
W/ResourceType(14424): Failure getting entry for 0x7f020504 (t=1 e=1284) in package 0 (error -2147483647)
W/ResourceType(14424): getEntry failing because entryIndex 1285 is beyond type entryCount 573
W/ResourceType(14424): Failure getting entry for 0x7f020505 (t=1 e=1285) in package 0 (error -2147483647)
W/ResourceType(14424): getEntry failing because entryIndex 1680 is beyond type entryCount 573
W/ResourceType(14424): Failure getting entry for 0x7f020690 (t=1 e=1680) in package 0 (error -2147483647)
D/AccountTypeManager(14424): Registering 1 extension packages
E/ExternalAccountType(14424): Unsupported attribute readOnly
I/SevenBroadCastReceiver(28007): ==============================================
I/SevenBroadCastReceiver(28007): 	SevenBroadCastReceiver.onReceive() 
I/SevenBroadCastReceiver(28007): 	intent.getAction() :  android.intent.action.PACKAGE_ADDED
I/ActivityManager( 1987): Start proc app.processName for content provider hostingNameStr: pid=28815 uid=10102 gids={}
I/SevenBroadCastReceiver(28007): ==============================================
E/SevenAdapter(28007): isAvailable() is called
E/SevenAdapter(28007): setEnabled() is called : true,true
D/SevenAdapter(28007): setSevenEnabled new state=ENABLED
I/ActivityThread(28815): Pub com.sec.badge: com.sec.android.provider.badge.BadgeProvider
I/ActivityManager( 1987): Start proc app.processName for broadcast hostingNameStr: pid=28827 uid=10080 gids={3003}
I/DebugDb (13959): Adater pointer com.sec.android.app.twlauncher.ApplicationsAdapter@41a2e198 94
I/DebugDb (13959): Dump Adapter 93 com.sec.android.app.twlauncher.ApplicationInfo HaveWant.it -1 -1 -1 -1|-1|-1|-1|-1|0 com.sec.android.app.twlauncher.ApplicationInfo@41ce9250
I/DebugDb (13959): Dump Adapter 92 com.sec.android.app.twlauncher.ApplicationInfo WellFTP Server -1 5 12 103|-1|-1|-1|-1|0 com.sec.android.app.twlauncher.ApplicationInfo@41c28e40
I/DebugDb (13959): Dump Adapter 91 com.sec.android.app.twlauncher.ApplicationInfo NatWest -1 6 2 110|-1|-1|-1|-1|0 com.sec.android.app.twlauncher.ApplicationInfo@41cb31f8
I/DebugDb (13959): Dump Adapter 90 com.sec.android.app.twlauncher.ApplicationInfo Facebook -1 2 12 60|-1|-1|-1|-1|0 com.sec.android.app.twlauncher.ApplicationInfo@41b56258
I/DebugDb (13959): Dump Adapter 89 com.sec.android.app.twlauncher.ApplicationInfo Songbird -1 5 8 94|-1|-1|-1|-1|0 com.sec.android.app.twlauncher.ApplicationInfo@41c92638
I/DebugDb (13959): Dump Adapter 88 com.sec.android.app.twlauncher.ApplicationInfo jQuery Mobile docs -1 6 1 107|-1|-1|-1|-1|0 com.sec.android.app.twlauncher.ApplicationInfo@41fcbd38
I/DebugDb (13959): Dump Adapter 87 com.sec.android.app.twlauncher.ApplicationInfo Dropbox -1 2 10 64|-1|-1|-1|-1|0 com.sec.android.app.twlauncher.ApplicationInfo@41fbe4f0
I/DebugDb (13959): Dump Adapter 86 com.sec.android.app.twlauncher.ApplicationInfo PG API JQM -1 6 0 106|-1|-1|-1|-1|0 com.sec.android.app.twlauncher.ApplicationInfo@41fc7d48
I/DebugDb (13959): Dump Adapter 85 com.sec.android.app.twlauncher.ApplicationInfo SwiftKey 3 -1 5 9 97|-1|-1|-1|-1|0 com.sec.android.app.twlauncher.ApplicationInfo@420b04b0
I/DebugDb (13959): Dump Adapter 84 com.sec.android.app.twlauncher.ApplicationInfo Angry Birds -1 2 7 69|-1|-1|-1|-1|0 com.sec.android.app.twlauncher.ApplicationInfo@41b23740
I/DebugDb (13959): Dump Adapter 83 com.sec.android.app.twlauncher.ApplicationInfo UberHype -1 5 2 86|-1|-1|-1|-1|0 com.sec.android.app.twlauncher.ApplicationInfo@41f11328
I/DebugDb (13959): Dump Adapter 82 com.sec.android.app.twlauncher.ApplicationInfo Hubroid -1 4 12 83|-1|-1|-1|-1|0 com.sec.android.app.twlauncher.ApplicationInfo@41b56ec8
I/DebugDb (13959): Dump Adapter 81 com.sec.android.app.twlauncher.ApplicationInfo Analytics -1 4 11 82|-1|-1|-1|-1|0 com.sec.android.app.twlauncher.ApplicationInfo@41c0df30
I/DebugDb (13959): Dump Adapter 80 com.sec.android.app.twlauncher.ApplicationInfo Chess Free -1 2 9 66|-1|-1|-1|-1|0 com.sec.android.app.twlauncher.ApplicationInfo@41c0f7b0
I/DebugDb (13959): Dump Adapter 79 com.sec.android.app.twlauncher.ApplicationInfo German -1 5 6 92|-1|-1|-1|-1|0 com.sec.android.app.twlauncher.ApplicationInfo@41dbf1d8
I/DebugDb (13959): Dump Adapter 78 com.sec.android.app.twlauncher.ApplicationInfo Flashlight -1 5 11 100|-1|-1|-1|-1|0 com.sec.android.app.twlauncher.ApplicationInfo@42091f18
I/DebugDb (13959): Dump Adapter 77 com.sec.android.app.twlauncher.ApplicationInfo Twitter -1 4 3 61|-1|-1|-1|-1|0 com.sec.android.app.twlauncher.ApplicationInfo@42145a60
I/DebugDb (13959): Dump Adapter 76 com.sec.android.app.twlauncher.ApplicationInfo Ant Build -1 5 13 104|-1|-1|-1|-1|0 com.sec.android.app.twlauncher.ApplicationInfo@420a8418
I/DebugDb (13959): Dump Adapter 75 com.sec.android.app.twlauncher.ApplicationInfo oDesk -1 5 1 85|-1|-1|-1|-1|0 com.sec.android.app.twlauncher.ApplicationInfo@42145b98
I/DebugDb (13959): Dump Adapter 74 com.sec.android.app.twlauncher.ApplicationInfo Polaris Office -1 2 6 42|-1|-1|-1|-1|0 com.sec.android.app.twlauncher.ApplicationInfo@420aecd0
I/DebugDb (13959): Dump Adapter 73 com.sec.android.app.twlauncher.ApplicationInfo Battery -1 5 10 99|-1|-1|-1|-1|0 com.sec.android.app.twlauncher.ApplicationInfo@420a7ab8
I/DebugDb (13959): Dump Adapter 72 com.sec.android.app.twlauncher.ApplicationInfo Voice command -1 1 7 28|-1|-1|-1|-1|0 com.sec.android.app.twlauncher.ApplicationInfo@4208d980
I/DebugDb (13959): Dump Adapter 71 com.sec.android.app.twlauncher.ApplicationInfo Freelancer -1 5 0 84|-1|-1|-1|-1|0 com.sec.android.app.twlauncher.ApplicationInfo@41fc9ed0
I/DebugDb (13959): Dump Adapter 70 com.sec.android.app.twlauncher.ApplicationInfo WhatsApp -1 4 4 59|-1|-1|-1|-1|0 com.sec.android.app.twlauncher.ApplicationInfo@41fbfff8
I/DebugDb (13959): Dump Adapter 69 com.sec.android.app.twlauncher.ApplicationInfo TED -1 4 1 67|-1|-1|-1|-1|0 com.sec.android.app.twlauncher.ApplicationInfo@41fa9998
I/DebugDb (13959): Dump Adapter 68 com.sec.android.app.twlauncher.ApplicationInfo Foursquare -1 5 7 93|-1|-1|-1|-1|0 com.sec.android.app.twlauncher.ApplicationInfo@41c28a10
I/DebugDb (13959): Dump Adapter 67 com.sec.android.app.twlauncher.ApplicationInfo Football SC -1 4 8 78|-1|-1|-1|-1|0 com.sec.android.app.twlauncher.ApplicationInfo@41c213c0
I/DebugDb (13959): Dump Adapter 66 com.sec.android.app.twlauncher.ApplicationInfo Nearest Stops -1 4 9 79|-1|-1|-1|-1|0 com.sec.android.app.twlauncher.ApplicationInfo@41c37098
I/DebugDb (13959): Dump Adapter 65 com.sec.android.app.twlauncher.ApplicationInfo London Travel -1 3 1 72|-1|-1|-1|-1|0 com.sec.android.app.twlauncher.ApplicationInfo@41c2db00
I/ActivityManager( 1987): No longer want app.processName (pid 28468): hidden #26
D/Launcher.LauncherModel(13959): addPackageUi. mApplicationsAdapter: 1101193624
I/DebugDb (13959): Dump Adapter 64 com.sec.android.app.twlauncher.ApplicationInfo Pulse -1 3 8 70|-1|-1|-1|-1|0 com.sec.android.app.twlauncher.ApplicationInfo@41c87b98
I/DebugDb (13959): Dump Adapter 63 com.sec.android.app.twlauncher.ApplicationInfo TED Air -1 4 2 68|-1|-1|-1|-1|0 com.sec.android.app.twlauncher.ApplicationInfo@41fcf808
I/DebugDb (13959): Dump Adapter 62 com.sec.android.app.twlauncher.ApplicationInfo Photo editor -1 1 12 33|-1|-1|-1|-1|0 com.sec.android.app.twlauncher.ApplicationInfo@41ccc210
I/DebugDb (13959): Dump Adapter 61 com.sec.android.app.twlauncher.ApplicationInfo Groupon -1 2 15 63|-1|-1|-1|-1|0 com.sec.android.app.twlauncher.ApplicationInfo@41c0a7a0
I/DebugDb (13959): Dump Adapter 60 com.sec.android.app.twlauncher.ApplicationInfo Skype -1 3 11 62|-1|-1|-1|-1|0 com.sec.android.app.twlauncher.ApplicationInfo@41c2b080
I/DebugDb (13959): Dump Adapter 59 com.sec.android.app.twlauncher.ApplicationInfo GNotes -1 4 10 80|-1|-1|-1|-1|0 com.sec.android.app.twlauncher.ApplicationInfo@41c44818
I/DebugDb (13959): Dump Adapter 58 com.sec.android.app.twlauncher.ApplicationInfo Currency -1 5 5 90|-1|-1|-1|-1|0 com.sec.android.app.twlauncher.ApplicationInfo@41c9a1b0
I/DebugDb (13959): Dump Adapter 57 com.sec.android.app.twlauncher.ApplicationInfo Path -1 4 7 77|-1|-1|-1|-1|0 com.sec.android.app.twlauncher.ApplicationInfo@41b55398
I/DebugDb (13959): Dump Adapter 56 com.sec.android.app.twlauncher.ApplicationInfo LT Free -1 3 2 71|-1|-1|-1|-1|0 com.sec.android.app.twlauncher.ApplicationInfo@41b49aa0
I/DebugDb (13959): Dump Adapter 55 com.sec.android.app.twlauncher.ApplicationInfo LastPass -1 3 0 65|-1|-1|-1|-1|0 com.sec.android.app.twlauncher.ApplicationInfo@41b55df8
I/DebugDb (13959): Dump Adapter 54 com.sec.android.app.twlauncher.ApplicationInfo Amazon Kindle -1 5 3 87|-1|-1|-1|-1|0 com.sec.android.app.twlauncher.ApplicationInfo@41b13b08
I/DebugDb (13959): Dump Adapter 53 com.sec.android.app.twlauncher.ApplicationInfo Samsung Hub -1 3 9 58|-1|-1|-1|-1|0 com.sec.android.app.twlauncher.ApplicationInfo@41c0cec0
I/DebugDb (13959): Dump Adapter 52 com.sec.android.app.twlauncher.ApplicationInfo Navigation -1 1 6 27|-1|-1|-1|-1|0 com.sec.android.app.twlauncher.ApplicationInfo@41c1b080
I/DebugDb (13959): Dump Adapter 51 com.sec.android.app.twlauncher.ApplicationInfo Local -1 1 10 31|-1|-1|-1|-1|0 com.sec.android.app.twlauncher.ApplicationInfo@41c2cdf8
I/DebugDb (13959): Dump Adapter 50 com.sec.android.app.twlauncher.ApplicationInfo Messenger -1 3 3 49|-1|-1|-1|-1|0 com.sec.android.app.twlauncher.ApplicationInfo@41c5f508
I/DebugDb (13959): Dump Adapter 49 com.sec.android.app.twlauncher.ApplicationInfo Google+ -1 2 14 48|-1|-1|-1|-1|0 com.sec.android.app.twlauncher.ApplicationInfo@41b581b0
I/DebugDb (13959): Dump Adapter 48 com.sec.android.app.twlauncher.ApplicationInfo O2 Priority Moments -1 3 4 57|-1|-1|-1|-1|0 com.sec.android.app.twlauncher.ApplicationInfo@41cb2ff0
I/DebugDb (13959): Dump Adapter 47 com.sec.android.app.twlauncher.ApplicationInfo Kies air -1 1 3 23|-1|-1|-1|-1|0 com.sec.android.app.twlauncher.ApplicationInfo@41c76ac8
I/DebugDb (13959): Dump Adapter 46 com.sec.android.app.twlauncher.ApplicationInfo Play Books -1 3 7 52|-1|-1|-1|-1|0 com.sec.android.app.twlauncher.ApplicationInfo@41cb1eb0
I/DebugDb (13959): Dump Adapter 45 com.sec.android.app.twlauncher.ApplicationInfo eBay -1 2 11 54|-1|-1|-1|-1|0 com.sec.android.app.twlauncher.ApplicationInfo@41dc0188
I/DebugDb (13959): Dump Adapter 44 com.sec.android.app.twlauncher.ApplicationInfo Samsung Apps -1 2 1 37|-1|-1|-1|-1|0 com.sec.android.app.twlauncher.ApplicationInfo@41aae660
D/PackageManager( 1987): generateServicesMap(android.content.SyncAdapter): 30 services unchanged
I/DebugDb (13959): Dump Adapter 43 com.sec.android.app.twlauncher.ApplicationInfo Flash Player Settings -1 2 13 56|-1|-1|-1|-1|0 com.sec.android.app.twlauncher.ApplicationInfo@41c99d58
I/DebugDb (13959): Dump Adapter 42 com.sec.android.app.twlauncher.ApplicationInfo O2 Space -1 3 5 55|-1|-1|-1|-1|0 com.sec.android.app.twlauncher.ApplicationInfo@41c75830
I/DebugDb (13959): Dump Adapter 41 com.sec.android.app.twlauncher.ApplicationInfo BBC iPlayer -1 2 8 53|-1|-1|-1|-1|0 com.sec.android.app.twlauncher.ApplicationInfo@41c9a6b8
I/DebugDb (13959): Dump Adapter 40 com.sec.android.app.twlauncher.ApplicationInfo Voice recorder -1 1 8 29|-1|-1|-1|-1|0 com.sec.android.app.twlauncher.ApplicationInfo@41dc02c0
I/DebugDb (13959): Dump Adapter 39 com.sec.android.app.twlauncher.ApplicationInfo Video Player -1 1 1 21|-1|-1|-1|-1|0 com.sec.android.app.twlauncher.ApplicationInfo@41c05f58
I/DebugDb (13959): Dump Adapter 38 com.sec.android.app.twlauncher.ApplicationInfo Video maker -1 1 13 34|-1|-1|-1|-1|0 com.sec.android.app.twlauncher.ApplicationInfo@41cb0968
I/DebugDb (13959): Dump Adapter 37 com.sec.android.app.twlauncher.ApplicationInfo Calculator -1 2 0 36|-1|-1|-1|-1|0 com.sec.android.app.twlauncher.ApplicationInfo@41c2c5f0
I/DebugDb (13959): Dump Adapter 36 com.sec.android.app.twlauncher.ApplicationInfo Tags -1 4 0 51|-1|-1|-1|-1|0 com.sec.android.app.twlauncher.ApplicationInfo@41b25840
I/DebugDb (13959): Dump Adapter 35 com.sec.android.app.twlauncher.ApplicationInfo O2 -1 6 3 112|-1|-1|-1|-1|0 com.sec.android.app.twlauncher.ApplicationInfo@41b23810
I/DebugDb (13959): Dump Adapter 34 com.sec.android.app.twlauncher.ApplicationInfo Social Hub -1 0 12 16|-1|-1|-1|-1|0 com.sec.android.app.twlauncher.ApplicationInfo@41c927b8
I/DebugDb (13959): Dump Adapter 33 com.sec.android.app.twlauncher.ApplicationInfo Downloads -1 1 11 32|-1|-1|-1|-1|0 com.sec.android.app.twlauncher.ApplicationInfo@41cd7ba8
I/DebugDb (13959): Dump Adapter 32 com.sec.android.app.twlauncher.ApplicationInfo Readers Hub -1 0 14 18|-1|-1|-1|-1|0 com.sec.android.app.twlauncher.ApplicationInfo@41c4c058
I/DebugDb (13959): Dump Adapter 31 com.sec.android.app.twlauncher.ApplicationInfo My files -1 1 0 20|-1|-1|-1|-1|0 com.sec.android.app.twlauncher.ApplicationInfo@41ad4e60
I/DebugDb (13959): Dump Adapter 30 com.sec.android.app.twlauncher.ApplicationInfo Music Hub -1 0 13 17|-1|-1|-1|-1|0 com.sec.android.app.twlauncher.ApplicationInfo@41c60e58
I/DebugDb (13959): Dump Adapter 29 com.sec.android.app.twlauncher.ApplicationInfo Mini diary -1 1 14 35|-1|-1|-1|-1|0 com.sec.android.app.twlauncher.ApplicationInfo@41c9a7f0
I/DebugDb (13959): Dump Adapter 28 com.sec.android.app.twlauncher.ApplicationInfo Search -1 0 9 13|-1|-1|-1|-1|0 com.sec.android.app.twlauncher.ApplicationInfo@41cea968
I/DebugDb (13959): Dump Adapter 27 com.sec.android.app.twlauncher.ApplicationInfo News & Weather -1 2 2 38|-1|-1|-1|-1|0 com.sec.android.app.twlauncher.ApplicationInfo@41c1a508
I/DebugDb (13959): Dump Adapter 26 com.sec.android.app.twlauncher.ApplicationInfo Game Hub -1 0 15 19|-1|-1|-1|-1|0 com.sec.android.app.twlauncher.ApplicationInfo@41c76fc8
I/DebugDb (13959): Dump Adapter 25 com.sec.android.app.twlauncher.ApplicationInfo Gallery -1 0 8 12|-1|-1|-1|-1|0 com.sec.android.app.twlauncher.ApplicationInfo@41c75088
I/DebugDb (13959): Dump Adapter 24 com.sec.android.app.twlauncher.ApplicationInfo FM radio -1 2 4 40|-1|-1|-1|-1|0 com.sec.android.app.twlauncher.ApplicationInfo@41c99e70
I/DebugDb (13959): Dump Adapter 23 com.sec.android.app.twlauncher.ApplicationInfo AllShare -1 1 2 22|-1|-1|-1|-1|0 com.sec.android.app.twlauncher.ApplicationInfo@41beeda0
I/DebugDb (13959): Dump Adapter 22 com.sec.android.app.twlauncher.ApplicationInfo Clock -1 0 0 4|-1|-1|-1|-1|0 com.sec.android.app.twlauncher.ApplicationInfo@41c886b0
I/DebugDb (13959): Dump Adapter 21 com.sec.android.app.twlauncher.ApplicationInfo RunDouble -1 5 4 89|-1|-1|-1|-1|0 com.sec.android.app.twlauncher.ApplicationInfo@41bfcf20
I/DebugDb (13959): Dump Adapter 20 com.sec.android.app.twlauncher.ApplicationInfo Voice talk -1 1 9 30|-1|-1|-1|-1|0 com.sec.android.app.twlauncher.ApplicationInfo@41bfe5a0
I/DebugDb (13959): Dump Adapter 19 com.sec.android.app.twlauncher.ApplicationInfo Opera Mobile -1 3 6 45|-1|-1|-1|-1|0 com.sec.android.app.twlauncher.ApplicationInfo@41c60970
I/DebugDb (13959): Dump Adapter 18 com.sec.android.app.twlauncher.ApplicationInfo Shazam -1 3 10 47|-1|-1|-1|-1|0 com.sec.android.app.twlauncher.ApplicationInfo@41a7f200
I/DebugDb (13959): Dump Adapter 17 com.sec.android.app.twlauncher.ApplicationInfo Maps -1 0 5 9|-1|-1|-1|-1|0 com.sec.android.app.twlauncher.ApplicationInfo@41c77468
I/DebugDb (13959): Dump Adapter 16 com.sec.android.app.twlauncher.ApplicationInfo Play Store -1 0 10 14|-1|-1|-1|-1|0 com.sec.android.app.twlauncher.ApplicationInfo@41ceaaa0
I/DebugDb (13959): Dump Adapter 15 com.sec.android.app.twlauncher.ApplicationInfo YouTube -1 4 5 43|-1|-1|-1|-1|0 com.sec.android.app.twlauncher.ApplicationInfo@41af2620
I/DebugDb (13959): Dump Adapter 14 com.sec.android.app.twlauncher.ApplicationInfo Play Movies -1 4 6 76|-1|-1|-1|-1|0 com.sec.android.app.twlauncher.ApplicationInfo@41ad67d8
I/DebugDb (13959): Dump Adapter 13 com.sec.android.app.twlauncher.ApplicationInfo Gmail -1 0 7 11|-1|-1|-1|-1|0 com.sec.android.app.twlauncher.ApplicationInfo@419f9b08
I/DebugDb (13959): Dump Adapter 12 com.sec.android.app.twlauncher.ApplicationInfo Calendar -1 0 1 5|-1|-1|-1|-1|0 com.sec.android.app.twlauncher.ApplicationInfo@41addd58
I/DebugDb (13959): Dump Adapter 11 com.sec.android.app.twlauncher.ApplicationInfo Task -1 1 5 26|-1|-1|-1|-1|0 com.sec.android.app.twlauncher.ApplicationInfo@41bfec38
I/DebugDb (13959): Dump Adapter 10 com.sec.android.app.twlauncher.ApplicationInfo Talk -1 1 4 24|-1|-1|-1|-1|0 com.sec.android.app.twlauncher.ApplicationInfo@41c2ec80
I/DebugDb (13959): Dump Adapter 9 com.sec.android.app.twlauncher.ApplicationInfo Settings -1 0 11 15|-1|-1|-1|-1|0 com.sec.android.app.twlauncher.ApplicationInfo@41cea1c0
I/DebugDb (13959): Dump Adapter 8 com.sec.android.app.twlauncher.ApplicationInfo Internet -1 0 3 7|-1|-1|-1|-1|0 com.sec.android.app.twlauncher.ApplicationInfo@41c62c48
