E/DataRouter( 1823): usb connection is true 
E/DataRouter( 1823): DSR is ON. Don't send DTR ON.
D/dalvikvm(28627): GC_CONCURRENT freed 385K, 8% free 9814K/10631K, paused 7ms+2ms
E/DataRouter( 1823): usb connection is true 
E/DataRouter( 1823): DSR is ON. Don't send DTR ON.
E/DataRouter( 1823): usb connection is true 
E/DataRouter( 1823): DSR is ON. Don't send DTR ON.
E/DataRouter( 1823): usb connection is true 
E/DataRouter( 1823): DSR is ON. Don't send DTR ON.
E/AlarmManagerService( 1987): android_server_AlarmManagerService_set to type=2, 127747.079000000
V/AlarmManager( 1987): trigger WAKEUP Alarm{42051680 type 2 com.google.android.apps.maps}
E/AlarmManagerService( 1987): android_server_AlarmManagerService_set to type=2, 127098.566000000
E/AlarmManagerService( 1987): android_server_AlarmManagerService_set to type=2, 127098.566000000
E/DataRouter( 1823): usb connection is true 
E/DataRouter( 1823): DSR is ON. Don't send DTR ON.
E/DataRouter( 1823): usb connection is true 
E/DataRouter( 1823): DSR is ON. Don't send DTR ON.
D/comsamsungapp(14078): [MSC_Accu]>>> WWP:375 [0:0] onReceive@ androidnetwifiSCAN_RESULTS
D/comsamsungapp(14078): [MSC_Accu]>>> WIM:53 [0:0] AccuWeatherClockWidgetID_Length
D/comsamsungapp(14078): [MSC_Accu]>>> WIM:54 [0:0] getPrefIDs@lngth:1
D/comsamsungapp(14078): [MSC_Accu]>>> WIM:60 [0:0] getPrefIDs@Ids1:16
W/WifiStateTracker( 1987): getNetworkInfo : NetworkInfo: type: WIFI[], state: CONNECTED/CONNECTED, reason: (unspecified), extra: (none), roaming: false, failover: false, isAvailable: true
D/comsamsungapp(14078): [MSC_Accu]>>> WWP:708 [0:0] SCAN_RESULTS_AVAILABLE_ACTION::Detail State : CONNECTED   CHECK_AFTER_CONNECTED : false
E/AlarmManagerService( 1987): android_server_AlarmManagerService_set to type=2, 127153.566000000
D/dalvikvm(14481): GC_CONCURRENT freed 501K, 7% free 10123K/10823K, paused 1ms+2ms
E/DataRouter( 1823): usb connection is true 
E/DataRouter( 1823): DSR is ON. Don't send DTR ON.
E/DataRouter( 1823): usb connection is true 
E/DataRouter( 1823): DSR is ON. Don't send DTR ON.
E/DataRouter( 1823): usb connection is true 
E/DataRouter( 1823): DSR is ON. Don't send DTR ON.
E/AlarmManagerService( 1987): android_server_AlarmManagerService_set to type=3, 127129.549000000
D/KeyguardUpdateMonitor( 1987): received broadcast android.intent.action.TIME_TICK
D/KeyguardUpdateMonitor( 1987): handleTimeUpdate
D/STATUSBAR-DateView( 2131): updateClock :30/09/2012
D/DigitalClock(28588): DigitalClockAppWidgetService. action :  android.intent.action.TIME_TICK
D/DigitalClock(28588): DigitalClockAppWidget. : updateClock =  [I@414f8ca8
D/DigitalClock(28588): DigitalClockAppWidget. : drawMinute mm1_ 3mm2_1
E/DataRouter( 1823): usb connection is true 
E/DataRouter( 1823): DSR is ON. Don't send DTR ON.
E/DataRouter( 1823): usb connection is true 
E/DataRouter( 1823): DSR is ON. Don't send DTR ON.
E/DataRouter( 1823): usb connection is true 
E/DataRouter( 1823): DSR is ON. Don't send DTR ON.
E/DataRouter( 1823): usb connection is true 
E/DataRouter( 1823): DSR is ON. Don't send DTR ON.
D/STATUSBAR-NetworkController( 2131): onSignalStrengthsChanged signalStrength=SignalStrength: 13 -1 -1 -1 -1 -1 -1 -1 -1 -1 -1 -1 gsm|lte 4 level=4
E/DataRouter( 1823): usb connection is true 
E/DataRouter( 1823): DSR is ON. Don't send DTR ON.
E/DataRouter( 1823): usb connection is true 
E/DataRouter( 1823): DSR is ON. Don't send DTR ON.
E/DataRouter( 1823): usb connection is true 
E/DataRouter( 1823): DSR is ON. Don't send DTR ON.
E/DataRouter( 1823): usb connection is true 
E/DataRouter( 1823): DSR is ON. Don't send DTR ON.
D/BatteryService( 1987): update start
D/BatteryService( 1987): level:100 scale:100 status:5 health:2 present:true voltage: 4142 temperature: 290 technology: Li-ion AC powered:false USB powered:true icon:17302820 invalid charger:0
D/KeyguardUpdateMonitor( 1987): received broadcast android.intent.action.BATTERY_CHANGED
D/KeyguardUpdateMonitor( 1987): handleBatteryUpdate
D/UiModeManager( 1987): mLastBroadcastState = 0mCarModeEnabled = falseisDeskDockState(mDockState) = false
V/UiModeManager( 1987): updateLocked: null action, mDockState=0, firing homeIntent: null
D/UiModeManager( 1987): updateConfigurationLocked: mDockState=0; mCarMode=false; mNightMode=0; uiMode=17
D/STATUSBAR-BatteryController( 2131): onReceive() - ACTION_BATTERY_CHANGED
D/STATUSBAR-BatteryController( 2131): onReceive() - level:100
D/STATUSBAR-BatteryController( 2131): onReceive() - plugged:true
D/STATUSBAR-BatteryController( 2131): onReceive() - BATTERY_STATUS_FULL:
D/PowerSavingModeWidgetBatteryService(26929): receive Intent.ACTION_BATTERY_CHANGED
E/DataRouter( 1823): usb connection is true 
E/DataRouter( 1823): DSR is ON. Don't send DTR ON.
E/DataRouter( 1823): usb connection is true 
E/DataRouter( 1823): DSR is ON. Don't send DTR ON.
E/DataRouter( 1823): usb connection is true 
E/DataRouter( 1823): DSR is ON. Don't send DTR ON.
E/DataRouter( 1823): usb connection is true 
E/DataRouter( 1823): DSR is ON. Don't send DTR ON.
E/DataRouter( 1823): usb connection is true 
E/DataRouter( 1823): DSR is ON. Don't send DTR ON.
E/AlarmManagerService( 1987): android_server_AlarmManagerService_set to type=3, 127163.906000000
E/DataRouter( 1823): usb connection is true 
E/DataRouter( 1823): DSR is ON. Don't send DTR ON.
E/DataRouter( 1823): usb connection is true 
E/DataRouter( 1823): DSR is ON. Don't send DTR ON.
E/DataRouter( 1823): usb connection is true 
E/DataRouter( 1823): DSR is ON. Don't send DTR ON.
E/DataRouter( 1823): usb connection is true 
E/DataRouter( 1823): DSR is ON. Don't send DTR ON.
E/DataRouter( 1823): usb connection is true 
E/DataRouter( 1823): DSR is ON. Don't send DTR ON.
E/DataRouter( 1823): usb connection is true 
E/DataRouter( 1823): DSR is ON. Don't send DTR ON.
E/DataRouter( 1823): usb connection is true 
E/DataRouter( 1823): DSR is ON. Don't send DTR ON.
E/DataRouter( 1823): usb connection is true 
E/DataRouter( 1823): DSR is ON. Don't send DTR ON.
E/DataRouter( 1823): usb connection is true 
E/DataRouter( 1823): DSR is ON. Don't send DTR ON.
E/DataRouter( 1823): usb connection is true 
E/DataRouter( 1823): DSR is ON. Don't send DTR ON.
E/DataRouter( 1823): usb connection is true 
E/DataRouter( 1823): DSR is ON. Don't send DTR ON.
E/DataRouter( 1823): usb connection is true 
E/DataRouter( 1823): DSR is ON. Don't send DTR ON.
E/AlarmManagerService( 1987): android_server_AlarmManagerService_set to type=2, 127747.079000000
V/AlarmManager( 1987): trigger WAKEUP Alarm{41defff0 type 2 com.google.android.apps.maps}
E/AlarmManagerService( 1987): android_server_AlarmManagerService_set to type=2, 127158.594000000
E/AlarmManagerService( 1987): android_server_AlarmManagerService_set to type=2, 127158.594000000
E/DataRouter( 1823): usb connection is true 
E/DataRouter( 1823): DSR is ON. Don't send DTR ON.
E/DataRouter( 1823): usb connection is true 
E/DataRouter( 1823): DSR is ON. Don't send DTR ON.
D/comsamsungapp(14078): [MSC_Accu]>>> WWP:375 [0:0] onReceive@ androidnetwifiSCAN_RESULTS
D/comsamsungapp(14078): [MSC_Accu]>>> WIM:53 [0:0] AccuWeatherClockWidgetID_Length
D/comsamsungapp(14078): [MSC_Accu]>>> WIM:54 [0:0] getPrefIDs@lngth:1
D/comsamsungapp(14078): [MSC_Accu]>>> WIM:60 [0:0] getPrefIDs@Ids1:16
W/WifiStateTracker( 1987): getNetworkInfo : NetworkInfo: type: WIFI[], state: CONNECTED/CONNECTED, reason: (unspecified), extra: (none), roaming: false, failover: false, isAvailable: true
D/comsamsungapp(14078): [MSC_Accu]>>> WWP:708 [0:0] SCAN_RESULTS_AVAILABLE_ACTION::Detail State : CONNECTED   CHECK_AFTER_CONNECTED : false
E/AlarmManagerService( 1987): android_server_AlarmManagerService_set to type=2, 127213.594000000
D/dalvikvm(26850): GC_CONCURRENT freed 523K, 6% free 10531K/11143K, paused 2ms+6ms
D/dalvikvm(14481): GC_CONCURRENT freed 513K, 7% free 10103K/10823K, paused 1ms+2ms
E/DataRouter( 1823): usb connection is true 
E/DataRouter( 1823): DSR is ON. Don't send DTR ON.
D/BatteryService( 1987): update start
D/BatteryService( 1987): level:100 scale:100 status:5 health:2 present:true voltage: 4188 temperature: 310 technology: Li-ion AC powered:false USB powered:true icon:17302820 invalid charger:0
D/KeyguardUpdateMonitor( 1987): received broadcast android.intent.action.BATTERY_CHANGED
D/UiModeManager( 1987): mLastBroadcastState = 0mCarModeEnabled = falseisDeskDockState(mDockState) = false
D/KeyguardUpdateMonitor( 1987): handleBatteryUpdate
V/UiModeManager( 1987): updateLocked: null action, mDockState=0, firing homeIntent: null
D/UiModeManager( 1987): updateConfigurationLocked: mDockState=0; mCarMode=false; mNightMode=0; uiMode=17
D/STATUSBAR-BatteryController( 2131): onReceive() - ACTION_BATTERY_CHANGED
D/STATUSBAR-BatteryController( 2131): onReceive() - level:100
D/STATUSBAR-BatteryController( 2131): onReceive() - plugged:true
D/STATUSBAR-BatteryController( 2131): onReceive() - BATTERY_STATUS_FULL:
D/PowerSavingModeWidgetBatteryService(26929): receive Intent.ACTION_BATTERY_CHANGED
E/DataRouter( 1823): usb connection is true 
E/DataRouter( 1823): DSR is ON. Don't send DTR ON.
E/DataRouter( 1823): usb connection is true 
E/DataRouter( 1823): DSR is ON. Don't send DTR ON.
E/AlarmManagerService( 1987): android_server_AlarmManagerService_set to type=3, 127189.549000000
D/KeyguardUpdateMonitor( 1987): received broadcast android.intent.action.TIME_TICK
D/KeyguardUpdateMonitor( 1987): handleTimeUpdate
D/STATUSBAR-DateView( 2131): updateClock :30/09/2012
D/DigitalClock(28588): DigitalClockAppWidgetService. action :  android.intent.action.TIME_TICK
D/DigitalClock(28588): DigitalClockAppWidget. : updateClock =  [I@414fa838
D/DigitalClock(28588): DigitalClockAppWidget. : drawMinute mm1_ 3mm2_2
D/dalvikvm( 1987): JIT code cache reset in 2 ms (1048476 bytes 25/1)
D/dalvikvm( 1987): GC_CONCURRENT freed 2067K, 33% free 20689K/30535K, paused 20ms+11ms
E/DataRouter( 1823): usb connection is true 
E/DataRouter( 1823): DSR is ON. Don't send DTR ON.
E/DataRouter( 1823): usb connection is true 
E/DataRouter( 1823): DSR is ON. Don't send DTR ON.
E/DataRouter( 1823): usb connection is true 
E/DataRouter( 1823): DSR is ON. Don't send DTR ON.
E/DataRouter( 1823): usb connection is true 
E/DataRouter( 1823): DSR is ON. Don't send DTR ON.
E/DataRouter( 1823): usb connection is true 
E/DataRouter( 1823): DSR is ON. Don't send DTR ON.
E/DataRouter( 1823): usb connection is true 
E/DataRouter( 1823): DSR is ON. Don't send DTR ON.
E/DataRouter( 1823): usb connection is true 
E/DataRouter( 1823): DSR is ON. Don't send DTR ON.
D/dalvikvm(28627): GC_CONCURRENT freed 385K, 8% free 9814K/10631K, paused 7ms+8ms
E/DataRouter( 1823): usb connection is true 
E/DataRouter( 1823): DSR is ON. Don't send DTR ON.
E/DataRouter( 1823): usb connection is true 
E/DataRouter( 1823): DSR is ON. Don't send DTR ON.
E/DataRouter( 1823): usb connection is true 
E/DataRouter( 1823): DSR is ON. Don't send DTR ON.
E/DataRouter( 1823): usb connection is true 
E/DataRouter( 1823): DSR is ON. Don't send DTR ON.
E/DataRouter( 1823): usb connection is true 
E/DataRouter( 1823): DSR is ON. Don't send DTR ON.
E/DataRouter( 1823): usb connection is true 
E/DataRouter( 1823): DSR is ON. Don't send DTR ON.
E/AlarmManagerService( 1987): android_server_AlarmManagerService_set to type=3, 127223.906000000
E/DataRouter( 1823): usb connection is true 
E/DataRouter( 1823): DSR is ON. Don't send DTR ON.
E/DataRouter( 1823): usb connection is true 
E/DataRouter( 1823): DSR is ON. Don't send DTR ON.
E/DataRouter( 1823): usb connection is true 
E/DataRouter( 1823): DSR is ON. Don't send DTR ON.
E/DataRouter( 1823): usb connection is true 
E/DataRouter( 1823): DSR is ON. Don't send DTR ON.
E/DataRouter( 1823): usb connection is true 
E/DataRouter( 1823): DSR is ON. Don't send DTR ON.
D/BatteryService( 1987): update start
E/DataRouter( 1823): usb connection is true 
E/DataRouter( 1823): DSR is ON. Don't send DTR ON.
E/DataRouter( 1823): usb connection is true 
E/DataRouter( 1823): DSR is ON. Don't send DTR ON.
E/DataRouter( 1823): usb connection is true 
E/DataRouter( 1823): DSR is ON. Don't send DTR ON.
E/DataRouter( 1823): usb connection is true 
E/DataRouter( 1823): DSR is ON. Don't send DTR ON.
E/DataRouter( 1823): usb connection is true 
E/DataRouter( 1823): DSR is ON. Don't send DTR ON.
E/DataRouter( 1823): usb connection is true 
E/DataRouter( 1823): DSR is ON. Don't send DTR ON.
E/DataRouter( 1823): usb connection is true 
E/DataRouter( 1823): DSR is ON. Don't send DTR ON.
E/AlarmManagerService( 1987): android_server_AlarmManagerService_set to type=2, 127747.079000000
V/AlarmManager( 1987): trigger WAKEUP Alarm{423b0800 type 2 com.google.android.apps.maps}
E/AlarmManagerService( 1987): android_server_AlarmManagerService_set to type=2, 127218.643000000
E/AlarmManagerService( 1987): android_server_AlarmManagerService_set to type=2, 127218.643000000
E/DataRouter( 1823): usb connection is true 
E/DataRouter( 1823): DSR is ON. Don't send DTR ON.
E/DataRouter( 1823): usb connection is true 
E/DataRouter( 1823): DSR is ON. Don't send DTR ON.
D/STATUSBAR-NetworkController( 2131): onReceive() - RSSI_CHANGED_ACTION, WIFI_STATE, NETWORK_STATE
D/comsamsungapp(14078): [MSC_Accu]>>> WWP:375 [0:0] onReceive@ androidnetwifiSCAN_RESULTS
D/comsamsungapp(14078): [MSC_Accu]>>> WIM:53 [0:0] AccuWeatherClockWidgetID_Length
D/comsamsungapp(14078): [MSC_Accu]>>> WIM:54 [0:0] getPrefIDs@lngth:1
D/comsamsungapp(14078): [MSC_Accu]>>> WIM:60 [0:0] getPrefIDs@Ids1:16
D/comsamsungapp(14078): [MSC_Accu]>>> WWP:708 [0:0] SCAN_RESULTS_AVAILABLE_ACTION::Detail State : CONNECTED   CHECK_AFTER_CONNECTED : false
W/WifiStateTracker( 1987): getNetworkInfo : NetworkInfo: type: WIFI[], state: CONNECTED/CONNECTED, reason: (unspecified), extra: (none), roaming: false, failover: false, isAvailable: true
E/AlarmManagerService( 1987): android_server_AlarmManagerService_set to type=2, 127273.643000000
D/dalvikvm(14481): GC_CONCURRENT freed 452K, 7% free 10156K/10823K, paused 1ms+3ms
E/DataRouter( 1823): usb connection is true 
E/DataRouter( 1823): DSR is ON. Don't send DTR ON.
D/STATUSBAR-NetworkController( 2131): onReceive() - RSSI_CHANGED_ACTION, WIFI_STATE, NETWORK_STATE
E/DataRouter( 1823): usb connection is true 
E/DataRouter( 1823): DSR is ON. Don't send DTR ON.
E/DataRouter( 1823): usb connection is true 
E/DataRouter( 1823): DSR is ON. Don't send DTR ON.
E/AlarmManagerService( 1987): android_server_AlarmManagerService_set to type=3, 127249.549000000
D/KeyguardUpdateMonitor( 1987): received broadcast android.intent.action.TIME_TICK
D/KeyguardUpdateMonitor( 1987): handleTimeUpdate
D/STATUSBAR-DateView( 2131): updateClock :30/09/2012
D/DigitalClock(28588): DigitalClockAppWidgetService. action :  android.intent.action.TIME_TICK
D/DigitalClock(28588): DigitalClockAppWidget. : updateClock =  [I@414fc3c8
D/DigitalClock(28588): DigitalClockAppWidget. : drawMinute mm1_ 3mm2_3
E/DataRouter( 1823): usb connection is true 
E/DataRouter( 1823): DSR is ON. Don't send DTR ON.
E/DataRouter( 1823): usb connection is true 
E/DataRouter( 1823): DSR is ON. Don't send DTR ON.
E/DataRouter( 1823): usb connection is true 
E/DataRouter( 1823): DSR is ON. Don't send DTR ON.
E/DataRouter( 1823): usb connection is true 
E/DataRouter( 1823): DSR is ON. Don't send DTR ON.
E/DataRouter( 1823): usb connection is true 
E/DataRouter( 1823): DSR is ON. Don't send DTR ON.
E/DataRouter( 1823): usb connection is true 
E/DataRouter( 1823): DSR is ON. Don't send DTR ON.
E/DataRouter( 1823): usb connection is true 
E/DataRouter( 1823): DSR is ON. Don't send DTR ON.
E/DataRouter( 1823): usb connection is true 
E/DataRouter( 1823): DSR is ON. Don't send DTR ON.
E/DataRouter( 1823): usb connection is true 
E/DataRouter( 1823): DSR is ON. Don't send DTR ON.
D/BatteryService( 1987): update start
D/STATUSBAR-NetworkController( 2131): onSignalStrengthsChanged signalStrength=SignalStrength: 12 -1 -1 -1 -1 -1 -1 -1 -1 -1 -1 -1 gsm|lte 4 level=4
E/DataRouter( 1823): usb connection is true 
E/DataRouter( 1823): DSR is ON. Don't send DTR ON.
E/DataRouter( 1823): usb connection is true 
E/DataRouter( 1823): DSR is ON. Don't send DTR ON.
E/DataRouter( 1823): usb connection is true 
E/DataRouter( 1823): DSR is ON. Don't send DTR ON.
D/STATUSBAR-NetworkController( 2131): onSignalStrengthsChanged signalStrength=SignalStrength: 13 -1 -1 -1 -1 -1 -1 -1 -1 -1 -1 -1 gsm|lte 4 level=4
E/DataRouter( 1823): usb connection is true 
E/DataRouter( 1823): DSR is ON. Don't send DTR ON.
E/AlarmManagerService( 1987): android_server_AlarmManagerService_set to type=3, 127265.621000000
E/DataRouter( 1823): usb connection is true 
E/DataRouter( 1823): DSR is ON. Don't send DTR ON.
E/DataRouter( 1823): usb connection is true 
E/DataRouter( 1823): DSR is ON. Don't send DTR ON.
E/DataRouter( 1823): usb connection is true 
E/DataRouter( 1823): DSR is ON. Don't send DTR ON.
E/DataRouter( 1823): usb connection is true 
E/DataRouter( 1823): DSR is ON. Don't send DTR ON.
D/STATUSBAR-NetworkController( 2131): onSignalStrengthsChanged signalStrength=SignalStrength: 14 -1 -1 -1 -1 -1 -1 -1 -1 -1 -1 -1 gsm|lte 4 level=4
E/DataRouter( 1823): usb connection is true 
E/DataRouter( 1823): DSR is ON. Don't send DTR ON.
E/DataRouter( 1823): usb connection is true 
E/DataRouter( 1823): DSR is ON. Don't send DTR ON.
E/DataRouter( 1823): usb connection is true 
E/DataRouter( 1823): DSR is ON. Don't send DTR ON.
E/DataRouter( 1823): usb connection is true 
E/DataRouter( 1823): DSR is ON. Don't send DTR ON.
E/AlarmManagerService( 1987): android_server_AlarmManagerService_set to type=3, 127265.968000000
E/AlarmManagerService( 1987): android_server_AlarmManagerService_set to type=3, 127283.906000000
E/DataRouter( 1823): usb connection is true 
E/DataRouter( 1823): DSR is ON. Don't send DTR ON.
D/dalvikvm(28627): GC_CONCURRENT freed 385K, 8% free 9814K/10631K, paused 7ms+2ms
E/DataRouter( 1823): usb connection is true 
E/DataRouter( 1823): DSR is ON. Don't send DTR ON.
E/DataRouter( 1823): usb connection is true 
E/DataRouter( 1823): DSR is ON. Don't send DTR ON.
E/DataRouter( 1823): usb connection is true 
E/DataRouter( 1823): DSR is ON. Don't send DTR ON.
E/AlarmManagerService( 1987): android_server_AlarmManagerService_set to type=2, 127747.079000000
V/AlarmManager( 1987): trigger WAKEUP Alarm{4152bbe8 type 2 com.google.android.apps.maps}
E/AlarmManagerService( 1987): android_server_AlarmManagerService_set to type=2, 127278.672000000
E/AlarmManagerService( 1987): android_server_AlarmManagerService_set to type=2, 127278.672000000
E/DataRouter( 1823): usb connection is true 
E/DataRouter( 1823): DSR is ON. Don't send DTR ON.
E/DataRouter( 1823): usb connection is true 
E/DataRouter( 1823): DSR is ON. Don't send DTR ON.
D/comsamsungapp(14078): [MSC_Accu]>>> WWP:375 [0:0] onReceive@ androidnetwifiSCAN_RESULTS
D/comsamsungapp(14078): [MSC_Accu]>>> WIM:53 [0:0] AccuWeatherClockWidgetID_Length
D/comsamsungapp(14078): [MSC_Accu]>>> WIM:54 [0:0] getPrefIDs@lngth:1
D/comsamsungapp(14078): [MSC_Accu]>>> WIM:60 [0:0] getPrefIDs@Ids1:16
W/WifiStateTracker( 1987): getNetworkInfo : NetworkInfo: type: WIFI[], state: CONNECTED/CONNECTED, reason: (unspecified), extra: (none), roaming: false, failover: false, isAvailable: true
D/comsamsungapp(14078): [MSC_Accu]>>> WWP:708 [0:0] SCAN_RESULTS_AVAILABLE_ACTION::Detail State : CONNECTED   CHECK_AFTER_CONNECTED : false
E/AlarmManagerService( 1987): android_server_AlarmManagerService_set to type=2, 127333.672000000
D/dalvikvm(14481): GC_CONCURRENT freed 544K, 7% free 10120K/10823K, paused 2ms+8ms
D/dalvikvm(26850): GC_CONCURRENT freed 510K, 6% free 10530K/11143K, paused 2ms+5ms
D/dalvikvm(14481): GC_CONCURRENT freed 435K, 7% free 10102K/10823K, paused 2ms+2ms
D/STATUSBAR-NetworkController( 2131): onSignalStrengthsChanged signalStrength=SignalStrength: 13 -1 -1 -1 -1 -1 -1 -1 -1 -1 -1 -1 gsm|lte 4 level=4
E/DataRouter( 1823): usb connection is true 
E/DataRouter( 1823): DSR is ON. Don't send DTR ON.
E/DataRouter( 1823): usb connection is true 
E/DataRouter( 1823): DSR is ON. Don't send DTR ON.
D/BatteryService( 1987): update start
D/BatteryService( 1987): level:100 scale:100 status:5 health:2 present:true voltage: 4130 temperature: 280 technology: Li-ion AC powered:false USB powered:true icon:17302820 invalid charger:0
D/KeyguardUpdateMonitor( 1987): received broadcast android.intent.action.BATTERY_CHANGED
D/KeyguardUpdateMonitor( 1987): handleBatteryUpdate
D/UiModeManager( 1987): mLastBroadcastState = 0mCarModeEnabled = falseisDeskDockState(mDockState) = false
V/UiModeManager( 1987): updateLocked: null action, mDockState=0, firing homeIntent: null
D/UiModeManager( 1987): updateConfigurationLocked: mDockState=0; mCarMode=false; mNightMode=0; uiMode=17
D/STATUSBAR-BatteryController( 2131): onReceive() - ACTION_BATTERY_CHANGED
D/STATUSBAR-BatteryController( 2131): onReceive() - level:100
D/STATUSBAR-BatteryController( 2131): onReceive() - plugged:true
D/STATUSBAR-BatteryController( 2131): onReceive() - BATTERY_STATUS_FULL:
D/PowerSavingModeWidgetBatteryService(26929): receive Intent.ACTION_BATTERY_CHANGED
E/DataRouter( 1823): usb connection is true 
E/DataRouter( 1823): DSR is ON. Don't send DTR ON.
E/AlarmManagerService( 1987): android_server_AlarmManagerService_set to type=3, 127309.549000000
D/KeyguardUpdateMonitor( 1987): received broadcast android.intent.action.TIME_TICK
D/KeyguardUpdateMonitor( 1987): handleTimeUpdate
D/STATUSBAR-NetworkController( 2131): onSignalStrengthsChanged signalStrength=SignalStrength: 12 -1 -1 -1 -1 -1 -1 -1 -1 -1 -1 -1 gsm|lte 4 level=4
D/STATUSBAR-DateView( 2131): updateClock :30/09/2012
D/DigitalClock(28588): DigitalClockAppWidgetService. action :  android.intent.action.TIME_TICK
D/DigitalClock(28588): DigitalClockAppWidget. : updateClock =  [I@414fdf58
D/DigitalClock(28588): DigitalClockAppWidget. : drawMinute mm1_ 3mm2_4
E/DataRouter( 1823): usb connection is true 
E/DataRouter( 1823): DSR is ON. Don't send DTR ON.
E/DataRouter( 1823): usb connection is true 
E/DataRouter( 1823): DSR is ON. Don't send DTR ON.
E/DataRouter( 1823): usb connection is true 
E/DataRouter( 1823): DSR is ON. Don't send DTR ON.
E/DataRouter( 1823): usb connection is true 
E/DataRouter( 1823): DSR is ON. Don't send DTR ON.
E/DataRouter( 1823): usb connection is true 
E/DataRouter( 1823): DSR is ON. Don't send DTR ON.
E/DataRouter( 1823): usb connection is true 
E/DataRouter( 1823): DSR is ON. Don't send DTR ON.
E/DataRouter( 1823): DSR is ON. Don't send DTR ON.
E/DataRouter( 1823): usb connection is true 
E/DataRouter( 1823): usb connection is true 
E/DataRouter( 1823): DSR is ON. Don't send DTR ON.
E/DataRouter( 1823): usb connection is true 
E/DataRouter( 1823): DSR is ON. Don't send DTR ON.
E/DataRouter( 1823): usb connection is true 
E/DataRouter( 1823): DSR is ON. Don't send DTR ON.
E/DataRouter( 1823): usb connection is true 
E/DataRouter( 1823): DSR is ON. Don't send DTR ON.
E/DataRouter( 1823): usb connection is true 
E/DataRouter( 1823): DSR is ON. Don't send DTR ON.
E/DataRouter( 1823): usb connection is true 
E/DataRouter( 1823): DSR is ON. Don't send DTR ON.
E/AlarmManagerService( 1987): android_server_AlarmManagerService_set to type=3, 127343.906000000
E/DataRouter( 1823): usb connection is true 
E/DataRouter( 1823): DSR is ON. Don't send DTR ON.
D/STATUSBAR-NetworkController( 2131): onSignalStrengthsChanged signalStrength=SignalStrength: 13 -1 -1 -1 -1 -1 -1 -1 -1 -1 -1 -1 gsm|lte 4 level=4
E/DataRouter( 1823): usb connection is true 
E/DataRouter( 1823): DSR is ON. Don't send DTR ON.
E/DataRouter( 1823): usb connection is true 
E/DataRouter( 1823): DSR is ON. Don't send DTR ON.
E/DataRouter( 1823): usb connection is true 
E/DataRouter( 1823): DSR is ON. Don't send DTR ON.
E/DataRouter( 1823): usb connection is true 
E/DataRouter( 1823): DSR is ON. Don't send DTR ON.
E/DataRouter( 1823): usb connection is true 
E/DataRouter( 1823): DSR is ON. Don't send DTR ON.
D/BatteryService( 1987): update start
D/BatteryService( 1987): level:100 scale:100 status:5 health:2 present:true voltage: 4190 temperature: 310 technology: Li-ion AC powered:false USB powered:true icon:17302820 invalid charger:0
D/KeyguardUpdateMonitor( 1987): received broadcast android.intent.action.BATTERY_CHANGED
D/KeyguardUpdateMonitor( 1987): handleBatteryUpdate
D/UiModeManager( 1987): mLastBroadcastState = 0mCarModeEnabled = falseisDeskDockState(mDockState) = false
V/UiModeManager( 1987): updateLocked: null action, mDockState=0, firing homeIntent: null
D/UiModeManager( 1987): updateConfigurationLocked: mDockState=0; mCarMode=false; mNightMode=0; uiMode=17
D/STATUSBAR-BatteryController( 2131): onReceive() - ACTION_BATTERY_CHANGED
D/STATUSBAR-BatteryController( 2131): onReceive() - level:100
D/STATUSBAR-BatteryController( 2131): onReceive() - plugged:true
D/STATUSBAR-BatteryController( 2131): onReceive() - BATTERY_STATUS_FULL:
D/PowerSavingModeWidgetBatteryService(26929): receive Intent.ACTION_BATTERY_CHANGED
E/DataRouter( 1823): usb connection is true 
E/DataRouter( 1823): DSR is ON. Don't send DTR ON.
E/DataRouter( 1823): usb connection is true 
E/DataRouter( 1823): DSR is ON. Don't send DTR ON.
E/DataRouter( 1823): usb connection is true 
E/DataRouter( 1823): DSR is ON. Don't send DTR ON.
E/DataRouter( 1823): usb connection is true 
E/DataRouter( 1823): DSR is ON. Don't send DTR ON.
E/DataRouter( 1823): usb connection is true 
E/DataRouter( 1823): DSR is ON. Don't send DTR ON.
E/DataRouter( 1823): usb connection is true 
E/DataRouter( 1823): DSR is ON. Don't send DTR ON.
E/AlarmManagerService( 1987): android_server_AlarmManagerService_set to type=2, 127747.079000000
V/AlarmManager( 1987): trigger WAKEUP Alarm{41e1f5f0 type 2 com.google.android.apps.maps}
E/AlarmManagerService( 1987): android_server_AlarmManagerService_set to type=2, 127338.701000000
E/AlarmManagerService( 1987): android_server_AlarmManagerService_set to type=2, 127338.701000000
E/DataRouter( 1823): usb connection is true 
E/DataRouter( 1823): DSR is ON. Don't send DTR ON.
E/DataRouter( 1823): usb connection is true 
E/DataRouter( 1823): DSR is ON. Don't send DTR ON.
D/comsamsungapp(14078): [MSC_Accu]>>> WWP:375 [0:0] onReceive@ androidnetwifiSCAN_RESULTS
D/comsamsungapp(14078): [MSC_Accu]>>> WIM:53 [0:0] AccuWeatherClockWidgetID_Length
D/comsamsungapp(14078): [MSC_Accu]>>> WIM:54 [0:0] getPrefIDs@lngth:1
D/comsamsungapp(14078): [MSC_Accu]>>> WIM:60 [0:0] getPrefIDs@Ids1:16
W/WifiStateTracker( 1987): getNetworkInfo : NetworkInfo: type: WIFI[], state: CONNECTED/CONNECTED, reason: (unspecified), extra: (none), roaming: false, failover: false, isAvailable: true
D/comsamsungapp(14078): [MSC_Accu]>>> WWP:708 [0:0] SCAN_RESULTS_AVAILABLE_ACTION::Detail State : CONNECTED   CHECK_AFTER_CONNECTED : false
D/dalvikvm(14078): GC_CONCURRENT freed 406K, 7% free 9005K/9607K, paused 5ms+2ms
E/AlarmManagerService( 1987): android_server_AlarmManagerService_set to type=2, 127393.701000000
D/dalvikvm(14481): GC_CONCURRENT freed 487K, 7% free 10124K/10823K, paused 2ms+2ms
E/DataRouter( 1823): usb connection is true 
E/DataRouter( 1823): DSR is ON. Don't send DTR ON.
E/DataRouter( 1823): usb connection is true 
E/DataRouter( 1823): DSR is ON. Don't send DTR ON.
E/DataRouter( 1823): usb connection is true 
E/DataRouter( 1823): DSR is ON. Don't send DTR ON.
E/AlarmManagerService( 1987): android_server_AlarmManagerService_set to type=3, 127369.549000000
D/KeyguardUpdateMonitor( 1987): received broadcast android.intent.action.TIME_TICK
D/KeyguardUpdateMonitor( 1987): handleTimeUpdate
D/STATUSBAR-DateView( 2131): updateClock :30/09/2012
D/DigitalClock(28588): DigitalClockAppWidgetService. action :  android.intent.action.TIME_TICK
D/DigitalClock(28588): DigitalClockAppWidget. : updateClock =  [I@414ffae8
D/DigitalClock(28588): DigitalClockAppWidget. : drawMinute mm1_ 3mm2_5
E/DataRouter( 1823): usb connection is true 
E/DataRouter( 1823): DSR is ON. Don't send DTR ON.
E/DataRouter( 1823): usb connection is true 
E/DataRouter( 1823): DSR is ON. Don't send DTR ON.
E/DataRouter( 1823): usb connection is true 
E/DataRouter( 1823): DSR is ON. Don't send DTR ON.
E/DataRouter( 1823): usb connection is true 
E/DataRouter( 1823): DSR is ON. Don't send DTR ON.
E/DataRouter( 1823): usb connection is true 
E/DataRouter( 1823): DSR is ON. Don't send DTR ON.
E/DataRouter( 1823): usb connection is true 
E/DataRouter( 1823): DSR is ON. Don't send DTR ON.
E/DataRouter( 1823): usb connection is true 
E/DataRouter( 1823): DSR is ON. Don't send DTR ON.
E/DataRouter( 1823): usb connection is true 
E/DataRouter( 1823): DSR is ON. Don't send DTR ON.
D/dalvikvm(28627): GC_CONCURRENT freed 385K, 8% free 9814K/10631K, paused 7ms+2ms
E/DataRouter( 1823): usb connection is true 
E/DataRouter( 1823): DSR is ON. Don't send DTR ON.
D/BatteryService( 1987): update start
D/BatteryService( 1987): level:100 scale:100 status:5 health:2 present:true voltage: 4188 temperature: 310 technology: Li-ion AC powered:false USB powered:true icon:17302820 invalid charger:0
D/KeyguardUpdateMonitor( 1987): received broadcast android.intent.action.BATTERY_CHANGED
D/KeyguardUpdateMonitor( 1987): handleBatteryUpdate
D/UiModeManager( 1987): mLastBroadcastState = 0mCarModeEnabled = falseisDeskDockState(mDockState) = false
V/UiModeManager( 1987): updateLocked: null action, mDockState=0, firing homeIntent: null
D/UiModeManager( 1987): updateConfigurationLocked: mDockState=0; mCarMode=false; mNightMode=0; uiMode=17
D/STATUSBAR-BatteryController( 2131): onReceive() - ACTION_BATTERY_CHANGED
D/STATUSBAR-BatteryController( 2131): onReceive() - level:100
D/STATUSBAR-BatteryController( 2131): onReceive() - plugged:true
D/STATUSBAR-BatteryController( 2131): onReceive() - BATTERY_STATUS_FULL:
D/PowerSavingModeWidgetBatteryService(26929): receive Intent.ACTION_BATTERY_CHANGED
E/DataRouter( 1823): usb connection is true 
E/DataRouter( 1823): DSR is ON. Don't send DTR ON.
E/DataRouter( 1823): usb connection is true 
E/DataRouter( 1823): DSR is ON. Don't send DTR ON.
E/DataRouter( 1823): usb connection is true 
E/DataRouter( 1823): DSR is ON. Don't send DTR ON.
E/AlarmManagerService( 1987): android_server_AlarmManagerService_set to type=3, 127403.906000000
E/DataRouter( 1823): usb connection is true 
E/DataRouter( 1823): DSR is ON. Don't send DTR ON.
I/ActivityManager( 1987): No longer want app.processName (pid 28519): hidden #26
E/DataRouter( 1823): usb connection is true 
E/DataRouter( 1823): DSR is ON. Don't send DTR ON.
E/DataRouter( 1823): usb connection is true 
E/DataRouter( 1823): DSR is ON. Don't send DTR ON.
E/DataRouter( 1823): usb connection is true 
E/DataRouter( 1823): DSR is ON. Don't send DTR ON.
E/DataRouter( 1823): usb connection is true 
E/DataRouter( 1823): DSR is ON. Don't send DTR ON.
E/DataRouter( 1823): usb connection is true 
E/DataRouter( 1823): DSR is ON. Don't send DTR ON.
E/DataRouter( 1823): usb connection is true 
E/DataRouter( 1823): DSR is ON. Don't send DTR ON.
E/DataRouter( 1823): usb connection is true 
E/DataRouter( 1823): DSR is ON. Don't send DTR ON.
D/STATUSBAR-NetworkController( 2131): onSignalStrengthsChanged signalStrength=SignalStrength: 12 -1 -1 -1 -1 -1 -1 -1 -1 -1 -1 -1 gsm|lte 4 level=4
E/DataRouter( 1823): usb connection is true 
E/DataRouter( 1823): DSR is ON. Don't send DTR ON.
E/DataRouter( 1823): usb connection is true 
E/DataRouter( 1823): DSR is ON. Don't send DTR ON.
E/DataRouter( 1823): usb connection is true 
E/DataRouter( 1823): DSR is ON. Don't send DTR ON.
E/DataRouter( 1823): usb connection is true 
E/DataRouter( 1823): DSR is ON. Don't send DTR ON.
E/DataRouter( 1823): usb connection is true 
E/DataRouter( 1823): DSR is ON. Don't send DTR ON.
E/AlarmManagerService( 1987): android_server_AlarmManagerService_set to type=2, 127747.079000000
V/AlarmManager( 1987): trigger WAKEUP Alarm{421daf48 type 2 com.google.android.apps.maps}
E/AlarmManagerService( 1987): android_server_AlarmManagerService_set to type=2, 127398.730000000
E/AlarmManagerService( 1987): android_server_AlarmManagerService_set to type=2, 127398.730000000
E/DataRouter( 1823): usb connection is true 
E/DataRouter( 1823): DSR is ON. Don't send DTR ON.
E/DataRouter( 1823): usb connection is true 
E/DataRouter( 1823): DSR is ON. Don't send DTR ON.
D/comsamsungapp(14078): [MSC_Accu]>>> WWP:375 [0:0] onReceive@ androidnetwifiSCAN_RESULTS
D/comsamsungapp(14078): [MSC_Accu]>>> WIM:53 [0:0] AccuWeatherClockWidgetID_Length
D/comsamsungapp(14078): [MSC_Accu]>>> WIM:54 [0:0] getPrefIDs@lngth:1
D/comsamsungapp(14078): [MSC_Accu]>>> WIM:60 [0:0] getPrefIDs@Ids1:16
D/comsamsungapp(14078): [MSC_Accu]>>> WWP:708 [0:0] SCAN_RESULTS_AVAILABLE_ACTION::Detail State : CONNECTED   CHECK_AFTER_CONNECTED : false
W/WifiStateTracker( 1987): getNetworkInfo : NetworkInfo: type: WIFI[], state: CONNECTED/CONNECTED, reason: (unspecified), extra: (none), roaming: false, failover: false, isAvailable: true
E/AlarmManagerService( 1987): android_server_AlarmManagerService_set to type=2, 127453.730000000
D/dalvikvm(26850): GC_CONCURRENT freed 521K, 6% free 10534K/11143K, paused 2ms+7ms
D/dalvikvm(14481): GC_CONCURRENT freed 492K, 7% free 10144K/10823K, paused 2ms+3ms
E/DataRouter( 1823): usb connection is true 
E/DataRouter( 1823): DSR is ON. Don't send DTR ON.
E/DataRouter( 1823): usb connection is true 
E/DataRouter( 1823): DSR is ON. Don't send DTR ON.
D/BatteryService( 1987): update start
E/DataRouter( 1823): usb connection is true 
E/DataRouter( 1823): DSR is ON. Don't send DTR ON.
E/AlarmManagerService( 1987): android_server_AlarmManagerService_set to type=3, 127429.549000000
D/KeyguardUpdateMonitor( 1987): received broadcast android.intent.action.TIME_TICK
D/KeyguardUpdateMonitor( 1987): handleTimeUpdate
D/STATUSBAR-DateView( 2131): updateClock :30/09/2012
D/DigitalClock(28588): DigitalClockAppWidgetService. action :  android.intent.action.TIME_TICK
D/DigitalClock(28588): DigitalClockAppWidget. : updateClock =  [I@41501678
D/DigitalClock(28588): DigitalClockAppWidget. : drawMinute mm1_ 3mm2_6
D/dalvikvm( 2131): GC_CONCURRENT freed 708K, 21% free 10691K/13383K, paused 6ms+4ms
E/DataRouter( 1823): usb connection is true 
E/DataRouter( 1823): DSR is ON. Don't send DTR ON.
D/STATUSBAR-NetworkController( 2131): onSignalStrengthsChanged signalStrength=SignalStrength: 13 -1 -1 -1 -1 -1 -1 -1 -1 -1 -1 -1 gsm|lte 4 level=4
E/DataRouter( 1823): usb connection is true 
E/DataRouter( 1823): DSR is ON. Don't send DTR ON.
E/DataRouter( 1823): usb connection is true 
E/DataRouter( 1823): DSR is ON. Don't send DTR ON.
E/DataRouter( 1823): usb connection is true 
E/DataRouter( 1823): DSR is ON. Don't send DTR ON.
E/DataRouter( 1823): usb connection is true 
E/DataRouter( 1823): DSR is ON. Don't send DTR ON.
E/DataRouter( 1823): usb connection is true 
E/DataRouter( 1823): DSR is ON. Don't send DTR ON.
E/DataRouter( 1823): usb connection is true 
E/DataRouter( 1823): DSR is ON. Don't send DTR ON.
E/DataRouter( 1823): usb connection is true 
E/DataRouter( 1823): DSR is ON. Don't send DTR ON.
D/STATUSBAR-NetworkController( 2131): onSignalStrengthsChanged signalStrength=SignalStrength: 14 -1 -1 -1 -1 -1 -1 -1 -1 -1 -1 -1 gsm|lte 4 level=4
E/DataRouter( 1823): usb connection is true 
E/DataRouter( 1823): DSR is ON. Don't send DTR ON.
E/DataRouter( 1823): usb connection is true 
E/DataRouter( 1823): DSR is ON. Don't send DTR ON.
E/DataRouter( 1823): usb connection is true 
E/DataRouter( 1823): DSR is ON. Don't send DTR ON.
E/DataRouter( 1823): usb connection is true 
E/DataRouter( 1823): DSR is ON. Don't send DTR ON.
E/AlarmManagerService( 1987): android_server_AlarmManagerService_set to type=3, 127463.906000000
E/DataRouter( 1823): usb connection is true 
E/DataRouter( 1823): DSR is ON. Don't send DTR ON.
E/DataRouter( 1823): usb connection is true 
E/DataRouter( 1823): DSR is ON. Don't send DTR ON.
D/dalvikvm(28847): GC_CONCURRENT freed 482K, 6% free 9969K/10567K, paused 7ms+8ms
E/DataRouter( 1823): usb connection is true 
E/DataRouter( 1823): DSR is ON. Don't send DTR ON.
E/DataRouter( 1823): usb connection is true 
E/DataRouter( 1823): DSR is ON. Don't send DTR ON.
E/DataRouter( 1823): usb connection is true 
E/DataRouter( 1823): DSR is ON. Don't send DTR ON.
E/DataRouter( 1823): usb connection is true 
E/DataRouter( 1823): DSR is ON. Don't send DTR ON.
E/DataRouter( 1823): usb connection is true 
E/DataRouter( 1823): DSR is ON. Don't send DTR ON.
D/BatteryService( 1987): update start
D/BatteryService( 1987): level:100 scale:100 status:5 health:2 present:true voltage: 4146 temperature: 290 technology: Li-ion AC powered:false USB powered:true icon:17302820 invalid charger:0
D/KeyguardUpdateMonitor( 1987): received broadcast android.intent.action.BATTERY_CHANGED
D/KeyguardUpdateMonitor( 1987): handleBatteryUpdate
D/UiModeManager( 1987): mLastBroadcastState = 0mCarModeEnabled = falseisDeskDockState(mDockState) = false
V/UiModeManager( 1987): updateLocked: null action, mDockState=0, firing homeIntent: null
D/UiModeManager( 1987): updateConfigurationLocked: mDockState=0; mCarMode=false; mNightMode=0; uiMode=17
D/STATUSBAR-BatteryController( 2131): onReceive() - ACTION_BATTERY_CHANGED
D/STATUSBAR-BatteryController( 2131): onReceive() - level:100
D/STATUSBAR-BatteryController( 2131): onReceive() - plugged:true
D/STATUSBAR-BatteryController( 2131): onReceive() - BATTERY_STATUS_FULL:
D/PowerSavingModeWidgetBatteryService(26929): receive Intent.ACTION_BATTERY_CHANGED
E/DataRouter( 1823): usb connection is true 
E/DataRouter( 1823): DSR is ON. Don't send DTR ON.
E/DataRouter( 1823): usb connection is true 
E/DataRouter( 1823): DSR is ON. Don't send DTR ON.
E/DataRouter( 1823): usb connection is true 
E/DataRouter( 1823): DSR is ON. Don't send DTR ON.
E/DataRouter( 1823): usb connection is true 
E/DataRouter( 1823): DSR is ON. Don't send DTR ON.
E/DataRouter( 1823): usb connection is true 
E/DataRouter( 1823): DSR is ON. Don't send DTR ON.
E/DataRouter( 1823): usb connection is true 
E/DataRouter( 1823): DSR is ON. Don't send DTR ON.
E/AlarmManagerService( 1987): android_server_AlarmManagerService_set to type=2, 127747.079000000
V/AlarmManager( 1987): trigger WAKEUP Alarm{42104908 type 2 com.google.android.apps.maps}
E/AlarmManagerService( 1987): android_server_AlarmManagerService_set to type=2, 127458.757000000
E/AlarmManagerService( 1987): android_server_AlarmManagerService_set to type=2, 127458.757000000
D/dalvikvm(28627): GC_CONCURRENT freed 422K, 8% free 9793K/10631K, paused 7ms+7ms
E/DataRouter( 1823): usb connection is true 
E/DataRouter( 1823): DSR is ON. Don't send DTR ON.
E/DataRouter( 1823): usb connection is true 
E/DataRouter( 1823): DSR is ON. Don't send DTR ON.
D/comsamsungapp(14078): [MSC_Accu]>>> WWP:375 [0:0] onReceive@ androidnetwifiSCAN_RESULTS
D/comsamsungapp(14078): [MSC_Accu]>>> WIM:53 [0:0] AccuWeatherClockWidgetID_Length
D/comsamsungapp(14078): [MSC_Accu]>>> WIM:54 [0:0] getPrefIDs@lngth:1
D/comsamsungapp(14078): [MSC_Accu]>>> WIM:60 [0:0] getPrefIDs@Ids1:16
D/comsamsungapp(14078): [MSC_Accu]>>> WWP:708 [0:0] SCAN_RESULTS_AVAILABLE_ACTION::Detail State : CONNECTED   CHECK_AFTER_CONNECTED : false
W/WifiStateTracker( 1987): getNetworkInfo : NetworkInfo: type: WIFI[], state: CONNECTED/CONNECTED, reason: (unspecified), extra: (none), roaming: false, failover: false, isAvailable: true
E/AlarmManagerService( 1987): android_server_AlarmManagerService_set to type=2, 127513.757000000
D/dalvikvm(14481): GC_CONCURRENT freed 500K, 7% free 10154K/10823K, paused 2ms+3ms
E/DataRouter( 1823): usb connection is true 
E/DataRouter( 1823): DSR is ON. Don't send DTR ON.
E/DataRouter( 1823): usb connection is true 
E/DataRouter( 1823): DSR is ON. Don't send DTR ON.
E/DataRouter( 1823): usb connection is true 
E/DataRouter( 1823): DSR is ON. Don't send DTR ON.
E/AlarmManagerService( 1987): android_server_AlarmManagerService_set to type=3, 127489.549000000
I/ActivityManager( 1987): No longer want app.processName (pid 25759): hidden #26
D/KeyguardUpdateMonitor( 1987): received broadcast android.intent.action.TIME_TICK
D/KeyguardUpdateMonitor( 1987): handleTimeUpdate
D/STATUSBAR-DateView( 2131): updateClock :30/09/2012
D/DigitalClock(28588): DigitalClockAppWidgetService. action :  android.intent.action.TIME_TICK
D/DigitalClock(28588): DigitalClockAppWidget. : updateClock =  [I@41503208
D/DigitalClock(28588): DigitalClockAppWidget. : drawMinute mm1_ 3mm2_7
W/ActivityManager( 1987): Scheduling restart of crashed service r.shortName in 5000ms
E/DataRouter( 1823): usb connection is true 
E/DataRouter( 1823): DSR is ON. Don't send DTR ON.
E/DataRouter( 1823): usb connection is true 
E/DataRouter( 1823): DSR is ON. Don't send DTR ON.
I/ActivityManager( 1987): Start proc app.processName for service hostingNameStr: pid=28970 uid=10132 gids={3003, 1015, 1023}
I/ActivityThread(28970): Pub com.android.exchange.directory.provider: com.android.exchange.provider.ExchangeDirectoryProvider
D/dalvikvm( 1987): GC_CONCURRENT freed 1960K, 33% free 20653K/30535K, paused 3ms+6ms
E/DataRouter( 1823): usb connection is true 
E/DataRouter( 1823): DSR is ON. Don't send DTR ON.
E/DataRouter( 1823): usb connection is true 
E/DataRouter( 1823): DSR is ON. Don't send DTR ON.
E/DataRouter( 1823): usb connection is true 
E/DataRouter( 1823): DSR is ON. Don't send DTR ON.
E/DataRouter( 1823): usb connection is true 
E/DataRouter( 1823): DSR is ON. Don't send DTR ON.
E/DataRouter( 1823): usb connection is true 
E/DataRouter( 1823): DSR is ON. Don't send DTR ON.
E/DataRouter( 1823): usb connection is true 
E/DataRouter( 1823): DSR is ON. Don't send DTR ON.
E/DataRouter( 1823): usb connection is true 
E/DataRouter( 1823): DSR is ON. Don't send DTR ON.
D/BatteryService( 1987): update start
D/BatteryService( 1987): level:100 scale:100 status:5 health:2 present:true voltage: 4188 temperature: 310 technology: Li-ion AC powered:false USB powered:true icon:17302820 invalid charger:0
D/KeyguardUpdateMonitor( 1987): received broadcast android.intent.action.BATTERY_CHANGED
D/KeyguardUpdateMonitor( 1987): handleBatteryUpdate
D/UiModeManager( 1987): mLastBroadcastState = 0mCarModeEnabled = falseisDeskDockState(mDockState) = false
V/UiModeManager( 1987): updateLocked: null action, mDockState=0, firing homeIntent: null
D/UiModeManager( 1987): updateConfigurationLocked: mDockState=0; mCarMode=false; mNightMode=0; uiMode=17
D/STATUSBAR-BatteryController( 2131): onReceive() - ACTION_BATTERY_CHANGED
D/STATUSBAR-BatteryController( 2131): onReceive() - level:100
D/STATUSBAR-BatteryController( 2131): onReceive() - plugged:true
D/STATUSBAR-BatteryController( 2131): onReceive() - BATTERY_STATUS_FULL:
D/PowerSavingModeWidgetBatteryService(26929): receive Intent.ACTION_BATTERY_CHANGED
E/DataRouter( 1823): usb connection is true 
E/DataRouter( 1823): DSR is ON. Don't send DTR ON.
E/DataRouter( 1823): usb connection is true 
E/DataRouter( 1823): DSR is ON. Don't send DTR ON.
E/DataRouter( 1823): usb connection is true 
E/DataRouter( 1823): DSR is ON. Don't send DTR ON.
E/AlarmManagerService( 1987): android_server_AlarmManagerService_set to type=3, 127523.906000000
E/DataRouter( 1823): usb connection is true 
E/DataRouter( 1823): DSR is ON. Don't send DTR ON.
E/DataRouter( 1823): usb connection is true 
E/DataRouter( 1823): DSR is ON. Don't send DTR ON.
E/DataRouter( 1823): usb connection is true 
E/DataRouter( 1823): DSR is ON. Don't send DTR ON.
E/DataRouter( 1823): usb connection is true 
E/DataRouter( 1823): DSR is ON. Don't send DTR ON.
E/DataRouter( 1823): usb connection is true 
E/DataRouter( 1823): DSR is ON. Don't send DTR ON.
E/DataRouter( 1823): usb connection is true 
E/DataRouter( 1823): DSR is ON. Don't send DTR ON.
E/DataRouter( 1823): usb connection is true 
E/DataRouter( 1823): DSR is ON. Don't send DTR ON.
E/DataRouter( 1823): usb connection is true 
E/DataRouter( 1823): DSR is ON. Don't send DTR ON.
E/DataRouter( 1823): usb connection is true 
E/DataRouter( 1823): DSR is ON. Don't send DTR ON.
E/DataRouter( 1823): usb connection is true 
E/DataRouter( 1823): DSR is ON. Don't send DTR ON.
E/DataRouter( 1823): usb connection is true 
E/DataRouter( 1823): DSR is ON. Don't send DTR ON.
E/DataRouter( 1823): usb connection is true 
E/DataRouter( 1823): DSR is ON. Don't send DTR ON.
E/DataRouter( 1823): usb connection is true 
E/DataRouter( 1823): DSR is ON. Don't send DTR ON.
E/AlarmManagerService( 1987): android_server_AlarmManagerService_set to type=2, 127747.079000000
V/AlarmManager( 1987): trigger WAKEUP Alarm{41e91df8 type 2 com.google.android.apps.maps}
E/AlarmManagerService( 1987): android_server_AlarmManagerService_set to type=2, 127518.786000000
D/dalvikvm( 2272): GC_EXPLICIT freed 273K, 27% free 20425K/27655K, paused 36ms+5ms
E/AlarmManagerService( 1987): android_server_AlarmManagerService_set to type=2, 127518.786000000
E/DataRouter( 1823): usb connection is true 
E/DataRouter( 1823): DSR is ON. Don't send DTR ON.
E/DataRouter( 1823): usb connection is true 
E/DataRouter( 1823): DSR is ON. Don't send DTR ON.
D/comsamsungapp(14078): [MSC_Accu]>>> WWP:375 [0:0] onReceive@ androidnetwifiSCAN_RESULTS
D/comsamsungapp(14078): [MSC_Accu]>>> WIM:53 [0:0] AccuWeatherClockWidgetID_Length
D/comsamsungapp(14078): [MSC_Accu]>>> WIM:54 [0:0] getPrefIDs@lngth:1
D/comsamsungapp(14078): [MSC_Accu]>>> WIM:60 [0:0] getPrefIDs@Ids1:16
D/comsamsungapp(14078): [MSC_Accu]>>> WWP:708 [0:0] SCAN_RESULTS_AVAILABLE_ACTION::Detail State : CONNECTED   CHECK_AFTER_CONNECTED : false
W/WifiStateTracker( 1987): getNetworkInfo : NetworkInfo: type: WIFI[], state: CONNECTED/CONNECTED, reason: (unspecified), extra: (none), roaming: false, failover: false, isAvailable: true
D/dalvikvm( 1987): GC_EXPLICIT freed 288K, 33% free 20586K/30535K, paused 3ms+6ms
E/AlarmManagerService( 1987): android_server_AlarmManagerService_set to type=2, 127573.786000000
D/dalvikvm(26850): GC_CONCURRENT freed 513K, 6% free 10534K/11143K, paused 2ms+2ms
D/dalvikvm(14481): GC_CONCURRENT freed 509K, 7% free 10131K/10823K, paused 2ms+2ms
E/DataRouter( 1823): usb connection is true 
E/DataRouter( 1823): DSR is ON. Don't send DTR ON.
E/DataRouter( 1823): usb connection is true 
E/DataRouter( 1823): DSR is ON. Don't send DTR ON.
D/BatteryService( 1987): update start
D/BatteryService( 1987): level:100 scale:100 status:5 health:2 present:true voltage: 4188 temperature: 290 technology: Li-ion AC powered:false USB powered:true icon:17302820 invalid charger:0
D/KeyguardUpdateMonitor( 1987): received broadcast android.intent.action.BATTERY_CHANGED
D/KeyguardUpdateMonitor( 1987): handleBatteryUpdate
D/UiModeManager( 1987): mLastBroadcastState = 0mCarModeEnabled = falseisDeskDockState(mDockState) = false
V/UiModeManager( 1987): updateLocked: null action, mDockState=0, firing homeIntent: null
D/UiModeManager( 1987): updateConfigurationLocked: mDockState=0; mCarMode=false; mNightMode=0; uiMode=17
D/STATUSBAR-BatteryController( 2131): onReceive() - ACTION_BATTERY_CHANGED
D/STATUSBAR-BatteryController( 2131): onReceive() - level:100
D/STATUSBAR-BatteryController( 2131): onReceive() - plugged:true
D/STATUSBAR-BatteryController( 2131): onReceive() - BATTERY_STATUS_FULL:
D/PowerSavingModeWidgetBatteryService(26929): receive Intent.ACTION_BATTERY_CHANGED
E/DataRouter( 1823): usb connection is true 
E/DataRouter( 1823): DSR is ON. Don't send DTR ON.
E/AlarmManagerService( 1987): android_server_AlarmManagerService_set to type=3, 127549.549000000
D/KeyguardUpdateMonitor( 1987): received broadcast android.intent.action.TIME_TICK
D/KeyguardUpdateMonitor( 1987): handleTimeUpdate
D/STATUSBAR-DateView( 2131): updateClock :30/09/2012
D/DigitalClock(28588): DigitalClockAppWidgetService. action :  android.intent.action.TIME_TICK
D/DigitalClock(28588): DigitalClockAppWidget. : updateClock =  [I@41504d98
D/DigitalClock(28588): DigitalClockAppWidget. : drawMinute mm1_ 3mm2_8
E/DataRouter( 1823): usb connection is true 
E/DataRouter( 1823): DSR is ON. Don't send DTR ON.
E/DataRouter( 1823): usb connection is true 
E/DataRouter( 1823): DSR is ON. Don't send DTR ON.
E/DataRouter( 1823): usb connection is true 
E/DataRouter( 1823): DSR is ON. Don't send DTR ON.
E/DataRouter( 1823): usb connection is true 
E/DataRouter( 1823): DSR is ON. Don't send DTR ON.
E/DataRouter( 1823): usb connection is true 
E/DataRouter( 1823): DSR is ON. Don't send DTR ON.
E/DataRouter( 1823): usb connection is true 
E/DataRouter( 1823): DSR is ON. Don't send DTR ON.
E/DataRouter( 1823): usb connection is true 
E/DataRouter( 1823): DSR is ON. Don't send DTR ON.
E/DataRouter( 1823): usb connection is true 
E/DataRouter( 1823): DSR is ON. Don't send DTR ON.
D/AndroidRuntime(28991): 
D/AndroidRuntime(28991): >>>>>> AndroidRuntime START com.android.internal.os.RuntimeInit <<<<<<
D/AndroidRuntime(28991): CheckJNI is OFF
D/AndroidRuntime(28991): setted country_code = UK
D/AndroidRuntime(28991): setted sales_code = O2U
D/AndroidRuntime(28991): found sales_code tag = <O2U>, </O2U> 
D/LibQmg_native(28991): register_android_app_LibQmg
D/AndroidRuntime(28991): Calling main entry com.android.commands.pm.Pm
I/PackageManager( 1987): Removing non-system package:com.spotting.havewant
I/ActivityManager( 1987): Force stopping package com.spotting.havewant uid=10038
I/ActivityManager( 1987): Killing proc 28847:com.spotting.havewant/10038: force stop
I/ActivityManager( 1987):   Force finishing activity r
