V/[MyFiles](19236): getBitmap done: tot= 314; ; 0; 0; 314
I/System.out(19236): Not a DRM File, opening notmally
I/System.out(19236): buffer returned 
I/System.out(19236): Not a DRM File, opening notmally
I/System.out(19236): buffer returned 
D/dalvikvm(19236): GC_CONCURRENT freed 766K, 18% free 13305K/16071K, paused 1ms+3ms
I/SurfaceFlinger( 1825): id=678(13) createSurface 0x3cd5c (1x1),1 flag=0
V/[MyFiles](19236): getBitmap done: tot= 283; ; 0; 0; 283
I/System.out(19236): Not a DRM File, opening notmally
I/System.out(19236): buffer returned 
I/System.out(19236): Not a DRM File, opening notmally
I/System.out(19236): buffer returned 
E/DataRouter( 1823): usb connection is true 
E/DataRouter( 1823): InvokeOemRequestHookRaw usbstatus true is failure 4
V/[MyFiles](19236): getBitmap done: tot= 192; ; 1; 0; 191
I/System.out(19236): Not a DRM File, opening notmally
I/System.out(19236): buffer returned 
I/System.out(19236): Not a DRM File, opening notmally
I/System.out(19236): buffer returned 
D/dalvikvm(19236): GC_FOR_ALLOC freed 1393K, 19% free 13060K/16071K, paused 22ms
V/[MyFiles](19236): getBitmap done: tot= 88; ; 1; 0; 87
I/System.out(19236): Not a DRM File, opening notmally
I/System.out(19236): buffer returned 
I/System.out(19236): Not a DRM File, opening notmally
I/System.out(19236): buffer returned 
D/dalvikvm(19236): GC_FOR_ALLOC freed 1152K, 20% free 12953K/16071K, paused 16ms
V/[MyFiles](19236): getBitmap done: tot= 170; ; 0; 0; 170
I/System.out(19236): Not a DRM File, opening notmally
I/System.out(19236): buffer returned 
I/System.out(19236): Not a DRM File, opening notmally
I/System.out(19236): buffer returned 
D/dalvikvm(19236): GC_FOR_ALLOC freed 1067K, 20% free 12969K/16071K, paused 19ms
V/[MyFiles](19236): getBitmap done: tot= 71; ; 0; 0; 71
I/System.out(19236): Not a DRM File, opening notmally
I/System.out(19236): buffer returned 
I/System.out(19236): Not a DRM File, opening notmally
I/System.out(19236): buffer returned 
D/dalvikvm(19236): GC_FOR_ALLOC freed 1029K, 20% free 12984K/16071K, paused 16ms
V/[MyFiles](19236): getBitmap done: tot= 69; ; 0; 0; 69
I/System.out(19236): Not a DRM File, opening notmally
I/System.out(19236): buffer returned 
I/System.out(19236): Not a DRM File, opening notmally
I/System.out(19236): buffer returned 
D/dalvikvm(19236): GC_FOR_ALLOC freed 1029K, 20% free 13000K/16071K, paused 19ms
I/InputReader( 1986): dispatchTouch::touch event's action is 0 (deviceType=0) [pCnt=1, pending(waiting finished signal)=0]
I/InputDispatcher( 1986): Delivering touch to current input target
I/InputDispatcher( 1986): Delivering touch to current input target
V/[MyFiles](19236): getBitmap done: tot= 184; ; 1; 0; 183
I/System.out(19236): Not a DRM File, opening notmally
I/System.out(19236): buffer returned 
I/System.out(19236): Not a DRM File, opening notmally
I/System.out(19236): buffer returned 
D/dalvikvm(19236): GC_FOR_ALLOC freed 1067K, 20% free 13016K/16071K, paused 31ms
I/InputReader( 1986): dispatchTouch::touch event's action is 1 (deviceType=0) [pCnt=1, pending(waiting finished signal)=0]
I/InputDispatcher( 1986): Delivering touch to current input target
I/InputDispatcher( 1986): Delivering touch to current input target
I/power   ( 1986): *** acquire_dvfs_lock : lockType : 1  freq : 1200000 
I/ActivityManager( 1986): START {intent.toShortString} from pid 19236
D/PowerManagerService( 1986): acquireDVFSLockLocked : type : DVFS_MIN_LIMIT  frequency : 1200000  uid : 1000  pid : 1986  tag : ActivityManager
W/ActivityManager( 1986): mDVFSLock.acquire()
D/MyFiles (19236): MainActivity-onPause
V/MyFiles (19236): AllFile:OnPause
V/[MyFiles](19236): ThumbnailUpdateThread - Stopping update here image-thumbnail-manager
V/[MyFiles](19236): ImageLoader.stop 1 threads
D/ActivityManager( 1986): Trying to launch applicationName
V/MyFiles (19236): Managed:onCreate
I/MyFiles (19236): browseToFolder - path: start
I/MyFiles (19236): showWaitProgressDialog true
I/MyFiles (19236): finish browseTo : 
V/MyFiles (19236): Managed:onResume
I/MyFiles (19236): ManagedFileBrowser-load file list => start
I/SurfaceFlinger( 1825): id=679(14) createSurface 0x32f04 (1x1),1 flag=0
I/SurfaceFlinger( 1825): id=680(15) createSurface 0x3f14c (480x800),2 flag=400
D/MyFiles (19236): Loading handler - start
I/ActivityManager( 1986): Displayed shortComponentName: +95ms
I/MyFiles (19236): ManagedFileBrowser-load file list => finish
I/MyFiles (19236): ManagedFileBrowser-sort after loading => start
V/[MyFiles](19236): getBitmap done: tot= 384; ; 0; 0; 384
I/MyFiles (19236): ManagedFileBrowser-sort after loading => finish
I/MyFiles (19236): ManagedFileBrowser-updaetAdapter => start
V/[MyFiles](19236): ImageLoader.start() <<<<<<<<<<<<<<<<<<<<<<<<<<<<
I/MyFiles (19236): ManagedFileBrowser-updaetAdapter => finish
I/MyFiles (19236): showWaitProgressDialog false
D/MyFiles (19236): Loading handler - finish
I/System.out(19236): Not a DRM File, opening notmally
I/System.out(19236): buffer returned 
I/System.out(19236): Not a DRM File, opening notmally
I/System.out(19236): buffer returned 
D/dalvikvm(19236): GC_FOR_ALLOC freed 895K, 17% free 13351K/16071K, paused 21ms
I/SurfaceFlinger( 1825): id=676 Removed idx=1 Map Size=6
I/SurfaceFlinger( 1825): id=676 Removed idx=-2 Map Size=6
I/SurfaceFlinger( 1825): id=678 Removed idx=1 Map Size=5
I/SurfaceFlinger( 1825): id=678 Removed idx=-2 Map Size=5
D/PowerManagerService( 1986): onSensorChanged: light value: 100
V/[MyFiles](19236): getBitmap done: tot= 239; ; 0; 0; 239
I/System.out(19236): Not a DRM File, opening notmally
I/System.out(19236): buffer returned 
I/System.out(19236): Not a DRM File, opening notmally
I/System.out(19236): buffer returned 
D/dalvikvm(19236): GC_FOR_ALLOC freed 2849K, 28% free 11589K/16071K, paused 20ms
I/SurfaceFlinger( 1825): id=679 Removed idx=3 Map Size=4
I/SurfaceFlinger( 1825): id=679 Removed idx=-2 Map Size=4
I/power   ( 1986): *** release_dvfs_lock : lockType : 1 
D/MyFiles (19236): MainActivity-onStop
V/MyFiles (19236): AllFile:onStop
D/PowerManagerService( 1986): releaseDVFSLockLocked : all DVFS_MIN_LIMIT are released 
W/ActivityManager( 1986): mDVFSLock.release()
D/dalvikvm(19236): GC_FOR_ALLOC freed 48K, 26% free 12047K/16071K, paused 15ms
V/[MyFiles](19236): getBitmap done: tot= 200; ; 0; 0; 200
I/System.out(19236): Not a DRM File, opening notmally
I/System.out(19236): buffer returned 
I/System.out(19236): Not a DRM File, opening notmally
I/System.out(19236): buffer returned 
D/dalvikvm(19236): GC_CONCURRENT freed 1040K, 25% free 12095K/16071K, paused 2ms+3ms
V/[MyFiles](19236): getBitmap done: tot= 270; ; 0; 0; 270
I/System.out(19236): Not a DRM File, opening notmally
I/System.out(19236): buffer returned 
I/System.out(19236): Not a DRM File, opening notmally
I/System.out(19236): buffer returned 
E/DataRouter( 1823): usb connection is true 
E/DataRouter( 1823): InvokeOemRequestHookRaw usbstatus true is failure 4
I/InputReader( 1986): dispatchTouch::touch event's action is 0 (deviceType=0) [pCnt=1, pending(waiting finished signal)=0]
I/InputDispatcher( 1986): Delivering touch to current input target
I/InputDispatcher( 1986): Delivering touch to current input target
I/InputReader( 1986): dispatchTouch::touch event's action is 1 (deviceType=0) [pCnt=1, pending(waiting finished signal)=0]
I/InputDispatcher( 1986): Delivering touch to current input target
I/InputDispatcher( 1986): Delivering touch to current input target
V/[MyFiles](19236): getBitmap done: tot= 256; ; 1; 0; 255
I/System.out(19236): Not a DRM File, opening notmally
I/System.out(19236): buffer returned 
I/System.out(19236): Not a DRM File, opening notmally
I/System.out(19236): buffer returned 
D/dalvikvm(19236): GC_FOR_ALLOC freed 1172K, 28% free 11641K/16071K, paused 18ms
V/[MyFiles](19236): getBitmap done: tot= 274; ; 0; 0; 274
I/System.out(19236): Not a DRM File, opening notmally
I/System.out(19236): buffer returned 
I/System.out(19236): Not a DRM File, opening notmally
I/System.out(19236): buffer returned 
D/dalvikvm(19236): GC_FOR_ALLOC freed 603K, 28% free 11654K/16071K, paused 18ms
V/[MyFiles](19236): getBitmap done: tot= 235; ; 1; 0; 234
I/System.out(19236): Not a DRM File, opening notmally
I/System.out(19236): buffer returned 
I/System.out(19236): Not a DRM File, opening notmally
I/System.out(19236): buffer returned 
D/dalvikvm(19236): GC_FOR_ALLOC freed 583K, 28% free 11665K/16071K, paused 28ms
V/[MyFiles](19236): getBitmap done: tot= 199; ; 0; 0; 199
I/System.out(19236): Not a DRM File, opening notmally
I/System.out(19236): buffer returned 
I/System.out(19236): Not a DRM File, opening notmally
I/System.out(19236): buffer returned 
D/dalvikvm(19236): GC_FOR_ALLOC freed 579K, 28% free 11681K/16071K, paused 27ms
I/InputReader( 1986): dispatchTouch::touch event's action is 0 (deviceType=0) [pCnt=1, pending(waiting finished signal)=0]
I/InputDispatcher( 1986): Delivering touch to current input target
I/InputDispatcher( 1986): Delivering touch to current input target
D/dalvikvm(19236): GC_CONCURRENT freed 504K, 25% free 12140K/16071K, paused 2ms+2ms
V/[MyFiles](19236): getBitmap done: tot= 108; ; 0; 0; 108
I/System.out(19236): Not a DRM File, opening notmally
I/System.out(19236): buffer returned 
I/System.out(19236): Not a DRM File, opening notmally
I/System.out(19236): buffer returned 
I/InputReader( 1986): dispatchTouch::touch event's action is 1 (deviceType=0) [pCnt=1, pending(waiting finished signal)=0]
I/InputDispatcher( 1986): Delivering touch to current input target
I/InputDispatcher( 1986): Delivering touch to current input target
I/MyFiles (19236): onClickSoftkey - ITEM_SELECT_MODE:true, mOperation:2
I/MyFiles (19236): setOperationFiles start
I/MyFiles (19236): setOperationFiles finish
I/MyFiles (19236): FileOperationThread.setPowerWakeLock - SCREEN_DIM_WAKE_LOCK is On.
I/MyFiles (19236): managed - delete start
D/PowerManagerService( 1986): acquireWakeLock flags=0x6 tag=MyFiles-FileOperation uid=10059 pid=19236   myUID=1000 myPID=1986 myTID=2320
D/BootReceiver(17561): MEDIA_THUMBWORKER_SUSPEND action received!
D/CacheService(17561): CacheService End! ( existingThread null )
I/SurfaceFlinger( 1825): id=681(16) createSurface 0x3cd5c (1x1),1 flag=0
D/dalvikvm(19236): GC_FOR_ALLOC freed 611K, 24% free 12252K/16071K, paused 23ms
V/[MyFiles](19236): getBitmap done: tot= 305; ; 0; 0; 305
I/System.out(19236): Not a DRM File, opening notmally
I/System.out(19236): buffer returned 
I/System.out(19236): Not a DRM File, opening notmally
I/System.out(19236): buffer returned 
D/dalvikvm(19236): GC_CONCURRENT freed 1035K, 24% free 12277K/16071K, paused 2ms+2ms
V/[MyFiles](19236): getBitmap done: tot= 121; ; 0; 0; 121
I/System.out(19236): Not a DRM File, opening notmally
I/System.out(19236): buffer returned 
I/System.out(19236): Not a DRM File, opening notmally
I/System.out(19236): buffer returned 
D/dalvikvm(19236): GC_CONCURRENT freed 1029K, 24% free 12293K/16071K, paused 1ms+2ms
V/[MyFiles](19236): getBitmap done: tot= 99; ; 0; 0; 99
I/System.out(19236): Not a DRM File, opening notmally
I/System.out(19236): buffer returned 
I/System.out(19236): Not a DRM File, opening notmally
I/System.out(19236): buffer returned 
D/dalvikvm(19236): GC_CONCURRENT freed 1029K, 24% free 12328K/16071K, paused 1ms+3ms
V/[MyFiles](19236): getBitmap done: tot= 179; ; 1; 0; 178
I/System.out(19236): Not a DRM File, opening notmally
I/System.out(19236): buffer returned 
I/System.out(19236): Not a DRM File, opening notmally
I/System.out(19236): buffer returned 
D/dalvikvm(19236): GC_FOR_ALLOC freed 1067K, 27% free 11856K/16071K, paused 29ms
I/MyFiles (19236): managed - delete finish
I/MyFiles (19236): FileOperationThread.releasePowerWakeLock - SCREEN_DIM_WAKE_LOCK is Off.
D/PowerManagerService( 1986): releaseWakeLockLocked flags=0x0 tag=MyFiles-FileOperation myUID=1000 myPID=1986 myTID=11739
I/ActivityManager( 1986): Start proc app.processName for broadcast hostingNameStr: pid=19780 uid=10088 gids={3003}
V/MyFiles (19236): Managed:onPause
V/[MyFiles](19236): ThumbnailUpdateThread - Stopping update here image-thumbnail-manager
V/[MyFiles](19236): ImageLoader.stop 1 threads
I/power   ( 1986): *** acquire_dvfs_lock : lockType : 1  freq : 1200000 
D/PowerManagerService( 1986): acquireDVFSLockLocked : type : DVFS_MIN_LIMIT  frequency : 1200000  uid : 1000  pid : 1986  tag : ActivityManager
W/ActivityManager( 1986): mDVFSLock.acquire()
E/[FT]-Server(19780): NetworkStateReceiver :intent: android.intent.action.MEDIA_MOUNTED
D/MyFiles (19236): MainActivity-onResume
E/WifiP2pStateTracker( 1986): getNetworkInfo : NetworkInfo: type: wifi_p2p[], state: UNKNOWN/IDLE, reason: (unspecified), extra: (none), roaming: false, failover: false, isAvailable: false
V/MyFiles (19236): AllFile:onResume
I/MyFiles (19236): refresh!!
I/MyFiles (19236): showWaitProgressDialog true
D/MediaScannerReceiver(18256): Start scanning Internal SD. Set bIsScanningInternalSD = true
E/DataRouter( 1823): usb connection is true 
E/DataRouter( 1823): InvokeOemRequestHookRaw usbstatus true is failure 4
D/MediaScannerReceiver(18256): scan - volume : external
V/MediaScannerReceiver(18256): onReceive : action = [android.intent.action.MEDIA_MOUNTED], path = [/mnt/sdcard]
V/MediaScannerReceiver(18256): External SD card's path is set : /mnt/sdcard/external_sd
I/MyFiles (19236): AllFileBrowser-load file list => start
I/dalvikvm(19794): Turning on JNI app bug workarounds for target SDK version 11...
I/ActivityManager( 1986): Start proc app.processName for broadcast hostingNameStr: pid=19794 uid=10069 gids={3003}
I/SurfaceFlinger( 1825): id=682(17) createSurface 0x3f984 (480x800),2 flag=400
I/SurfaceFlinger( 1825): id=683(18) createSurface 0x31784 (1x1),1 flag=0
I/ActivityThread(19794): Pub com.google.android.apps.uploader: com.google.android.apps.uploader.UploadsContentProvider
I/ActivityThread(19794): Pub com.google.photos.provider.Album: com.google.android.apps.uploader.clients.picasa.AlbumProvider
D/MediaUploader(19794): UploaderApplication.onCreate
V/[MyFiles](19236): getBitmap done: tot= 425; ; 0; 0; 425
D/MyFiles (19236): Loading handler - start
D/MediaUploader(19794): nonWifiLimit=20971520, default=20971520
I/MediaUploader(19794): No need to wake up
I/ActivityManager( 1986): No longer want app.processName (pid 19350): hidden #26
E/MTPRx   (14119): In MtpReceiverandroid.intent.action.MEDIA_MOUNTED
I/MyFiles (19236): AllFileBrowser-load file list => finish
I/MyFiles (19236): AllFileBrowser-sort after loading => start
D/MountService( 1986): An IMountServiceListener has died!
W/ActivityManager( 1986): Permission denied: checkComponentPermission() owningUid=10070
W/ActivityManager( 1986): Permission Denial: broadcasting Intent { act=android.intent.action.MEDIA_MOUNTED dat=file:///mnt/sdcard flg=0x10 (has extras) } from r.callerPackage (pid=19236, uid=10059) is not exported from uid 10070 due to receiver info.activityInfo.packageName/info.activityInfo.name
D/MediaScannerService(18256): onStartCommand : flags [2], startId [1]
I/MediaScannerService(18256): !@begin of Mediascannerservice
D/MediaScannerService(18256): start scanning volume external: [/mnt/sdcard, /mnt/sdcard/external_sd]
D/MyFiles (19236): MainActivity : BroadcastReceiver - android.intent.action.MEDIA_SCANNER_STARTED
D/MediaScannerService(18256): scan : call scanner.scanDirectories - directories : [/mnt/sdcard, /mnt/sdcard/external_sd]
D/dalvikvm(19236): GC_CONCURRENT freed 809K, 26% free 11955K/16071K, paused 2ms+9ms
D/MediaScanner(18256): prescan enter
I/MyFiles (19236): AllFileBrowser-sort after loading => finish
I/[MyFiles](19236): ListAdapter.clearAll
I/MyFiles (19236): AllFileBrowser-updaetAdapter => start
V/[MyFiles](19236): ImageLoader.start() <<<<<<<<<<<<<<<<<<<<<<<<<<<<
D/PicasaSyncManager(19102): reject MetadataSyncTask (****************************) because downsync is disabled
I/MyFiles (19236): AllFileBrowser-updaetAdapter => finish
I/MyFiles (19236): showWaitProgressDialog false
D/MyFiles (19236): Loading handler - finish
I/System.out(19236): Not a DRM File, opening notmally
I/System.out(19236): buffer returned 
I/System.out(19236): Not a DRM File, opening notmally
I/System.out(19236): buffer returned 
D/PicasaSyncManager(19102): reject MetadataSyncTask (****************************) because downsync is disabled
E/MTPRx   (14119): In MtpReceiverandroid.intent.action.MEDIA_SCANNER_STARTED
W/MTPRx   (14119): Media scanning is started, setting media scanner status
E/MTPRx   (14119): file kieswifi.dat is not found
E/MTPRx   (14119): Battery charging. plugType = 2
E/MTPRx   (14119): USB charging
E/MTPRx   (14119): usb mode = 0
E/MTPRx   (14119): mtp already running
I/SurfaceFlinger( 1825): id=681 Removed idx=6 Map Size=6
I/SurfaceFlinger( 1825): id=681 Removed idx=-2 Map Size=6
I/SurfaceFlinger( 1825): id=680 Removed idx=5 Map Size=5
I/SurfaceFlinger( 1825): id=680 Removed idx=-2 Map Size=5
D/dalvikvm( 2252): GC_CONCURRENT freed 628K, 8% free 11122K/12039K, paused 2ms+5ms
W/PowerManagerService( 1986): Timer 0x7->0x3|0x0
E/lights  ( 1986): write_int: path /sys/devices/virtual/sec/sec_touchkey/brightness, value 2
I/PowerManagerService( 1986): Ulight 7->3|0
D/PowerManagerService( 1986): setLightBrightness : mButtonLight : 0
D/dalvikvm(18256): GC_CONCURRENT freed 97K, 15% free 9329K/10887K, paused 1ms+4ms
I/SurfaceFlinger( 1825): id=683 Removed idx=3 Map Size=4
I/SurfaceFlinger( 1825): id=683 Removed idx=-2 Map Size=4
I/power   ( 1986): *** release_dvfs_lock : lockType : 1 
V/MyFiles (19236): Managed:onStop
V/MyFiles (19236): Managed:onDestroy
D/PowerManagerService( 1986): releaseDVFSLockLocked : all DVFS_MIN_LIMIT are released 
W/ActivityManager( 1986): mDVFSLock.release()
D/dalvikvm(18256): GC_CONCURRENT freed 93K, 11% free 9747K/10887K, paused 2ms+13ms
D/dalvikvm(18256): GC_CONCURRENT freed 28K, 7% free 10165K/10887K, paused 2ms+2ms
D/MediaScanner(18256): prescan return
D/MediaScanner(18256): scanDirectory [#1/2]  /mnt/sdcard
D/MediaScanner(18256): Skip External SD card directory while scanning Internal SD card (/mnt/sdcard/external_sd)
D/MediaScanner(18256): Skip usbStorage folder (/mnt/sdcard/usbStorage)
D/MediaScanner(18256): Skip image thumbnail folder (/mnt/sdcard/DCIM/.thumbnails)
D/dalvikvm(19236): GC_FOR_ALLOC freed 481K, 25% free 12132K/16071K, paused 23ms
V/[MyFiles](19236): getBitmap done: tot= 570; ; 21; 0; 549
I/System.out(19236): Not a DRM File, opening notmally
I/System.out(19236): buffer returned 
I/System.out(19236): Not a DRM File, opening notmally
I/System.out(19236): buffer returned 
D/MediaScanner(18256): Skip Android data folder (/mnt/sdcard/Android/data)
D/dalvikvm(19236): GC_FOR_ALLOC freed 1146K, 28% free 11586K/16071K, paused 32ms
E/Fluency_Log( 2252): Character map for language 'en-GB' already loaded
W/LanguagePackManagerImpl( 2252): Attempted to load character maps multiple times
D/dalvikvm(18256): GC_CONCURRENT freed 255K, 6% free 10299K/10887K, paused 3ms+1ms
D/dalvikvm(19236): GC_FOR_ALLOC freed 44K, 26% free 12041K/16071K, paused 16ms
V/[MyFiles](19236): getBitmap done: tot= 273; ; 0; 0; 273
I/System.out(19236): Not a DRM File, opening notmally
I/System.out(19236): buffer returned 
I/System.out(19236): Not a DRM File, opening notmally
I/System.out(19236): buffer returned 
D/dalvikvm(19236): GC_FOR_ALLOC freed 1032K, 28% free 11602K/16071K, paused 18ms
D/dalvikvm(18256): GC_CONCURRENT freed 388K, 6% free 10298K/10887K, paused 1ms+2ms
V/[MyFiles](19236): getBitmap done: tot= 291; ; 7; 0; 284
I/System.out(19236): Not a DRM File, opening notmally
I/System.out(19236): buffer returned 
I/System.out(19236): Not a DRM File, opening notmally
I/System.out(19236): buffer returned 
D/dalvikvm(19236): GC_FOR_ALLOC freed 612K, 28% free 11614K/16071K, paused 17ms
E/AlarmManagerService( 1986): android_server_AlarmManagerService_set to type=3, 129310.237000000
D/KeyguardUpdateMonitor( 1986): received broadcast android.intent.action.TIME_TICK
D/KeyguardUpdateMonitor( 1986): handleTimeUpdate
D/STATUSBAR-DateView( 2130): updateClock :03/10/2012
D/DigitalClock(16877): DigitalClockAppWidgetService. action :  android.intent.action.TIME_TICK
D/DigitalClock(16877): DigitalClockAppWidget. : updateClock =  [I@4153e7c8
D/DigitalClock(16877): DigitalClockAppWidget. : drawMinute mm1_ 4mm2_0
V/[MyFiles](19236): getBitmap done: tot= 308; ; 0; 0; 308
D/PowerManagerService( 1986): onSensorChanged: light value: 10
I/System.out(19236): Not a DRM File, opening notmally
I/System.out(19236): buffer returned 
I/System.out(19236): Not a DRM File, opening notmally
I/System.out(19236): buffer returned 
D/dalvikvm(19236): GC_FOR_ALLOC freed 579K, 28% free 11629K/16071K, paused 17ms
D/dalvikvm(18256): GC_CONCURRENT freed 421K, 6% free 10299K/10887K, paused 1ms+1ms
D/MediaScanner(18256): scanDirectory [#2/2]  /mnt/sdcard/external_sd
D/MediaScanner(18256): postscan enter: directories - /mnt/sdcard
V/[MyFiles](19236): getBitmap done: tot= 270; ; 8; 0; 262
D/MediaScanner(18256): start checking FileCacheEntry
D/MediaScanner(18256): end checking FileCacheEntry. Deleted entry count : 0
D/MediaScanner(18256): postscan return
D/MediaScanner(18256):  scanned media: Audio : 0, Video : 0, Image :0, File : 0
D/MediaScanner(18256):   prescan time: 485ms
D/MediaScanner(18256):        scan time: 1328ms (Audio/Video parsing : 0ms, Image parsing : 0ms)
D/MediaScanner(18256): postscan time: 18ms
D/MediaScanner(18256):        total time: 1831ms
E/DataRouter( 1823): usb connection is true 
E/DataRouter( 1823): InvokeOemRequestHookRaw usbstatus true is failure 4
D/MyFiles (19236): MainActivity : BroadcastReceiver - android.intent.action.MEDIA_SCANNER_FINISHED
D/CscParser( 2273): customer_path =/system/csc/customer.xml
E/CscReceiver( 2273): onReceive android.intent.action.MEDIA_SCANNER_FINISHED
D/MediaScannerService(18256): done scanning volume external
I/MediaScannerService(18256): !@end of Mediascannerservice
D/CscParser( 2273): ID_path =/system/SW_Configuration.xml
D/CscReceiver( 2273): Media DB Scanner finished.
D/CscReceiver( 2273): Set Ringtone
D/CscParser( 2273): customer_path =/system/csc/customer.xml
D/CscParser( 2273): others_path =/system/csc/others.xml
E/CscParser( 2273): fileName + /system/csc/customer.xml
I/ActivityManager( 1986): No longer want app.processName (pid 19412): hidden #26
I/DBG_WSS_DM(18490): [v3_1201_3_1][DMService.java Line:1069][onReceive] android.intent.action.MEDIA_SCANNER_FINISHED
D/CscParser( 2273): getInstance fileName =/system/csc/customer.xml
D/CscParser( 2273): customer_path =/system/csc/customer.xml
D/CscParser( 2273): customer_path =/system/csc/customer.xml
E/CscParser( 2273): fileName + /system/csc/customer.xml
W/CSCSettings( 2273): Setting Ringtones (type) : 1
D/CscParser( 2273): RingTone: null
W/CSCSettings( 2273): 1. Tag_Str: null
D/CscReceiver( 2273): Set Notification
D/CscParser( 2273): customer_path =/system/csc/customer.xml
D/CscParser( 2273): others_path =/system/csc/others.xml
E/CscParser( 2273): fileName + /system/csc/customer.xml
I/DBG_WSS_DM(18490): [v3_1201_3_1][wssdmdb.java Line:4983][smldmdbGetFUMOStatus] smldmdbGetFUMOStatus 0
D/CscParser( 2273): getInstance fileName =/system/csc/customer.xml
D/CscParser( 2273): customer_path =/system/csc/customer.xml
D/CscParser( 2273): customer_path =/system/csc/customer.xml
E/CscParser( 2273): fileName + /system/csc/customer.xml
W/CSCSettings( 2273): Setting Ringtones (type) : 2
D/CscParser( 2273): MessageTone: null
W/CSCSettings( 2273): 1. Tag_Str: null
D/CscReceiver( 2273): Set Alarmtone
D/CscParser( 2273): customer_path =/system/csc/customer.xml
D/CscParser( 2273): others_path =/system/csc/others.xml
E/CscParser( 2273): fileName + /system/csc/customer.xml
D/CscParser( 2273): getInstance fileName =/system/csc/customer.xml
D/CscParser( 2273): customer_path =/system/csc/customer.xml
D/CscParser( 2273): customer_path =/system/csc/customer.xml
E/CscParser( 2273): fileName + /system/csc/customer.xml
D/dalvikvm(18256): GC_CONCURRENT freed 1682K, 18% free 9007K/10887K, paused 1ms+2ms
D/dalvikvm(18256): GC_EXPLICIT freed 21K, 18% free 8986K/10887K, paused 2ms+2ms
D/dalvikvm( 2273): GC_CONCURRENT freed 2035K, 9% free 22754K/24967K, paused 2ms+4ms
W/CSCSettings( 2273): Setting Ringtones (type) : 4
D/CscParser( 2273): AlarmTone: null
W/CSCSettings( 2273): 1. Tag_Str: null
D/MediaScannerReceiver(18256): onReceive : EXTERNAL scan FINISHED.
E/MTPRx   (14119): In MtpReceiverandroid.intent.action.MEDIA_SCANNER_FINISHED
I/TIMECHECK(17561): START thumbnails.
V/[MyFiles](19236): getBitmap done: tot= 168; ; 1; 0; 167
V/[MyFiles](19236): getBitmap done: tot= 35; ; 0; 0; 35
V/[MyFiles](19236): getBitmap done: tot= 13; ; 1; 0; 12
D/dalvikvm(17561): GC_CONCURRENT freed 603K, 8% free 9019K/9735K, paused 2ms+2ms
D/dalvikvm(19236): GC_CONCURRENT freed 691K, 27% free 11808K/16071K, paused 1ms+2ms
V/[MyFiles](19236): getBitmap done: tot= 55; ; 0; 0; 55
V/[MyFiles](19236): getBitmap done: tot= 28; ; 0; 0; 28
V/[MyFiles](19236): getBitmap done: tot= 20; ; 0; 0; 20
V/[MyFiles](19236): getBitmap done: tot= 12; ; 0; 0; 12
V/[MyFiles](19236): getBitmap done: tot= 16; ; 0; 0; 16
V/[MyFiles](19236): getBitmap done: tot= 12; ; 0; 0; 12
V/[MyFiles](19236): getBitmap done: tot= 28; ; 0; 2; 26
D/dalvikvm(17561): GC_CONCURRENT freed 232K, 6% free 9190K/9735K, paused 1ms+1ms
D/dalvikvm( 1986): GC_EXPLICIT freed 2050K, 31% free 20775K/30023K, paused 3ms+8ms
V/[MyFiles](19236): getBitmap done: tot= 136; ; 1; 0; 135
V/[MyFiles](19236): getBitmap done: tot= 17; ; 0; 0; 17
V/[MyFiles](19236): getBitmap done: tot= 27; ; 1; 0; 26
V/[MyFiles](19236): getBitmap done: tot= 42; ; 0; 0; 42
V/[MyFiles](19236): getBitmap done: tot= 12; ; 0; 0; 12
V/[MyFiles](19236): getBitmap done: tot= 12; ; 1; 0; 11
V/[MyFiles](19236): getBitmap done: tot= 12; ; 1; 0; 11
V/[MyFiles](19236): getBitmap done: tot= 26; ; 12; 0; 14
D/dalvikvm(19236): GC_CONCURRENT freed 479K, 24% free 12288K/16071K, paused 1ms+3ms
V/[MyFiles](19236): getBitmap done: tot= 11; ; 0; 0; 11
V/[MyFiles](19236): getBitmap done: tot= 11; ; 1; 0; 10
V/[MyFiles](19236): getBitmap done: tot= 11; ; 1; 0; 10
V/[MyFiles](19236): getBitmap done: tot= 10; ; 0; 0; 10
V/[MyFiles](19236): getBitmap done: tot= 14; ; 3; 0; 11
V/[MyFiles](19236): getBitmap done: tot= 13; ; 2; 0; 11
V/DiskCacheSEC(17561): [SE Lab.] writeindex(): id= 1089144788 / mntTime= 1349304001283
V/[MyFiles](19236): getBitmap done: tot= 17; ; 2; 0; 15
I/TIMECHECK(17561): END thumbnails.
V/[MyFiles](19236): getBitmap done: tot= 17; ; 2; 0; 15
V/[MyFiles](19236): getBitmap done: tot= 13; ; 2; 0; 11
V/[MyFiles](19236): getBitmap done: tot= 12; ; 0; 0; 12
D/dalvikvm(18256): GC_EXPLICIT freed 79K, 17% free 9076K/10887K, paused 1ms+3ms
V/[MyFiles](19236): getBitmap done: tot= 41; ; 2; 0; 39
V/[MyFiles](19236): getBitmap done: tot= 13; ; 2; 0; 11
V/[MyFiles](19236): getBitmap done: tot= 11; ; 1; 0; 10
V/[MyFiles](19236): getBitmap done: tot= 12; ; 0; 0; 12
V/[MyFiles](19236): getBitmap done: tot= 16; ; 0; 0; 16
V/[MyFiles](19236): getBitmap done: tot= 14; ; 1; 0; 13
D/PowerManagerService( 1986): lightSensorChangedLocked 10
D/PowerManagerService( 1986): lcdValue 40
D/PowerManagerService( 1986): buttonValue 255
D/PowerManagerService( 1986): keyboardValue 0
D/PowerManagerService( 1986): lightSensorChangedLocked : mKeyboardLight : 0
E/lights  ( 1986): write_int: path /sys/class/backlight/panel/brightness, value 106
E/lights  ( 1986): write_int: path /sys/class/backlight/panel/brightness, value 103
E/lights  ( 1986): write_int: path /sys/class/backlight/panel/brightness, value 99
E/lights  ( 1986): write_int: path /sys/class/backlight/panel/brightness, value 96
E/lights  ( 1986): write_int: path /sys/class/backlight/panel/brightness, value 92
E/lights  ( 1986): write_int: path /sys/class/backlight/panel/brightness, value 89
E/lights  ( 1986): write_int: path /sys/class/backlight/panel/brightness, value 85
E/lights  ( 1986): write_int: path /sys/class/backlight/panel/brightness, value 82
E/lights  ( 1986): write_int: path /sys/class/backlight/panel/brightness, value 78
E/lights  ( 1986): write_int: path /sys/class/backlight/panel/brightness, value 75
E/lights  ( 1986): write_int: path /sys/class/backlight/panel/brightness, value 71
E/lights  ( 1986): write_int: path /sys/class/backlight/panel/brightness, value 68
E/lights  ( 1986): write_int: path /sys/class/backlight/panel/brightness, value 64
E/lights  ( 1986): write_int: path /sys/class/backlight/panel/brightness, value 61
E/lights  ( 1986): write_int: path /sys/class/backlight/panel/brightness, value 57
E/lights  ( 1986): write_int: path /sys/class/backlight/panel/brightness, value 54
E/lights  ( 1986): write_int: path /sys/class/backlight/panel/brightness, value 50
E/lights  ( 1986): write_int: path /sys/class/backlight/panel/brightness, value 47
E/lights  ( 1986): write_int: path /sys/class/backlight/panel/brightness, value 43
E/DataRouter( 1823): usb connection is true 
E/DataRouter( 1823): InvokeOemRequestHookRaw usbstatus true is failure 4
E/lights  ( 1986): write_int: path /sys/class/backlight/panel/brightness, value 40
I/PowerManagerService( 1986): Light Animator Finished curIntValue=40
D/InputReader( 1986): Input event: value=1
D/RestrictionPolicy( 1986): isHomeKeyEnabled :true
D/RestrictionPolicy( 1986): isHomeKeyEnabled :true
I/HomeKeyDoubleClick( 1986): addAction() is called.  action = 0  canceled = false
I/HomeKeyDoubleClick( 1986): in addAction(), now add
I/HomeKeyDoubleClick( 1986): in addAction(), down event. now call postCheckRunnable().
I/HomeKeyDoubleClick( 1986): postCheckRunnable() is called
I/HomeKeyDoubleClick( 1986): in postCheckRunnable(), now posting.
I/HomeKeyDoubleClick( 1986): in postCheckRunnable(), posting success.
D/InputReader( 1986): Input event: value=0
D/RestrictionPolicy( 1986): isHomeKeyEnabled :true
I/HomeKeyDoubleClick( 1986): addAction() is called.  action = 1  canceled = false
I/HomeKeyDoubleClick( 1986): in addAction(), now add
I/HomeKeyDoubleClick( 1986): run() is called *****************************************************
I/HomeKeyDoubleClick( 1986): isSingleClick() is called
I/HomeKeyDoubleClick( 1986): in isSingleClick() true
I/HomeKeyDoubleClick( 1986): -------------------------------single clicked
I/HomeKeyDoubleClick( 1986): singleClickJob() is called.
I/HomeKeyDoubleClick( 1986):   in singleClickJob(), mSentHomeDownToApp is false. Now call launchHomeFromHotKey()
W/InputManagerService( 1986): onReceive() calling hidecurrentInputLocked
I/ActivityManager( 1986): START {intent.toShortString} from pid 1986
I/power   ( 1986): *** acquire_dvfs_lock : lockType : 1  freq : 1200000 
D/PowerManagerService( 1986): acquireDVFSLockLocked : type : DVFS_MIN_LIMIT  frequency : 1200000  uid : 1000  pid : 1986  tag : ActivityManager
W/ActivityManager( 1986): mDVFSLock.acquire()
D/MyFiles (19236): MainActivity-onPause
V/MyFiles (19236): AllFile:OnPause
V/[MyFiles](19236): ThumbnailUpdateThread - Stopping update here image-thumbnail-manager
V/[MyFiles](19236): ImageLoader.stop 1 threads
D/GLSurfaceViewGroup( 2336): Skipped drawing due to suspendDrawingUntilResume()
I/Launcher( 2336): onRestart. Launcher: 41b2f808
I/Launcher( 2336): onResume. Launcher: 41b2f808, mIsNewIntent: true
V/InputManagerService( 1986): [StartHomeAppReceiver] intentAction :: android.sec.intent.action.CLICKED_HOMEKEY, mInputShown :: false
I/HomeKeyDoubleClick( 1986): reset() is called
I/HomeKeyDoubleClick( 1986): in reset()  after reset, mPosted = false  mHomeActionList.size() = 0
W/InputManagerService( 1986): Unexpected intent Intent { act=android.sec.intent.action.CLICKED_HOMEKEY flg=0x10 }
D/Launcher( 2336): It's live wallpaper. suggestDesiredDimensions() with SPAN 2
D/DigitalClock(16877): DigitalClockAppWidgetService. action :  sec.android.intent.action.HOME_RESUME
D/DigitalClock(16877): DigitalClockAppWidget. : updateClock =  [I@41540350
D/DigitalClock(16877): DigitalClockAppWidget. : drawMinute mm1_ 4mm2_0
I/SurfaceFlinger( 1825): id=684(91) createSurface 0x3342c (480x762),1 flag=0
I/SurfaceFlinger( 1825): id=685(92) createSurface 0x4dc5c (480x800),1 flag=0
D/DigitalClock(16877): DigitalClockAppWidget.onReceive : ACTION_HOME_RESUME is called!!
D/DigitalClock(16877): DigitalClockAppWidget. : updateClock =  [I@41513680
D/DigitalClock(16877): DigitalClockAppWidget. : drawMinute mm1_ 4mm2_0
I/PhotoAppWidgetProvider(17561): onReceive
I/PhotoAppWidgetProvider(17561): RestartSlideShow
I/Launcher( 2336): onWindowFocusChanged(true)
D/PhotoDatabaseHelper(17561): getWidgetIdList query count : 0
D/PhotoAppWidgetProvider(17561): onReceive End
D/com.samsung.app( 7618): [MSC]>>> SCI:345 [0:0] R : secandroidintentactionHOME_RESUME
D/com.samsung.app( 7618): [MSC]>>> SCI:351 [0:0] R : no stock widget!!!
D/comsamsungapp( 9012): [MSC_Accu]>>> WWP:375 [0:0] onReceive@ secandroidintentactionHOME_RESUME
D/comsamsungapp( 9012): [MSC_Accu]>>> WIM:53 [0:0] AccuWeatherClockWidgetID_Length
D/comsamsungapp( 9012): [MSC_Accu]>>> WIM:54 [0:0] getPrefIDs@lngth:1
D/comsamsungapp( 9012): [MSC_Accu]>>> WIM:60 [0:0] getPrefIDs@Ids1:16
D/comsamsungapp( 9012): [MSC_Accu]>>> WWP:368 [0:0] refreshhandler is null!!
W/InputManagerService( 1986): Starting input on non-focused client com.android.internal.view.IInputMethodClient$Stub$Proxy@41f20720 (uid=10059 pid=19236)
E/MTPRx   (14119): MTP can be launched
I/SurfaceFlinger( 1825): id=686(16) createSurface 0x3cd5c (1x1),1 flag=0
D/PowerManagerService( 1986): acquireWakeLock flags=0xa tag=KEEP_SCREEN_ON_FLAG uid=1000 pid=1986   myUID=1000 myPID=1986 myTID=2335
D/CalendarAppWidgetProviderAgenda(17612): onReceive : sec.android.intent.action.HOME_RESUME
D/CalendarAppWidgetProviderAgenda(17612): getComponentName : 
D/dalvikvm( 2336): GC_FOR_ALLOC freed 1217K, 19% free 25148K/30919K, paused 84ms
D/comsamsungapp( 9012): [MSC_Accu]>>> U:177 [0:0] util getnext by widget 1349330820000
D/comsamsungapp( 9012): [MSC_Accu]>>> WWP:302 [0:0] [AR] now = [1349304003903] LTM = [1349330820000] need_AR = [false]
D/comsamsungapp( 9012): [MSC_Accu]>>> WWP:307 [0:0] [AR] LUPTM = [1349287649170] SV = 4
D/dalvikvm( 2336): GC_EXPLICIT freed 1997K, 21% free 24580K/30919K, paused 2ms+10ms
I/SurfaceFlinger( 1825): id=682 Removed idx=4 Map Size=6
I/SurfaceFlinger( 1825): id=682 Removed idx=-2 Map Size=6
I/power   ( 1986): *** release_dvfs_lock : lockType : 1 
D/MyFiles (19236): MainActivity-onStop
D/PowerManagerService( 1986): releaseDVFSLockLocked : all DVFS_MIN_LIMIT are released 
W/ActivityManager( 1986): mDVFSLock.release()
V/MyFiles (19236): AllFile:onStop
W/PowerManagerService( 1986): Timer 0x3->0x3|0x3
I/InputReader( 1986): dispatchTouch::touch event's action is 0 (deviceType=0) [pCnt=1, pending(waiting finished signal)=0]
I/InputDispatcher( 1986): Delivering touch to current input target
I/InputDispatcher( 1986): Delivering touch to current input target
I/InputDispatcher( 1986): Delivering touch to current input target
I/InputDispatcher( 1986): Delivering touch to current input target
E/lights  ( 1986): write_int: path /sys/devices/virtual/sec/sec_touchkey/brightness, value 1
I/PowerManagerService( 1986): Ulight 3->7|0
D/PowerManagerService( 1986): setLightBrightness : mButtonLight : 40
E/DataRouter( 1823): usb connection is true 
E/DataRouter( 1823): InvokeOemRequestHookRaw usbstatus true is failure 4
I/InputReader( 1986): dispatchTouch::touch event's action is 1 (deviceType=0) [pCnt=1, pending(waiting finished signal)=0]
I/InputDispatcher( 1986): Delivering touch to current input target
I/InputDispatcher( 1986): Delivering touch to current input target
I/InputDispatcher( 1986): Delivering touch to current input target
V/ProgramMonitorRemoteService(19472): onReceive() intent=Intent { act=ProgramMonitorRemoteService.UPDATE_RUNNING_COUNT flg=0x10 }
V/ProgramMonitorRemoteService(19472): onReceive() UPDATE_RUNNING_APPLICATION_COUNT
V/ProgramMonitorRemoteService(19472): updateRunningApplicationListInfo()
I/SurfaceFlinger( 1825): id=686 Removed idx=8 Map Size=5
I/SurfaceFlinger( 1825): id=686 Removed idx=-2 Map Size=5
D/PowerManagerService( 1986): releaseWakeLockLocked flags=0x0 tag=KEEP_SCREEN_ON_FLAG myUID=1000 myPID=1986 myTID=2040
D/dalvikvm(19472): GC_CONCURRENT freed 485K, 7% free 9084K/9671K, paused 6ms+14ms
E/AlarmManagerService( 1986): android_server_AlarmManagerService_set to type=0, 1349304231.766000000
D/dalvikvm( 2336): GC_CONCURRENT freed 1955K, 20% free 24761K/30919K, paused 2ms+17ms
V/AlarmManager( 1986): trigger WAKEUP Alarm{41c2b510 type 0 com.android.vending}
D/dalvikvm(19472): GC_CONCURRENT freed 480K, 7% free 9043K/9671K, paused 2ms+3ms
D/dalvikvm(19472): GC_CONCURRENT freed 495K, 7% free 9045K/9671K, paused 3ms+2ms
D/dalvikvm(19073): GC_CONCURRENT freed 832K, 9% free 9629K/10567K, paused 1ms+2ms
D/dalvikvm(19472): GC_CONCURRENT freed 491K, 7% free 9045K/9671K, paused 1ms+1ms
I/PackageInfo(19472): getRunningAppPackageList(), pid:19236, task:true, service:false, memUsage:12790, cpuUsage:0.0, packageName:com.sec.android.app.myfiles
V/ProgramMonitorRemoteService(19472): onReceive() intent=Intent { act=ProgramMonitorRemoteService.RUNNING_COUNT flg=0x10 }
V/ProgramMonitorRemoteService(19472): onReceive() RUNNING_APPS_COUNT
V/ProgramMonitorRemoteService(19472): getRunningApplicationCount() start
V/ProgramMonitorRemoteService(19472): getRunningApplicationCount() end 1
V/ProgramMonitorRemoteService(19472): onReceive() getRunningApplicationCount=1
V/ProgramMonitorRemoteService(19472): initCPUUsage()
D/dalvikvm(19073): GC_CONCURRENT freed 42K, 6% free 10007K/10567K, paused 1ms+2ms
D/Finsky  (19073): [1] 5.onFinished: Installation state replication succeeded.
E/AlarmManagerService( 1986): android_server_AlarmManagerService_set to type=2, 129321.559000000
V/ProgramMonitorRemoteService(19472): onReceive() intent=Intent { act=ProgramMonitorRemoteService.CPU_USAGE_WARN flg=0x10 }
V/ProgramMonitorRemoteService(19472): onReceive() CPU_USAGE_WARN  test_count=
V/ProgramMonitorRemoteService(19472): updateCPUUsage()
E/lights  ( 1986): write_int: path /sys/devices/virtual/sec/sec_touchkey/brightness, value 2
E/DataRouter( 1823): usb connection is true 
E/DataRouter( 1823): InvokeOemRequestHookRaw usbstatus true is failure 4
W/PowerManagerService( 1986): Timer 0x7->0x3|0x0
I/PowerManagerService( 1986): Ulight 7->3|0
D/PowerManagerService( 1986): setLightBrightness : mButtonLight : 0
V/ProgramMonitorRemoteService(19472): calcCPUUsage() packageName:com.sec.android.app.myfiles usage:1.875
V/ProgramMonitorRemoteService(19472): calcCPUUsage() cpu_warning:false
V/ProgramMonitorRemoteService(19472): calcCPUUsage() cpu_warning_level:level2
V/ProgramMonitorRemoteService(19472): calcCPUUsage() cpu_warning_msg:Program(My files)Battery used by running applications
V/ProgramMonitorRemoteService(19472): calcCPUUsage() top_cpu_usage:1.875
V/ProgramMonitorRemoteService(19472): calcCPUUsage() total_cpu_usage:1.875
V/ProgramMonitorRemoteService(19472): isCPUWarning() false
V/ProgramMonitorRemoteService(19472): getCPUWarningLevel() level2
V/ProgramMonitorRemoteService(19472): getCPUWarningMessage() Program(My files)Battery used by running applications
I/ProgramMonitorState(17743): isCpuWarning=false warningLevel=level2 warningMsg=Program(My files)Battery used by running applications
E/AlarmManagerService( 1986): android_server_AlarmManagerService_set to type=3, 129363.611000000
D/dalvikvm( 2336): GC_CONCURRENT freed 2090K, 21% free 24616K/30919K, paused 2ms+8ms
V/ProgramMonitorRemoteService(19472): onReceive() intent=Intent { act=ProgramMonitorRemoteService.UPDATE_RUNNING_COUNT flg=0x10 }
V/ProgramMonitorRemoteService(19472): onReceive() UPDATE_RUNNING_APPLICATION_COUNT
V/ProgramMonitorRemoteService(19472): updateRunningApplicationListInfo()
D/dalvikvm(19472): GC_CONCURRENT freed 522K, 7% free 9034K/9671K, paused 10ms+12ms
D/dalvikvm(19472): GC_CONCURRENT freed 481K, 7% free 9045K/9671K, paused 2ms+2ms
D/dalvikvm(19472): GC_CONCURRENT freed 442K, 7% free 9069K/9671K, paused 2ms+1ms
D/dalvikvm(19472): GC_CONCURRENT freed 424K, 6% free 9111K/9671K, paused 1ms+1ms
I/PackageInfo(19472): getRunningAppPackageList(), pid:19236, task:true, service:false, memUsage:12790, cpuUsage:0.0, packageName:com.sec.android.app.myfiles
D/dalvikvm(19472): GC_CONCURRENT freed 535K, 8% free 9036K/9735K, paused 1ms+2ms
V/ProgramMonitorRemoteService(19472): onReceive() intent=Intent { act=ProgramMonitorRemoteService.RUNNING_COUNT flg=0x10 }
V/ProgramMonitorRemoteService(19472): onReceive() RUNNING_APPS_COUNT
V/ProgramMonitorRemoteService(19472): getRunningApplicationCount() start
V/ProgramMonitorRemoteService(19472): getRunningApplicationCount() end 1
V/ProgramMonitorRemoteService(19472): onReceive() getRunningApplicationCount=1
V/ProgramMonitorRemoteService(19472): initCPUUsage()
I/com.dropbox.android.service.CameraUploadService(19450): Starting camera upload scan...
V/ProgramMonitorRemoteService(19472): onReceive() intent=Intent { act=ProgramMonitorRemoteService.CPU_USAGE_WARN flg=0x10 }
V/ProgramMonitorRemoteService(19472): onReceive() CPU_USAGE_WARN  test_count=
V/ProgramMonitorRemoteService(19472): updateCPUUsage()
E/DataRouter( 1823): usb connection is true 
E/DataRouter( 1823): InvokeOemRequestHookRaw usbstatus true is failure 4
V/ProgramMonitorRemoteService(19472): calcCPUUsage() packageName:com.sec.android.app.myfiles usage:0.0
V/ProgramMonitorRemoteService(19472): calcCPUUsage() cpu_warning:false
V/ProgramMonitorRemoteService(19472): calcCPUUsage() cpu_warning_level:level2
V/ProgramMonitorRemoteService(19472): calcCPUUsage() cpu_warning_msg:Program(My files)Battery used by running applications
V/ProgramMonitorRemoteService(19472): calcCPUUsage() top_cpu_usage:0.0
V/ProgramMonitorRemoteService(19472): calcCPUUsage() total_cpu_usage:0.0
V/ProgramMonitorRemoteService(19472): isCPUWarning() false
V/ProgramMonitorRemoteService(19472): getCPUWarningLevel() level2
V/ProgramMonitorRemoteService(19472): getCPUWarningMessage() Program(My files)Battery used by running applications
I/ProgramMonitorState(17743): isCpuWarning=false warningLevel=level2 warningMsg=Program(My files)Battery used by running applications
D/dalvikvm(19450): GC_CONCURRENT freed 354K, 5% free 9328K/9799K, paused 2ms+2ms
I/com.dropbox.android.service.CameraUploadService(19450): Finished querying providers.
I/com.dropbox.android.service.CameraUploadService(19450): Finished camera upload scan.
D/STATUSBAR-NetworkController( 2130): onSignalStrengthsChanged signalStrength=SignalStrength: 13 -1 -1 -1 -1 -1 -1 -1 -1 -1 -1 -1 gsm|lte 4 level=4
D/STATUSBAR-NetworkController( 2130): onReceive() - RSSI_CHANGED_ACTION, WIFI_STATE, NETWORK_STATE
E/DataRouter( 1823): usb connection is true 
E/DataRouter( 1823): InvokeOemRequestHookRaw usbstatus true is failure 4
E/DataRouter( 1823): usb connection is true 
E/DataRouter( 1823): InvokeOemRequestHookRaw usbstatus true is failure 4
E/DataRouter( 1823): usb connection is true 
E/DataRouter( 1823): InvokeOemRequestHookRaw usbstatus true is failure 4
E/DataRouter( 1823): usb connection is true 
E/DataRouter( 1823): InvokeOemRequestHookRaw usbstatus true is failure 4
E/AlarmManagerService( 1986): android_server_AlarmManagerService_set to type=2, 130181.975000000
V/AlarmManager( 1986): trigger WAKEUP Alarm{41d0f630 type 2 com.google.android.apps.maps}
E/AlarmManagerService( 1986): android_server_AlarmManagerService_set to type=2, 129326.588000000
E/AlarmManagerService( 1986): android_server_AlarmManagerService_set to type=2, 129326.588000000
E/DataRouter( 1823): usb connection is true 
E/DataRouter( 1823): InvokeOemRequestHookRaw usbstatus true is failure 4
E/DataRouter( 1823): usb connection is true 
E/DataRouter( 1823): InvokeOemRequestHookRaw usbstatus true is failure 4
D/STATUSBAR-NetworkController( 2130): onReceive() - RSSI_CHANGED_ACTION, WIFI_STATE, NETWORK_STATE
E/DataRouter( 1823): usb connection is true 
E/DataRouter( 1823): InvokeOemRequestHookRaw usbstatus true is failure 4
D/comsamsungapp( 9012): [MSC_Accu]>>> WWP:375 [0:0] onReceive@ androidnetwifiSCAN_RESULTS
D/comsamsungapp( 9012): [MSC_Accu]>>> WIM:53 [0:0] AccuWeatherClockWidgetID_Length
D/comsamsungapp( 9012): [MSC_Accu]>>> WIM:54 [0:0] getPrefIDs@lngth:1
D/comsamsungapp( 9012): [MSC_Accu]>>> WIM:60 [0:0] getPrefIDs@Ids1:16
W/WifiStateTracker( 1986): getNetworkInfo : NetworkInfo: type: WIFI[], state: CONNECTED/CONNECTED, reason: (unspecified), extra: (none), roaming: false, failover: false, isAvailable: true
D/comsamsungapp( 9012): [MSC_Accu]>>> WWP:708 [0:0] SCAN_RESULTS_AVAILABLE_ACTION::Detail State : CONNECTED   CHECK_AFTER_CONNECTED : false
D/dalvikvm(18572): GC_CONCURRENT freed 608K, 7% free 10524K/11207K, paused 18ms+2ms
D/dalvikvm(18572): GC_EXPLICIT freed 165K, 7% free 10501K/11207K, paused 2ms+1ms
E/AlarmManagerService( 1986): android_server_AlarmManagerService_set to type=2, 129381.588000000
D/dalvikvm( 2946): GC_CONCURRENT freed 493K, 8% free 10228K/11015K, paused 2ms+19ms
D/dalvikvm( 2946): GC_CONCURRENT freed 487K, 7% free 10252K/11015K, paused 2ms+4ms
E/DataRouter( 1823): usb connection is true 
E/DataRouter( 1823): InvokeOemRequestHookRaw usbstatus true is failure 4
D/STATUSBAR-NetworkController( 2130): onReceive() - RSSI_CHANGED_ACTION, WIFI_STATE, NETWORK_STATE
D/AndroidRuntime(19872): 
D/AndroidRuntime(19872): >>>>>> AndroidRuntime START com.android.internal.os.RuntimeInit <<<<<<
D/AndroidRuntime(19872): CheckJNI is OFF
D/AndroidRuntime(19872): setted country_code = UK
D/AndroidRuntime(19872): setted sales_code = O2U
D/AndroidRuntime(19872): found sales_code tag = <O2U>, </O2U> 
D/LibQmg_native(19872): register_android_app_LibQmg
D/AndroidRuntime(19872): Calling main entry com.android.commands.pm.Pm
W/PackageManager( 1986): Package named 'com.spotting.havewant' doesn't exist.
D/dalvikvm( 1986): GC_EXPLICIT freed 1423K, 32% free 20707K/30023K, paused 3ms+7ms
D/AndroidRuntime(19872): Shutting down VM
D/dalvikvm(19872): GC_CONCURRENT freed 97K, 83% free 460K/2560K, paused 0ms+0ms
I/AndroidRuntime(19872): NOTE: attach of thread 'Binder Thread #3' failed
E/DataRouter( 1823): usb connection is true 
E/DataRouter( 1823): InvokeOemRequestHookRaw usbstatus true is failure 4
E/DataRouter( 1823): usb connection is true 
E/DataRouter( 1823): InvokeOemRequestHookRaw usbstatus true is failure 4
E/DataRouter( 1823): usb connection is true 
E/DataRouter( 1823): InvokeOemRequestHookRaw usbstatus true is failure 4
D/BatteryService( 1986): update start
D/BatteryService( 1986): level:100 scale:100 status:5 health:2 present:true voltage: 4182 temperature: 310 technology: Li-ion AC powered:false USB powered:true icon:17302820 invalid charger:0
D/KeyguardUpdateMonitor( 1986): received broadcast android.intent.action.BATTERY_CHANGED
D/UiModeManager( 1986): mLastBroadcastState = 0mCarModeEnabled = falseisDeskDockState(mDockState) = false
V/UiModeManager( 1986): updateLocked: null action, mDockState=0, firing homeIntent: null
D/UiModeManager( 1986): updateConfigurationLocked: mDockState=0; mCarMode=false; mNightMode=0; uiMode=17
D/KeyguardUpdateMonitor( 1986): handleBatteryUpdate
D/STATUSBAR-BatteryController( 2130): onReceive() - ACTION_BATTERY_CHANGED
D/STATUSBAR-BatteryController( 2130): onReceive() - level:100
D/STATUSBAR-BatteryController( 2130): onReceive() - plugged:true
D/STATUSBAR-BatteryController( 2130): onReceive() - BATTERY_STATUS_FULL:
D/PowerSavingModeWidgetBatteryService(19159): receive Intent.ACTION_BATTERY_CHANGED
D/STATUSBAR-NetworkController( 2130): onReceive() - RSSI_CHANGED_ACTION, WIFI_STATE, NETWORK_STATE
E/DataRouter( 1823): usb connection is true 
E/DataRouter( 1823): InvokeOemRequestHookRaw usbstatus true is failure 4
D/STATUSBAR-NetworkController( 2130): onReceive() - RSSI_CHANGED_ACTION, WIFI_STATE, NETWORK_STATE
E/DataRouter( 1823): usb connection is true 
E/DataRouter( 1823): InvokeOemRequestHookRaw usbstatus true is failure 4
E/DataRouter( 1823): usb connection is true 
E/DataRouter( 1823): InvokeOemRequestHookRaw usbstatus true is failure 4
D/STATUSBAR-NetworkController( 2130): onReceive() - RSSI_CHANGED_ACTION, WIFI_STATE, NETWORK_STATE
E/DataRouter( 1823): usb connection is true 
E/DataRouter( 1823): InvokeOemRequestHookRaw usbstatus true is failure 4
D/STATUSBAR-NetworkController( 2130): onSignalStrengthsChanged signalStrength=SignalStrength: 12 -1 -1 -1 -1 -1 -1 -1 -1 -1 -1 -1 gsm|lte 4 level=4
E/DataRouter( 1823): usb connection is true 
E/DataRouter( 1823): InvokeOemRequestHookRaw usbstatus true is failure 4
E/DataRouter( 1823): usb connection is true 
E/DataRouter( 1823): InvokeOemRequestHookRaw usbstatus true is failure 4
E/DataRouter( 1823): usb connection is true 
E/DataRouter( 1823): InvokeOemRequestHookRaw usbstatus true is failure 4
E/DataRouter( 1823): usb connection is true 
E/DataRouter( 1823): InvokeOemRequestHookRaw usbstatus true is failure 4
E/DataRouter( 1823): usb connection is true 
E/DataRouter( 1823): InvokeOemRequestHookRaw usbstatus true is failure 4
E/DataRouter( 1823): usb connection is true 
E/DataRouter( 1823): InvokeOemRequestHookRaw usbstatus true is failure 4
E/DataRouter( 1823): usb connection is true 
E/DataRouter( 1823): InvokeOemRequestHookRaw usbstatus true is failure 4
E/DataRouter( 1823): usb connection is true 
E/DataRouter( 1823): InvokeOemRequestHookRaw usbstatus true is failure 4
E/DataRouter( 1823): usb connection is true 
E/DataRouter( 1823): InvokeOemRequestHookRaw usbstatus true is failure 4
E/DataRouter( 1823): usb connection is true 
