--------- beginning of /dev/log/main
E/DataRouter( 1823): usb connection is true 
E/DataRouter( 1823): DSR is ON. Don't send DTR ON.
E/DataRouter( 1823): usb connection is true 
E/DataRouter( 1823): DSR is ON. Don't send DTR ON.
E/DataRouter( 1823): usb connection is true 
E/DataRouter( 1823): DSR is ON. Don't send DTR ON.
E/DataRouter( 1823): usb connection is true 
E/DataRouter( 1823): DSR is ON. Don't send DTR ON.
--------- beginning of /dev/log/system
D/BatteryService( 1987): update start
E/DataRouter( 1823): usb connection is true 
E/DataRouter( 1823): DSR is ON. Don't send DTR ON.
E/DataRouter( 1823): usb connection is true 
E/DataRouter( 1823): DSR is ON. Don't send DTR ON.
E/AlarmManagerService( 1987): android_server_AlarmManagerService_set to type=2, 230548.678000000
V/AlarmManager( 1987): trigger WAKEUP Alarm{41a83158 type 2 com.google.android.apps.maps}
E/AlarmManagerService( 1987): android_server_AlarmManagerService_set to type=2, 230465.628000000
E/AlarmManagerService( 1987): android_server_AlarmManagerService_set to type=2, 230465.628000000
E/DataRouter( 1823): usb connection is true 
E/DataRouter( 1823): DSR is ON. Don't send DTR ON.
I/InputReader( 1987): dispatchTouch::touch event's action is 0 (deviceType=0) [pCnt=1, pending(waiting finished signal)=0]
I/InputDispatcher( 1987): Delivering touch to current input target
I/InputDispatcher( 1987): Delivering touch to current input target
I/InputDispatcher( 1987): Delivering touch to current input target
E/lights  ( 1987): write_int: path /sys/devices/virtual/sec/sec_touchkey/brightness, value 1
I/PowerManagerService( 1987): Ulight 3->7|0
D/PowerManagerService( 1987): setLightBrightness : mButtonLight : 40
I/InputReader( 1987): dispatchTouch::touch event's action is 1 (deviceType=0) [pCnt=1, pending(waiting finished signal)=0]
I/InputDispatcher( 1987): Delivering touch to current input target
I/InputDispatcher( 1987): Delivering touch to current input target
I/InputDispatcher( 1987): Delivering touch to current input target
I/ActivityManager( 1987): START {intent.toShortString} from pid 13959
I/power   ( 1987): *** acquire_dvfs_lock : lockType : 1  freq : 1200000 
D/PowerManagerService( 1987): acquireDVFSLockLocked : type : DVFS_MIN_LIMIT  frequency : 1200000  uid : 1000  pid : 1987  tag : ActivityManager
W/ActivityManager( 1987): mDVFSLock.acquire()
I/SurfaceFlinger( 1825): id=1986(260) createSurface 0x4bea4 (1x1),2 flag=400
I/Launcher(13959): onPause. Launcher: 414edfa8
I/PhotoAppWidgetProvider(12515): onReceive
I/PhotoAppWidgetProvider(12515): PauseSlideShow
D/PhotoAppWidgetProvider(12515): onReceive End
D/dalvikvm(18654): Late-enabling CheckJNI
I/ActivityManager( 1987): Start proc app.processName for activity hostingNameStr: pid=18654 uid=10038 gids={3003, 1015, 1023, 1006}
D/GLSurfaceViewGroup(13959): Skipped drawing due to suspendDrawingUntilResume()
D/com.samsung.app(14883): [MSC]>>> SCI:345 [0:0] R : secandroidintentactionHOME_PAUSE
D/com.samsung.app(14883): [MSC]>>> SCI:351 [0:0] R : no stock widget!!!
D/comsamsungapp(14078): [MSC_Accu]>>> WWP:375 [0:0] onReceive@ secandroidintentactionHOME_PAUSE
D/comsamsungapp(14078): [MSC_Accu]>>> WIM:53 [0:0] AccuWeatherClockWidgetID_Length
D/comsamsungapp(14078): [MSC_Accu]>>> WIM:54 [0:0] getPrefIDs@lngth:1
D/comsamsungapp(14078): [MSC_Accu]>>> WIM:60 [0:0] getPrefIDs@Ids1:16
D/GLSurfaceViewGroup(13959): Skipped drawing due to suspendDrawingUntilResume()
I/ApplicationUsage( 1987): Updating Usage Statistics in DB @ 1349140423212
D/CalendarAppWidgetProviderAgenda(12537): onReceive : sec.android.intent.action.HOME_PAUSE
D/CalendarAppWidgetProviderAgenda(12537): ACTION_HOME_PAUSE: false
E/DataRouter( 1823): usb connection is true 
E/DataRouter( 1823): DSR is ON. Don't send DTR ON.
I/ApplicationUsage( 1987): Done Updating Usage Statistics in DB @ 1349140424456
W/SurfaceView(13959): CHECK surface infomation creating=false formatChanged=false sizeChanged=false visible=false visibleChanged=true surfaceChanged=true realSizeChanged=false redrawNeeded=false left=false top=false
E/lights  ( 1987): write_int: path /sys/devices/virtual/sec/sec_touchkey/brightness, value 2
W/PowerManagerService( 1987): Timer 0x7->0x3|0x0
I/PowerManagerService( 1987): Ulight 7->3|0
D/PowerManagerService( 1987): setLightBrightness : mButtonLight : 0
I/webclipboard(18654): clipservice: android.sec.clipboard.ClipboardExManager@414ee0a0
I/Launcher(13959): onWindowFocusChanged(false)
I/CordovaLog(18654): Changing log level to DEBUG(3)
I/CordovaLog(18654): Found preference for useBrowserHistory=false
D/CordovaLog(18654): Found preference for useBrowserHistory=false
D/JsMessageQueue(18654): Set native->JS mode to 1
D/DroidGap(18654): DroidGap.init()
D/CordovaWebView(18654): >>> loadUrl(file:///android_asset/www/index.html)
D/PluginManager(18654): init()
D/CordovaWebView(18654): >>> loadUrlNow()
D/DroidGap(18654): Resuming the App
D/WML_SISO(18654): InitPasteboardJni
D/SoftKeyboardDetect(18654): Ignore this event
I/SurfaceFlinger( 1825): id=1987(1) createSurface 0x3a7ac (1x1),2 flag=400
D/SoftKeyboardDetect(18654): Ignore this event
W/webcore (18654): java.lang.Throwable: EventHub.removeMessages(int what = 107) is not supported before the WebViewCore is set up.
W/webcore (18654): 	at android.webkit.WebViewCore$EventHub.removeMessages(WebViewCore.java:2404)
W/webcore (18654): 	at android.webkit.WebViewCore$EventHub.access$12300(WebViewCore.java:1180)
W/webcore (18654): 	at android.webkit.WebViewCore.removeMessages(WebViewCore.java:2516)
W/webcore (18654): 	at android.webkit.WebView.sendOurVisibleRect(WebView.java:3212)
W/webcore (18654): 	at android.webkit.ZoomManager.setZoomScale(ZoomManager.java:939)
W/webcore (18654): 	at android.webkit.ZoomManager.access$2100(ZoomManager.java:57)
W/webcore (18654): 	at android.webkit.ZoomManager$PostScale.run(ZoomManager.java:1408)
W/webcore (18654): 	at android.os.Handler.handleCallback(Handler.java:605)
W/webcore (18654): 	at android.os.Handler.dispatchMessage(Handler.java:92)
W/webcore (18654): 	at android.os.Looper.loop(Looper.java:137)
W/webcore (18654): 	at android.app.ActivityThread.main(ActivityThread.java:4507)
W/webcore (18654): 	at java.lang.reflect.Method.invokeNative(Native Method)
W/webcore (18654): 	at java.lang.reflect.Method.invoke(Method.java:511)
W/webcore (18654): 	at com.android.internal.os.ZygoteInit$MethodAndArgsCaller.run(ZygoteInit.java:790)
W/webcore (18654): 	at com.android.internal.os.ZygoteInit.main(ZygoteInit.java:557)
W/webcore (18654): 	at dalvik.system.NativeStart.main(Native Method)
D/SoftKeyboardDetect(18654): Ignore this event
D/GLSurfaceViewGroup(13959): Skipped drawing due to suspendDrawingUntilResume()
I/ActivityManager( 1987): Displayed shortComponentName: +1s545ms
D/CLIPBOARD(13959): Hide Clipboard dialog at Starting input: finished by someone else... !
D/CLIPBOARD(18654): Hide Clipboard dialog at Starting input: finished by someone else... !
D/DroidGap(18654): onMessage(onPageStarted,file:///android_asset/www/index.html)
D/dalvikvm(18654): GC_CONCURRENT freed 157K, 3% free 9117K/9351K, paused 2ms+2ms
I/SurfaceFlinger( 1825): id=1986 Removed idx=7 Map Size=6
I/SurfaceFlinger( 1825): id=1986 Removed idx=-2 Map Size=6
D/comsamsungapp(14078): [MSC_Accu]>>> WWP:375 [0:0] onReceive@ androidnetwifiSCAN_RESULTS
D/comsamsungapp(14078): [MSC_Accu]>>> WIM:53 [0:0] AccuWeatherClockWidgetID_Length
D/comsamsungapp(14078): [MSC_Accu]>>> WIM:54 [0:0] getPrefIDs@lngth:1
D/comsamsungapp(14078): [MSC_Accu]>>> WIM:60 [0:0] getPrefIDs@Ids1:16
W/WifiStateTracker( 1987): getNetworkInfo : NetworkInfo: type: WIFI[], state: CONNECTED/CONNECTED, reason: (unspecified), extra: (none), roaming: false, failover: false, isAvailable: true
D/comsamsungapp(14078): [MSC_Accu]>>> WWP:708 [0:0] SCAN_RESULTS_AVAILABLE_ACTION::Detail State : CONNECTED   CHECK_AFTER_CONNECTED : false
I/GATE    (18654): <GATE-M>DEV_ACTION_COMPLETED</GATE-M>
D/Cordova (18654): onPageFinished(file:///android_asset/www/index.html)
D/CordovaWebView(18654): >>> loadUrlNow()
D/DroidGap(18654): onMessage(onNativeReady,null)
D/DroidGap(18654): onMessage(onPageFinished,file:///android_asset/www/index.html)
E/AlarmManagerService( 1987): android_server_AlarmManagerService_set to type=2, 230520.628000000
D/dalvikvm(14344): GC_EXPLICIT freed 257K, 9% free 10567K/11591K, paused 1ms+2ms
I/SurfaceFlinger( 1825): id=1985 Removed idx=1 Map Size=5
I/SurfaceFlinger( 1825): id=1985 Removed idx=-2 Map Size=5
I/SurfaceFlinger( 1825): id=1984 Removed idx=1 Map Size=4
I/SurfaceFlinger( 1825): id=1984 Removed idx=-2 Map Size=4
I/power   ( 1987): *** release_dvfs_lock : lockType : 1 
D/PowerManagerService( 1987): releaseDVFSLockLocked : all DVFS_MIN_LIMIT are released 
W/ActivityManager( 1987): mDVFSLock.release()
V/LauncherAppWidgetHostView(13959): dispatchSaveInstanceState: widgetid=16 vid=-1
V/LauncherAppWidgetHostView(13959): dispatchSaveInstanceState: widgetid=15 vid=-1
V/LauncherAppWidgetHostView(13959): dispatchSaveInstanceState: widgetid=24 vid=-1
V/LauncherAppWidgetHostView(13959): dispatchSaveInstanceState: widgetid=25 vid=-1
V/LauncherAppWidgetHostView(13959): dispatchSaveInstanceState: widgetid=38 vid=-1
V/LauncherAppWidgetHostView(13959): dispatchSaveInstanceState: widgetid=35 vid=-1
V/LauncherAppWidgetHostView(13959): dispatchSaveInstanceState: widgetid=40 vid=-1
V/LauncherAppWidgetHostView(13959): dispatchSaveInstanceState: widgetid=30 vid=-1
V/LauncherAppWidgetHostView(13959): dispatchSaveInstanceState: widgetid=37 vid=-1
I/Launcher(13959): onStop. Launcher: 414edfa8
D/dalvikvm(17812): GC_CONCURRENT freed 531K, 7% free 9903K/10567K, paused 2ms+2ms
W/webcoreglue(18654): updateFrameCache: pending style recalc, ignoring.
D/dalvikvm(18654): GC_FOR_ALLOC freed 109K, 4% free 9430K/9735K, paused 10ms
D/dalvikvm(18654): GC_FOR_ALLOC freed 9K, 3% free 9782K/10055K, paused 10ms
I/SqliteDatabaseCpp(18654): sqlite returned: error code = 14, msg = cannot open file at line 27827 of [ed759d5a9e], db=xxx
I/SqliteDatabaseCpp(18654): sqlite returned: error code = 14, msg = os_unix.c: open() at line 27827 - "" errno=2 path=/CachedGeoposition.db, db=xxx
W/WifiStateTracker( 1987): getNetworkInfo : NetworkInfo: type: WIFI[], state: CONNECTED/CONNECTED, reason: (unspecified), extra: (none), roaming: false, failover: false, isAvailable: true
D/DroidGap(18654): onMessage(networkconnection,wifi)
D/DroidGap(18654): onMessage(spinner,stop)
D/CordovaLog(18654): Initialised Add New Items Page
D/CordovaLog(18654): file:///android_asset/www/js/views/addItem/addItem.js: Line 16 : Initialised Add New Items Page
D/CordovaLog(18654): Initialised Camera Page
D/CordovaLog(18654): file:///android_asset/www/js/views/addItem/cameraImages.js: Line 14 : Initialised Camera Page
D/CordovaLog(18654): Initialised jQueryConfig
D/CordovaLog(18654): file:///android_asset/www/js/libs/jquery/jquery.mobile-config.js: Line 14 : Initialised jQueryConfig
D/CordovaLog(18654): Initialised Items Page
D/CordovaLog(18654): file:///android_asset/www/js/views/items/items.js: Line 14 : Initialised Items Page
E/DataRouter( 1823): usb connection is true 
E/DataRouter( 1823): DSR is ON. Don't send DTR ON.
D/CordovaLog(18654): Gallery Page: Device Ready
D/CordovaLog(18654): file:///android_asset/www/js/views/addItem/galleryImages.js: Line 27 : Gallery Page: Device Ready
D/CordovaLog(18654): Initialised Gallery Page
D/CordovaLog(18654): file:///android_asset/www/js/views/addItem/galleryImages.js: Line 23 : Initialised Gallery Page
D/CordovaLog(18654): Rendering Home Page
D/CordovaLog(18654): file:///android_asset/www/js/views/home/home.js: Line 15 : Rendering Home Page
D/DroidGap(18654): onMessage(spinner,stop)
D/STATUSBAR-NetworkController( 2131): onReceive() - RSSI_CHANGED_ACTION, WIFI_STATE, NETWORK_STATE
I/InputReader( 1987): dispatchTouch::touch event's action is 0 (deviceType=0) [pCnt=1, pending(waiting finished signal)=0]
I/InputDispatcher( 1987): Delivering touch to current input target
I/InputDispatcher( 1987): Delivering touch to current input target
E/lights  ( 1987): write_int: path /sys/devices/virtual/sec/sec_touchkey/brightness, value 1
I/PowerManagerService( 1987): Ulight 3->7|0
D/PowerManagerService( 1987): setLightBrightness : mButtonLight : 40
I/InputReader( 1987): dispatchTouch::touch event's action is 1 (deviceType=0) [pCnt=1, pending(waiting finished signal)=0]
I/InputDispatcher( 1987): Delivering touch to current input target
I/InputDispatcher( 1987): Delivering touch to current input target
V/webview (18654):  singleCursorHandlerTouchEvent -getEditableSupport  FASLE 
I/GATE    (18654): <GATE-M>DEV_ACTION_COMPLETED</GATE-M>
E/DataRouter( 1823): usb connection is true 
E/DataRouter( 1823): DSR is ON. Don't send DTR ON.
D/Cordova (18654): onPageFinished(file:///android_asset/www/index.html#additem)
D/CordovaWebView(18654): >>> loadUrlNow()
D/DroidGap(18654): onMessage(onNativeReady,null)
D/DroidGap(18654): onMessage(onPageFinished,file:///android_asset/www/index.html#additem)
E/lights  ( 1987): write_int: path /sys/devices/virtual/sec/sec_touchkey/brightness, value 2
W/PowerManagerService( 1987): Timer 0x7->0x3|0x0
I/PowerManagerService( 1987): Ulight 7->3|0
D/PowerManagerService( 1987): setLightBrightness : mButtonLight : 0
E/DataRouter( 1823): usb connection is true 
E/DataRouter( 1823): DSR is ON. Don't send DTR ON.
I/InputReader( 1987): dispatchTouch::touch event's action is 0 (deviceType=0) [pCnt=1, pending(waiting finished signal)=0]
I/InputDispatcher( 1987): Delivering touch to current input target
I/InputDispatcher( 1987): Delivering touch to current input target
E/lights  ( 1987): write_int: path /sys/devices/virtual/sec/sec_touchkey/brightness, value 1
I/PowerManagerService( 1987): Ulight 3->7|0
D/PowerManagerService( 1987): setLightBrightness : mButtonLight : 40
I/InputReader( 1987): dispatchTouch::touch event's action is 1 (deviceType=0) [pCnt=1, pending(waiting finished signal)=0]
I/InputDispatcher( 1987): Delivering touch to current input target
I/InputDispatcher( 1987): Delivering touch to current input target
V/webview (18654):  singleCursorHandlerTouchEvent -getEditableSupport  FASLE 
I/GATE    (18654): <GATE-M>DEV_ACTION_COMPLETED</GATE-M>
D/Cordova (18654): onPageFinished(file:///android_asset/www/index.html#useGallery)
D/CordovaWebView(18654): >>> loadUrlNow()
D/DroidGap(18654): onMessage(onNativeReady,null)
D/DroidGap(18654): onMessage(onPageFinished,file:///android_asset/www/index.html#useGallery)
D/CordovaLog(18654): Gallery Page - Render
D/CordovaLog(18654): file:///android_asset/www/js/views/addItem/galleryImages.js: Line 71 : Gallery Page - Render
D/CordovaLog(18654):  - Getting FileSystem and Photos
D/CordovaLog(18654): file:///android_asset/www/js/views/addItem/galleryImages.js: Line 74 :  - Getting FileSystem and Photos
D/CordovaLog(18654): Got the file system: persistent
D/CordovaLog(18654): file:///android_asset/www/js/views/addItem/galleryImages.js: Line 31 : Got the file system: persistent
D/CordovaLog(18654): Root entry name is sdcard
D/CordovaLog(18654): file:///android_asset/www/js/views/addItem/galleryImages.js: Line 32 : Root entry name is sdcard
D/CordovaLog(18654): Generating Thumbnails
D/CordovaLog(18654): file:///android_asset/www/js/views/addItem/galleryImages.js: Line 48 : Generating Thumbnails
E/libEGL  (18654): call to OpenGL ES API with no current context (logged once per thread)
D/ShaderProgram(18654): couldn't load the vertex shader!
E/libEGL  (18654): call to OpenGL ES API with no current context (logged once per thread)
D/ShaderProgram(18654): couldn't load the vertex shader!
E/libEGL  (18654): call to OpenGL ES API with no current context (logged once per thread)
D/ShaderProgram(18654): couldn't load the vertex shader!
E/libEGL  (18654): call to OpenGL ES API with no current context (logged once per thread)
D/ShaderProgram(18654): couldn't load the vertex shader!
E/libEGL  (18654): call to OpenGL ES API with no current context (logged once per thread)
D/ShaderProgram(18654): couldn't load the vertex shader!
I/CordovaThumbnailer(18654): Creating thumbnail for media item: /mnt/sdcard/DCIM/Camera/20120623_123008.jpg
I/CordovaThumbnailer(18654): Creating thumbnail for media item: /mnt/sdcard/DCIM/Camera/20120623_123013.jpg
I/CordovaThumbnailer(18654): Creating thumbnail for media item: /mnt/sdcard/DCIM/Camera/20120624_162030.jpg
I/CordovaThumbnailer(18654): Creating thumbnail for media item: /mnt/sdcard/DCIM/Camera/20120624_162052.jpg
I/CordovaThumbnailer(18654): Creating thumbnail for media item: /mnt/sdcard/DCIM/Camera/20120624_162059.jpg
I/CordovaThumbnailer(18654): Creating thumbnail for media item: /mnt/sdcard/DCIM/Camera/20120630_194338.jpg
I/CordovaThumbnailer(18654): Creating thumbnail for media item: /mnt/sdcard/DCIM/Camera/20120624_164917.jpg
I/CordovaThumbnailer(18654): Creating thumbnail for media item: /mnt/sdcard/DCIM/Camera/20120624_174027.jpg
I/CordovaThumbnailer(18654): Creating thumbnail for media item: /mnt/sdcard/DCIM/Camera/20120630_194348.jpg
I/CordovaThumbnailer(18654): Creating thumbnail for media item: /mnt/sdcard/DCIM/Camera/20120629_211146.jpg
I/CordovaThumbnailer(18654): Creating thumbnail for media item: /mnt/sdcard/DCIM/Camera/20120630_194033.jpg
I/CordovaThumbnailer(18654): Creating thumbnail for media item: /mnt/sdcard/DCIM/Camera/20120702_180028.jpg
I/CordovaThumbnailer(18654): Creating thumbnail for media item: /mnt/sdcard/DCIM/Camera/20120706_150843.jpg
I/CordovaThumbnailer(18654): Creating thumbnail for media item: /mnt/sdcard/DCIM/Camera/20120714_133801.jpg
I/CordovaThumbnailer(18654): Creating thumbnail for media item: /mnt/sdcard/DCIM/Camera/20120716_235847.jpg
I/CordovaThumbnailer(18654): Creating thumbnail for media item: /mnt/sdcard/DCIM/Camera/20120718_174433.jpg
I/CordovaThumbnailer(18654): Creating thumbnail for media item: /mnt/sdcard/DCIM/Camera/20120719_151938.jpg
I/CordovaThumbnailer(18654): Creating thumbnail for media item: /mnt/sdcard/DCIM/Camera/20120719_195556.jpg
I/CordovaThumbnailer(18654): Creating thumbnail for media item: /mnt/sdcard/DCIM/Camera/20120719_203407.jpg
I/CordovaThumbnailer(18654): Creating thumbnail for media item: /mnt/sdcard/DCIM/Camera/20120719_231214.jpg
I/CordovaThumbnailer(18654): Creating thumbnail for media item: /mnt/sdcard/DCIM/Camera/20120719_231429.jpg
I/CordovaThumbnailer(18654): Creating thumbnail for media item: /mnt/sdcard/DCIM/Camera/20120725_233603.jpg
I/CordovaThumbnailer(18654): Creating thumbnail for media item: /mnt/sdcard/DCIM/Camera/20120725_233624.jpg
I/CordovaThumbnailer(18654): Creating thumbnail for media item: /mnt/sdcard/DCIM/Camera/20120725_233633.jpg
I/CordovaThumbnailer(18654): Creating thumbnail for media item: /mnt/sdcard/DCIM/Camera/20120726_090650.jpg
I/CordovaThumbnailer(18654): Creating thumbnail for media item: /mnt/sdcard/DCIM/Camera/20120726_090718.jpg
I/CordovaThumbnailer(18654): Creating thumbnail for media item: /mnt/sdcard/DCIM/Camera/20120726_090729.jpg
I/CordovaThumbnailer(18654): Creating thumbnail for media item: /mnt/sdcard/DCIM/Camera/20120726_090750.jpg
I/CordovaThumbnailer(18654): Creating thumbnail for media item: /mnt/sdcard/DCIM/Camera/20120726_090822.jpg
I/CordovaThumbnailer(18654): Creating thumbnail for media item: /mnt/sdcard/DCIM/Camera/20120726_091348.jpg
I/CordovaThumbnailer(18654): Creating thumbnail for media item: /mnt/sdcard/DCIM/Camera/20120726_091352.jpg
I/CordovaThumbnailer(18654): Creating thumbnail for media item: /mnt/sdcard/DCIM/Camera/20120726_091514.jpg
I/CordovaThumbnailer(18654): Creating thumbnail for media item: /mnt/sdcard/DCIM/Camera/20120726_091518.jpg
I/CordovaThumbnailer(18654): Creating thumbnail for media item: /mnt/sdcard/DCIM/Camera/20120726_091546.jpg
I/CordovaThumbnailer(18654): Creating thumbnail for media item: /mnt/sdcard/DCIM/Camera/20120726_191729.jpg
I/CordovaThumbnailer(18654): Creating thumbnail for media item: /mnt/sdcard/DCIM/Camera/20120726_191733.jpg
I/CordovaThumbnailer(18654): Creating thumbnail for media item: /mnt/sdcard/DCIM/Camera/20120802_170637.jpg
I/CordovaThumbnailer(18654): Creating thumbnail for media item: /mnt/sdcard/DCIM/Camera/20120802_184140.jpg
I/CordovaThumbnailer(18654): Creating thumbnail for media item: /mnt/sdcard/DCIM/Camera/20120803_131059.jpg
I/CordovaThumbnailer(18654): Creating thumbnail for media item: /mnt/sdcard/DCIM/Camera/20120803_131111.jpg
I/CordovaThumbnailer(18654): Creating thumbnail for media item: /mnt/sdcard/DCIM/Camera/20120803_131115.jpg
I/CordovaThumbnailer(18654): Creating thumbnail for media item: /mnt/sdcard/DCIM/Camera/20120805_015913.jpg
D/dalvikvm(18654): GC_CONCURRENT freed 255K, 4% free 9976K/10311K, paused 1ms+1ms
I/CordovaThumbnailer(18654): Creating thumbnail for media item: /mnt/sdcard/DCIM/Camera/20120805_015918.jpg
I/CordovaThumbnailer(18654): Creating thumbnail for media item: /mnt/sdcard/DCIM/Camera/20120805_015926.jpg
I/CordovaThumbnailer(18654): Creating thumbnail for media item: /mnt/sdcard/DCIM/Camera/20120805_020415.jpg
I/CordovaThumbnailer(18654): Creating thumbnail for media item: /mnt/sdcard/DCIM/Camera/20120805_122357.jpg
I/CordovaThumbnailer(18654): Creating thumbnail for media item: /mnt/sdcard/DCIM/Camera/20120805_122409.jpg
I/CordovaThumbnailer(18654): Creating thumbnail for media item: /mnt/sdcard/DCIM/Camera/20120805_122417.jpg
I/CordovaThumbnailer(18654): Creating thumbnail for media item: /mnt/sdcard/DCIM/Camera/20120805_165920.jpg
I/CordovaThumbnailer(18654): Creating thumbnail for media item: /mnt/sdcard/DCIM/Camera/20120805_165923.jpg
I/CordovaThumbnailer(18654): Creating thumbnail for media item: /mnt/sdcard/DCIM/Camera/20120814_212719.jpg
I/CordovaThumbnailer(18654): Creating thumbnail for media item: /mnt/sdcard/DCIM/Camera/20120814_213133.jpg
I/CordovaThumbnailer(18654): Creating thumbnail for media item: /mnt/sdcard/DCIM/Camera/20120814_213157.jpg
I/CordovaThumbnailer(18654): Creating thumbnail for media item: /mnt/sdcard/DCIM/Camera/20120814_213211.jpg
I/CordovaThumbnailer(18654): Creating thumbnail for media item: /mnt/sdcard/DCIM/Camera/20120814_213223.jpg
I/CordovaThumbnailer(18654): Creating thumbnail for media item: /mnt/sdcard/DCIM/Camera/20120814_213232.jpg
I/CordovaThumbnailer(18654): Creating thumbnail for media item: /mnt/sdcard/DCIM/Camera/20120814_213254.jpg
I/CordovaThumbnailer(18654): Creating thumbnail for media item: /mnt/sdcard/DCIM/Camera/20120814_213306.jpg
I/CordovaThumbnailer(18654): Creating thumbnail for media item: /mnt/sdcard/DCIM/Camera/20120814_213516.jpg
I/CordovaThumbnailer(18654): Creating thumbnail for media item: /mnt/sdcard/DCIM/Camera/20120814_213526.jpg
I/CordovaThumbnailer(18654): Creating thumbnail for media item: /mnt/sdcard/DCIM/Camera/20120814_213540.jpg
I/CordovaThumbnailer(18654): Creating thumbnail for media item: /mnt/sdcard/DCIM/Camera/20120814_213653.jpg
I/CordovaThumbnailer(18654): Creating thumbnail for media item: /mnt/sdcard/DCIM/Camera/20120814_213701.jpg
I/CordovaThumbnailer(18654): Creating thumbnail for media item: /mnt/sdcard/DCIM/Camera/20120814_213725.jpg
I/CordovaThumbnailer(18654): Creating thumbnail for media item: /mnt/sdcard/DCIM/Camera/20120814_213842.jpg
I/CordovaThumbnailer(18654): Creating thumbnail for media item: /mnt/sdcard/DCIM/Camera/20120814_230234.jpg
I/CordovaThumbnailer(18654): Creating thumbnail for media item: /mnt/sdcard/DCIM/Camera/20120814_230241.jpg
I/CordovaThumbnailer(18654): Creating thumbnail for media item: /mnt/sdcard/DCIM/Camera/20120814_230257.jpg
I/CordovaThumbnailer(18654): Creating thumbnail for media item: /mnt/sdcard/DCIM/Camera/20120814_230339.jpg
I/CordovaThumbnailer(18654): Creating thumbnail for media item: /mnt/sdcard/DCIM/Camera/20120814_230456.jpg
I/CordovaThumbnailer(18654): Creating thumbnail for media item: /mnt/sdcard/DCIM/Camera/20120814_230553.jpg
I/CordovaThumbnailer(18654): Creating thumbnail for media item: /mnt/sdcard/DCIM/Camera/20120814_230633.jpg
I/CordovaThumbnailer(18654): Creating thumbnail for media item: /mnt/sdcard/DCIM/Camera/20120814_230653.jpg
I/CordovaThumbnailer(18654): Creating thumbnail for media item: /mnt/sdcard/DCIM/Camera/20120814_230750.jpg
I/CordovaThumbnailer(18654): Creating thumbnail for media item: /mnt/sdcard/DCIM/Camera/20120814_230854.jpg
I/CordovaThumbnailer(18654): Creating thumbnail for media item: /mnt/sdcard/DCIM/Camera/20120814_230926.jpg
I/CordovaThumbnailer(18654): Creating thumbnail for media item: /mnt/sdcard/DCIM/Camera/20120818_145951.jpg
I/CordovaThumbnailer(18654): Creating thumbnail for media item: /mnt/sdcard/DCIM/Camera/20120818_145955.jpg
I/CordovaThumbnailer(18654): Creating thumbnail for media item: /mnt/sdcard/DCIM/Camera/20120818_150014.jpg
I/CordovaThumbnailer(18654): Creating thumbnail for media item: /mnt/sdcard/DCIM/Camera/20120819_011304.jpg
I/CordovaThumbnailer(18654): Creating thumbnail for media item: /mnt/sdcard/DCIM/Camera/20120824_230452.jpg
I/CordovaThumbnailer(18654): Creating thumbnail for media item: /mnt/sdcard/DCIM/Camera/cache.jpg
I/CordovaThumbnailer(18654): Creating thumbnail for media item: /mnt/sdcard/DCIM/Camera/20120830_152228.jpg
I/CordovaThumbnailer(18654): Creating thumbnail for media item: /mnt/sdcard/DCIM/Camera/20120901_012825.jpg
I/CordovaThumbnailer(18654): Creating thumbnail for media item: /mnt/sdcard/DCIM/Camera/20120901_012830.jpg
I/CordovaThumbnailer(18654): Creating thumbnail for media item: /mnt/sdcard/DCIM/Camera/20120901_012835.jpg
I/CordovaThumbnailer(18654): Creating thumbnail for media item: /mnt/sdcard/DCIM/Camera/20120901_012840.jpg
D/dalvikvm(18654): GC_FOR_ALLOC freed 377K, 6% free 10000K/10567K, paused 10ms
E/lights  ( 1987): write_int: path /sys/devices/virtual/sec/sec_touchkey/brightness, value 2
I/CordovaThumbnailer(18654): Creating thumbnail for media item: /mnt/sdcard/DCIM/Camera/20120901_012844.jpg
W/PowerManagerService( 1987): Timer 0x7->0x3|0x0
I/PowerManagerService( 1987): Ulight 7->3|0
D/PowerManagerService( 1987): setLightBrightness : mButtonLight : 0
I/CordovaThumbnailer(18654): Creating thumbnail for media item: /mnt/sdcard/DCIM/Camera/20120901_012849.jpg
I/CordovaThumbnailer(18654): Creating thumbnail for media item: /mnt/sdcard/DCIM/Camera/20120901_012857.jpg
E/DataRouter( 1823): usb connection is true 
E/DataRouter( 1823): DSR is ON. Don't send DTR ON.
I/CordovaThumbnailer(18654): Creating thumbnail for media item: /mnt/sdcard/DCIM/Camera/20120901_012950.jpg
D/dalvikvm(18654): GC_FOR_ALLOC freed 320K, 6% free 10000K/10567K, paused 11ms
I/CordovaThumbnailer(18654): Creating thumbnail for media item: /mnt/sdcard/DCIM/Camera/20120901_012959.jpg
I/CordovaThumbnailer(18654): Creating thumbnail for media item: /mnt/sdcard/DCIM/Camera/20120901_014950.jpg
I/CordovaThumbnailer(18654): Creating thumbnail for media item: /mnt/sdcard/DCIM/Camera/20120908_143943.jpg
I/CordovaThumbnailer(18654): Creating thumbnail for media item: /mnt/sdcard/DCIM/Camera/20120912_142326.jpg
D/dalvikvm(18654): GC_FOR_ALLOC freed 319K, 6% free 10001K/10567K, paused 12ms
I/CordovaThumbnailer(18654): Creating thumbnail for media item: /mnt/sdcard/DCIM/Camera/20120912_142331.jpg
I/CordovaThumbnailer(18654): Creating thumbnail for media item: /mnt/sdcard/DCIM/Camera/20120912_142335.jpg
I/CordovaThumbnailer(18654): Creating thumbnail for media item: /mnt/sdcard/DCIM/Camera/20120913_012816.jpg
I/CordovaThumbnailer(18654): Creating thumbnail for media item: /mnt/sdcard/DCIM/Camera/20120913_012827.jpg
D/dalvikvm(18654): GC_FOR_ALLOC freed 320K, 6% free 10003K/10567K, paused 10ms
E/DataRouter( 1823): usb connection is true 
E/DataRouter( 1823): DSR is ON. Don't send DTR ON.
I/CordovaThumbnailer(18654): Creating thumbnail for media item: /mnt/sdcard/DCIM/Camera/20120913_012836.jpg
I/CordovaThumbnailer(18654): Creating thumbnail for media item: /mnt/sdcard/DCIM/Camera/20120913_012910.jpg
I/CordovaThumbnailer(18654): Creating thumbnail for media item: /mnt/sdcard/DCIM/Camera/20120913_012914.jpg
I/CordovaThumbnailer(18654): Creating thumbnail for media item: /mnt/sdcard/DCIM/Camera/20120913_014240.jpg
D/dalvikvm(18654): GC_FOR_ALLOC freed 320K, 6% free 10004K/10567K, paused 10ms
I/CordovaThumbnailer(18654): Creating thumbnail for media item: /mnt/sdcard/DCIM/Camera/20120913_014243.jpg
I/CordovaThumbnailer(18654): Creating thumbnail for media item: /mnt/sdcard/DCIM/Camera/20120914_214512.jpg
I/CordovaThumbnailer(18654): Creating thumbnail for media item: /mnt/sdcard/DCIM/Camera/20120914_214517.jpg
I/CordovaThumbnailer(18654): Creating thumbnail for media item: /mnt/sdcard/DCIM/Camera/20120914_214523.jpg
I/CordovaThumbnailer(18654): Creating thumbnail for media item: /mnt/sdcard/DCIM/Camera/20120914_214533.jpg
D/dalvikvm(18654): GC_FOR_ALLOC freed 399K, 6% free 10005K/10631K, paused 10ms
E/DataRouter( 1823): usb connection is true 
E/DataRouter( 1823): DSR is ON. Don't send DTR ON.
I/CordovaThumbnailer(18654): Creating thumbnail for media item: /mnt/sdcard/DCIM/Camera/20120914_214538.jpg
D/STATUSBAR-NetworkController( 2131): onSignalStrengthsChanged signalStrength=SignalStrength: 12 -1 -1 -1 -1 -1 -1 -1 -1 -1 -1 -1 gsm|lte 4 level=4
I/CordovaThumbnailer(18654): Creating thumbnail for media item: /mnt/sdcard/DCIM/Camera/20120914_214547.jpg
I/CordovaThumbnailer(18654): Creating thumbnail for media item: /mnt/sdcard/DCIM/Camera/20120914_214554.jpg
I/CordovaThumbnailer(18654): Creating thumbnail for media item: /mnt/sdcard/DCIM/Camera/20120914_214604.jpg
I/CordovaThumbnailer(18654): Creating thumbnail for media item: /mnt/sdcard/DCIM/Camera/20120914_214610.jpg
D/dalvikvm(18654): GC_CONCURRENT freed 399K, 6% free 10006K/10631K, paused 1ms+2ms
I/CordovaThumbnailer(18654): Creating thumbnail for media item: /mnt/sdcard/DCIM/Camera/20120914_224103.jpg
I/CordovaThumbnailer(18654): Creating thumbnail for media item: /mnt/sdcard/DCIM/Camera/20120914_224107.jpg
I/CordovaThumbnailer(18654): Creating thumbnail for media item: /mnt/sdcard/DCIM/Camera/20120914_224116.jpg
I/CordovaThumbnailer(18654): Creating thumbnail for media item: /mnt/sdcard/DCIM/Camera/20120914_224127.jpg
E/DataRouter( 1823): usb connection is true 
E/DataRouter( 1823): DSR is ON. Don't send DTR ON.
I/CordovaThumbnailer(18654): Creating thumbnail for media item: /mnt/sdcard/DCIM/Camera/20120914_224207.jpg
D/dalvikvm(18654): GC_CONCURRENT freed 399K, 6% free 10007K/10631K, paused 1ms+2ms
I/CordovaThumbnailer(18654): Creating thumbnail for media item: /mnt/sdcard/DCIM/Camera/20120914_224216.jpg
I/CordovaThumbnailer(18654): Creating thumbnail for media item: /mnt/sdcard/DCIM/Camera/20120914_224233.jpg
I/CordovaThumbnailer(18654): Creating thumbnail for media item: /mnt/sdcard/DCIM/Camera/20120914_224237.jpg
I/CordovaThumbnailer(18654): Creating thumbnail for media item: /mnt/sdcard/DCIM/Camera/20120914_224324.jpg
I/CordovaThumbnailer(18654): Creating thumbnail for media item: /mnt/sdcard/DCIM/Camera/20120914_224331.jpg
D/dalvikvm(18654): GC_CONCURRENT freed 399K, 6% free 10008K/10631K, paused 1ms+2ms
I/CordovaThumbnailer(18654): Creating thumbnail for media item: /mnt/sdcard/DCIM/Camera/20120914_224404.jpg
I/CordovaThumbnailer(18654): Creating thumbnail for media item: /mnt/sdcard/DCIM/Camera/20120914_224413.jpg
I/CordovaThumbnailer(18654): Creating thumbnail for media item: /mnt/sdcard/DCIM/Camera/20120914_230004.jpg
E/DataRouter( 1823): usb connection is true 
E/DataRouter( 1823): DSR is ON. Don't send DTR ON.
I/CordovaThumbnailer(18654): Creating thumbnail for media item: /mnt/sdcard/DCIM/Camera/20120914_233736.jpg
E/AlarmManagerService( 1987): android_server_AlarmManagerService_set to type=3, 230641.913000000
E/AlarmManagerService( 1987): android_server_AlarmManagerService_set to type=3, 230540.210000000
D/KeyguardUpdateMonitor( 1987): received broadcast android.intent.action.TIME_TICK
D/KeyguardUpdateMonitor( 1987): handleTimeUpdate
D/STATUSBAR-DateView( 2131): updateClock :02/10/2012
D/DigitalClock(16859): DigitalClockAppWidgetService. action :  android.intent.action.TIME_TICK
D/DigitalClock(16859): DigitalClockAppWidget. : updateClock =  [I@415390e8
D/DigitalClock(16859): DigitalClockAppWidget. : drawMinute mm1_ 1mm2_4
I/CordovaThumbnailer(18654): Creating thumbnail for media item: /mnt/sdcard/DCIM/Camera/20120914_233747.jpg
D/dalvikvm(18654): GC_CONCURRENT freed 399K, 7% free 9993K/10631K, paused 2ms+1ms
I/CordovaThumbnailer(18654): Creating thumbnail for media item: /mnt/sdcard/DCIM/Camera/20120914_233759.jpg
I/CordovaThumbnailer(18654): Creating thumbnail for media item: /mnt/sdcard/DCIM/Camera/20120914_233836.jpg
I/CordovaThumbnailer(18654): Creating thumbnail for media item: /mnt/sdcard/DCIM/Camera/20120914_233850.jpg
I/CordovaThumbnailer(18654): Creating thumbnail for media item: /mnt/sdcard/DCIM/Camera/20120914_233910.jpg
D/dalvikvm(18654): GC_CONCURRENT freed 364K, 6% free 10033K/10631K, paused 2ms+2ms
I/CordovaThumbnailer(18654): Creating thumbnail for media item: /mnt/sdcard/DCIM/Camera/20120914_233923.jpg
I/CordovaThumbnailer(18654): Creating thumbnail for media item: /mnt/sdcard/DCIM/Camera/20120915_150950.jpg
I/CordovaThumbnailer(18654): Creating thumbnail for media item: /mnt/sdcard/DCIM/Camera/20120915_202952.jpg
E/DataRouter( 1823): usb connection is true 
E/DataRouter( 1823): DSR is ON. Don't send DTR ON.
I/CordovaThumbnailer(18654): Creating thumbnail for media item: /mnt/sdcard/DCIM/Camera/20120915_202957.jpg
I/CordovaThumbnailer(18654): Creating thumbnail for media item: /mnt/sdcard/DCIM/Camera/20120918_200720.jpg
D/dalvikvm(18654): GC_FOR_ALLOC freed 399K, 6% free 10010K/10631K, paused 10ms
I/CordovaThumbnailer(18654): Creating thumbnail for media item: /mnt/sdcard/DCIM/Camera/20120918_200729.jpg
I/CordovaThumbnailer(18654): Creating thumbnail for media item: /mnt/sdcard/DCIM/Camera/20120922_123416.jpg
I/CordovaThumbnailer(18654): Creating thumbnail for media item: /mnt/sdcard/DCIM/Camera/20120927_181415.jpg
I/CordovaThumbnailer(18654): Creating thumbnail for media item: /mnt/sdcard/DCIM/Camera/20120930_180406.jpg
I/CordovaThumbnailer(18654): Creating thumbnail for media item: /mnt/sdcard/DCIM/Camera/20120624_162030.jpg.jpg
D/dalvikvm(18654): GC_CONCURRENT freed 368K, 6% free 10044K/10631K, paused 2ms+2ms
D/dalvikvm(18654): GC_FOR_ALLOC freed 367K, 6% free 10004K/10631K, paused 10ms
D/CordovaLog(18654): Rendering Thumbnails
D/CordovaLog(18654): file:///android_asset/www/js/views/addItem/galleryImages.js: Line 55 : Rendering Thumbnails
D/CordovaLog(18654): Print Results: 
D/CordovaLog(18654): file:///android_asset/www/js/views/addItem/galleryImages.js: Line 83 : Print Results: 
D/CordovaLog(18654): /mnt/sdcard/DCIM/Camera/20120725_233603.jpg: /mnt/sdcard/DCIM/Camera/pg_thumbs/20120725_233603.jpg
D/CordovaLog(18654): file:///android_asset/www/js/views/addItem/galleryImages.js: Line 85 : /mnt/sdcard/DCIM/Camera/20120725_233603.jpg: /mnt/sdcard/DCIM/Camera/pg_thumbs/20120725_233603.jpg
D/CordovaLog(18654): /mnt/sdcard/DCIM/Camera/20120805_015918.jpg: /mnt/sdcard/DCIM/Camera/pg_thumbs/20120805_015918.jpg
D/CordovaLog(18654): file:///android_asset/www/js/views/addItem/galleryImages.js: Line 85 : /mnt/sdcard/DCIM/Camera/20120805_015918.jpg: /mnt/sdcard/DCIM/Camera/pg_thumbs/20120805_015918.jpg
D/CordovaLog(18654): /mnt/sdcard/DCIM/Camera/20120805_165920.jpg: /mnt/sdcard/DCIM/Camera/pg_thumbs/20120805_165920.jpg
D/CordovaLog(18654): file:///android_asset/www/js/views/addItem/galleryImages.js: Line 85 : /mnt/sdcard/DCIM/Camera/20120805_165920.jpg: /mnt/sdcard/DCIM/Camera/pg_thumbs/20120805_165920.jpg
D/CordovaLog(18654): /mnt/sdcard/DCIM/Camera/20120718_174433.jpg: /mnt/sdcard/DCIM/Camera/pg_thumbs/20120718_174433.jpg
D/CordovaLog(18654): file:///android_asset/www/js/views/addItem/galleryImages.js: Line 85 : /mnt/sdcard/DCIM/Camera/20120718_174433.jpg: /mnt/sdcard/DCIM/Camera/pg_thumbs/20120718_174433.jpg
D/CordovaLog(18654): /mnt/sdcard/DCIM/Camera/20120918_200720.jpg: /mnt/sdcard/DCIM/Camera/pg_thumbs/20120918_200720.jpg
D/CordovaLog(18654): file:///android_asset/www/js/views/addItem/galleryImages.js: Line 85 : /mnt/sdcard/DCIM/Camera/20120918_200720.jpg: /mnt/sdcard/DCIM/Camera/pg_thumbs/20120918_200720.jpg
D/CordovaLog(18654): /mnt/sdcard/DCIM/Camera/20120830_152228.jpg: /mnt/sdcard/DCIM/Camera/pg_thumbs/20120830_152228.jpg
D/CordovaLog(18654): file:///android_asset/www/js/views/addItem/galleryImages.js: Line 85 : /mnt/sdcard/DCIM/Camera/20120830_152228.jpg: /mnt/sdcard/DCIM/Camera/pg_thumbs/20120830_152228.jpg
D/CordovaLog(18654): /mnt/sdcard/DCIM/Camera/20120818_150014.jpg: /mnt/sdcard/DCIM/Camera/pg_thumbs/20120818_150014.jpg
D/CordovaLog(18654): file:///android_asset/www/js/views/addItem/galleryImages.js: Line 85 : /mnt/sdcard/DCIM/Camera/20120818_150014.jpg: /mnt/sdcard/DCIM/Camera/pg_thumbs/20120818_150014.jpg
D/CordovaLog(18654): /mnt/sdcard/DCIM/Camera/20120914_224116.jpg: /mnt/sdcard/DCIM/Camera/pg_thumbs/20120914_224116.jpg
D/CordovaLog(18654): file:///android_asset/www/js/views/addItem/galleryImages.js: Line 85 : /mnt/sdcard/DCIM/Camera/20120914_224116.jpg: /mnt/sdcard/DCIM/Camera/pg_thumbs/20120914_224116.jpg
D/CordovaLog(18654): /mnt/sdcard/DCIM/Camera/20120914_224207.jpg: /mnt/sdcard/DCIM/Camera/pg_thumbs/20120914_224207.jpg
D/CordovaLog(18654): file:///android_asset/www/js/views/addItem/galleryImages.js: Line 85 : /mnt/sdcard/DCIM/Camera/20120914_224207.jpg: /mnt/sdcard/DCIM/Camera/pg_thumbs/20120914_224207.jpg
D/CordovaLog(18654): /mnt/sdcard/DCIM/Camera/20120814_230241.jpg: /mnt/sdcard/DCIM/Camera/pg_thumbs/20120814_230241.jpg
D/CordovaLog(18654): file:///android_asset/www/js/views/addItem/galleryImages.js: Line 85 : /mnt/sdcard/DCIM/Camera/20120814_230241.jpg: /mnt/sdcard/DCIM/Camera/pg_thumbs/20120814_230241.jpg
D/CordovaLog(18654): /mnt/sdcard/DCIM/Camera/20120913_012910.jpg: /mnt/sdcard/DCIM/Camera/pg_thumbs/20120913_012910.jpg
D/CordovaLog(18654): file:///android_asset/www/js/views/addItem/galleryImages.js: Line 85 : /mnt/sdcard/DCIM/Camera/20120913_012910.jpg: /mnt/sdcard/DCIM/Camera/pg_thumbs/20120913_012910.jpg
D/CordovaLog(18654): /mnt/sdcard/DCIM/Camera/20120927_181415.jpg: /mnt/sdcard/DCIM/Camera/pg_thumbs/20120927_181415.jpg
D/CordovaLog(18654): file:///android_asset/www/js/views/addItem/galleryImages.js: Line 85 : /mnt/sdcard/DCIM/Camera/20120927_181415.jpg: /mnt/sdcard/DCIM/Camera/pg_thumbs/20120927_181415.jpg
D/CordovaLog(18654): /mnt/sdcard/DCIM/Camera/20120814_230926.jpg: /mnt/sdcard/DCIM/Camera/pg_thumbs/20120814_230926.jpg
D/CordovaLog(18654): file:///android_asset/www/js/views/addItem/galleryImages.js: Line 85 : /mnt/sdcard/DCIM/Camera/20120814_230926.jpg: /mnt/sdcard/DCIM/Camera/pg_thumbs/20120814_230926.jpg
D/CordovaLog(18654): /mnt/sdcard/DCIM/Camera/20120814_230234.jpg: /mnt/sdcard/DCIM/Camera/pg_thumbs/20120814_230234.jpg
D/CordovaLog(18654): file:///android_asset/www/js/views/addItem/galleryImages.js: Line 85 : /mnt/sdcard/DCIM/Camera/20120814_230234.jpg: /mnt/sdcard/DCIM/Camera/pg_thumbs/20120814_230234.jpg
D/CordovaLog(18654): /mnt/sdcard/DCIM/Camera/20120623_123008.jpg: /mnt/sdcard/DCIM/Camera/pg_thumbs/20120623_123008.jpg
D/CordovaLog(18654): file:///android_asset/www/js/views/addItem/galleryImages.js: Line 85 : /mnt/sdcard/DCIM/Camera/20120623_123008.jpg: /mnt/sdcard/DCIM/Camera/pg_thumbs/20120623_123008.jpg
D/CordovaLog(18654): /mnt/sdcard/DCIM/Camera/20120913_012914.jpg: /mnt/sdcard/DCIM/Camera/pg_thumbs/20120913_012914.jpg
D/CordovaLog(18654): file:///android_asset/www/js/views/addItem/galleryImages.js: Line 85 : /mnt/sdcard/DCIM/Camera/20120913_012914.jpg: /mnt/sdcard/DCIM/Camera/pg_thumbs/20120913_012914.jpg
D/CordovaLog(18654): /mnt/sdcard/DCIM/Camera/20120913_014240.jpg: /mnt/sdcard/DCIM/Camera/pg_thumbs/20120913_014240.jpg
D/CordovaLog(18654): file:///android_asset/www/js/views/addItem/galleryImages.js: Line 85 : /mnt/sdcard/DCIM/Camera/20120913_014240.jpg: /mnt/sdcard/DCIM/Camera/pg_thumbs/20120913_014240.jpg
D/CordovaLog(18654): /mnt/sdcard/DCIM/Camera/20120914_233836.jpg: /mnt/sdcard/DCIM/Camera/pg_thumbs/20120914_233836.jpg
D/CordovaLog(18654): file:///android_asset/www/js/views/addItem/galleryImages.js: Line 85 : /mnt/sdcard/DCIM/Camera/20120914_233836.jpg: /mnt/sdcard/DCIM/Camera/pg_thumbs/20120914_233836.jpg
D/CordovaLog(18654): /mnt/sdcard/DCIM/Camera/20120803_131111.jpg: /mnt/sdcard/DCIM/Camera/pg_thumbs/20120803_131111.jpg
D/CordovaLog(18654): file:///android_asset/www/js/views/addItem/galleryImages.js: Line 85 : /mnt/sdcard/DCIM/Camera/20120803_131111.jpg: /mnt/sdcard/DCIM/Camera/pg_thumbs/20120803_131111.jpg
D/CordovaLog(18654): /mnt/sdcard/DCIM/Camera/20120624_162030.jpg: /mnt/sdcard/DCIM/Camera/pg_thumbs/20120624_162030.jpg
D/CordovaLog(18654): file:///android_asset/www/js/views/addItem/galleryImages.js: Line 85 : /mnt/sdcard/DCIM/Camera/20120624_162030.jpg: /mnt/sdcard/DCIM/Camera/pg_thumbs/20120624_162030.jpg
D/CordovaLog(18654): /mnt/sdcard/DCIM/Camera/20120814_213701.jpg: /mnt/sdcard/DCIM/Camera/pg_thumbs/20120814_213701.jpg
D/CordovaLog(18654): file:///android_asset/www/js/views/addItem/galleryImages.js: Line 85 : /mnt/sdcard/DCIM/Camera/20120814_213701.jpg: /mnt/sdcard/DCIM/Camera/pg_thumbs/20120814_213701.jpg
D/CordovaLog(18654): /mnt/sdcard/DCIM/Camera/20120901_012857.jpg: /mnt/sdcard/DCIM/Camera/pg_thumbs/20120901_012857.jpg
D/CordovaLog(18654): file:///android_asset/www/js/views/addItem/galleryImages.js: Line 85 : /mnt/sdcard/DCIM/Camera/20120901_012857.jpg: /mnt/sdcard/DCIM/Camera/pg_thumbs/20120901_012857.jpg
D/CordovaLog(18654): /mnt/sdcard/DCIM/Camera/20120814_230750.jpg: /mnt/sdcard/DCIM/Camera/pg_thumbs/20120814_230750.jpg
D/CordovaLog(18654): file:///android_asset/www/js/views/addItem/galleryImages.js: Line 85 : /mnt/sdcard/DCIM/Camera/20120814_230750.jpg: /mnt/sdcard/DCIM/Camera/pg_thumbs/20120814_230750.jpg
D/CordovaLog(18654): /mnt/sdcard/DCIM/Camera/20120805_122409.jpg: /mnt/sdcard/DCIM/Camera/pg_thumbs/20120805_122409.jpg
D/CordovaLog(18654): file:///android_asset/www/js/views/addItem/galleryImages.js: Line 85 : /mnt/sdcard/DCIM/Camera/20120805_122409.jpg: /mnt/sdcard/DCIM/Camera/pg_thumbs/20120805_122409.jpg
D/CordovaLog(18654): /mnt/sdcard/DCIM/Camera/20120814_213211.jpg: /mnt/sdcard/DCIM/Camera/pg_thumbs/20120814_213211.jpg
D/CordovaLog(18654): file:///android_asset/www/js/views/addItem/galleryImages.js: Line 85 : /mnt/sdcard/DCIM/Camera/20120814_213211.jpg: /mnt/sdcard/DCIM/Camera/pg_thumbs/20120814_213211.jpg
D/CordovaLog(18654): /mnt/sdcard/DCIM/Camera/20120914_233850.jpg: /mnt/sdcard/DCIM/Camera/pg_thumbs/20120914_233850.jpg
D/CordovaLog(18654): file:///android_asset/www/js/views/addItem/galleryImages.js: Line 85 : /mnt/sdcard/DCIM/Camera/20120914_233850.jpg: /mnt/sdcard/DCIM/Camera/pg_thumbs/20120914_233850.jpg
D/CordovaLog(18654): /mnt/sdcard/DCIM/Camera/20120726_091514.jpg: /mnt/sdcard/DCIM/Camera/pg_thumbs/20120726_091514.jpg
D/CordovaLog(18654): file:///android_asset/www/js/views/addItem/galleryImages.js: Line 85 : /mnt/sdcard/DCIM/Camera/20120726_091514.jpg: /mnt/sdcard/DCIM/Camera/pg_thumbs/20120726_091514.jpg
D/CordovaLog(18654): /mnt/sdcard/DCIM/Camera/20120814_230553.jpg: /mnt/sdcard/DCIM/Camera/pg_thumbs/20120814_230553.jpg
D/CordovaLog(18654): file:///android_asset/www/js/views/addItem/galleryImages.js: Line 85 : /mnt/sdcard/DCIM/Camera/20120814_230553.jpg: /mnt/sdcard/DCIM/Camera/pg_thumbs/20120814_230553.jpg
D/CordovaLog(18654): /mnt/sdcard/DCIM/Camera/20120914_214523.jpg: /mnt/sdcard/DCIM/Camera/pg_thumbs/20120914_214523.jpg
D/CordovaLog(18654): file:///android_asset/www/js/views/addItem/galleryImages.js: Line 85 : /mnt/sdcard/DCIM/Camera/20120914_214523.jpg: /mnt/sdcard/DCIM/Camera/pg_thumbs/20120914_214523.jpg
D/CordovaLog(18654): /mnt/sdcard/DCIM/Camera/20120914_214538.jpg: /mnt/sdcard/DCIM/Camera/pg_thumbs/20120914_214538.jpg
D/CordovaLog(18654): file:///android_asset/www/js/views/addItem/galleryImages.js: Line 85 : /mnt/sdcard/DCIM/Camera/20120914_214538.jpg: /mnt/sdcard/DCIM/Camera/pg_thumbs/20120914_214538.jpg
D/CordovaLog(18654): /mnt/sdcard/DCIM/Camera/20120901_012830.jpg: /mnt/sdcard/DCIM/Camera/pg_thumbs/20120901_012830.jpg
D/CordovaLog(18654): file:///android_asset/www/js/views/addItem/galleryImages.js: Line 85 : /mnt/sdcard/DCIM/Camera/20120901_012830.jpg: /mnt/sdcard/DCIM/Camera/pg_thumbs/20120901_012830.jpg
D/CordovaLog(18654): /mnt/sdcard/DCIM/Camera/20120802_170637.jpg: /mnt/sdcard/DCIM/Camera/pg_thumbs/20120802_170637.jpg
D/CordovaLog(18654): file:///android_asset/www/js/views/addItem/galleryImages.js: Line 85 : /mnt/sdcard/DCIM/Camera/20120802_170637.jpg: /mnt/sdcard/DCIM/Camera/pg_thumbs/20120802_170637.jpg
D/CordovaLog(18654): /mnt/sdcard/DCIM/Camera/20120914_214517.jpg: /mnt/sdcard/DCIM/Camera/pg_thumbs/20120914_214517.jpg
D/CordovaLog(18654): file:///android_asset/www/js/views/addItem/galleryImages.js: Line 85 : /mnt/sdcard/DCIM/Camera/20120914_214517.jpg: /mnt/sdcard/DCIM/Camera/pg_thumbs/20120914_214517.jpg
D/CordovaLog(18654): /mnt/sdcard/DCIM/Camera/20120719_231214.jpg: /mnt/sdcard/DCIM/Camera/pg_thumbs/20120719_231214.jpg
D/CordovaLog(18654): file:///android_asset/www/js/views/addItem/galleryImages.js: Line 85 : /mnt/sdcard/DCIM/Camera/20120719_231214.jpg: /mnt/sdcard/DCIM/Camera/pg_thumbs/20120719_231214.jpg
D/CordovaLog(18654): /mnt/sdcard/DCIM/Camera/20120914_233910.jpg: /mnt/sdcard/DCIM/Camera/pg_thumbs/20120914_233910.jpg
D/CordovaLog(18654): file:///android_asset/www/js/views/addItem/galleryImages.js: Line 85 : /mnt/sdcard/DCIM/Camera/20120914_233910.jpg: /mnt/sdcard/DCIM/Camera/pg_thumbs/20120914_233910.jpg
D/CordovaLog(18654): /mnt/sdcard/DCIM/Camera/20120726_091352.jpg: /mnt/sdcard/DCIM/Camera/pg_thumbs/20120726_091352.jpg
D/CordovaLog(18654): file:///android_asset/www/js/views/addItem/galleryImages.js: Line 85 : /mnt/sdcard/DCIM/Camera/20120726_091352.jpg: /mnt/sdcard/DCIM/Camera/pg_thumbs/20120726_091352.jpg
D/CordovaLog(18654): /mnt/sdcard/DCIM/Camera/20120915_202957.jpg: /mnt/sdcard/DCIM/Camera/pg_thumbs/20120915_202957.jpg
D/CordovaLog(18654): file:///android_asset/www/js/views/addItem/galleryImages.js: Line 85 : /mnt/sdcard/DCIM/Camera/20120915_202957.jpg: /mnt/sdcard/DCIM/Camera/pg_thumbs/20120915_202957.jpg
D/CordovaLog(18654): /mnt/sdcard/DCIM/Camera/20120819_011304.jpg: /mnt/sdcard/DCIM/Camera/pg_thumbs/20120819_011304.jpg
D/CordovaLog(18654): file:///android_asset/www/js/views/addItem/galleryImages.js: Line 85 : /mnt/sdcard/DCIM/Camera/20120819_011304.jpg: /mnt/sdcard/DCIM/Camera/pg_thumbs/20120819_011304.jpg
D/CordovaLog(18654): /mnt/sdcard/DCIM/Camera/20120726_090822.jpg: /mnt/sdcard/DCIM/Camera/pg_thumbs/20120726_090822.jpg
D/CordovaLog(18654): file:///android_asset/www/js/views/addItem/galleryImages.js: Line 85 : /mnt/sdcard/DCIM/Camera/20120726_090822.jpg: /mnt/sdcard/DCIM/Camera/pg_thumbs/20120726_090822.jpg
D/CordovaLog(18654): /mnt/sdcard/DCIM/Camera/20120914_214604.jpg: /mnt/sdcard/DCIM/Camera/pg_thumbs/20120914_214604.jpg
D/CordovaLog(18654): file:///android_asset/www/js/views/addItem/galleryImages.js: Line 85 : /mnt/sdcard/DCIM/Camera/20120914_214604.jpg: /mnt/sdcard/DCIM/Camera/pg_thumbs/20120914_214604.jpg
D/CordovaLog(18654): /mnt/sdcard/DCIM/Camera/20120915_150950.jpg: /mnt/sdcard/DCIM/Camera/pg_thumbs/20120915_150950.jpg
D/CordovaLog(18654): file:///android_asset/www/js/views/addItem/galleryImages.js: Line 85 : /mnt/sdcard/DCIM/Camera/20120915_150950.jpg: /mnt/sdcard/DCIM/Camera/pg_thumbs/20120915_150950.jpg
D/CordovaLog(18654): /mnt/sdcard/DCIM/Camera/20120914_224103.jpg: /mnt/sdcard/DCIM/Camera/pg_thumbs/20120914_224103.jpg
D/CordovaLog(18654): file:///android_asset/www/js/views/addItem/galleryImages.js: Line 85 : /mnt/sdcard/DCIM/Camera/20120914_224103.jpg: /mnt/sdcard/DCIM/Camera/pg_thumbs/20120914_224103.jpg
D/CordovaLog(18654): /mnt/sdcard/DCIM/Camera/20120901_012825.jpg: /mnt/sdcard/DCIM/Camera/pg_thumbs/20120901_012825.jpg
D/CordovaLog(18654): file:///android_asset/www/js/views/addItem/galleryImages.js: Line 85 : /mnt/sdcard/DCIM/Camera/20120901_012825.jpg: /mnt/sdcard/DCIM/Camera/pg_thumbs/20120901_012825.jpg
D/CordovaLog(18654): /mnt/sdcard/DCIM/Camera/20120624_164917.jpg: /mnt/sdcard/DCIM/Camera/pg_thumbs/20120624_164917.jpg
D/CordovaLog(18654): file:///android_asset/www/js/views/addItem/galleryImages.js: Line 85 : /mnt/sdcard/DCIM/Camera/20120624_164917.jpg: /mnt/sdcard/DCIM/Camera/pg_thumbs/20120624_164917.jpg
D/CordovaLog(18654): /mnt/sdcard/DCIM/Camera/20120914_233747.jpg: /mnt/sdcard/DCIM/Camera/pg_thumbs/20120914_233747.jpg
D/CordovaLog(18654): file:///android_asset/www/js/views/addItem/galleryImages.js: Line 85 : /mnt/sdcard/DCIM/Camera/20120914_233747.jpg: /mnt/sdcard/DCIM/Camera/pg_thumbs/20120914_233747.jpg
D/CordovaLog(18654): /mnt/sdcard/DCIM/Camera/20120908_143943.jpg: /mnt/sdcard/DCIM/Camera/pg_thumbs/20120908_143943.jpg
D/CordovaLog(18654): file:///android_asset/www/js/views/addItem/galleryImages.js: Line 85 : /mnt/sdcard/DCIM/Camera/20120908_143943.jpg: /mnt/sdcard/DCIM/Camera/pg_thumbs/20120908_143943.jpg
D/CordovaLog(18654): /mnt/sdcard/DCIM/Camera/20120814_213306.jpg: /mnt/sdcard/DCIM/Camera/pg_thumbs/20120814_213306.jpg
D/CordovaLog(18654): file:///android_asset/www/js/views/addItem/galleryImages.js: Line 85 : /mnt/sdcard/DCIM/Camera/20120814_213306.jpg: /mnt/sdcard/DCIM/Camera/pg_thumbs/20120814_213306.jpg
D/CordovaLog(18654): /mnt/sdcard/DCIM/Camera/20120922_123416.jpg: /mnt/sdcard/DCIM/Camera/pg_thumbs/20120922_123416.jpg
D/CordovaLog(18654): file:///android_asset/www/js/views/addItem/galleryImages.js: Line 85 : /mnt/sdcard/DCIM/Camera/20120922_123416.jpg: /mnt/sdcard/DCIM/Camera/pg_thumbs/20120922_123416.jpg
D/CordovaLog(18654): /mnt/sdcard/DCIM/Camera/20120624_162059.jpg: /mnt/sdcard/DCIM/Camera/pg_thumbs/20120624_162059.jpg
